2020-07-09 19:09:10.471088, cycle count 1, gpio values 666, 0, 0, 28, status messages:  b'\xe1\x10\x01\x00\xef\xe1\x18\x01\x00\xef\xe1\x1c\x01\x00\xef\xe1\x1e\x01\x00\xef\xe1\x1f\x01\x00\xef\xe1\x1e\x02\x00\xef\xe1\x1c\x02\x00\xef\xe1\x18\x02\x00\xef\xe1\x10\x02\x00\xef\xe1\x00\x02\x00\xef'
2020-07-09 19:09:26.669875, cycle count 2, gpio values 1296, 0, 0, 64, status messages:  b'\xe1\x10\x01\x00\xef\xe1\x18\x01\x00\xef\xe1\x1c\x01\x00\xef\xe1\x1e\x01\x00\xef\xe1\x1f\x01\x00\xef\xe1\x1e\x02\x00\xef\xe1\x1c\x02\x00\xef\xe1\x18\x02\x00\xef\xe1\x10\x02\x00\xef\xe1\x00\x02\x00\xef'
2020-07-09 19:09:43.128171, cycle count 3, gpio values 1962, 0, 0, 100, status messages:  b'\xe1\x10\x01\x00\xef\xe1\x18\x01\x00\xef\xe1\x1c\x01\x00\xef\xe1\x1e\x01\x00\xef\xe1\x1f\x01\x00\xef\xe1\x1e\x02\x00\xef\xe1\x1c\x02\x00\xef\xe1\x18\x02\x00\xef\xe1\x10\x02\x00\xef\xe1\x00\x02\x00\xef'
2020-07-09 19:09:59.328524, cycle count 4, gpio values 2592, 0, 0, 136, status messages:  b'\xe1\x10\x01\x00\xef\xe1\x18\x01\x00\xef\xe1\x1c\x01\x00\xef\xe1\x1e\x01\x00\xef\xe1\x1f\x01\x00\xef\xe1\x1e\x02\x00\xef\xe1\x1c\x02\x00\xef\xe1\x18\x02\x00\xef\xe1\x10\x02\x00\xef\xe1\x00\x02\x00\xef'
2020-07-09 19:10:15.786136, cycle count 5, gpio values 3258, 0, 0, 172, status messages:  b'\xe1\x10\x01\x00\xef\xe1\x18\x01\x00\xef\xe1\x1c\x01\x00\xef\xe1\x1e\x01\x00\xef\xe1\x1f\x01\x00\xef\xe1\x1e\x02\x00\xef\xe1\x1c\x02\x00\xef\xe1\x18\x02\x00\xef\xe1\x10\x02\x00\xef\xe1\x00\x02\x00\xef'
2020-07-09 19:10:32.244413, cycle count 6, gpio values 3924, 0, 0, 208, status messages:  b'\xe1\x10\x01\x00\xef\xe1\x18\x01\x00\xef\xe1\x1c\x01\x00\xef\xe1\x1e\x01\x00\xef\xe1\x1f\x01\x00\xef\xe1\x1e\x02\x00\xef\xe1\x1c\x02\x00\xef\xe1\x18\x02\x00\xef\xe1\x10\x02\x00\xef\xe1\x00\x02\x00\xef'
2020-07-09 19:10:48.701288, cycle count 7, gpio values 4590, 0, 0, 244, status messages:  b'\xe1\x10\x01\x00\xef\xe1\x18\x01\x00\xef\xe1\x1c\x01\x00\xef\xe1\x1e\x01\x00\xef\xe1\x1f\x01\x00\xef\xe1\x1e\x02\x00\xef\xe1\x1c\x02\x00\xef\xe1\x18\x02\x00\xef\xe1\x10\x02\x00\xef\xe1\x00\x02\x00\xef'
2020-07-09 19:11:05.159848, cycle count 8, gpio values 5256, 0, 0, 280, status messages:  b'\xe1\x10\x01\x00\xef\xe1\x18\x01\x00\xef\xe1\x1c\x01\x00\xef\xe1\x1e\x01\x00\xef\xe1\x1f\x01\x00\xef\xe1\x1e\x02\x00\xef\xe1\x1c\x02\x00\xef\xe1\x18\x02\x00\xef\xe1\x10\x02\x00\xef\xe1\x00\x02\x00\xef'
2020-07-09 19:11:21.617047, cycle count 9, gpio values 5922, 0, 0, 316, status messages:  b'\xe1\x10\x01\x00\xef\xe1\x18\x01\x00\xef\xe1\x1c\x01\x00\xef\xe1\x1e\x01\x00\xef\xe1\x1f\x01\x00\xef\xe1\x1e\x02\x00\xef\xe1\x1c\x02\x00\xef\xe1\x18\x02\x00\xef\xe1\x10\x02\x00\xef\xe1\x00\x02\x00\xef'
2020-07-09 19:11:38.075918, cycle count 10, gpio values 6588, 0, 0, 352, status messages:  b'\xe1\x10\x01\x00\xef\xe1\x18\x01\x00\xef\xe1\x1c\x01\x00\xef\xe1\x1e\x01\x00\xef\xe1\x1f\x01\x00\xef\xe1\x1e\x02\x00\xef\xe1\x1c\x02\x00\xef\xe1\x18\x02\x00\xef\xe1\x10\x02\x00\xef\xe1\x00\x02\x00\xef'
2020-07-09 19:11:54.274628, cycle count 11, gpio values 7218, 0, 0, 388, status messages:  b'\xe1\x10\x01\x00\xef\xe1\x18\x01\x00\xef\xe1\x1c\x01\x00\xef\xe1\x1e\x01\x00\xef\xe1\x1f\x01\x00\xef\xe1\x1e\x02\x00\xef\xe1\x1c\x02\x00\xef\xe1\x18\x02\x00\xef\xe1\x10\x02\x00\xef\xe1\x00\x02\x00\xef'
2020-07-09 19:12:10.748633, cycle count 12, gpio values 7884, 0, 0, 424, status messages:  b'\xe1\x10\x01\x00\xef\xe1\x18\x01\x00\xef\xe1\x1c\x01\x00\xef\xe1\x1e\x01\x00\xef\xe1\x1f\x01\x00\xef\xe1\x1e\x02\x00\xef\xe1\x1c\x02\x00\xef\xe1\x18\x02\x00\xef\xe1\x10\x02\x00\xef\xe1\x00\x02\x00\xef'
2020-07-09 19:12:27.207094, cycle count 13, gpio values 8550, 0, 0, 460, status messages:  b'\xe1\x10\x01\x00\xef\xe1\x18\x01\x00\xef\xe1\x1c\x01\x00\xef\xe1\x1e\x01\x00\xef\xe1\x1f\x01\x00\xef\xe1\x1e\x02\x00\xef\xe1\x1c\x02\x00\xef\xe1\x18\x02\x00\xef\xe1\x10\x02\x00\xef\xe1\x00\x02\x00\xef'
2020-07-09 19:12:43.406994, cycle count 14, gpio values 9180, 0, 0, 496, status messages:  b'\xe1\x10\x01\x00\xef\xe1\x18\x01\x00\xef\xe1\x1c\x01\x00\xef\xe1\x1e\x01\x00\xef\xe1\x1f\x01\x00\xef\xe1\x1e\x02\x00\xef\xe1\x1c\x02\x00\xef\xe1\x18\x02\x00\xef\xe1\x10\x02\x00\xef\xe1\x00\x02\x00\xef'
2020-07-09 19:12:59.703172, cycle count 15, gpio values 9810, 0, 0, 532, status messages:  b'\xe1\x10\x01\x00\xef\xe1\x18\x01\x00\xef\xe1\x1c\x01\x00\xef\xe1\x1e\x01\x00\xef\xe1\x1f\x01\x00\xef\xe1\x1e\x02\x00\xef\xe1\x1c\x02\x00\xef\xe1\x18\x02\x00\xef\xe1\x10\x02\x00\xef\xe1\x00\x02\x00\xef'
2020-07-09 19:13:15.903532, cycle count 16, gpio values 10440, 0, 0, 568, status messages:  b'\xe1\x10\x01\x00\xef\xe1\x18\x01\x00\xef\xe1\x1c\x01\x00\xef\xe1\x1e\x01\x00\xef\xe1\x1f\x01\x00\xef\xe1\x1e\x02\x00\xef\xe1\x1c\x02\x00\xef\xe1\x18\x02\x00\xef\xe1\x10\x02\x00\xef\xe1\x00\x02\x00\xef'
2020-07-09 19:13:32.377828, cycle count 17, gpio values 11106, 0, 0, 604, status messages:  b'\xe1\x10\x01\x00\xef\xe1\x18\x01\x00\xef\xe1\x1c\x01\x00\xef\xe1\x1e\x01\x00\xef\xe1\x1f\x01\x00\xef\xe1\x1e\x02\x00\xef\xe1\x1c\x02\x00\xef\xe1\x18\x02\x00\xef\xe1\x10\x02\x00\xef\xe1\x00\x02\x00\xef'
2020-07-09 19:13:48.836119, cycle count 18, gpio values 11772, 0, 0, 640, status messages:  b'\xe1\x10\x01\x00\xef\xe1\x18\x01\x00\xef\xe1\x1c\x01\x00\xef\xe1\x1e\x01\x00\xef\xe1\x1f\x01\x00\xef\xe1\x1e\x02\x00\xef\xe1\x1c\x02\x00\xef\xe1\x18\x02\x00\xef\xe1\x10\x02\x00\xef\xe1\x00\x02\x00\xef'
2020-07-09 19:14:05.310795, cycle count 19, gpio values 12438, 0, 0, 676, status messages:  b'\xe1\x10\x01\x00\xef\xe1\x18\x01\x00\xef\xe1\x1c\x01\x00\xef\xe1\x1e\x01\x00\xef\xe1\x1f\x01\x00\xef\xe1\x1e\x02\x00\xef\xe1\x1c\x02\x00\xef\xe1\x18\x02\x00\xef\xe1\x10\x02\x00\xef\xe1\x00\x02\x00\xef'
2020-07-09 19:14:21.510591, cycle count 20, gpio values 13068, 0, 0, 712, status messages:  b'\xe1\x10\x01\x00\xef\xe1\x18\x01\x00\xef\xe1\x1c\x01\x00\xef\xe1\x1e\x01\x00\xef\xe1\x1f\x01\x00\xef\xe1\x1e\x02\x00\xef\xe1\x1c\x02\x00\xef\xe1\x18\x02\x00\xef\xe1\x10\x02\x00\xef\xe1\x00\x02\x00\xef'
2020-07-09 19:14:37.970065, cycle count 21, gpio values 13734, 0, 0, 748, status messages:  b'\xe1\x10\x01\x00\xef\xe1\x18\x01\x00\xef\xe1\x1c\x01\x00\xef\xe1\x1e\x01\x00\xef\xe1\x1f\x01\x00\xef\xe1\x1e\x02\x00\xef\xe1\x1c\x02\x00\xef\xe1\x18\x02\x00\xef\xe1\x10\x02\x00\xef\xe1\x00\x02\x00\xef'
2020-07-09 19:14:53.909565, cycle count 22, gpio values 14364, 0, 0, 776, status messages:  b'\xe1\x10\x01\x00\xef\xe1\x18\x01\x00\xef\xe1\x1c\x01\x00\xef\xe1\x1e\x01\x00\xef\xe1\x1f\x01\x00\xef\xe1\x1e\x02\x00\xef\xe1\x1c\x02\x00\xef\xe1\x18\x02\x00\xef\xe1\x10\x02\x00\xef\xe1\x00\x02\x00\xef'
2020-07-09 19:15:10.109129, cycle count 23, gpio values 14994, 0, 0, 812, status messages:  b'\xe1\x10\x01\x00\xef\xe1\x18\x01\x00\xef\xe1\x1c\x01\x00\xef\xe1\x1e\x01\x00\xef\xe1\x1f\x01\x00\xef\xe1\x1e\x02\x00\xef\xe1\x1c\x02\x00\xef\xe1\x18\x02\x00\xef\xe1\x10\x02\x00\xef\xe1\x00\x02\x00\xef'
2020-07-09 19:15:26.473134, cycle count 24, gpio values 15624, 0, 0, 848, status messages:  b'\xe1\x10\x01\x00\xef\xe1\x18\x01\x00\xef\xe1\x1c\x01\x00\xef\xe1\x1e\x01\x00\xef\xe1\x1f\x01\x00\xef\xe1\x1e\x02\x00\xef\xe1\x1c\x02\x00\xef\xe1\x18\x02\x00\xef\xe1\x10\x02\x00\xef\xe1\x00\x02\x00\xef'
2020-07-09 19:15:42.413624, cycle count 25, gpio values 16254, 0, 0, 876, status messages:  b'\xe1\x10\x01\x00\xef\xe1\x18\x01\x00\xef\xe1\x1c\x01\x00\xef\xe1\x1e\x01\x00\xef\xe1\x1f\x01\x00\xef\xe1\x1e\x02\x00\xef\xe1\x1c\x02\x00\xef\xe1\x18\x02\x00\xef\xe1\x10\x02\x00\xef\xe1\x00\x02\x00\xef'
2020-07-09 19:15:58.354605, cycle count 26, gpio values 16884, 0, 0, 904, status messages:  b'\xe1\x10\x01\x00\xef\xe1\x18\x01\x00\xef\xe1\x1c\x01\x00\xef\xe1\x1e\x01\x00\xef\xe1\x1f\x01\x00\xef\xe1\x1e\x02\x00\xef\xe1\x1c\x02\x00\xef\xe1\x18\x02\x00\xef\xe1\x10\x02\x00\xef\xe1\x00\x02\x00\xef'
2020-07-09 19:16:14.294332, cycle count 27, gpio values 17514, 0, 0, 932, status messages:  b'\xe1\x10\x01\x00\xef\xe1\x18\x01\x00\xef\xe1\x1c\x01\x00\xef\xe1\x1e\x01\x00\xef\xe1\x1f\x01\x00\xef\xe1\x1e\x02\x00\xef\xe1\x1c\x02\x00\xef\xe1\x18\x02\x00\xef\xe1\x10\x02\x00\xef\xe1\x00\x02\x00\xef'
2020-07-09 19:16:30.510699, cycle count 28, gpio values 18144, 0, 0, 968, status messages:  b'\xe1\x10\x01\x00\xef\xe1\x18\x01\x00\xef\xe1\x1c\x01\x00\xef\xe1\x1e\x01\x00\xef\xe1\x1f\x01\x00\xef\xe1\x1e\x02\x00\xef\xe1\x1c\x02\x00\xef\xe1\x18\x02\x00\xef\xe1\x10\x02\x00\xef\xe1\x00\x02\x00\xef'
2020-07-09 19:16:46.710384, cycle count 29, gpio values 18774, 0, 0, 1004, status messages:  b'\xe1\x10\x01\x00\xef\xe1\x18\x01\x00\xef\xe1\x1c\x01\x00\xef\xe1\x1e\x01\x00\xef\xe1\x1f\x01\x00\xef\xe1\x1e\x02\x00\xef\xe1\x1c\x02\x00\xef\xe1\x18\x02\x00\xef\xe1\x10\x02\x00\xef\xe1\x00\x02\x00\xef'
2020-07-09 19:17:02.909155, cycle count 30, gpio values 19404, 0, 0, 1040, status messages:  b'\xe1\x10\x01\x00\xef\xe1\x18\x01\x00\xef\xe1\x1c\x01\x00\xef\xe1\x1e\x01\x00\xef\xe1\x1f\x01\x00\xef\xe1\x1e\x02\x00\xef\xe1\x1c\x02\x00\xef\xe1\x18\x02\x00\xef\xe1\x10\x02\x00\xef\xe1\x00\x02\x00\xef'
2020-07-09 19:17:19.122768, cycle count 31, gpio values 20034, 0, 0, 1076, status messages:  b'\xe1\x10\x01\x00\xef\xe1\x18\x01\x00\xef\xe1\x1c\x01\x00\xef\xe1\x1e\x01\x00\xef\xe1\x1f\x01\x00\xef\xe1\x1e\x02\x00\xef\xe1\x1c\x02\x00\xef\xe1\x18\x02\x00\xef\xe1\x10\x02\x00\xef\xe1\x00\x02\x00\xef'
2020-07-09 19:17:35.374747, cycle count 32, gpio values 20664, 0, 0, 1112, status messages:  b'\xe1\x10\x01\x00\xef\xe1\x18\x01\x00\xef\xe1\x1c\x01\x00\xef\xe1\x1e\x01\x00\xef\xe1\x1f\x01\x00\xef\xe1\x1e\x02\x00\xef\xe1\x1c\x02\x00\xef\xe1\x18\x02\x00\xef\xe1\x10\x02\x00\xef\xe1\x00\x02\x00\xef'
2020-07-09 19:17:51.833629, cycle count 33, gpio values 21330, 0, 0, 1148, status messages:  b'\xe1\x10\x01\x00\xef\xe1\x18\x01\x00\xef\xe1\x1c\x01\x00\xef\xe1\x1e\x01\x00\xef\xe1\x1f\x01\x00\xef\xe1\x1e\x02\x00\xef\xe1\x1c\x02\x00\xef\xe1\x18\x02\x00\xef\xe1\x10\x02\x00\xef\xe1\x00\x02\x00\xef'
2020-07-09 19:18:07.806829, cycle count 34, gpio values 21960, 0, 0, 1176, status messages:  b'\xe1\x10\x01\x00\xef\xe1\x18\x01\x00\xef\xe1\x1c\x01\x00\xef\xe1\x1e\x01\x00\xef\xe1\x1f\x01\x00\xef\xe1\x1e\x02\x00\xef\xe1\x1c\x02\x00\xef\xe1\x18\x02\x00\xef\xe1\x10\x02\x00\xef\xe1\x00\x02\x00\xef'
2020-07-09 19:18:24.005115, cycle count 35, gpio values 22590, 0, 0, 1212, status messages:  b'\xe1\x10\x01\x00\xef\xe1\x18\x01\x00\xef\xe1\x1c\x01\x00\xef\xe1\x1e\x01\x00\xef\xe1\x1f\x01\x00\xef\xe1\x1e\x02\x00\xef\xe1\x1c\x02\x00\xef\xe1\x18\x02\x00\xef\xe1\x10\x02\x00\xef\xe1\x00\x02\x00\xef'
2020-07-09 19:18:39.973240, cycle count 36, gpio values 23220, 0, 0, 1240, status messages:  b'\xe1\x10\x01\x00\xef\xe1\x18\x01\x00\xef\xe1\x1c\x01\x00\xef\xe1\x1e\x01\x00\xef\xe1\x1f\x01\x00\xef\xe1\x1e\x02\x00\xef\xe1\x1c\x02\x00\xef\xe1\x18\x02\x00\xef\xe1\x10\x02\x00\xef\xe1\x00\x02\x00\xef'
2020-07-09 19:18:56.176875, cycle count 37, gpio values 23850, 0, 0, 1276, status messages:  b'\xe1\x10\x01\x00\xef\xe1\x18\x01\x00\xef\xe1\x1c\x01\x00\xef\xe1\x1e\x01\x00\xef\xe1\x1f\x01\x00\xef\xe1\x1e\x02\x00\xef\xe1\x1c\x02\x00\xef\xe1\x18\x02\x00\xef\xe1\x10\x02\x00\xef\xe1\x00\x02\x00\xef'
2020-07-09 19:19:12.651791, cycle count 38, gpio values 24516, 0, 0, 1312, status messages:  b'\xe1\x10\x01\x00\xef\xe1\x18\x01\x00\xef\xe1\x1c\x01\x00\xef\xe1\x1e\x01\x00\xef\xe1\x1f\x01\x00\xef\xe1\x1e\x02\x00\xef\xe1\x1c\x02\x00\xef\xe1\x18\x02\x00\xef\xe1\x10\x02\x00\xef\xe1\x00\x02\x00\xef'
2020-07-09 19:19:28.899903, cycle count 39, gpio values 25146, 0, 0, 1348, status messages:  b'\xe1\x10\x01\x00\xef\xe1\x18\x01\x00\xef\xe1\x1c\x01\x00\xef\xe1\x1e\x01\x00\xef\xe1\x1f\x01\x00\xef\xe1\x1e\x02\x00\xef\xe1\x1c\x02\x00\xef\xe1\x18\x02\x00\xef\xe1\x10\x02\x00\xef\xe1\x00\x02\x00\xef'
2020-07-09 19:19:45.357980, cycle count 40, gpio values 25812, 0, 0, 1384, status messages:  b'\xe1\x10\x01\x00\xef\xe1\x18\x01\x00\xef\xe1\x1c\x01\x00\xef\xe1\x1e\x01\x00\xef\xe1\x1f\x01\x00\xef\xe1\x1e\x02\x00\xef\xe1\x1c\x02\x00\xef\xe1\x18\x02\x00\xef\xe1\x10\x02\x00\xef\xe1\x00\x02\x00\xef'
2020-07-09 19:20:01.557563, cycle count 41, gpio values 26442, 0, 0, 1420, status messages:  b'\xe1\x10\x01\x00\xef\xe1\x18\x01\x00\xef\xe1\x1c\x01\x00\xef\xe1\x1e\x01\x00\xef\xe1\x1f\x01\x00\xef\xe1\x1e\x02\x00\xef\xe1\x1c\x02\x00\xef\xe1\x18\x02\x00\xef\xe1\x10\x02\x00\xef\xe1\x00\x02\x00\xef'
2020-07-09 19:20:18.016672, cycle count 42, gpio values 27108, 0, 0, 1456, status messages:  b'\xe1\x10\x01\x00\xef\xe1\x18\x01\x00\xef\xe1\x1c\x01\x00\xef\xe1\x1e\x01\x00\xef\xe1\x1f\x01\x00\xef\xe1\x1e\x02\x00\xef\xe1\x1c\x02\x00\xef\xe1\x18\x02\x00\xef\xe1\x10\x02\x00\xef\xe1\x00\x02\x00\xef'
2020-07-09 19:20:34.507062, cycle count 43, gpio values 27774, 0, 0, 1492, status messages:  b'\xe1\x10\x01\x00\xef\xe1\x18\x01\x00\xef\xe1\x1c\x01\x00\xef\xe1\x1e\x01\x00\xef\xe1\x1f\x01\x00\xef\xe1\x1e\x02\x00\xef\xe1\x1c\x02\x00\xef\xe1\x18\x02\x00\xef\xe1\x10\x02\x00\xef\xe1\x00\x02\x00\xef'
2020-07-09 19:20:50.803972, cycle count 44, gpio values 28404, 0, 0, 1528, status messages:  b'\xe1\x10\x01\x00\xef\xe1\x18\x01\x00\xef\xe1\x1c\x01\x00\xef\xe1\x1e\x01\x00\xef\xe1\x1f\x01\x00\xef\xe1\x1e\x02\x00\xef\xe1\x1c\x02\x00\xef\xe1\x18\x02\x00\xef\xe1\x10\x02\x00\xef\xe1\x00\x02\x00\xef'
2020-07-09 19:21:07.003254, cycle count 45, gpio values 29034, 0, 0, 1564, status messages:  b'\xe1\x10\x01\x00\xef\xe1\x18\x01\x00\xef\xe1\x1c\x01\x00\xef\xe1\x1e\x01\x00\xef\xe1\x1f\x01\x00\xef\xe1\x1e\x02\x00\xef\xe1\x1c\x02\x00\xef\xe1\x18\x02\x00\xef\xe1\x10\x02\x00\xef\xe1\x00\x02\x00\xef'
2020-07-09 19:21:23.460397, cycle count 46, gpio values 29700, 0, 0, 1600, status messages:  b'\xe1\x10\x01\x00\xef\xe1\x18\x01\x00\xef\xe1\x1c\x01\x00\xef\xe1\x1e\x01\x00\xef\xe1\x1f\x01\x00\xef\xe1\x1e\x02\x00\xef\xe1\x1c\x02\x00\xef\xe1\x18\x02\x00\xef\xe1\x10\x02\x00\xef\xe1\x00\x02\x00\xef'
2020-07-09 19:21:39.916995, cycle count 47, gpio values 30366, 0, 0, 1636, status messages:  b'\xe1\x10\x01\x00\xef\xe1\x18\x01\x00\xef\xe1\x1c\x01\x00\xef\xe1\x1e\x01\x00\xef\xe1\x1f\x01\x00\xef\xe1\x1e\x02\x00\xef\xe1\x1c\x02\x00\xef\xe1\x18\x02\x00\xef\xe1\x10\x02\x00\xef\xe1\x00\x02\x00\xef'
2020-07-09 19:21:56.116094, cycle count 48, gpio values 30996, 0, 0, 1672, status messages:  b'\xe1\x10\x01\x00\xef\xe1\x18\x01\x00\xef\xe1\x1c\x01\x00\xef\xe1\x1e\x01\x00\xef\xe1\x1f\x01\x00\xef\xe1\x1e\x02\x00\xef\xe1\x1c\x02\x00\xef\xe1\x18\x02\x00\xef\xe1\x10\x02\x00\xef\xe1\x00\x02\x00\xef'
2020-07-09 19:22:12.572817, cycle count 49, gpio values 31662, 0, 0, 1708, status messages:  b'\xe1\x10\x01\x00\xef\xe1\x18\x01\x00\xef\xe1\x1c\x01\x00\xef\xe1\x1e\x01\x00\xef\xe1\x1f\x01\x00\xef\xe1\x1e\x02\x00\xef\xe1\x1c\x02\x00\xef\xe1\x18\x02\x00\xef\xe1\x10\x02\x00\xef\xe1\x00\x02\x00\xef'
2020-07-09 19:22:29.031622, cycle count 50, gpio values 32328, 0, 0, 1744, status messages:  b'\xe1\x10\x01\x00\xef\xe1\x18\x01\x00\xef\xe1\x1c\x01\x00\xef\xe1\x1e\x01\x00\xef\xe1\x1f\x01\x00\xef\xe1\x1e\x02\x00\xef\xe1\x1c\x02\x00\xef\xe1\x18\x02\x00\xef\xe1\x10\x02\x00\xef\xe1\x00\x02\x00\xef'
2020-07-09 19:22:45.488690, cycle count 51, gpio values 32994, 0, 0, 1780, status messages:  b'\xe1\x10\x01\x00\xef\xe1\x18\x01\x00\xef\xe1\x1c\x01\x00\xef\xe1\x1e\x01\x00\xef\xe1\x1f\x01\x00\xef\xe1\x1e\x02\x00\xef\xe1\x1c\x02\x00\xef\xe1\x18\x02\x00\xef\xe1\x10\x02\x00\xef\xe1\x00\x02\x00\xef'
2020-07-09 19:23:01.946448, cycle count 52, gpio values 33697, 0, 0, 1816, status messages:  b'\xe1\x10\x01\x00\xef\xe1\x18\x01\x00\xef\xe1\x1c\x01\x00\xef\xe1\x1e\x01\x00\xef\xe1\x1f\x01\x00\xef\xe1\x1e\x02\x00\xef\xe1\x1c\x02\x00\xef\xe1\x18\x02\x00\xef\xe1\x10\x02\x00\xef\xe1\x00\x02\x00\xef'
2020-07-09 19:23:18.404970, cycle count 53, gpio values 34363, 0, 0, 1852, status messages:  b'\xe1\x10\x01\x00\xef\xe1\x18\x01\x00\xef\xe1\x1c\x01\x00\xef\xe1\x1e\x01\x00\xef\xe1\x1f\x01\x00\xef\xe1\x1e\x02\x00\xef\xe1\x1c\x02\x00\xef\xe1\x18\x02\x00\xef\xe1\x10\x02\x00\xef\xe1\x00\x02\x00\xef'
2020-07-09 19:23:34.603505, cycle count 54, gpio values 35029, 0, 0, 1888, status messages:  b'\xe1\x10\x01\x00\xef\xe1\x18\x01\x00\xef\xe1\x1c\x01\x00\xef\xe1\x1e\x01\x00\xef\xe1\x1f\x01\x00\xef\xe1\x1e\x02\x00\xef\xe1\x1c\x02\x00\xef\xe1\x18\x02\x00\xef\xe1\x10\x02\x00\xef\xe1\x00\x02\x00\xef'
2020-07-09 19:23:51.061129, cycle count 55, gpio values 35695, 0, 0, 1924, status messages:  b'\xe1\x10\x01\x00\xef\xe1\x18\x01\x00\xef\xe1\x1c\x01\x00\xef\xe1\x1e\x01\x00\xef\xe1\x1f\x01\x00\xef\xe1\x1e\x02\x00\xef\xe1\x1c\x02\x00\xef\xe1\x18\x02\x00\xef\xe1\x10\x02\x00\xef\xe1\x00\x02\x00\xef'
2020-07-09 19:24:07.519602, cycle count 56, gpio values 36361, 0, 0, 1960, status messages:  b'\xe1\x10\x01\x00\xef\xe1\x18\x01\x00\xef\xe1\x1c\x01\x00\xef\xe1\x1e\x01\x00\xef\xe1\x1f\x01\x00\xef\xe1\x1e\x02\x00\xef\xe1\x1c\x02\x00\xef\xe1\x18\x02\x00\xef\xe1\x10\x02\x00\xef\xe1\x00\x02\x00\xef'
2020-07-09 19:24:23.718998, cycle count 57, gpio values 36991, 0, 0, 1996, status messages:  b'\xe1\x10\x01\x00\xef\xe1\x18\x01\x00\xef\xe1\x1c\x01\x00\xef\xe1\x1e\x01\x00\xef\xe1\x1f\x01\x00\xef\xe1\x1e\x02\x00\xef\xe1\x1c\x02\x00\xef\xe1\x18\x02\x00\xef\xe1\x10\x02\x00\xef\xe1\x00\x02\x00\xef'
2020-07-09 19:24:40.192999, cycle count 58, gpio values 37621, 0, 0, 2032, status messages:  b'\xe1\x10\x01\x00\xef\xe1\x18\x01\x00\xef\xe1\x1c\x01\x00\xef\xe1\x1e\x01\x00\xef\xe1\x1f\x01\x00\xef\xe1\x1e\x02\x00\xef\xe1\x1c\x02\x00\xef\xe1\x18\x02\x00\xef\xe1\x10\x02\x00\xef\xe1\x00\x02\x00\xef'
2020-07-09 19:24:56.667578, cycle count 59, gpio values 38287, 0, 0, 2068, status messages:  b'\xe1\x10\x01\x00\xef\xe1\x18\x01\x00\xef\xe1\x1c\x01\x00\xef\xe1\x1e\x01\x00\xef\xe1\x1f\x01\x00\xef\xe1\x1e\x02\x00\xef\xe1\x1c\x02\x00\xef\xe1\x18\x02\x00\xef\xe1\x10\x02\x00\xef\xe1\x00\x02\x00\xef'
2020-07-09 19:25:13.142390, cycle count 60, gpio values 38953, 0, 0, 2104, status messages:  b'\xe1\x10\x01\x00\xef\xe1\x18\x01\x00\xef\xe1\x1c\x01\x00\xef\xe1\x1e\x01\x00\xef\xe1\x1f\x01\x00\xef\xe1\x1e\x02\x00\xef\xe1\x1c\x02\x00\xef\xe1\x18\x02\x00\xef\xe1\x10\x02\x00\xef\xe1\x00\x02\x00\xef'
2020-07-09 19:25:29.343184, cycle count 61, gpio values 39583, 0, 0, 2140, status messages:  b'\xe1\x10\x01\x00\xef\xe1\x18\x01\x00\xef\xe1\x1c\x01\x00\xef\xe1\x1e\x01\x00\xef\xe1\x1f\x01\x00\xef\xe1\x1e\x02\x00\xef\xe1\x1c\x02\x00\xef\xe1\x18\x02\x00\xef\xe1\x10\x02\x00\xef\xe1\x00\x02\x00\xef'
2020-07-09 19:25:45.799855, cycle count 62, gpio values 40249, 0, 0, 2176, status messages:  b'\xe1\x10\x01\x00\xef\xe1\x18\x01\x00\xef\xe1\x1c\x01\x00\xef\xe1\x1e\x01\x00\xef\xe1\x1f\x01\x00\xef\xe1\x1e\x02\x00\xef\xe1\x1c\x02\x00\xef\xe1\x18\x02\x00\xef\xe1\x10\x02\x00\xef\xe1\x00\x02\x00\xef'
2020-07-09 19:26:01.739268, cycle count 63, gpio values 40879, 0, 0, 2204, status messages:  b'\xe1\x10\x01\x00\xef\xe1\x18\x01\x00\xef\xe1\x1c\x01\x00\xef\xe1\x1e\x01\x00\xef\xe1\x1f\x01\x00\xef\xe1\x1e\x02\x00\xef\xe1\x1c\x02\x00\xef\xe1\x18\x02\x00\xef\xe1\x10\x02\x00\xef\xe1\x00\x02\x00\xef'
2020-07-09 19:26:18.003350, cycle count 64, gpio values 41509, 0, 0, 2240, status messages:  b'\xe1\x10\x01\x00\xef\xe1\x18\x01\x00\xef\xe1\x1c\x01\x00\xef\xe1\x1e\x01\x00\xef\xe1\x1f\x01\x00\xef\xe1\x1e\x02\x00\xef\xe1\x1c\x02\x00\xef\xe1\x18\x02\x00\xef\xe1\x10\x02\x00\xef\xe1\x00\x02\x00\xef'
2020-07-09 19:26:34.203254, cycle count 65, gpio values 42139, 0, 0, 2276, status messages:  b'\xe1\x10\x01\x00\xef\xe1\x18\x01\x00\xef\xe1\x1c\x01\x00\xef\xe1\x1e\x01\x00\xef\xe1\x1f\x01\x00\xef\xe1\x1e\x02\x00\xef\xe1\x1c\x02\x00\xef\xe1\x18\x02\x00\xef\xe1\x10\x02\x00\xef\xe1\x00\x02\x00\xef'
2020-07-09 19:26:50.159744, cycle count 66, gpio values 42769, 0, 0, 2304, status messages:  b'\xe1\x10\x01\x00\xef\xe1\x18\x01\x00\xef\xe1\x1c\x01\x00\xef\xe1\x1e\x01\x00\xef\xe1\x1f\x01\x00\xef\xe1\x1e\x02\x00\xef\xe1\x1c\x02\x00\xef\xe1\x18\x02\x00\xef\xe1\x10\x02\x00\xef\xe1\x00\x02\x00\xef'
2020-07-09 19:27:06.116297, cycle count 67, gpio values 43399, 0, 0, 2332, status messages:  b'\xe1\x10\x01\x00\xef\xe1\x18\x01\x00\xef\xe1\x1c\x01\x00\xef\xe1\x1e\x01\x00\xef\xe1\x1f\x01\x00\xef\xe1\x1e\x02\x00\xef\xe1\x1c\x02\x00\xef\xe1\x18\x02\x00\xef\xe1\x10\x02\x00\xef\xe1\x00\x02\x00\xef'
2020-07-09 19:27:22.315540, cycle count 68, gpio values 44029, 0, 0, 2368, status messages:  b'\xe1\x10\x01\x00\xef\xe1\x18\x01\x00\xef\xe1\x1c\x01\x00\xef\xe1\x1e\x01\x00\xef\xe1\x1f\x01\x00\xef\xe1\x1e\x02\x00\xef\xe1\x1c\x02\x00\xef\xe1\x18\x02\x00\xef\xe1\x10\x02\x00\xef\xe1\x00\x02\x00\xef'
2020-07-09 19:27:38.256001, cycle count 69, gpio values 44659, 0, 0, 2396, status messages:  b'\xe1\x10\x01\x00\xef\xe1\x18\x01\x00\xef\xe1\x1c\x01\x00\xef\xe1\x1e\x01\x00\xef\xe1\x1f\x01\x00\xef\xe1\x1e\x02\x00\xef\xe1\x1c\x02\x00\xef\xe1\x18\x02\x00\xef\xe1\x10\x02\x00\xef\xe1\x00\x02\x00\xef'
2020-07-09 19:27:54.196844, cycle count 70, gpio values 45289, 0, 0, 2424, status messages:  b'\xe1\x10\x01\x00\xef\xe1\x18\x01\x00\xef\xe1\x1c\x01\x00\xef\xe1\x1e\x01\x00\xef\xe1\x1f\x01\x00\xef\xe1\x1e\x02\x00\xef\xe1\x1c\x02\x00\xef\xe1\x18\x02\x00\xef\xe1\x10\x02\x00\xef\xe1\x00\x02\x00\xef'
2020-07-09 19:28:10.395052, cycle count 71, gpio values 45919, 0, 0, 2460, status messages:  b'\xe1\x10\x01\x00\xef\xe1\x18\x01\x00\xef\xe1\x1c\x01\x00\xef\xe1\x1e\x01\x00\xef\xe1\x1f\x01\x00\xef\xe1\x1e\x02\x00\xef\xe1\x1c\x02\x00\xef\xe1\x18\x02\x00\xef\xe1\x10\x02\x00\xef\xe1\x00\x02\x00\xef'
2020-07-09 19:28:26.336053, cycle count 72, gpio values 46549, 0, 0, 2488, status messages:  b'\xe1\x10\x01\x00\xef\xe1\x18\x01\x00\xef\xe1\x1c\x01\x00\xef\xe1\x1e\x01\x00\xef\xe1\x1f\x01\x00\xef\xe1\x1e\x02\x00\xef\xe1\x1c\x02\x00\xef\xe1\x18\x02\x00\xef\xe1\x10\x02\x00\xef\xe1\x00\x02\x00\xef'
2020-07-09 19:28:42.600697, cycle count 73, gpio values 47179, 0, 0, 2524, status messages:  b'\xe1\x10\x01\x00\xef\xe1\x18\x01\x00\xef\xe1\x1c\x01\x00\xef\xe1\x1e\x01\x00\xef\xe1\x1f\x01\x00\xef\xe1\x1e\x02\x00\xef\xe1\x1c\x02\x00\xef\xe1\x18\x02\x00\xef\xe1\x10\x02\x00\xef\xe1\x00\x02\x00\xef'
2020-07-09 19:28:58.799814, cycle count 74, gpio values 47809, 0, 0, 2560, status messages:  b'\xe1\x10\x01\x00\xef\xe1\x18\x01\x00\xef\xe1\x1c\x01\x00\xef\xe1\x1e\x01\x00\xef\xe1\x1f\x01\x00\xef\xe1\x1e\x02\x00\xef\xe1\x1c\x02\x00\xef\xe1\x18\x02\x00\xef\xe1\x10\x02\x00\xef\xe1\x00\x02\x00\xef'
2020-07-09 19:29:14.739696, cycle count 75, gpio values 48439, 0, 0, 2588, status messages:  b'\xe1\x10\x01\x00\xef\xe1\x18\x01\x00\xef\xe1\x1c\x01\x00\xef\xe1\x1e\x01\x00\xef\xe1\x1f\x01\x00\xef\xe1\x1e\x02\x00\xef\xe1\x1c\x02\x00\xef\xe1\x18\x02\x00\xef\xe1\x10\x02\x00\xef\xe1\x00\x02\x00\xef'
2020-07-09 19:29:30.680464, cycle count 76, gpio values 49069, 0, 0, 2616, status messages:  b'\xe1\x10\x01\x00\xef\xe1\x18\x01\x00\xef\xe1\x1c\x01\x00\xef\xe1\x1e\x01\x00\xef\xe1\x1f\x01\x00\xef\xe1\x1e\x02\x00\xef\xe1\x1c\x02\x00\xef\xe1\x18\x02\x00\xef\xe1\x10\x02\x00\xef\xe1\x00\x02\x00\xef'
2020-07-09 19:29:46.895142, cycle count 77, gpio values 49699, 0, 0, 2652, status messages:  b'\xe1\x10\x01\x00\xef\xe1\x18\x01\x00\xef\xe1\x1c\x01\x00\xef\xe1\x1e\x01\x00\xef\xe1\x1f\x01\x00\xef\xe1\x1e\x02\x00\xef\xe1\x1c\x02\x00\xef\xe1\x18\x02\x00\xef\xe1\x10\x02\x00\xef\xe1\x00\x02\x00\xef'
2020-07-09 19:30:03.469762, cycle count 78, gpio values 50365, 0, 0, 2688, status messages:  b'\xe1\x10\x01\x00\xef\xe1\x18\x01\x00\xef\xe1\x1c\x01\x00\xef\xe1\x1e\x01\x00\xef\xe1\x1f\x01\x00\xef\xe1\x1e\x02\x00\xef\xe1\x1c\x02\x00\xef\xe1\x18\x02\x00\xef\xe1\x10\x02\x00\xef\xe1\x00\x02\x00\xef'
2020-07-09 19:30:19.927904, cycle count 79, gpio values 51031, 0, 0, 2724, status messages:  b'\xe1\x10\x01\x00\xef\xe1\x18\x01\x00\xef\xe1\x1c\x01\x00\xef\xe1\x1e\x01\x00\xef\xe1\x1f\x01\x00\xef\xe1\x1e\x02\x00\xef\xe1\x1c\x02\x00\xef\xe1\x18\x02\x00\xef\xe1\x10\x02\x00\xef\xe1\x00\x02\x00\xef'
2020-07-09 19:30:35.868255, cycle count 80, gpio values 51661, 0, 0, 2752, status messages:  b'\xe1\x10\x01\x00\xef\xe1\x18\x01\x00\xef\xe1\x1c\x01\x00\xef\xe1\x1e\x01\x00\xef\xe1\x1f\x01\x00\xef\xe1\x1e\x02\x00\xef\xe1\x1c\x02\x00\xef\xe1\x18\x02\x00\xef\xe1\x10\x02\x00\xef\xe1\x00\x02\x00\xef'
2020-07-09 19:30:52.068354, cycle count 81, gpio values 52291, 0, 0, 2788, status messages:  b'\xe1\x10\x01\x00\xef\xe1\x18\x01\x00\xef\xe1\x1c\x01\x00\xef\xe1\x1e\x01\x00\xef\xe1\x1f\x01\x00\xef\xe1\x1e\x02\x00\xef\xe1\x1c\x02\x00\xef\xe1\x18\x02\x00\xef\xe1\x10\x02\x00\xef\xe1\x00\x02\x00\xef'
2020-07-09 19:31:08.008006, cycle count 82, gpio values 52921, 0, 0, 2816, status messages:  b'\xe1\x10\x01\x00\xef\xe1\x18\x01\x00\xef\xe1\x1c\x01\x00\xef\xe1\x1e\x01\x00\xef\xe1\x1f\x01\x00\xef\xe1\x1e\x02\x00\xef\xe1\x1c\x02\x00\xef\xe1\x18\x02\x00\xef\xe1\x10\x02\x00\xef\xe1\x00\x02\x00\xef'
2020-07-09 19:31:24.206757, cycle count 83, gpio values 53551, 0, 0, 2852, status messages:  b'\xe1\x10\x01\x00\xef\xe1\x18\x01\x00\xef\xe1\x1c\x01\x00\xef\xe1\x1e\x01\x00\xef\xe1\x1f\x01\x00\xef\xe1\x1e\x02\x00\xef\xe1\x1c\x02\x00\xef\xe1\x18\x02\x00\xef\xe1\x10\x02\x00\xef\xe1\x00\x02\x00\xef'
2020-07-09 19:31:40.556192, cycle count 84, gpio values 54181, 0, 0, 2888, status messages:  b'\xe1\x10\x01\x00\xef\xe1\x18\x01\x00\xef\xe1\x1c\x01\x00\xef\xe1\x1e\x01\x00\xef\xe1\x1f\x01\x00\xef\xe1\x1e\x02\x00\xef\xe1\x1c\x02\x00\xef\xe1\x18\x02\x00\xef\xe1\x10\x02\x00\xef\xe1\x00\x02\x00\xef'
2020-07-09 19:31:56.754738, cycle count 85, gpio values 54811, 0, 0, 2924, status messages:  b'\xe1\x10\x01\x00\xef\xe1\x18\x01\x00\xef\xe1\x1c\x01\x00\xef\xe1\x1e\x01\x00\xef\xe1\x1f\x01\x00\xef\xe1\x1e\x02\x00\xef\xe1\x1c\x02\x00\xef\xe1\x18\x02\x00\xef\xe1\x10\x02\x00\xef\xe1\x00\x02\x00\xef'
2020-07-09 19:32:12.760304, cycle count 86, gpio values 55441, 0, 0, 2952, status messages:  b'\xe1\x10\x01\x00\xef\xe1\x18\x01\x00\xef\xe1\x1c\x01\x00\xef\xe1\x1e\x01\x00\xef\xe1\x1f\x01\x00\xef\xe1\x1e\x02\x00\xef\xe1\x1c\x02\x00\xef\xe1\x18\x02\x00\xef\xe1\x10\x02\x00\xef\xe1\x00\x02\x00\xef'
2020-07-09 19:32:28.699568, cycle count 87, gpio values 56071, 0, 0, 2980, status messages:  b'\xe1\x10\x01\x00\xef\xe1\x18\x01\x00\xef\xe1\x1c\x01\x00\xef\xe1\x1e\x01\x00\xef\xe1\x1f\x01\x00\xef\xe1\x1e\x02\x00\xef\xe1\x1c\x02\x00\xef\xe1\x18\x02\x00\xef\xe1\x10\x02\x00\xef\xe1\x00\x02\x00\xef'
2020-07-09 19:32:44.640460, cycle count 88, gpio values 56701, 0, 0, 3008, status messages:  b'\xe1\x10\x01\x00\xef\xe1\x18\x01\x00\xef\xe1\x1c\x01\x00\xef\xe1\x1e\x01\x00\xef\xe1\x1f\x01\x00\xef\xe1\x1e\x02\x00\xef\xe1\x1c\x02\x00\xef\xe1\x18\x02\x00\xef\xe1\x10\x02\x00\xef\xe1\x00\x02\x00\xef'
2020-07-09 19:33:00.580002, cycle count 89, gpio values 57331, 0, 0, 3036, status messages:  b'\xe1\x10\x01\x00\xef\xe1\x18\x01\x00\xef\xe1\x1c\x01\x00\xef\xe1\x1e\x01\x00\xef\xe1\x1f\x01\x00\xef\xe1\x1e\x02\x00\xef\xe1\x1c\x02\x00\xef\xe1\x18\x02\x00\xef\xe1\x10\x02\x00\xef\xe1\x00\x02\x00\xef'
2020-07-09 19:33:16.777636, cycle count 90, gpio values 57961, 0, 0, 3072, status messages:  b'\xe1\x10\x01\x00\xef\xe1\x18\x01\x00\xef\xe1\x1c\x01\x00\xef\xe1\x1e\x01\x00\xef\xe1\x1f\x01\x00\xef\xe1\x1e\x02\x00\xef\xe1\x1c\x02\x00\xef\xe1\x18\x02\x00\xef\xe1\x10\x02\x00\xef\xe1\x00\x02\x00\xef'
2020-07-09 19:33:32.723973, cycle count 91, gpio values 58591, 0, 0, 3100, status messages:  b'\xe1\x10\x01\x00\xef\xe1\x18\x01\x00\xef\xe1\x1c\x01\x00\xef\xe1\x1e\x01\x00\xef\xe1\x1f\x01\x00\xef\xe1\x1e\x02\x00\xef\xe1\x1c\x02\x00\xef\xe1\x18\x02\x00\xef\xe1\x10\x02\x00\xef\xe1\x00\x02\x00\xef'
2020-07-09 19:33:48.659220, cycle count 92, gpio values 59221, 0, 0, 3128, status messages:  b'\xe1\x10\x01\x00\xef\xe1\x18\x01\x00\xef\xe1\x1c\x01\x00\xef\xe1\x1e\x01\x00\xef\xe1\x1f\x01\x00\xef\xe1\x1e\x02\x00\xef\xe1\x1c\x02\x00\xef\xe1\x18\x02\x00\xef\xe1\x10\x02\x00\xef\xe1\x00\x02\x00\xef'
2020-07-09 19:34:04.857319, cycle count 93, gpio values 59851, 0, 0, 3164, status messages:  b'\xe1\x10\x01\x00\xef\xe1\x18\x01\x00\xef\xe1\x1c\x01\x00\xef\xe1\x1e\x01\x00\xef\xe1\x1f\x01\x00\xef\xe1\x1e\x02\x00\xef\xe1\x1c\x02\x00\xef\xe1\x18\x02\x00\xef\xe1\x10\x02\x00\xef\xe1\x00\x02\x00\xef'
2020-07-09 19:34:20.859858, cycle count 94, gpio values 60481, 0, 0, 3192, status messages:  b'\xe1\x10\x01\x00\xef\xe1\x18\x01\x00\xef\xe1\x1c\x01\x00\xef\xe1\x1e\x01\x00\xef\xe1\x1f\x01\x00\xef\xe1\x1e\x02\x00\xef\xe1\x1c\x02\x00\xef\xe1\x18\x02\x00\xef\xe1\x10\x02\x00\xef\xe1\x00\x02\x00\xef'
2020-07-09 19:34:36.799911, cycle count 95, gpio values 61111, 0, 0, 3220, status messages:  b'\xe1\x10\x01\x00\xef\xe1\x18\x01\x00\xef\xe1\x1c\x01\x00\xef\xe1\x1e\x01\x00\xef\xe1\x1f\x01\x00\xef\xe1\x1e\x02\x00\xef\xe1\x1c\x02\x00\xef\xe1\x18\x02\x00\xef\xe1\x10\x02\x00\xef\xe1\x00\x02\x00\xef'
2020-07-09 19:34:52.740020, cycle count 96, gpio values 61741, 0, 0, 3248, status messages:  b'\xe1\x10\x01\x00\xef\xe1\x18\x01\x00\xef\xe1\x1c\x01\x00\xef\xe1\x1e\x01\x00\xef\xe1\x1f\x01\x00\xef\xe1\x1e\x02\x00\xef\xe1\x1c\x02\x00\xef\xe1\x18\x02\x00\xef\xe1\x10\x02\x00\xef\xe1\x00\x02\x00\xef'
2020-07-09 19:35:08.939964, cycle count 97, gpio values 62371, 0, 0, 3284, status messages:  b'\xe1\x10\x01\x00\xef\xe1\x18\x01\x00\xef\xe1\x1c\x01\x00\xef\xe1\x1e\x01\x00\xef\xe1\x1f\x01\x00\xef\xe1\x1e\x02\x00\xef\xe1\x1c\x02\x00\xef\xe1\x18\x02\x00\xef\xe1\x10\x02\x00\xef\xe1\x00\x02\x00\xef'
2020-07-09 19:35:25.238777, cycle count 98, gpio values 63001, 0, 0, 3320, status messages:  b'\xe1\x10\x01\x00\xef\xe1\x18\x01\x00\xef\xe1\x1c\x01\x00\xef\xe1\x1e\x01\x00\xef\xe1\x1f\x01\x00\xef\xe1\x1e\x02\x00\xef\xe1\x1c\x02\x00\xef\xe1\x18\x02\x00\xef\xe1\x10\x02\x00\xef\xe1\x00\x02\x00\xef'
2020-07-09 19:35:41.438471, cycle count 99, gpio values 63631, 0, 0, 3356, status messages:  b'\xe1\x10\x01\x00\xef\xe1\x18\x01\x00\xef\xe1\x1c\x01\x00\xef\xe1\x1e\x01\x00\xef\xe1\x1f\x01\x00\xef\xe1\x1e\x02\x00\xef\xe1\x1c\x02\x00\xef\xe1\x18\x02\x00\xef\xe1\x10\x02\x00\xef\xe1\x00\x02\x00\xef'
2020-07-09 19:35:57.638127, cycle count 100, gpio values 64261, 0, 0, 3392, status messages:  b'\xe1\x10\x01\x00\xef\xe1\x18\x01\x00\xef\xe1\x1c\x01\x00\xef\xe1\x1e\x01\x00\xef\xe1\x1f\x01\x00\xef\xe1\x1e\x02\x00\xef\xe1\x1c\x02\x00\xef\xe1\x18\x02\x00\xef\xe1\x10\x02\x00\xef\xe1\x00\x02\x00\xef'
2020-07-09 19:36:13.578213, cycle count 101, gpio values 64891, 0, 0, 3420, status messages:  b'\xe1\x10\x01\x00\xef\xe1\x18\x01\x00\xef\xe1\x1c\x01\x00\xef\xe1\x1e\x01\x00\xef\xe1\x1f\x01\x00\xef\xe1\x1e\x02\x00\xef\xe1\x1c\x02\x00\xef\xe1\x18\x02\x00\xef\xe1\x10\x02\x00\xef\xe1\x00\x02\x00\xef'
2020-07-09 19:36:29.518218, cycle count 102, gpio values 65521, 0, 0, 3448, status messages:  b'\xe1\x10\x01\x00\xef\xe1\x18\x01\x00\xef\xe1\x1c\x01\x00\xef\xe1\x1e\x01\x00\xef\xe1\x1f\x01\x00\xef\xe1\x1e\x02\x00\xef\xe1\x1c\x02\x00\xef\xe1\x18\x02\x00\xef\xe1\x10\x02\x00\xef\xe1\x00\x02\x00\xef'
2020-07-09 19:36:45.458382, cycle count 103, gpio values 66151, 0, 0, 3476, status messages:  b'\xe1\x10\x01\x00\xef\xe1\x18\x01\x00\xef\xe1\x1c\x01\x00\xef\xe1\x1e\x01\x00\xef\xe1\x1f\x01\x00\xef\xe1\x1e\x02\x00\xef\xe1\x1c\x02\x00\xef\xe1\x18\x02\x00\xef\xe1\x10\x02\x00\xef\xe1\x00\x02\x00\xef'
2020-07-09 19:37:01.706530, cycle count 104, gpio values 66781, 0, 0, 3512, status messages:  b'\xe1\x10\x01\x00\xef\xe1\x18\x01\x00\xef\xe1\x1c\x01\x00\xef\xe1\x1e\x01\x00\xef\xe1\x1f\x01\x00\xef\xe1\x1e\x02\x00\xef\xe1\x1c\x02\x00\xef\xe1\x18\x02\x00\xef\xe1\x10\x02\x00\xef\xe1\x00\x02\x00\xef'
2020-07-09 19:37:17.921233, cycle count 105, gpio values 67411, 0, 0, 3548, status messages:  b'\xe1\x10\x01\x00\xef\xe1\x18\x01\x00\xef\xe1\x1c\x01\x00\xef\xe1\x1e\x01\x00\xef\xe1\x1f\x01\x00\xef\xe1\x1e\x02\x00\xef\xe1\x1c\x02\x00\xef\xe1\x18\x02\x00\xef\xe1\x10\x02\x00\xef\xe1\x00\x02\x00\xef'
2020-07-09 19:37:33.862003, cycle count 106, gpio values 68041, 0, 0, 3576, status messages:  b'\xe1\x10\x01\x00\xef\xe1\x18\x01\x00\xef\xe1\x1c\x01\x00\xef\xe1\x1e\x01\x00\xef\xe1\x1f\x01\x00\xef\xe1\x1e\x02\x00\xef\xe1\x1c\x02\x00\xef\xe1\x18\x02\x00\xef\xe1\x10\x02\x00\xef\xe1\x00\x02\x00\xef'
2020-07-09 19:37:49.800709, cycle count 107, gpio values 68671, 0, 0, 3604, status messages:  b'\xe1\x10\x01\x00\xef\xe1\x18\x01\x00\xef\xe1\x1c\x01\x00\xef\xe1\x1e\x01\x00\xef\xe1\x1f\x01\x00\xef\xe1\x1e\x02\x00\xef\xe1\x1c\x02\x00\xef\xe1\x18\x02\x00\xef\xe1\x10\x02\x00\xef\xe1\x00\x02\x00\xef'
2020-07-09 19:38:06.000610, cycle count 108, gpio values 69301, 0, 0, 3640, status messages:  b'\xe1\x10\x01\x00\xef\xe1\x18\x01\x00\xef\xe1\x1c\x01\x00\xef\xe1\x1e\x01\x00\xef\xe1\x1f\x01\x00\xef\xe1\x1e\x02\x00\xef\xe1\x1c\x02\x00\xef\xe1\x18\x02\x00\xef\xe1\x10\x02\x00\xef\xe1\x00\x02\x00\xef'
2020-07-09 19:38:21.940959, cycle count 109, gpio values 69931, 0, 0, 3668, status messages:  b'\xe1\x10\x01\x00\xef\xe1\x18\x01\x00\xef\xe1\x1c\x01\x00\xef\xe1\x1e\x01\x00\xef\xe1\x1f\x01\x00\xef\xe1\x1e\x02\x00\xef\xe1\x1c\x02\x00\xef\xe1\x18\x02\x00\xef\xe1\x10\x02\x00\xef\xe1\x00\x02\x00\xef'
2020-07-09 19:38:37.880093, cycle count 110, gpio values 70561, 0, 0, 3696, status messages:  b'\xe1\x10\x01\x00\xef\xe1\x18\x01\x00\xef\xe1\x1c\x01\x00\xef\xe1\x1e\x01\x00\xef\xe1\x1f\x01\x00\xef\xe1\x1e\x02\x00\xef\xe1\x1c\x02\x00\xef\xe1\x18\x02\x00\xef\xe1\x10\x02\x00\xef\xe1\x00\x02\x00\xef'
2020-07-09 19:38:54.080875, cycle count 111, gpio values 71191, 0, 0, 3732, status messages:  b'\xe1\x10\x01\x00\xef\xe1\x18\x01\x00\xef\xe1\x1c\x01\x00\xef\xe1\x1e\x01\x00\xef\xe1\x1f\x01\x00\xef\xe1\x1e\x02\x00\xef\xe1\x1c\x02\x00\xef\xe1\x18\x02\x00\xef\xe1\x10\x02\x00\xef\xe1\x00\x02\x00\xef'
2020-07-09 19:39:10.020514, cycle count 112, gpio values 71821, 0, 0, 3760, status messages:  b'\xe1\x10\x01\x00\xef\xe1\x18\x01\x00\xef\xe1\x1c\x01\x00\xef\xe1\x1e\x01\x00\xef\xe1\x1f\x01\x00\xef\xe1\x1e\x02\x00\xef\xe1\x1c\x02\x00\xef\xe1\x18\x02\x00\xef\xe1\x10\x02\x00\xef\xe1\x00\x02\x00\xef'
2020-07-09 19:39:25.960565, cycle count 113, gpio values 72451, 0, 0, 3788, status messages:  b'\xe1\x10\x01\x00\xef\xe1\x18\x01\x00\xef\xe1\x1c\x01\x00\xef\xe1\x1e\x01\x00\xef\xe1\x1f\x01\x00\xef\xe1\x1e\x02\x00\xef\xe1\x1c\x02\x00\xef\xe1\x18\x02\x00\xef\xe1\x10\x02\x00\xef\xe1\x00\x02\x00\xef'
2020-07-09 19:39:42.289935, cycle count 114, gpio values 73081, 0, 0, 3824, status messages:  b'\xe1\x10\x01\x00\xef\xe1\x18\x01\x00\xef\xe1\x1c\x01\x00\xef\xe1\x1e\x01\x00\xef\xe1\x1f\x01\x00\xef\xe1\x1e\x02\x00\xef\xe1\x1c\x02\x00\xef\xe1\x18\x02\x00\xef\xe1\x10\x02\x00\xef\xe1\x00\x02\x00\xef'
2020-07-09 19:39:58.488525, cycle count 115, gpio values 73711, 0, 0, 3860, status messages:  b'\xe1\x10\x01\x00\xef\xe1\x18\x01\x00\xef\xe1\x1c\x01\x00\xef\xe1\x1e\x01\x00\xef\xe1\x1f\x01\x00\xef\xe1\x1e\x02\x00\xef\xe1\x1c\x02\x00\xef\xe1\x18\x02\x00\xef\xe1\x10\x02\x00\xef\xe1\x00\x02\x00\xef'
2020-07-09 19:40:14.428480, cycle count 116, gpio values 74341, 0, 0, 3888, status messages:  b'\xe1\x10\x01\x00\xef\xe1\x18\x01\x00\xef\xe1\x1c\x01\x00\xef\xe1\x1e\x01\x00\xef\xe1\x1f\x01\x00\xef\xe1\x1e\x02\x00\xef\xe1\x1c\x02\x00\xef\xe1\x18\x02\x00\xef\xe1\x10\x02\x00\xef\xe1\x00\x02\x00\xef'
2020-07-09 19:40:30.628544, cycle count 117, gpio values 74971, 0, 0, 3924, status messages:  b'\xe1\x10\x01\x00\xef\xe1\x18\x01\x00\xef\xe1\x1c\x01\x00\xef\xe1\x1e\x01\x00\xef\xe1\x1f\x01\x00\xef\xe1\x1e\x02\x00\xef\xe1\x1c\x02\x00\xef\xe1\x18\x02\x00\xef\xe1\x10\x02\x00\xef\xe1\x00\x02\x00\xef'
2020-07-09 19:40:46.567678, cycle count 118, gpio values 75601, 0, 0, 3952, status messages:  b'\xe1\x10\x01\x00\xef\xe1\x18\x01\x00\xef\xe1\x1c\x01\x00\xef\xe1\x1e\x01\x00\xef\xe1\x1f\x01\x00\xef\xe1\x1e\x02\x00\xef\xe1\x1c\x02\x00\xef\xe1\x18\x02\x00\xef\xe1\x10\x02\x00\xef\xe1\x00\x02\x00\xef'
2020-07-09 19:41:02.767359, cycle count 119, gpio values 76231, 0, 0, 3988, status messages:  b'\xe1\x10\x01\x00\xef\xe1\x18\x01\x00\xef\xe1\x1c\x01\x00\xef\xe1\x1e\x01\x00\xef\xe1\x1f\x01\x00\xef\xe1\x1e\x02\x00\xef\xe1\x1c\x02\x00\xef\xe1\x18\x02\x00\xef\xe1\x10\x02\x00\xef\xe1\x00\x02\x00\xef'
2020-07-09 19:41:18.708408, cycle count 120, gpio values 76861, 0, 0, 4016, status messages:  b'\xe1\x10\x01\x00\xef\xe1\x18\x01\x00\xef\xe1\x1c\x01\x00\xef\xe1\x1e\x01\x00\xef\xe1\x1f\x01\x00\xef\xe1\x1e\x02\x00\xef\xe1\x1c\x02\x00\xef\xe1\x18\x02\x00\xef\xe1\x10\x02\x00\xef\xe1\x00\x02\x00\xef'
2020-07-09 19:41:34.906391, cycle count 121, gpio values 77491, 0, 0, 4052, status messages:  b'\xe1\x10\x01\x00\xef\xe1\x18\x01\x00\xef\xe1\x1c\x01\x00\xef\xe1\x1e\x01\x00\xef\xe1\x1f\x01\x00\xef\xe1\x1e\x02\x00\xef\xe1\x1c\x02\x00\xef\xe1\x18\x02\x00\xef\xe1\x10\x02\x00\xef\xe1\x00\x02\x00\xef'
2020-07-09 19:41:51.366155, cycle count 122, gpio values 78157, 0, 0, 4088, status messages:  b'\xe1\x10\x01\x00\xef\xe1\x18\x01\x00\xef\xe1\x1c\x01\x00\xef\xe1\x1e\x01\x00\xef\xe1\x1f\x01\x00\xef\xe1\x1e\x02\x00\xef\xe1\x1c\x02\x00\xef\xe1\x18\x02\x00\xef\xe1\x10\x02\x00\xef\xe1\x00\x02\x00\xef'
2020-07-09 19:42:07.825085, cycle count 123, gpio values 78823, 0, 0, 4124, status messages:  b'\xe1\x10\x01\x00\xef\xe1\x18\x01\x00\xef\xe1\x1c\x01\x00\xef\xe1\x1e\x01\x00\xef\xe1\x1f\x01\x00\xef\xe1\x1e\x02\x00\xef\xe1\x1c\x02\x00\xef\xe1\x18\x02\x00\xef\xe1\x10\x02\x00\xef\xe1\x00\x02\x00\xef'
2020-07-09 19:42:24.283103, cycle count 124, gpio values 79489, 0, 0, 4160, status messages:  b'\xe1\x10\x01\x00\xef\xe1\x18\x01\x00\xef\xe1\x1c\x01\x00\xef\xe1\x1e\x01\x00\xef\xe1\x1f\x01\x00\xef\xe1\x1e\x02\x00\xef\xe1\x1c\x02\x00\xef\xe1\x18\x02\x00\xef\xe1\x10\x02\x00\xef\xe1\x00\x02\x00\xef'
2020-07-09 19:42:40.740111, cycle count 125, gpio values 80155, 0, 0, 4196, status messages:  b'\xe1\x10\x01\x00\xef\xe1\x18\x01\x00\xef\xe1\x1c\x01\x00\xef\xe1\x1e\x01\x00\xef\xe1\x1f\x01\x00\xef\xe1\x1e\x02\x00\xef\xe1\x1c\x02\x00\xef\xe1\x18\x02\x00\xef\xe1\x10\x02\x00\xef\xe1\x00\x02\x00\xef'
2020-07-09 19:42:57.198547, cycle count 126, gpio values 80821, 0, 0, 4232, status messages:  b'\xe1\x10\x01\x00\xef\xe1\x18\x01\x00\xef\xe1\x1c\x01\x00\xef\xe1\x1e\x01\x00\xef\xe1\x1f\x01\x00\xef\xe1\x1e\x02\x00\xef\xe1\x1c\x02\x00\xef\xe1\x18\x02\x00\xef\xe1\x10\x02\x00\xef\xe1\x00\x02\x00\xef'
2020-07-09 19:43:13.657000, cycle count 127, gpio values 81524, 0, 0, 4268, status messages:  b'\xe1\x10\x01\x00\xef\xe1\x18\x01\x00\xef\xe1\x1c\x01\x00\xef\xe1\x1e\x01\x00\xef\xe1\x1f\x01\x00\xef\xe1\x1e\x02\x00\xef\xe1\x1c\x02\x00\xef\xe1\x18\x02\x00\xef\xe1\x10\x02\x00\xef\xe1\x00\x02\x00\xef'
2020-07-09 19:43:29.855414, cycle count 128, gpio values 82154, 0, 0, 4304, status messages:  b'\xe1\x10\x01\x00\xef\xe1\x18\x01\x00\xef\xe1\x1c\x01\x00\xef\xe1\x1e\x01\x00\xef\xe1\x1f\x01\x00\xef\xe1\x1e\x02\x00\xef\xe1\x1c\x02\x00\xef\xe1\x18\x02\x00\xef\xe1\x10\x02\x00\xef\xe1\x00\x02\x00\xef'
2020-07-09 19:43:46.314380, cycle count 129, gpio values 82820, 0, 0, 4340, status messages:  b'\xe1\x10\x01\x00\xef\xe1\x18\x01\x00\xef\xe1\x1c\x01\x00\xef\xe1\x1e\x01\x00\xef\xe1\x1f\x01\x00\xef\xe1\x1e\x02\x00\xef\xe1\x1c\x02\x00\xef\xe1\x18\x02\x00\xef\xe1\x10\x02\x00\xef\xe1\x00\x02\x00\xef'
2020-07-09 19:44:02.771848, cycle count 130, gpio values 83486, 0, 0, 4376, status messages:  b'\xe1\x10\x01\x00\xef\xe1\x18\x01\x00\xef\xe1\x1c\x01\x00\xef\xe1\x1e\x01\x00\xef\xe1\x1f\x01\x00\xef\xe1\x1e\x02\x00\xef\xe1\x1c\x02\x00\xef\xe1\x18\x02\x00\xef\xe1\x10\x02\x00\xef\xe1\x00\x02\x00\xef'
2020-07-09 19:44:18.972195, cycle count 131, gpio values 84116, 0, 0, 4412, status messages:  b'\xe1\x10\x01\x00\xef\xe1\x18\x01\x00\xef\xe1\x1c\x01\x00\xef\xe1\x1e\x01\x00\xef\xe1\x1f\x01\x00\xef\xe1\x1e\x02\x00\xef\xe1\x1c\x02\x00\xef\xe1\x18\x02\x00\xef\xe1\x10\x02\x00\xef\xe1\x00\x02\x00\xef'
2020-07-09 19:44:35.430229, cycle count 132, gpio values 84782, 0, 0, 4448, status messages:  b'\xe1\x10\x01\x00\xef\xe1\x18\x01\x00\xef\xe1\x1c\x01\x00\xef\xe1\x1e\x01\x00\xef\xe1\x1f\x01\x00\xef\xe1\x1e\x02\x00\xef\xe1\x1c\x02\x00\xef\xe1\x18\x02\x00\xef\xe1\x10\x02\x00\xef\xe1\x00\x02\x00\xef'
2020-07-09 19:44:51.888511, cycle count 133, gpio values 85448, 0, 0, 4484, status messages:  b'\xe1\x10\x01\x00\xef\xe1\x18\x01\x00\xef\xe1\x1c\x01\x00\xef\xe1\x1e\x01\x00\xef\xe1\x1f\x01\x00\xef\xe1\x1e\x02\x00\xef\xe1\x1c\x02\x00\xef\xe1\x18\x02\x00\xef\xe1\x10\x02\x00\xef\xe1\x00\x02\x00\xef'
2020-07-09 19:45:08.346717, cycle count 134, gpio values 86114, 0, 0, 4520, status messages:  b'\xe1\x10\x01\x00\xef\xe1\x18\x01\x00\xef\xe1\x1c\x01\x00\xef\xe1\x1e\x01\x00\xef\xe1\x1f\x01\x00\xef\xe1\x1e\x02\x00\xef\xe1\x1c\x02\x00\xef\xe1\x18\x02\x00\xef\xe1\x10\x02\x00\xef\xe1\x00\x02\x00\xef'
2020-07-09 19:45:24.594912, cycle count 135, gpio values 86744, 0, 0, 4556, status messages:  b'\xe1\x10\x01\x00\xef\xe1\x18\x01\x00\xef\xe1\x1c\x01\x00\xef\xe1\x1e\x01\x00\xef\xe1\x1f\x01\x00\xef\xe1\x1e\x02\x00\xef\xe1\x1c\x02\x00\xef\xe1\x18\x02\x00\xef\xe1\x10\x02\x00\xef\xe1\x00\x02\x00\xef'
2020-07-09 19:45:41.052346, cycle count 136, gpio values 87410, 0, 0, 4592, status messages:  b'\xe1\x10\x01\x00\xef\xe1\x18\x01\x00\xef\xe1\x1c\x01\x00\xef\xe1\x1e\x01\x00\xef\xe1\x1f\x01\x00\xef\xe1\x1e\x02\x00\xef\xe1\x1c\x02\x00\xef\xe1\x18\x02\x00\xef\xe1\x10\x02\x00\xef\xe1\x00\x02\x00\xef'
2020-07-09 19:45:57.510072, cycle count 137, gpio values 88076, 0, 0, 4628, status messages:  b'\xe1\x10\x01\x00\xef\xe1\x18\x01\x00\xef\xe1\x1c\x01\x00\xef\xe1\x1e\x01\x00\xef\xe1\x1f\x01\x00\xef\xe1\x1e\x02\x00\xef\xe1\x1c\x02\x00\xef\xe1\x18\x02\x00\xef\xe1\x10\x02\x00\xef\xe1\x00\x02\x00\xef'
2020-07-09 19:46:13.969705, cycle count 138, gpio values 88742, 0, 0, 4664, status messages:  b'\xe1\x10\x01\x00\xef\xe1\x18\x01\x00\xef\xe1\x1c\x01\x00\xef\xe1\x1e\x01\x00\xef\xe1\x1f\x01\x00\xef\xe1\x1e\x02\x00\xef\xe1\x1c\x02\x00\xef\xe1\x18\x02\x00\xef\xe1\x10\x02\x00\xef\xe1\x00\x02\x00\xef'
2020-07-09 19:46:30.427770, cycle count 139, gpio values 89408, 0, 0, 4700, status messages:  b'\xe1\x10\x01\x00\xef\xe1\x18\x01\x00\xef\xe1\x1c\x01\x00\xef\xe1\x1e\x01\x00\xef\xe1\x1f\x01\x00\xef\xe1\x1e\x02\x00\xef\xe1\x1c\x02\x00\xef\xe1\x18\x02\x00\xef\xe1\x10\x02\x00\xef\xe1\x00\x02\x00\xef'
2020-07-09 19:46:46.626920, cycle count 140, gpio values 90038, 0, 0, 4736, status messages:  b'\xe1\x10\x01\x00\xef\xe1\x18\x01\x00\xef\xe1\x1c\x01\x00\xef\xe1\x1e\x01\x00\xef\xe1\x1f\x01\x00\xef\xe1\x1e\x02\x00\xef\xe1\x1c\x02\x00\xef\xe1\x18\x02\x00\xef\xe1\x10\x02\x00\xef\xe1\x00\x02\x00\xef'
2020-07-09 19:47:03.085570, cycle count 141, gpio values 90704, 0, 0, 4772, status messages:  b'\xe1\x10\x01\x00\xef\xe1\x18\x01\x00\xef\xe1\x1c\x01\x00\xef\xe1\x1e\x01\x00\xef\xe1\x1f\x01\x00\xef\xe1\x1e\x02\x00\xef\xe1\x1c\x02\x00\xef\xe1\x18\x02\x00\xef\xe1\x10\x02\x00\xef\xe1\x00\x02\x00\xef'
2020-07-09 19:47:19.284124, cycle count 142, gpio values 91334, 0, 0, 4808, status messages:  b'\xe1\x10\x01\x00\xef\xe1\x18\x01\x00\xef\xe1\x1c\x01\x00\xef\xe1\x1e\x01\x00\xef\xe1\x1f\x01\x00\xef\xe1\x1e\x02\x00\xef\xe1\x1c\x02\x00\xef\xe1\x18\x02\x00\xef\xe1\x10\x02\x00\xef\xe1\x00\x02\x00\xef'
2020-07-09 19:47:35.742678, cycle count 143, gpio values 92000, 0, 0, 4844, status messages:  b'\xe1\x10\x01\x00\xef\xe1\x18\x01\x00\xef\xe1\x1c\x01\x00\xef\xe1\x1e\x01\x00\xef\xe1\x1f\x01\x00\xef\xe1\x1e\x02\x00\xef\xe1\x1c\x02\x00\xef\xe1\x18\x02\x00\xef\xe1\x10\x02\x00\xef\xe1\x00\x02\x00\xef'
2020-07-09 19:47:52.199766, cycle count 144, gpio values 92666, 0, 0, 4880, status messages:  b'\xe1\x10\x01\x00\xef\xe1\x18\x01\x00\xef\xe1\x1c\x01\x00\xef\xe1\x1e\x01\x00\xef\xe1\x1f\x01\x00\xef\xe1\x1e\x02\x00\xef\xe1\x1c\x02\x00\xef\xe1\x18\x02\x00\xef\xe1\x10\x02\x00\xef\xe1\x00\x02\x00\xef'
2020-07-09 19:48:08.660270, cycle count 145, gpio values 93332, 0, 0, 4916, status messages:  b'\xe1\x10\x01\x00\xef\xe1\x18\x01\x00\xef\xe1\x1c\x01\x00\xef\xe1\x1e\x01\x00\xef\xe1\x1f\x01\x00\xef\xe1\x1e\x02\x00\xef\xe1\x1c\x02\x00\xef\xe1\x18\x02\x00\xef\xe1\x10\x02\x00\xef\xe1\x00\x02\x00\xef'
2020-07-09 19:48:25.118659, cycle count 146, gpio values 93998, 0, 0, 4952, status messages:  b'\xe1\x10\x01\x00\xef\xe1\x18\x01\x00\xef\xe1\x1c\x01\x00\xef\xe1\x1e\x01\x00\xef\xe1\x1f\x01\x00\xef\xe1\x1e\x02\x00\xef\xe1\x1c\x02\x00\xef\xe1\x18\x02\x00\xef\xe1\x10\x02\x00\xef\xe1\x00\x02\x00\xef'
2020-07-09 19:48:41.577570, cycle count 147, gpio values 94664, 0, 0, 4988, status messages:  b'\xe1\x10\x01\x00\xef\xe1\x18\x01\x00\xef\xe1\x1c\x01\x00\xef\xe1\x1e\x01\x00\xef\xe1\x1f\x01\x00\xef\xe1\x1e\x02\x00\xef\xe1\x1c\x02\x00\xef\xe1\x18\x02\x00\xef\xe1\x10\x02\x00\xef\xe1\x00\x02\x00\xef'
2020-07-09 19:48:57.775770, cycle count 148, gpio values 95294, 0, 0, 5024, status messages:  b'\xe1\x10\x01\x00\xef\xe1\x18\x01\x00\xef\xe1\x1c\x01\x00\xef\xe1\x1e\x01\x00\xef\xe1\x1f\x01\x00\xef\xe1\x1e\x02\x00\xef\xe1\x1c\x02\x00\xef\xe1\x18\x02\x00\xef\xe1\x10\x02\x00\xef\xe1\x00\x02\x00\xef'
2020-07-09 19:49:14.235723, cycle count 149, gpio values 95960, 0, 0, 5060, status messages:  b'\xe1\x10\x01\x00\xef\xe1\x18\x01\x00\xef\xe1\x1c\x01\x00\xef\xe1\x1e\x01\x00\xef\xe1\x1f\x01\x00\xef\xe1\x1e\x02\x00\xef\xe1\x1c\x02\x00\xef\xe1\x18\x02\x00\xef\xe1\x10\x02\x00\xef\xe1\x00\x02\x00\xef'
2020-07-09 19:49:30.693268, cycle count 150, gpio values 96626, 0, 0, 5096, status messages:  b'\xe1\x10\x01\x00\xef\xe1\x18\x01\x00\xef\xe1\x1c\x01\x00\xef\xe1\x1e\x01\x00\xef\xe1\x1f\x01\x00\xef\xe1\x1e\x02\x00\xef\xe1\x1c\x02\x00\xef\xe1\x18\x02\x00\xef\xe1\x10\x02\x00\xef\xe1\x00\x02\x00\xef'
2020-07-09 19:49:47.150652, cycle count 151, gpio values 97292, 0, 0, 5132, status messages:  b'\xe1\x10\x01\x00\xef\xe1\x18\x01\x00\xef\xe1\x1c\x01\x00\xef\xe1\x1e\x01\x00\xef\xe1\x1f\x01\x00\xef\xe1\x1e\x02\x00\xef\xe1\x1c\x02\x00\xef\xe1\x18\x02\x00\xef\xe1\x10\x02\x00\xef\xe1\x00\x02\x00\xef'
2020-07-09 19:50:03.608742, cycle count 152, gpio values 97958, 0, 0, 5168, status messages:  b'\xe1\x10\x01\x00\xef\xe1\x18\x01\x00\xef\xe1\x1c\x01\x00\xef\xe1\x1e\x01\x00\xef\xe1\x1f\x01\x00\xef\xe1\x1e\x02\x00\xef\xe1\x1c\x02\x00\xef\xe1\x18\x02\x00\xef\xe1\x10\x02\x00\xef\xe1\x00\x02\x00\xef'
2020-07-09 19:50:20.182222, cycle count 153, gpio values 98588, 0, 0, 5204, status messages:  b'\xe1\x10\x01\x00\xef\xe1\x18\x01\x00\xef\xe1\x1c\x01\x00\xef\xe1\x1e\x01\x00\xef\xe1\x1f\x01\x00\xef\xe1\x1e\x02\x00\xef\xe1\x1c\x02\x00\xef\xe1\x18\x02\x00\xef\xe1\x10\x02\x00\xef\xe1\x00\x02\x00\xef'
2020-07-09 19:50:41.860305, cycle count 154, gpio values 99254, 0, 0, 5240, status messages:  b'\xe1\x10\x01\x00\xef\xe1\x18\x01\x00\xef\xe1\x1c\x01\x00\xef\xe1\x1e\x01\x00\xef\xe1\x1f\x01\x00\xef\xe1\x1e\x02\x00\xef\xe1\x1c\x02\x00\xef\xe1\x18\x02\x00\xef\xe1\x10\x02\x00\xef\xe1\x00\x02\x00\xef'
2020-07-09 19:50:57.801238, cycle count 155, gpio values 99884, 0, 0, 5268, status messages:  b'\xe1\x10\x01\x00\xef\xe1\x18\x01\x00\xef\xe1\x1c\x01\x00\xef\xe1\x1e\x01\x00\xef\xe1\x1f\x01\x00\xef\xe1\x1e\x02\x00\xef\xe1\x1c\x02\x00\xef\xe1\x18\x02\x00\xef\xe1\x10\x02\x00\xef\xe1\x00\x02\x00\xef'
2020-07-09 19:51:14.103337, cycle count 156, gpio values 100514, 0, 0, 5304, status messages:  b'\xe1\x10\x01\x00\xef\xe1\x18\x01\x00\xef\xe1\x1c\x01\x00\xef\xe1\x1e\x01\x00\xef\xe1\x1f\x01\x00\xef\xe1\x1e\x02\x00\xef\xe1\x1c\x02\x00\xef\xe1\x18\x02\x00\xef\xe1\x10\x02\x00\xef\xe1\x00\x02\x00\xef'
2020-07-09 19:51:30.360277, cycle count 157, gpio values 101144, 0, 0, 5340, status messages:  b'\xe1\x10\x01\x00\xef\xe1\x18\x01\x00\xef\xe1\x1c\x01\x00\xef\xe1\x1e\x01\x00\xef\xe1\x1f\x01\x00\xef\xe1\x1e\x02\x00\xef\xe1\x1c\x02\x00\xef\xe1\x18\x02\x00\xef\xe1\x10\x02\x00\xef\xe1\x00\x02\x00\xef'
2020-07-09 19:51:46.642729, cycle count 158, gpio values 101774, 0, 0, 5376, status messages:  b'\xe1\x10\x01\x00\xef\xe1\x18\x01\x00\xef\xe1\x1c\x01\x00\xef\xe1\x1e\x01\x00\xef\xe1\x1f\x01\x00\xef\xe1\x1e\x02\x00\xef\xe1\x1c\x02\x00\xef\xe1\x18\x02\x00\xef\xe1\x10\x02\x00\xef\xe1\x00\x02\x00\xef'
2020-07-09 19:52:02.842083, cycle count 159, gpio values 102404, 0, 0, 5412, status messages:  b'\xe1\x10\x01\x00\xef\xe1\x18\x01\x00\xef\xe1\x1c\x01\x00\xef\xe1\x1e\x01\x00\xef\xe1\x1f\x01\x00\xef\xe1\x1e\x02\x00\xef\xe1\x1c\x02\x00\xef\xe1\x18\x02\x00\xef\xe1\x10\x02\x00\xef\xe1\x00\x02\x00\xef'
2020-07-09 19:52:18.782287, cycle count 160, gpio values 103034, 0, 0, 5440, status messages:  b'\xe1\x10\x01\x00\xef\xe1\x18\x01\x00\xef\xe1\x1c\x01\x00\xef\xe1\x1e\x01\x00\xef\xe1\x1f\x01\x00\xef\xe1\x1e\x02\x00\xef\xe1\x1c\x02\x00\xef\xe1\x18\x02\x00\xef\xe1\x10\x02\x00\xef\xe1\x00\x02\x00\xef'
2020-07-09 19:52:34.981301, cycle count 161, gpio values 103664, 0, 0, 5476, status messages:  b'\xe1\x10\x01\x00\xef\xe1\x18\x01\x00\xef\xe1\x1c\x01\x00\xef\xe1\x1e\x01\x00\xef\xe1\x1f\x01\x00\xef\xe1\x1e\x02\x00\xef\xe1\x1c\x02\x00\xef\xe1\x18\x02\x00\xef\xe1\x10\x02\x00\xef\xe1\x00\x02\x00\xef'
2020-07-09 19:52:50.921464, cycle count 162, gpio values 104294, 0, 0, 5504, status messages:  b'\xe1\x10\x01\x00\xef\xe1\x18\x01\x00\xef\xe1\x1c\x01\x00\xef\xe1\x1e\x01\x00\xef\xe1\x1f\x01\x00\xef\xe1\x1e\x02\x00\xef\xe1\x1c\x02\x00\xef\xe1\x18\x02\x00\xef\xe1\x10\x02\x00\xef\xe1\x00\x02\x00\xef'
2020-07-09 19:53:07.120802, cycle count 163, gpio values 104924, 0, 0, 5540, status messages:  b'\xe1\x10\x01\x00\xef\xe1\x18\x01\x00\xef\xe1\x1c\x01\x00\xef\xe1\x1e\x01\x00\xef\xe1\x1f\x01\x00\xef\xe1\x1e\x02\x00\xef\xe1\x1c\x02\x00\xef\xe1\x18\x02\x00\xef\xe1\x10\x02\x00\xef\xe1\x00\x02\x00\xef'
2020-07-09 19:53:23.320508, cycle count 164, gpio values 105554, 0, 0, 5576, status messages:  b'\xe1\x10\x01\x00\xef\xe1\x18\x01\x00\xef\xe1\x1c\x01\x00\xef\xe1\x1e\x01\x00\xef\xe1\x1f\x01\x00\xef\xe1\x1e\x02\x00\xef\xe1\x1c\x02\x00\xef\xe1\x18\x02\x00\xef\xe1\x10\x02\x00\xef\xe1\x00\x02\x00\xef'
2020-07-09 19:53:39.519024, cycle count 165, gpio values 106184, 0, 0, 5612, status messages:  b'\xe1\x10\x01\x00\xef\xe1\x18\x01\x00\xef\xe1\x1c\x01\x00\xef\xe1\x1e\x01\x00\xef\xe1\x1f\x01\x00\xef\xe1\x1e\x02\x00\xef\xe1\x1c\x02\x00\xef\xe1\x18\x02\x00\xef\xe1\x10\x02\x00\xef\xe1\x00\x02\x00\xef'
2020-07-09 19:53:55.978252, cycle count 166, gpio values 106850, 0, 0, 5648, status messages:  b'\xe1\x10\x01\x00\xef\xe1\x18\x01\x00\xef\xe1\x1c\x01\x00\xef\xe1\x1e\x01\x00\xef\xe1\x1f\x01\x00\xef\xe1\x1e\x02\x00\xef\xe1\x1c\x02\x00\xef\xe1\x18\x02\x00\xef\xe1\x10\x02\x00\xef\xe1\x00\x02\x00\xef'
2020-07-09 19:54:12.291407, cycle count 167, gpio values 107480, 0, 0, 5684, status messages:  b'\xe1\x10\x01\x00\xef\xe1\x18\x01\x00\xef\xe1\x1c\x01\x00\xef\xe1\x1e\x01\x00\xef\xe1\x1f\x01\x00\xef\xe1\x1e\x02\x00\xef\xe1\x1c\x02\x00\xef\xe1\x18\x02\x00\xef\xe1\x10\x02\x00\xef\xe1\x00\x02\x00\xef'
2020-07-09 19:54:28.490423, cycle count 168, gpio values 108110, 0, 0, 5720, status messages:  b'\xe1\x10\x01\x00\xef\xe1\x18\x01\x00\xef\xe1\x1c\x01\x00\xef\xe1\x1e\x01\x00\xef\xe1\x1f\x01\x00\xef\xe1\x1e\x02\x00\xef\xe1\x1c\x02\x00\xef\xe1\x18\x02\x00\xef\xe1\x10\x02\x00\xef\xe1\x00\x02\x00\xef'
2020-07-09 19:54:44.948653, cycle count 169, gpio values 108776, 0, 0, 5756, status messages:  b'\xe1\x10\x01\x00\xef\xe1\x18\x01\x00\xef\xe1\x1c\x01\x00\xef\xe1\x1e\x01\x00\xef\xe1\x1f\x01\x00\xef\xe1\x1e\x02\x00\xef\xe1\x1c\x02\x00\xef\xe1\x18\x02\x00\xef\xe1\x10\x02\x00\xef\xe1\x00\x02\x00\xef'
2020-07-09 19:55:01.407023, cycle count 170, gpio values 109442, 0, 0, 5792, status messages:  b'\xe1\x10\x01\x00\xef\xe1\x18\x01\x00\xef\xe1\x1c\x01\x00\xef\xe1\x1e\x01\x00\xef\xe1\x1f\x01\x00\xef\xe1\x1e\x02\x00\xef\xe1\x1c\x02\x00\xef\xe1\x18\x02\x00\xef\xe1\x10\x02\x00\xef\xe1\x00\x02\x00\xef'
2020-07-09 19:55:17.881766, cycle count 171, gpio values 110108, 0, 0, 5828, status messages:  b'\xe1\x10\x01\x00\xef\xe1\x18\x01\x00\xef\xe1\x1c\x01\x00\xef\xe1\x1e\x01\x00\xef\xe1\x1f\x01\x00\xef\xe1\x1e\x02\x00\xef\xe1\x1c\x02\x00\xef\xe1\x18\x02\x00\xef\xe1\x10\x02\x00\xef\xe1\x00\x02\x00\xef'
2020-07-09 19:55:34.081152, cycle count 172, gpio values 110738, 0, 0, 5864, status messages:  b'\xe1\x10\x01\x00\xef\xe1\x18\x01\x00\xef\xe1\x1c\x01\x00\xef\xe1\x1e\x01\x00\xef\xe1\x1f\x01\x00\xef\xe1\x1e\x02\x00\xef\xe1\x1c\x02\x00\xef\xe1\x18\x02\x00\xef\xe1\x10\x02\x00\xef\xe1\x00\x02\x00\xef'
2020-07-09 19:55:50.540282, cycle count 173, gpio values 111404, 0, 0, 5900, status messages:  b'\xe1\x10\x01\x00\xef\xe1\x18\x01\x00\xef\xe1\x1c\x01\x00\xef\xe1\x1e\x01\x00\xef\xe1\x1f\x01\x00\xef\xe1\x1e\x02\x00\xef\xe1\x1c\x02\x00\xef\xe1\x18\x02\x00\xef\xe1\x10\x02\x00\xef\xe1\x00\x02\x00\xef'
2020-07-09 19:56:06.755532, cycle count 174, gpio values 112034, 0, 0, 5936, status messages:  b'\xe1\x10\x01\x00\xef\xe1\x18\x01\x00\xef\xe1\x1c\x01\x00\xef\xe1\x1e\x01\x00\xef\xe1\x1f\x01\x00\xef\xe1\x1e\x02\x00\xef\xe1\x1c\x02\x00\xef\xe1\x18\x02\x00\xef\xe1\x10\x02\x00\xef\xe1\x00\x02\x00\xef'
2020-07-09 19:56:22.728163, cycle count 175, gpio values 112664, 0, 0, 5964, status messages:  b'\xe1\x10\x01\x00\xef\xe1\x18\x01\x00\xef\xe1\x1c\x01\x00\xef\xe1\x1e\x01\x00\xef\xe1\x1f\x01\x00\xef\xe1\x1e\x02\x00\xef\xe1\x1c\x02\x00\xef\xe1\x18\x02\x00\xef\xe1\x10\x02\x00\xef\xe1\x00\x02\x00\xef'
2020-07-09 19:56:39.024418, cycle count 176, gpio values 113294, 0, 0, 6000, status messages:  b'\xe1\x10\x01\x00\xef\xe1\x18\x01\x00\xef\xe1\x1c\x01\x00\xef\xe1\x1e\x01\x00\xef\xe1\x1f\x01\x00\xef\xe1\x1e\x02\x00\xef\xe1\x1c\x02\x00\xef\xe1\x18\x02\x00\xef\xe1\x10\x02\x00\xef\xe1\x00\x02\x00\xef'
2020-07-09 19:56:55.223430, cycle count 177, gpio values 113924, 0, 0, 6036, status messages:  b'\xe1\x10\x01\x00\xef\xe1\x18\x01\x00\xef\xe1\x1c\x01\x00\xef\xe1\x1e\x01\x00\xef\xe1\x1f\x01\x00\xef\xe1\x1e\x02\x00\xef\xe1\x1c\x02\x00\xef\xe1\x18\x02\x00\xef\xe1\x10\x02\x00\xef\xe1\x00\x02\x00\xef'
2020-07-09 19:57:11.683804, cycle count 178, gpio values 114590, 0, 0, 6051, status messages:  b'\xe1\x10\x01\x00\xef\xe1\x18\x01\x00\xef\xe1\x1c\x01\x00\xef\xe1\x1e\x01\x00\xef\xe1\x1f\x01\x00\xef\xe1\x1e\x02\x00\xef\xe1\x1c\x02\x00\xef\xe1\x18\x02\x00\xef\xe1\x10\x02\x00\xef\xe1\x00\x02\x00\xef'
2020-07-09 19:57:28.139757, cycle count 179, gpio values 115256, 0, 0, 6087, status messages:  b'\xe1\x10\x01\x00\xef\xe1\x18\x01\x00\xef\xe1\x1c\x01\x00\xef\xe1\x1e\x01\x00\xef\xe1\x1f\x01\x00\xef\xe1\x1e\x02\x00\xef\xe1\x1c\x02\x00\xef\xe1\x18\x02\x00\xef\xe1\x10\x02\x00\xef\xe1\x00\x02\x00\xef'
2020-07-09 19:57:44.080712, cycle count 180, gpio values 115886, 0, 0, 6115, status messages:  b'\xe1\x10\x01\x00\xef\xe1\x18\x01\x00\xef\xe1\x1c\x01\x00\xef\xe1\x1e\x01\x00\xef\xe1\x1f\x01\x00\xef\xe1\x1e\x02\x00\xef\xe1\x1c\x02\x00\xef\xe1\x18\x02\x00\xef\xe1\x10\x02\x00\xef\xe1\x00\x02\x00\xef'
2020-07-09 19:58:00.279247, cycle count 181, gpio values 116516, 0, 0, 6151, status messages:  b'\xe1\x10\x01\x00\xef\xe1\x18\x01\x00\xef\xe1\x1c\x01\x00\xef\xe1\x1e\x01\x00\xef\xe1\x1f\x01\x00\xef\xe1\x1e\x02\x00\xef\xe1\x1c\x02\x00\xef\xe1\x18\x02\x00\xef\xe1\x10\x02\x00\xef\xe1\x00\x02\x00\xef'
2020-07-09 19:58:16.479669, cycle count 182, gpio values 117182, 0, 0, 6179, status messages:  b'\xe1\x10\x01\x00\xef\xe1\x18\x01\x00\xef\xe1\x1c\x01\x00\xef\xe1\x1e\x01\x00\xef\xe1\x1f\x01\x00\xef\xe1\x1e\x02\x00\xef\xe1\x1c\x02\x00\xef\xe1\x18\x02\x00\xef\xe1\x10\x02\x00\xef\xe1\x00\x02\x00\xef'
2020-07-09 19:58:32.695034, cycle count 183, gpio values 117812, 0, 0, 6215, status messages:  b'\xe1\x10\x01\x00\xef\xe1\x18\x01\x00\xef\xe1\x1c\x01\x00\xef\xe1\x1e\x01\x00\xef\xe1\x1f\x01\x00\xef\xe1\x1e\x02\x00\xef\xe1\x1c\x02\x00\xef\xe1\x18\x02\x00\xef\xe1\x10\x02\x00\xef\xe1\x00\x02\x00\xef'
2020-07-09 19:58:48.959302, cycle count 184, gpio values 118442, 0, 0, 6251, status messages:  b'\xe1\x10\x01\x00\xef\xe1\x18\x01\x00\xef\xe1\x1c\x01\x00\xef\xe1\x1e\x01\x00\xef\xe1\x1f\x01\x00\xef\xe1\x1e\x02\x00\xef\xe1\x1c\x02\x00\xef\xe1\x18\x02\x00\xef\xe1\x10\x02\x00\xef\xe1\x00\x02\x00\xef'
2020-07-09 19:59:05.174780, cycle count 185, gpio values 119072, 0, 0, 6287, status messages:  b'\xe1\x10\x01\x00\xef\xe1\x18\x01\x00\xef\xe1\x1c\x01\x00\xef\xe1\x1e\x01\x00\xef\xe1\x1f\x01\x00\xef\xe1\x1e\x02\x00\xef\xe1\x1c\x02\x00\xef\xe1\x18\x02\x00\xef\xe1\x10\x02\x00\xef\xe1\x00\x02\x00\xef'
2020-07-09 19:59:21.652493, cycle count 186, gpio values 119738, 0, 0, 6323, status messages:  b'\xe1\x10\x01\x00\xef\xe1\x18\x01\x00\xef\xe1\x1c\x01\x00\xef\xe1\x1e\x01\x00\xef\xe1\x1f\x01\x00\xef\xe1\x1e\x02\x00\xef\xe1\x1c\x02\x00\xef\xe1\x18\x02\x00\xef\xe1\x10\x02\x00\xef\xe1\x00\x02\x00\xef'
2020-07-09 19:59:37.849791, cycle count 187, gpio values 120368, 0, 0, 6359, status messages:  b'\xe1\x10\x01\x00\xef\xe1\x18\x01\x00\xef\xe1\x1c\x01\x00\xef\xe1\x1e\x01\x00\xef\xe1\x1f\x01\x00\xef\xe1\x1e\x02\x00\xef\xe1\x1c\x02\x00\xef\xe1\x18\x02\x00\xef\xe1\x10\x02\x00\xef\xe1\x00\x02\x00\xef'
2020-07-09 19:59:54.049024, cycle count 188, gpio values 120998, 0, 0, 6395, status messages:  b'\xe1\x10\x01\x00\xef\xe1\x18\x01\x00\xef\xe1\x1c\x01\x00\xef\xe1\x1e\x01\x00\xef\xe1\x1f\x01\x00\xef\xe1\x1e\x02\x00\xef\xe1\x1c\x02\x00\xef\xe1\x18\x02\x00\xef\xe1\x10\x02\x00\xef\xe1\x00\x02\x00\xef'
2020-07-09 20:00:10.361556, cycle count 189, gpio values 121628, 0, 0, 6431, status messages:  b'\xe1\x10\x01\x00\xef\xe1\x18\x01\x00\xef\xe1\x1c\x01\x00\xef\xe1\x1e\x01\x00\xef\xe1\x1f\x01\x00\xef\xe1\x1e\x02\x00\xef\xe1\x1c\x02\x00\xef\xe1\x18\x02\x00\xef\xe1\x10\x02\x00\xef\xe1\x00\x02\x00\xef'
2020-07-09 20:00:26.400310, cycle count 190, gpio values 122258, 0, 0, 6459, status messages:  b'\xe1\x10\x01\x00\xef\xe1\x18\x01\x00\xef\xe1\x1c\x01\x00\xef\xe1\x1e\x01\x00\xef\xe1\x1f\x01\x00\xef\xe1\x1e\x02\x00\xef\xe1\x1c\x02\x00\xef\xe1\x18\x02\x00\xef\xe1\x10\x02\x00\xef\xe1\x00\x02\x00\xef'
2020-07-09 20:00:42.648058, cycle count 191, gpio values 122888, 0, 0, 6495, status messages:  b'\xe1\x10\x01\x00\xef\xe1\x18\x01\x00\xef\xe1\x1c\x01\x00\xef\xe1\x1e\x01\x00\xef\xe1\x1f\x01\x00\xef\xe1\x1e\x02\x00\xef\xe1\x1c\x02\x00\xef\xe1\x18\x02\x00\xef\xe1\x10\x02\x00\xef\xe1\x00\x02\x00\xef'
2020-07-09 20:00:58.846596, cycle count 192, gpio values 123518, 0, 0, 6531, status messages:  b'\xe1\x10\x01\x00\xef\xe1\x18\x01\x00\xef\xe1\x1c\x01\x00\xef\xe1\x1e\x01\x00\xef\xe1\x1f\x01\x00\xef\xe1\x1e\x02\x00\xef\xe1\x1c\x02\x00\xef\xe1\x18\x02\x00\xef\xe1\x10\x02\x00\xef\xe1\x00\x02\x00\xef'
2020-07-09 20:01:15.305005, cycle count 193, gpio values 124184, 0, 0, 6567, status messages:  b'\xe1\x10\x01\x00\xef\xe1\x18\x01\x00\xef\xe1\x1c\x01\x00\xef\xe1\x1e\x01\x00\xef\xe1\x1f\x01\x00\xef\xe1\x1e\x02\x00\xef\xe1\x1c\x02\x00\xef\xe1\x18\x02\x00\xef\xe1\x10\x02\x00\xef\xe1\x00\x02\x00\xef'
2020-07-09 20:01:31.519957, cycle count 194, gpio values 124814, 0, 0, 6603, status messages:  b'\xe1\x10\x01\x00\xef\xe1\x18\x01\x00\xef\xe1\x1c\x01\x00\xef\xe1\x1e\x01\x00\xef\xe1\x1f\x01\x00\xef\xe1\x1e\x02\x00\xef\xe1\x1c\x02\x00\xef\xe1\x18\x02\x00\xef\xe1\x10\x02\x00\xef\xe1\x00\x02\x00\xef'
2020-07-09 20:01:47.768848, cycle count 195, gpio values 125444, 0, 0, 6639, status messages:  b'\xe1\x10\x01\x00\xef\xe1\x18\x01\x00\xef\xe1\x1c\x01\x00\xef\xe1\x1e\x01\x00\xef\xe1\x1f\x01\x00\xef\xe1\x1e\x02\x00\xef\xe1\x1c\x02\x00\xef\xe1\x18\x02\x00\xef\xe1\x10\x02\x00\xef\xe1\x00\x02\x00\xef'
2020-07-09 20:02:03.967643, cycle count 196, gpio values 126074, 0, 0, 6675, status messages:  b'\xe1\x10\x01\x00\xef\xe1\x18\x01\x00\xef\xe1\x1c\x01\x00\xef\xe1\x1e\x01\x00\xef\xe1\x1f\x01\x00\xef\xe1\x1e\x02\x00\xef\xe1\x1c\x02\x00\xef\xe1\x18\x02\x00\xef\xe1\x10\x02\x00\xef\xe1\x00\x02\x00\xef'
2020-07-09 20:02:20.166777, cycle count 197, gpio values 126704, 0, 0, 6711, status messages:  b'\xe1\x10\x01\x00\xef\xe1\x18\x01\x00\xef\xe1\x1c\x01\x00\xef\xe1\x1e\x01\x00\xef\xe1\x1f\x01\x00\xef\xe1\x1e\x02\x00\xef\xe1\x1c\x02\x00\xef\xe1\x18\x02\x00\xef\xe1\x10\x02\x00\xef\xe1\x00\x02\x00\xef'
2020-07-09 20:02:36.625180, cycle count 198, gpio values 127370, 0, 0, 6747, status messages:  b'\xe1\x10\x01\x00\xef\xe1\x18\x01\x00\xef\xe1\x1c\x01\x00\xef\xe1\x1e\x01\x00\xef\xe1\x1f\x01\x00\xef\xe1\x1e\x02\x00\xef\xe1\x1c\x02\x00\xef\xe1\x18\x02\x00\xef\xe1\x10\x02\x00\xef\xe1\x00\x02\x00\xef'
2020-07-09 20:02:53.083703, cycle count 199, gpio values 128036, 0, 0, 6783, status messages:  b'\xe1\x10\x01\x00\xef\xe1\x18\x01\x00\xef\xe1\x1c\x01\x00\xef\xe1\x1e\x01\x00\xef\xe1\x1f\x01\x00\xef\xe1\x1e\x02\x00\xef\xe1\x1c\x02\x00\xef\xe1\x18\x02\x00\xef\xe1\x10\x02\x00\xef\xe1\x00\x02\x00\xef'
2020-07-09 20:03:09.542401, cycle count 200, gpio values 128702, 0, 0, 6819, status messages:  b'\xe1\x10\x01\x00\xef\xe1\x18\x01\x00\xef\xe1\x1c\x01\x00\xef\xe1\x1e\x01\x00\xef\xe1\x1f\x01\x00\xef\xe1\x1e\x02\x00\xef\xe1\x1c\x02\x00\xef\xe1\x18\x02\x00\xef\xe1\x10\x02\x00\xef\xe1\x00\x02\x00\xef'
2020-07-09 20:03:25.758172, cycle count 201, gpio values 129332, 0, 0, 6855, status messages:  b'\xe1\x10\x01\x00\xef\xe1\x18\x01\x00\xef\xe1\x1c\x01\x00\xef\xe1\x1e\x01\x00\xef\xe1\x1f\x01\x00\xef\xe1\x1e\x02\x00\xef\xe1\x1c\x02\x00\xef\xe1\x18\x02\x00\xef\xe1\x10\x02\x00\xef\xe1\x00\x02\x00\xef'
2020-07-09 20:03:42.215555, cycle count 202, gpio values 129998, 0, 0, 6891, status messages:  b'\xe1\x10\x01\x00\xef\xe1\x18\x01\x00\xef\xe1\x1c\x01\x00\xef\xe1\x1e\x01\x00\xef\xe1\x1f\x01\x00\xef\xe1\x1e\x02\x00\xef\xe1\x1c\x02\x00\xef\xe1\x18\x02\x00\xef\xe1\x10\x02\x00\xef\xe1\x00\x02\x00\xef'
2020-07-09 20:03:58.673938, cycle count 203, gpio values 130664, 0, 0, 6927, status messages:  b'\xe1\x10\x01\x00\xef\xe1\x18\x01\x00\xef\xe1\x1c\x01\x00\xef\xe1\x1e\x01\x00\xef\xe1\x1f\x01\x00\xef\xe1\x1e\x02\x00\xef\xe1\x1c\x02\x00\xef\xe1\x18\x02\x00\xef\xe1\x10\x02\x00\xef\xe1\x00\x02\x00\xef'
2020-07-09 20:04:14.873391, cycle count 204, gpio values 131294, 0, 0, 6963, status messages:  b'\xe1\x10\x01\x00\xef\xe1\x18\x01\x00\xef\xe1\x1c\x01\x00\xef\xe1\x1e\x01\x00\xef\xe1\x1f\x01\x00\xef\xe1\x1e\x02\x00\xef\xe1\x1c\x02\x00\xef\xe1\x18\x02\x00\xef\xe1\x10\x02\x00\xef\xe1\x00\x02\x00\xef'
2020-07-09 20:04:31.072429, cycle count 205, gpio values 131924, 0, 0, 6999, status messages:  b'\xe1\x10\x01\x00\xef\xe1\x18\x01\x00\xef\xe1\x1c\x01\x00\xef\xe1\x1e\x01\x00\xef\xe1\x1f\x01\x00\xef\xe1\x1e\x02\x00\xef\xe1\x1c\x02\x00\xef\xe1\x18\x02\x00\xef\xe1\x10\x02\x00\xef\xe1\x00\x02\x00\xef'
2020-07-09 20:04:47.320567, cycle count 206, gpio values 132554, 0, 0, 7035, status messages:  b'\xe1\x10\x01\x00\xef\xe1\x18\x01\x00\xef\xe1\x1c\x01\x00\xef\xe1\x1e\x01\x00\xef\xe1\x1f\x01\x00\xef\xe1\x1e\x02\x00\xef\xe1\x1c\x02\x00\xef\xe1\x18\x02\x00\xef\xe1\x10\x02\x00\xef\xe1\x00\x02\x00\xef'
2020-07-09 20:05:03.520695, cycle count 207, gpio values 133184, 0, 0, 7071, status messages:  b'\xe1\x10\x01\x00\xef\xe1\x18\x01\x00\xef\xe1\x1c\x01\x00\xef\xe1\x1e\x01\x00\xef\xe1\x1f\x01\x00\xef\xe1\x1e\x02\x00\xef\xe1\x1c\x02\x00\xef\xe1\x18\x02\x00\xef\xe1\x10\x02\x00\xef\xe1\x00\x02\x00\xef'
2020-07-09 20:05:19.977987, cycle count 208, gpio values 133850, 0, 0, 7107, status messages:  b'\xe1\x10\x01\x00\xef\xe1\x18\x01\x00\xef\xe1\x1c\x01\x00\xef\xe1\x1e\x01\x00\xef\xe1\x1f\x01\x00\xef\xe1\x1e\x02\x00\xef\xe1\x1c\x02\x00\xef\xe1\x18\x02\x00\xef\xe1\x10\x02\x00\xef\xe1\x00\x02\x00\xef'
2020-07-09 20:05:36.437055, cycle count 209, gpio values 134516, 0, 0, 7143, status messages:  b'\xe1\x10\x01\x00\xef\xe1\x18\x01\x00\xef\xe1\x1c\x01\x00\xef\xe1\x1e\x01\x00\xef\xe1\x1f\x01\x00\xef\xe1\x1e\x02\x00\xef\xe1\x1c\x02\x00\xef\xe1\x18\x02\x00\xef\xe1\x10\x02\x00\xef\xe1\x00\x02\x00\xef'
2020-07-09 20:05:52.376943, cycle count 210, gpio values 135146, 0, 0, 7171, status messages:  b'\xe1\x10\x01\x00\xef\xe1\x18\x01\x00\xef\xe1\x1c\x01\x00\xef\xe1\x1e\x01\x00\xef\xe1\x1f\x01\x00\xef\xe1\x1e\x02\x00\xef\xe1\x1c\x02\x00\xef\xe1\x18\x02\x00\xef\xe1\x10\x02\x00\xef\xe1\x00\x02\x00\xef'
2020-07-09 20:06:08.575522, cycle count 211, gpio values 135776, 0, 0, 7207, status messages:  b'\xe1\x10\x01\x00\xef\xe1\x18\x01\x00\xef\xe1\x1c\x01\x00\xef\xe1\x1e\x01\x00\xef\xe1\x1f\x01\x00\xef\xe1\x1e\x02\x00\xef\xe1\x1c\x02\x00\xef\xe1\x18\x02\x00\xef\xe1\x10\x02\x00\xef\xe1\x00\x02\x00\xef'
2020-07-09 20:06:25.034634, cycle count 212, gpio values 136442, 0, 0, 7243, status messages:  b'\xe1\x10\x01\x00\xef\xe1\x18\x01\x00\xef\xe1\x1c\x01\x00\xef\xe1\x1e\x01\x00\xef\xe1\x1f\x01\x00\xef\xe1\x1e\x02\x00\xef\xe1\x1c\x02\x00\xef\xe1\x18\x02\x00\xef\xe1\x10\x02\x00\xef\xe1\x00\x02\x00\xef'
2020-07-09 20:06:41.493418, cycle count 213, gpio values 137108, 0, 0, 7279, status messages:  b'\xe1\x10\x01\x00\xef\xe1\x18\x01\x00\xef\xe1\x1c\x01\x00\xef\xe1\x1e\x01\x00\xef\xe1\x1f\x01\x00\xef\xe1\x1e\x02\x00\xef\xe1\x1c\x02\x00\xef\xe1\x18\x02\x00\xef\xe1\x10\x02\x00\xef\xe1\x00\x02\x00\xef'
2020-07-09 20:06:57.692140, cycle count 214, gpio values 137738, 0, 0, 7315, status messages:  b'\xe1\x10\x01\x00\xef\xe1\x18\x01\x00\xef\xe1\x1c\x01\x00\xef\xe1\x1e\x01\x00\xef\xe1\x1f\x01\x00\xef\xe1\x1e\x02\x00\xef\xe1\x1c\x02\x00\xef\xe1\x18\x02\x00\xef\xe1\x10\x02\x00\xef\xe1\x00\x02\x00\xef'
2020-07-09 20:07:13.890803, cycle count 215, gpio values 138368, 0, 0, 7351, status messages:  b'\xe1\x10\x01\x00\xef\xe1\x18\x01\x00\xef\xe1\x1c\x01\x00\xef\xe1\x1e\x01\x00\xef\xe1\x1f\x01\x00\xef\xe1\x1e\x02\x00\xef\xe1\x1c\x02\x00\xef\xe1\x18\x02\x00\xef\xe1\x10\x02\x00\xef\xe1\x00\x02\x00\xef'
2020-07-09 20:07:30.123890, cycle count 216, gpio values 138998, 0, 0, 7387, status messages:  b'\xe1\x10\x01\x00\xef\xe1\x18\x01\x00\xef\xe1\x1c\x01\x00\xef\xe1\x1e\x01\x00\xef\xe1\x1f\x01\x00\xef\xe1\x1e\x02\x00\xef\xe1\x1c\x02\x00\xef\xe1\x18\x02\x00\xef\xe1\x10\x02\x00\xef\xe1\x00\x02\x00\xef'
2020-07-09 20:07:46.321791, cycle count 217, gpio values 139628, 0, 0, 7423, status messages:  b'\xe1\x10\x01\x00\xef\xe1\x18\x01\x00\xef\xe1\x1c\x01\x00\xef\xe1\x1e\x01\x00\xef\xe1\x1f\x01\x00\xef\xe1\x1e\x02\x00\xef\xe1\x1c\x02\x00\xef\xe1\x18\x02\x00\xef\xe1\x10\x02\x00\xef\xe1\x00\x02\x00\xef'
2020-07-09 20:08:02.780375, cycle count 218, gpio values 140294, 0, 0, 7459, status messages:  b'\xe1\x10\x01\x00\xef\xe1\x18\x01\x00\xef\xe1\x1c\x01\x00\xef\xe1\x1e\x01\x00\xef\xe1\x1f\x01\x00\xef\xe1\x1e\x02\x00\xef\xe1\x1c\x02\x00\xef\xe1\x18\x02\x00\xef\xe1\x10\x02\x00\xef\xe1\x00\x02\x00\xef'
2020-07-09 20:08:19.238668, cycle count 219, gpio values 140960, 0, 0, 7495, status messages:  b'\xe1\x10\x01\x00\xef\xe1\x18\x01\x00\xef\xe1\x1c\x01\x00\xef\xe1\x1e\x01\x00\xef\xe1\x1f\x01\x00\xef\xe1\x1e\x02\x00\xef\xe1\x1c\x02\x00\xef\xe1\x18\x02\x00\xef\xe1\x10\x02\x00\xef\xe1\x00\x02\x00\xef'
2020-07-09 20:08:35.535637, cycle count 220, gpio values 141590, 0, 0, 7531, status messages:  b'\xe1\x10\x01\x00\xef\xe1\x18\x01\x00\xef\xe1\x1c\x01\x00\xef\xe1\x1e\x01\x00\xef\xe1\x1f\x01\x00\xef\xe1\x1e\x02\x00\xef\xe1\x1c\x02\x00\xef\xe1\x18\x02\x00\xef\xe1\x10\x02\x00\xef\xe1\x00\x02\x00\xef'
2020-07-09 20:08:51.734584, cycle count 221, gpio values 142220, 0, 0, 7567, status messages:  b'\xe1\x10\x01\x00\xef\xe1\x18\x01\x00\xef\xe1\x1c\x01\x00\xef\xe1\x1e\x01\x00\xef\xe1\x1f\x01\x00\xef\xe1\x1e\x02\x00\xef\xe1\x1c\x02\x00\xef\xe1\x18\x02\x00\xef\xe1\x10\x02\x00\xef\xe1\x00\x02\x00\xef'
2020-07-09 20:09:08.208913, cycle count 222, gpio values 142886, 0, 0, 7603, status messages:  b'\xe1\x10\x01\x00\xef\xe1\x18\x01\x00\xef\xe1\x1c\x01\x00\xef\xe1\x1e\x01\x00\xef\xe1\x1f\x01\x00\xef\xe1\x1e\x02\x00\xef\xe1\x1c\x02\x00\xef\xe1\x18\x02\x00\xef\xe1\x10\x02\x00\xef\xe1\x00\x02\x00\xef'
2020-07-09 20:09:24.407852, cycle count 223, gpio values 143516, 0, 0, 7639, status messages:  b'\xe1\x10\x01\x00\xef\xe1\x18\x01\x00\xef\xe1\x1c\x01\x00\xef\xe1\x1e\x01\x00\xef\xe1\x1f\x01\x00\xef\xe1\x1e\x02\x00\xef\xe1\x1c\x02\x00\xef\xe1\x18\x02\x00\xef\xe1\x10\x02\x00\xef\xe1\x00\x02\x00\xef'
2020-07-09 20:09:40.865887, cycle count 224, gpio values 144182, 0, 0, 7675, status messages:  b'\xe1\x10\x01\x00\xef\xe1\x18\x01\x00\xef\xe1\x1c\x01\x00\xef\xe1\x1e\x01\x00\xef\xe1\x1f\x01\x00\xef\xe1\x1e\x02\x00\xef\xe1\x1c\x02\x00\xef\xe1\x18\x02\x00\xef\xe1\x10\x02\x00\xef\xe1\x00\x02\x00\xef'
2020-07-09 20:09:57.323974, cycle count 225, gpio values 144848, 0, 0, 7711, status messages:  b'\xe1\x10\x01\x00\xef\xe1\x18\x01\x00\xef\xe1\x1c\x01\x00\xef\xe1\x1e\x01\x00\xef\xe1\x1f\x01\x00\xef\xe1\x1e\x02\x00\xef\xe1\x1c\x02\x00\xef\xe1\x18\x02\x00\xef\xe1\x10\x02\x00\xef\xe1\x00\x02\x00\xef'
2020-07-09 20:10:13.783218, cycle count 226, gpio values 145514, 0, 0, 7747, status messages:  b'\xe1\x10\x01\x00\xef\xe1\x18\x01\x00\xef\xe1\x1c\x01\x00\xef\xe1\x1e\x01\x00\xef\xe1\x1f\x01\x00\xef\xe1\x1e\x02\x00\xef\xe1\x1c\x02\x00\xef\xe1\x18\x02\x00\xef\xe1\x10\x02\x00\xef\xe1\x00\x02\x00\xef'
2020-07-09 20:10:30.241702, cycle count 227, gpio values 146180, 0, 0, 7783, status messages:  b'\xe1\x10\x01\x00\xef\xe1\x18\x01\x00\xef\xe1\x1c\x01\x00\xef\xe1\x1e\x01\x00\xef\xe1\x1f\x01\x00\xef\xe1\x1e\x02\x00\xef\xe1\x1c\x02\x00\xef\xe1\x18\x02\x00\xef\xe1\x10\x02\x00\xef\xe1\x00\x02\x00\xef'
2020-07-09 20:10:46.699617, cycle count 228, gpio values 146846, 0, 0, 7819, status messages:  b'\xe1\x10\x01\x00\xef\xe1\x18\x01\x00\xef\xe1\x1c\x01\x00\xef\xe1\x1e\x01\x00\xef\xe1\x1f\x01\x00\xef\xe1\x1e\x02\x00\xef\xe1\x1c\x02\x00\xef\xe1\x18\x02\x00\xef\xe1\x10\x02\x00\xef\xe1\x00\x02\x00\xef'
2020-07-09 20:11:02.898970, cycle count 229, gpio values 147476, 0, 0, 7855, status messages:  b'\xe1\x10\x01\x00\xef\xe1\x18\x01\x00\xef\xe1\x1c\x01\x00\xef\xe1\x1e\x01\x00\xef\xe1\x1f\x01\x00\xef\xe1\x1e\x02\x00\xef\xe1\x1c\x02\x00\xef\xe1\x18\x02\x00\xef\xe1\x10\x02\x00\xef\xe1\x00\x02\x00\xef'
2020-07-09 20:11:19.356112, cycle count 230, gpio values 148142, 0, 0, 7891, status messages:  b'\xe1\x10\x01\x00\xef\xe1\x18\x01\x00\xef\xe1\x1c\x01\x00\xef\xe1\x1e\x01\x00\xef\xe1\x1f\x01\x00\xef\xe1\x1e\x02\x00\xef\xe1\x1c\x02\x00\xef\xe1\x18\x02\x00\xef\xe1\x10\x02\x00\xef\xe1\x00\x02\x00\xef'
2020-07-09 20:11:35.815161, cycle count 231, gpio values 148808, 0, 0, 7927, status messages:  b'\xe1\x10\x01\x00\xef\xe1\x18\x01\x00\xef\xe1\x1c\x01\x00\xef\xe1\x1e\x01\x00\xef\xe1\x1f\x01\x00\xef\xe1\x1e\x02\x00\xef\xe1\x1c\x02\x00\xef\xe1\x18\x02\x00\xef\xe1\x10\x02\x00\xef\xe1\x00\x02\x00\xef'
2020-07-09 20:11:52.274048, cycle count 232, gpio values 149474, 0, 0, 7963, status messages:  b'\xe1\x10\x01\x00\xef\xe1\x18\x01\x00\xef\xe1\x1c\x01\x00\xef\xe1\x1e\x01\x00\xef\xe1\x1f\x01\x00\xef\xe1\x1e\x02\x00\xef\xe1\x1c\x02\x00\xef\xe1\x18\x02\x00\xef\xe1\x10\x02\x00\xef\xe1\x00\x02\x00\xef'
2020-07-09 20:12:08.731825, cycle count 233, gpio values 150140, 0, 0, 7999, status messages:  b'\xe1\x10\x01\x00\xef\xe1\x18\x01\x00\xef\xe1\x1c\x01\x00\xef\xe1\x1e\x01\x00\xef\xe1\x1f\x01\x00\xef\xe1\x1e\x02\x00\xef\xe1\x1c\x02\x00\xef\xe1\x18\x02\x00\xef\xe1\x10\x02\x00\xef\xe1\x00\x02\x00\xef'
2020-07-09 20:12:25.190806, cycle count 234, gpio values 150806, 0, 0, 8035, status messages:  b'\xe1\x10\x01\x00\xef\xe1\x18\x01\x00\xef\xe1\x1c\x01\x00\xef\xe1\x1e\x01\x00\xef\xe1\x1f\x01\x00\xef\xe1\x1e\x02\x00\xef\xe1\x1c\x02\x00\xef\xe1\x18\x02\x00\xef\xe1\x10\x02\x00\xef\xe1\x00\x02\x00\xef'
2020-07-09 20:12:41.390812, cycle count 235, gpio values 151436, 0, 0, 8071, status messages:  b'\xe1\x10\x01\x00\xef\xe1\x18\x01\x00\xef\xe1\x1c\x01\x00\xef\xe1\x1e\x01\x00\xef\xe1\x1f\x01\x00\xef\xe1\x1e\x02\x00\xef\xe1\x1c\x02\x00\xef\xe1\x18\x02\x00\xef\xe1\x10\x02\x00\xef\xe1\x00\x02\x00\xef'
2020-07-09 20:12:57.849408, cycle count 236, gpio values 152102, 0, 0, 8107, status messages:  b'\xe1\x10\x01\x00\xef\xe1\x18\x01\x00\xef\xe1\x1c\x01\x00\xef\xe1\x1e\x01\x00\xef\xe1\x1f\x01\x00\xef\xe1\x1e\x02\x00\xef\xe1\x1c\x02\x00\xef\xe1\x18\x02\x00\xef\xe1\x10\x02\x00\xef\xe1\x00\x02\x00\xef'
2020-07-09 20:13:14.307620, cycle count 237, gpio values 152768, 0, 0, 8143, status messages:  b'\xe1\x10\x01\x00\xef\xe1\x18\x01\x00\xef\xe1\x1c\x01\x00\xef\xe1\x1e\x01\x00\xef\xe1\x1f\x01\x00\xef\xe1\x1e\x02\x00\xef\xe1\x1c\x02\x00\xef\xe1\x18\x02\x00\xef\xe1\x10\x02\x00\xef\xe1\x00\x02\x00\xef'
2020-07-09 20:13:30.620270, cycle count 238, gpio values 153398, 0, 0, 8179, status messages:  b'\xe1\x10\x01\x00\xef\xe1\x18\x01\x00\xef\xe1\x1c\x01\x00\xef\xe1\x1e\x01\x00\xef\xe1\x1f\x01\x00\xef\xe1\x1e\x02\x00\xef\xe1\x1c\x02\x00\xef\xe1\x18\x02\x00\xef\xe1\x10\x02\x00\xef\xe1\x00\x02\x00\xef'
2020-07-09 20:13:46.835749, cycle count 239, gpio values 154028, 0, 0, 8215, status messages:  b'\xe1\x10\x01\x00\xef\xe1\x18\x01\x00\xef\xe1\x1c\x01\x00\xef\xe1\x1e\x01\x00\xef\xe1\x1f\x01\x00\xef\xe1\x1e\x02\x00\xef\xe1\x1c\x02\x00\xef\xe1\x18\x02\x00\xef\xe1\x10\x02\x00\xef\xe1\x00\x02\x00\xef'
2020-07-09 20:14:03.294257, cycle count 240, gpio values 154694, 0, 0, 8251, status messages:  b'\xe1\x10\x01\x00\xef\xe1\x18\x01\x00\xef\xe1\x1c\x01\x00\xef\xe1\x1e\x01\x00\xef\xe1\x1f\x01\x00\xef\xe1\x1e\x02\x00\xef\xe1\x1c\x02\x00\xef\xe1\x18\x02\x00\xef\xe1\x10\x02\x00\xef\xe1\x00\x02\x00\xef'
2020-07-09 20:14:19.509415, cycle count 241, gpio values 155324, 0, 0, 8287, status messages:  b'\xe1\x10\x01\x00\xef\xe1\x18\x01\x00\xef\xe1\x1c\x01\x00\xef\xe1\x1e\x01\x00\xef\xe1\x1f\x01\x00\xef\xe1\x1e\x02\x00\xef\xe1\x1c\x02\x00\xef\xe1\x18\x02\x00\xef\xe1\x10\x02\x00\xef\xe1\x00\x02\x00\xef'
2020-07-09 20:14:35.984007, cycle count 242, gpio values 155990, 0, 0, 8323, status messages:  b'\xe1\x10\x01\x00\xef\xe1\x18\x01\x00\xef\xe1\x1c\x01\x00\xef\xe1\x1e\x01\x00\xef\xe1\x1f\x01\x00\xef\xe1\x1e\x02\x00\xef\xe1\x1c\x02\x00\xef\xe1\x18\x02\x00\xef\xe1\x10\x02\x00\xef\xe1\x00\x02\x00\xef'
2020-07-09 20:14:52.442363, cycle count 243, gpio values 156656, 0, 0, 8359, status messages:  b'\xe1\x10\x01\x00\xef\xe1\x18\x01\x00\xef\xe1\x1c\x01\x00\xef\xe1\x1e\x01\x00\xef\xe1\x1f\x01\x00\xef\xe1\x1e\x02\x00\xef\xe1\x1c\x02\x00\xef\xe1\x18\x02\x00\xef\xe1\x10\x02\x00\xef\xe1\x00\x02\x00\xef'
2020-07-09 20:15:08.900765, cycle count 244, gpio values 157322, 0, 0, 8395, status messages:  b'\xe1\x10\x01\x00\xef\xe1\x18\x01\x00\xef\xe1\x1c\x01\x00\xef\xe1\x1e\x01\x00\xef\xe1\x1f\x01\x00\xef\xe1\x1e\x02\x00\xef\xe1\x1c\x02\x00\xef\xe1\x18\x02\x00\xef\xe1\x10\x02\x00\xef\xe1\x00\x02\x00\xef'
2020-07-09 20:15:25.358781, cycle count 245, gpio values 157988, 0, 0, 8431, status messages:  b'\xe1\x10\x01\x00\xef\xe1\x18\x01\x00\xef\xe1\x1c\x01\x00\xef\xe1\x1e\x01\x00\xef\xe1\x1f\x01\x00\xef\xe1\x1e\x02\x00\xef\xe1\x1c\x02\x00\xef\xe1\x18\x02\x00\xef\xe1\x10\x02\x00\xef\xe1\x00\x02\x00\xef'
2020-07-09 20:15:41.591555, cycle count 246, gpio values 158618, 0, 0, 8467, status messages:  b'\xe1\x10\x01\x00\xef\xe1\x18\x01\x00\xef\xe1\x1c\x01\x00\xef\xe1\x1e\x01\x00\xef\xe1\x1f\x01\x00\xef\xe1\x1e\x02\x00\xef\xe1\x1c\x02\x00\xef\xe1\x18\x02\x00\xef\xe1\x10\x02\x00\xef\xe1\x00\x02\x00\xef'
2020-07-09 20:15:57.790383, cycle count 247, gpio values 159248, 0, 0, 8503, status messages:  b'\xe1\x10\x01\x00\xef\xe1\x18\x01\x00\xef\xe1\x1c\x01\x00\xef\xe1\x1e\x01\x00\xef\xe1\x1f\x01\x00\xef\xe1\x1e\x02\x00\xef\xe1\x1c\x02\x00\xef\xe1\x18\x02\x00\xef\xe1\x10\x02\x00\xef\xe1\x00\x02\x00\xef'
2020-07-09 20:16:13.746784, cycle count 248, gpio values 159878, 0, 0, 8531, status messages:  b'\xe1\x10\x01\x00\xef\xe1\x18\x01\x00\xef\xe1\x1c\x01\x00\xef\xe1\x1e\x01\x00\xef\xe1\x1f\x01\x00\xef\xe1\x1e\x02\x00\xef\xe1\x1c\x02\x00\xef\xe1\x18\x02\x00\xef\xe1\x10\x02\x00\xef\xe1\x00\x02\x00\xef'
2020-07-09 20:16:29.687462, cycle count 249, gpio values 160508, 0, 0, 8567, status messages:  b'\xe1\x10\x01\x00\xef\xe1\x18\x01\x00\xef\xe1\x1c\x01\x00\xef\xe1\x1e\x01\x00\xef\xe1\x1f\x01\x00\xef\xe1\x1e\x02\x00\xef\xe1\x1c\x02\x00\xef\xe1\x18\x02\x00\xef\xe1\x10\x02\x00\xef\xe1\x00\x02\x00\xef'
2020-07-09 20:16:45.369326, cycle count 250, gpio values 161103, 0, 0, 8603, status messages:  b'\xe1\x10\x01\x00\xef\xe1\x18\x01\x00\xef\xe1\x1c\x01\x00\xef\xe1\x1e\x01\x00\xef\xe1\x1f\x01\x00\xef\xe1\x1e\x02\x00\xef\xe1\x1c\x02\x00\xef\xe1\x18\x02\x00\xef\xe1\x10\x02\x00\xef\xe1\x00\x02\x00\xef'
2020-07-09 20:17:01.308575, cycle count 251, gpio values 161733, 0, 0, 8631, status messages:  b'\xe1\x10\x01\x00\xef\xe1\x18\x01\x00\xef\xe1\x1c\x01\x00\xef\xe1\x1e\x01\x00\xef\xe1\x1f\x01\x00\xef\xe1\x1e\x02\x00\xef\xe1\x1c\x02\x00\xef\xe1\x18\x02\x00\xef\xe1\x10\x02\x00\xef\xe1\x00\x02\x00\xef'
2020-07-09 20:17:17.249555, cycle count 252, gpio values 162363, 0, 0, 8659, status messages:  b'\xe1\x10\x01\x00\xef\xe1\x18\x01\x00\xef\xe1\x1c\x01\x00\xef\xe1\x1e\x01\x00\xef\xe1\x1f\x01\x00\xef\xe1\x1e\x02\x00\xef\xe1\x1c\x02\x00\xef\xe1\x18\x02\x00\xef\xe1\x10\x02\x00\xef\xe1\x00\x02\x00\xef'
2020-07-09 20:17:33.449208, cycle count 253, gpio values 162993, 0, 0, 8695, status messages:  b'\xe1\x10\x01\x00\xef\xe1\x18\x01\x00\xef\xe1\x1c\x01\x00\xef\xe1\x1e\x01\x00\xef\xe1\x1f\x01\x00\xef\xe1\x1e\x02\x00\xef\xe1\x1c\x02\x00\xef\xe1\x18\x02\x00\xef\xe1\x10\x02\x00\xef\xe1\x00\x02\x00\xef'
2020-07-09 20:17:49.388719, cycle count 254, gpio values 163623, 0, 0, 8723, status messages:  b'\xe1\x10\x01\x00\xef\xe1\x18\x01\x00\xef\xe1\x1c\x01\x00\xef\xe1\x1e\x01\x00\xef\xe1\x1f\x01\x00\xef\xe1\x1e\x02\x00\xef\xe1\x1c\x02\x00\xef\xe1\x18\x02\x00\xef\xe1\x10\x02\x00\xef\xe1\x00\x02\x00\xef'
2020-07-09 20:18:05.329446, cycle count 255, gpio values 164218, 0, 0, 8759, status messages:  b'\xe1\x10\x01\x00\xef\xe1\x18\x01\x00\xef\xe1\x1c\x01\x00\xef\xe1\x1e\x01\x00\xef\xe1\x1f\x01\x00\xef\xe1\x1e\x02\x00\xef\xe1\x1c\x02\x00\xef\xe1\x18\x02\x00\xef\xe1\x10\x02\x00\xef\xe1\x00\x02\x00\xef'
2020-07-09 20:18:21.010995, cycle count 256, gpio values 164813, 0, 0, 8787, status messages:  b'\xe1\x10\x01\x00\xef\xe1\x18\x01\x00\xef\xe1\x1c\x01\x00\xef\xe1\x1e\x01\x00\xef\xe1\x1f\x01\x00\xef\xe1\x1e\x02\x00\xef\xe1\x1c\x02\x00\xef\xe1\x18\x02\x00\xef\xe1\x10\x02\x00\xef\xe1\x00\x02\x00\xef'
2020-07-09 20:18:36.951723, cycle count 257, gpio values 165443, 0, 0, 8815, status messages:  b'\xe1\x10\x01\x00\xef\xe1\x18\x01\x00\xef\xe1\x1c\x01\x00\xef\xe1\x1e\x01\x00\xef\xe1\x1f\x01\x00\xef\xe1\x1e\x02\x00\xef\xe1\x1c\x02\x00\xef\xe1\x18\x02\x00\xef\xe1\x10\x02\x00\xef\xe1\x00\x02\x00\xef'
2020-07-09 20:18:52.890843, cycle count 258, gpio values 166073, 0, 0, 8843, status messages:  b'\xe1\x10\x01\x00\xef\xe1\x18\x01\x00\xef\xe1\x1c\x01\x00\xef\xe1\x1e\x01\x00\xef\xe1\x1f\x01\x00\xef\xe1\x1e\x02\x00\xef\xe1\x1c\x02\x00\xef\xe1\x18\x02\x00\xef\xe1\x10\x02\x00\xef\xe1\x00\x02\x00\xef'
2020-07-09 20:19:08.832517, cycle count 259, gpio values 166703, 0, 0, 8871, status messages:  b'\xe1\x10\x01\x00\xef\xe1\x18\x01\x00\xef\xe1\x1c\x01\x00\xef\xe1\x1e\x01\x00\xef\xe1\x1f\x01\x00\xef\xe1\x1e\x02\x00\xef\xe1\x1c\x02\x00\xef\xe1\x18\x02\x00\xef\xe1\x10\x02\x00\xef\xe1\x00\x02\x00\xef'
2020-07-09 20:19:25.030840, cycle count 260, gpio values 167333, 0, 0, 8907, status messages:  b'\xe1\x10\x01\x00\xef\xe1\x18\x01\x00\xef\xe1\x1c\x01\x00\xef\xe1\x1e\x01\x00\xef\xe1\x1f\x01\x00\xef\xe1\x1e\x02\x00\xef\xe1\x1c\x02\x00\xef\xe1\x18\x02\x00\xef\xe1\x10\x02\x00\xef\xe1\x00\x02\x00\xef'
2020-07-09 20:19:41.230823, cycle count 261, gpio values 167963, 0, 0, 8943, status messages:  b'\xe1\x10\x01\x00\xef\xe1\x18\x01\x00\xef\xe1\x1c\x01\x00\xef\xe1\x1e\x01\x00\xef\xe1\x1f\x01\x00\xef\xe1\x1e\x02\x00\xef\xe1\x1c\x02\x00\xef\xe1\x18\x02\x00\xef\xe1\x10\x02\x00\xef\xe1\x00\x02\x00\xef'
2020-07-09 20:19:57.170718, cycle count 262, gpio values 168593, 0, 0, 8971, status messages:  b'\xe1\x10\x01\x00\xef\xe1\x18\x01\x00\xef\xe1\x1c\x01\x00\xef\xe1\x1e\x01\x00\xef\xe1\x1f\x01\x00\xef\xe1\x1e\x02\x00\xef\xe1\x1c\x02\x00\xef\xe1\x18\x02\x00\xef\xe1\x10\x02\x00\xef\xe1\x00\x02\x00\xef'
2020-07-09 20:20:13.111302, cycle count 263, gpio values 169223, 0, 0, 8999, status messages:  b'\xe1\x10\x01\x00\xef\xe1\x18\x01\x00\xef\xe1\x1c\x01\x00\xef\xe1\x1e\x01\x00\xef\xe1\x1f\x01\x00\xef\xe1\x1e\x02\x00\xef\xe1\x1c\x02\x00\xef\xe1\x18\x02\x00\xef\xe1\x10\x02\x00\xef\xe1\x00\x02\x00\xef'
2020-07-09 20:20:29.051652, cycle count 264, gpio values 169853, 0, 0, 9027, status messages:  b'\xe1\x10\x01\x00\xef\xe1\x18\x01\x00\xef\xe1\x1c\x01\x00\xef\xe1\x1e\x01\x00\xef\xe1\x1f\x01\x00\xef\xe1\x1e\x02\x00\xef\xe1\x1c\x02\x00\xef\xe1\x18\x02\x00\xef\xe1\x10\x02\x00\xef\xe1\x00\x02\x00\xef'
2020-07-09 20:20:45.251499, cycle count 265, gpio values 170483, 0, 0, 9063, status messages:  b'\xe1\x10\x01\x00\xef\xe1\x18\x01\x00\xef\xe1\x1c\x01\x00\xef\xe1\x1e\x01\x00\xef\xe1\x1f\x01\x00\xef\xe1\x1e\x02\x00\xef\xe1\x1c\x02\x00\xef\xe1\x18\x02\x00\xef\xe1\x10\x02\x00\xef\xe1\x00\x02\x00\xef'
2020-07-09 20:21:01.190971, cycle count 266, gpio values 171113, 0, 0, 9091, status messages:  b'\xe1\x10\x01\x00\xef\xe1\x18\x01\x00\xef\xe1\x1c\x01\x00\xef\xe1\x1e\x01\x00\xef\xe1\x1f\x01\x00\xef\xe1\x1e\x02\x00\xef\xe1\x1c\x02\x00\xef\xe1\x18\x02\x00\xef\xe1\x10\x02\x00\xef\xe1\x00\x02\x00\xef'
2020-07-09 20:21:17.129523, cycle count 267, gpio values 171743, 0, 0, 9119, status messages:  b'\xe1\x10\x01\x00\xef\xe1\x18\x01\x00\xef\xe1\x1c\x01\x00\xef\xe1\x1e\x01\x00\xef\xe1\x1f\x01\x00\xef\xe1\x1e\x02\x00\xef\xe1\x1c\x02\x00\xef\xe1\x18\x02\x00\xef\xe1\x10\x02\x00\xef\xe1\x00\x02\x00\xef'
2020-07-09 20:21:33.328270, cycle count 268, gpio values 172373, 0, 0, 9155, status messages:  b'\xe1\x10\x01\x00\xef\xe1\x18\x01\x00\xef\xe1\x1c\x01\x00\xef\xe1\x1e\x01\x00\xef\xe1\x1f\x01\x00\xef\xe1\x1e\x02\x00\xef\xe1\x1c\x02\x00\xef\xe1\x18\x02\x00\xef\xe1\x10\x02\x00\xef\xe1\x00\x02\x00\xef'
2020-07-09 20:21:49.624321, cycle count 269, gpio values 173003, 0, 0, 9191, status messages:  b'\xe1\x10\x01\x00\xef\xe1\x18\x01\x00\xef\xe1\x1c\x01\x00\xef\xe1\x1e\x01\x00\xef\xe1\x1f\x01\x00\xef\xe1\x1e\x02\x00\xef\xe1\x1c\x02\x00\xef\xe1\x18\x02\x00\xef\xe1\x10\x02\x00\xef\xe1\x00\x02\x00\xef'
2020-07-09 20:22:05.886798, cycle count 270, gpio values 173633, 0, 0, 9227, status messages:  b'\xe1\x10\x01\x00\xef\xe1\x18\x01\x00\xef\xe1\x1c\x01\x00\xef\xe1\x1e\x01\x00\xef\xe1\x1f\x01\x00\xef\xe1\x1e\x02\x00\xef\xe1\x1c\x02\x00\xef\xe1\x18\x02\x00\xef\xe1\x10\x02\x00\xef\xe1\x00\x02\x00\xef'
2020-07-09 20:22:22.183058, cycle count 271, gpio values 174263, 0, 0, 9263, status messages:  b'\xe1\x10\x01\x00\xef\xe1\x18\x01\x00\xef\xe1\x1c\x01\x00\xef\xe1\x1e\x01\x00\xef\xe1\x1f\x01\x00\xef\xe1\x1e\x02\x00\xef\xe1\x1c\x02\x00\xef\xe1\x18\x02\x00\xef\xe1\x10\x02\x00\xef\xe1\x00\x02\x00\xef'
2020-07-09 20:22:38.398132, cycle count 272, gpio values 174893, 0, 0, 9299, status messages:  b'\xe1\x10\x01\x00\xef\xe1\x18\x01\x00\xef\xe1\x1c\x01\x00\xef\xe1\x1e\x01\x00\xef\xe1\x1f\x01\x00\xef\xe1\x1e\x02\x00\xef\xe1\x1c\x02\x00\xef\xe1\x18\x02\x00\xef\xe1\x10\x02\x00\xef\xe1\x00\x02\x00\xef'
2020-07-09 20:22:54.678078, cycle count 273, gpio values 175523, 0, 0, 9335, status messages:  b'\xe1\x10\x01\x00\xef\xe1\x18\x01\x00\xef\xe1\x1c\x01\x00\xef\xe1\x1e\x01\x00\xef\xe1\x1f\x01\x00\xef\xe1\x1e\x02\x00\xef\xe1\x1c\x02\x00\xef\xe1\x18\x02\x00\xef\xe1\x10\x02\x00\xef\xe1\x00\x02\x00\xef'
2020-07-09 20:23:10.617897, cycle count 274, gpio values 176153, 0, 0, 9363, status messages:  b'\xe1\x10\x01\x00\xef\xe1\x18\x01\x00\xef\xe1\x1c\x01\x00\xef\xe1\x1e\x01\x00\xef\xe1\x1f\x01\x00\xef\xe1\x1e\x02\x00\xef\xe1\x1c\x02\x00\xef\xe1\x18\x02\x00\xef\xe1\x10\x02\x00\xef\xe1\x00\x02\x00\xef'
2020-07-09 20:23:26.817158, cycle count 275, gpio values 176783, 0, 0, 9399, status messages:  b'\xe1\x10\x01\x00\xef\xe1\x18\x01\x00\xef\xe1\x1c\x01\x00\xef\xe1\x1e\x01\x00\xef\xe1\x1f\x01\x00\xef\xe1\x1e\x02\x00\xef\xe1\x1c\x02\x00\xef\xe1\x18\x02\x00\xef\xe1\x10\x02\x00\xef\xe1\x00\x02\x00\xef'
2020-07-09 20:23:42.756709, cycle count 276, gpio values 177413, 0, 0, 9427, status messages:  b'\xe1\x10\x01\x00\xef\xe1\x18\x01\x00\xef\xe1\x1c\x01\x00\xef\xe1\x1e\x01\x00\xef\xe1\x1f\x01\x00\xef\xe1\x1e\x02\x00\xef\xe1\x1c\x02\x00\xef\xe1\x18\x02\x00\xef\xe1\x10\x02\x00\xef\xe1\x00\x02\x00\xef'
2020-07-09 20:23:58.696247, cycle count 277, gpio values 178043, 0, 0, 9455, status messages:  b'\xe1\x10\x01\x00\xef\xe1\x18\x01\x00\xef\xe1\x1c\x01\x00\xef\xe1\x1e\x01\x00\xef\xe1\x1f\x01\x00\xef\xe1\x1e\x02\x00\xef\xe1\x1c\x02\x00\xef\xe1\x18\x02\x00\xef\xe1\x10\x02\x00\xef\xe1\x00\x02\x00\xef'
2020-07-09 20:24:14.749648, cycle count 278, gpio values 178673, 0, 0, 9483, status messages:  b'\xe1\x10\x01\x00\xef\xe1\x18\x01\x00\xef\xe1\x1c\x01\x00\xef\xe1\x1e\x01\x00\xef\xe1\x1f\x01\x00\xef\xe1\x1e\x02\x00\xef\xe1\x1c\x02\x00\xef\xe1\x18\x02\x00\xef\xe1\x10\x02\x00\xef\xe1\x00\x02\x00\xef'
2020-07-09 20:24:30.962803, cycle count 279, gpio values 179303, 0, 0, 9519, status messages:  b'\xe1\x10\x01\x00\xef\xe1\x18\x01\x00\xef\xe1\x1c\x01\x00\xef\xe1\x1e\x01\x00\xef\xe1\x1f\x01\x00\xef\xe1\x1e\x02\x00\xef\xe1\x1c\x02\x00\xef\xe1\x18\x02\x00\xef\xe1\x10\x02\x00\xef\xe1\x00\x02\x00\xef'
2020-07-09 20:24:46.908908, cycle count 280, gpio values 179933, 0, 0, 9547, status messages:  b'\xe1\x10\x01\x00\xef\xe1\x18\x01\x00\xef\xe1\x1c\x01\x00\xef\xe1\x1e\x01\x00\xef\xe1\x1f\x01\x00\xef\xe1\x1e\x02\x00\xef\xe1\x1c\x02\x00\xef\xe1\x18\x02\x00\xef\xe1\x10\x02\x00\xef\xe1\x00\x02\x00\xef'
2020-07-09 20:25:02.843368, cycle count 281, gpio values 180563, 0, 0, 9575, status messages:  b'\xe1\x10\x01\x00\xef\xe1\x18\x01\x00\xef\xe1\x1c\x01\x00\xef\xe1\x1e\x01\x00\xef\xe1\x1f\x01\x00\xef\xe1\x1e\x02\x00\xef\xe1\x1c\x02\x00\xef\xe1\x18\x02\x00\xef\xe1\x10\x02\x00\xef\xe1\x00\x02\x00\xef'
2020-07-09 20:25:19.057793, cycle count 282, gpio values 181193, 0, 0, 9611, status messages:  b'\xe1\x10\x01\x00\xef\xe1\x18\x01\x00\xef\xe1\x1c\x01\x00\xef\xe1\x1e\x01\x00\xef\xe1\x1f\x01\x00\xef\xe1\x1e\x02\x00\xef\xe1\x1c\x02\x00\xef\xe1\x18\x02\x00\xef\xe1\x10\x02\x00\xef\xe1\x00\x02\x00\xef'
2020-07-09 20:25:34.997374, cycle count 283, gpio values 181823, 0, 0, 9639, status messages:  b'\xe1\x10\x01\x00\xef\xe1\x18\x01\x00\xef\xe1\x1c\x01\x00\xef\xe1\x1e\x01\x00\xef\xe1\x1f\x01\x00\xef\xe1\x1e\x02\x00\xef\xe1\x1c\x02\x00\xef\xe1\x18\x02\x00\xef\xe1\x10\x02\x00\xef\xe1\x00\x02\x00\xef'
2020-07-09 20:25:51.197171, cycle count 284, gpio values 182453, 0, 0, 9675, status messages:  b'\xe1\x10\x01\x00\xef\xe1\x18\x01\x00\xef\xe1\x1c\x01\x00\xef\xe1\x1e\x01\x00\xef\xe1\x1f\x01\x00\xef\xe1\x1e\x02\x00\xef\xe1\x1c\x02\x00\xef\xe1\x18\x02\x00\xef\xe1\x10\x02\x00\xef\xe1\x00\x02\x00\xef'
2020-07-09 20:26:07.136744, cycle count 285, gpio values 183083, 0, 0, 9703, status messages:  b'\xe1\x10\x01\x00\xef\xe1\x18\x01\x00\xef\xe1\x1c\x01\x00\xef\xe1\x1e\x01\x00\xef\xe1\x1f\x01\x00\xef\xe1\x1e\x02\x00\xef\xe1\x1c\x02\x00\xef\xe1\x18\x02\x00\xef\xe1\x10\x02\x00\xef\xe1\x00\x02\x00\xef'
2020-07-09 20:26:23.076110, cycle count 286, gpio values 183713, 0, 0, 9731, status messages:  b'\xe1\x10\x01\x00\xef\xe1\x18\x01\x00\xef\xe1\x1c\x01\x00\xef\xe1\x1e\x01\x00\xef\xe1\x1f\x01\x00\xef\xe1\x1e\x02\x00\xef\xe1\x1c\x02\x00\xef\xe1\x18\x02\x00\xef\xe1\x10\x02\x00\xef\xe1\x00\x02\x00\xef'
2020-07-09 20:26:39.016256, cycle count 287, gpio values 184343, 0, 0, 9759, status messages:  b'\xe1\x10\x01\x00\xef\xe1\x18\x01\x00\xef\xe1\x1c\x01\x00\xef\xe1\x1e\x01\x00\xef\xe1\x1f\x01\x00\xef\xe1\x1e\x02\x00\xef\xe1\x1c\x02\x00\xef\xe1\x18\x02\x00\xef\xe1\x10\x02\x00\xef\xe1\x00\x02\x00\xef'
2020-07-09 20:26:54.963134, cycle count 288, gpio values 184973, 0, 0, 9787, status messages:  b'\xe1\x10\x01\x00\xef\xe1\x18\x01\x00\xef\xe1\x1c\x01\x00\xef\xe1\x1e\x01\x00\xef\xe1\x1f\x01\x00\xef\xe1\x1e\x02\x00\xef\xe1\x1c\x02\x00\xef\xe1\x18\x02\x00\xef\xe1\x10\x02\x00\xef\xe1\x00\x02\x00\xef'
2020-07-09 20:27:11.169760, cycle count 289, gpio values 185603, 0, 0, 9823, status messages:  b'\xe1\x10\x01\x00\xef\xe1\x18\x01\x00\xef\xe1\x1c\x01\x00\xef\xe1\x1e\x01\x00\xef\xe1\x1f\x01\x00\xef\xe1\x1e\x02\x00\xef\xe1\x1c\x02\x00\xef\xe1\x18\x02\x00\xef\xe1\x10\x02\x00\xef\xe1\x00\x02\x00\xef'
2020-07-09 20:27:27.384498, cycle count 290, gpio values 186233, 0, 0, 9859, status messages:  b'\xe1\x10\x01\x00\xef\xe1\x18\x01\x00\xef\xe1\x1c\x01\x00\xef\xe1\x1e\x01\x00\xef\xe1\x1f\x01\x00\xef\xe1\x1e\x02\x00\xef\xe1\x1c\x02\x00\xef\xe1\x18\x02\x00\xef\xe1\x10\x02\x00\xef\xe1\x00\x02\x00\xef'
2020-07-09 20:27:43.323884, cycle count 291, gpio values 186863, 0, 0, 9887, status messages:  b'\xe1\x10\x01\x00\xef\xe1\x18\x01\x00\xef\xe1\x1c\x01\x00\xef\xe1\x1e\x01\x00\xef\xe1\x1f\x01\x00\xef\xe1\x1e\x02\x00\xef\xe1\x1c\x02\x00\xef\xe1\x18\x02\x00\xef\xe1\x10\x02\x00\xef\xe1\x00\x02\x00\xef'
2020-07-09 20:27:59.539523, cycle count 292, gpio values 187493, 0, 0, 9923, status messages:  b'\xe1\x10\x01\x00\xef\xe1\x18\x01\x00\xef\xe1\x1c\x01\x00\xef\xe1\x1e\x01\x00\xef\xe1\x1f\x01\x00\xef\xe1\x1e\x02\x00\xef\xe1\x1c\x02\x00\xef\xe1\x18\x02\x00\xef\xe1\x10\x02\x00\xef\xe1\x00\x02\x00\xef'
2020-07-09 20:28:15.479891, cycle count 293, gpio values 188123, 0, 0, 9951, status messages:  b'\xe1\x10\x01\x00\xef\xe1\x18\x01\x00\xef\xe1\x1c\x01\x00\xef\xe1\x1e\x01\x00\xef\xe1\x1f\x01\x00\xef\xe1\x1e\x02\x00\xef\xe1\x1c\x02\x00\xef\xe1\x18\x02\x00\xef\xe1\x10\x02\x00\xef\xe1\x00\x02\x00\xef'
2020-07-09 20:28:31.419595, cycle count 294, gpio values 188753, 0, 0, 9979, status messages:  b'\xe1\x10\x01\x00\xef\xe1\x18\x01\x00\xef\xe1\x1c\x01\x00\xef\xe1\x1e\x01\x00\xef\xe1\x1f\x01\x00\xef\xe1\x1e\x02\x00\xef\xe1\x1c\x02\x00\xef\xe1\x18\x02\x00\xef\xe1\x10\x02\x00\xef\xe1\x00\x02\x00\xef'
2020-07-09 20:28:47.359464, cycle count 295, gpio values 189383, 0, 0, 10007, status messages:  b'\xe1\x10\x01\x00\xef\xe1\x18\x01\x00\xef\xe1\x1c\x01\x00\xef\xe1\x1e\x01\x00\xef\xe1\x1f\x01\x00\xef\xe1\x1e\x02\x00\xef\xe1\x1c\x02\x00\xef\xe1\x18\x02\x00\xef\xe1\x10\x02\x00\xef\xe1\x00\x02\x00\xef'
2020-07-09 20:29:03.315915, cycle count 296, gpio values 190013, 0, 0, 10035, status messages:  b'\xe1\x10\x01\x00\xef\xe1\x18\x01\x00\xef\xe1\x1c\x01\x00\xef\xe1\x1e\x01\x00\xef\xe1\x1f\x01\x00\xef\xe1\x1e\x02\x00\xef\xe1\x1c\x02\x00\xef\xe1\x18\x02\x00\xef\xe1\x10\x02\x00\xef\xe1\x00\x02\x00\xef'
2020-07-09 20:29:19.514131, cycle count 297, gpio values 190643, 0, 0, 10071, status messages:  b'\xe1\x10\x01\x00\xef\xe1\x18\x01\x00\xef\xe1\x1c\x01\x00\xef\xe1\x1e\x01\x00\xef\xe1\x1f\x01\x00\xef\xe1\x1e\x02\x00\xef\xe1\x1c\x02\x00\xef\xe1\x18\x02\x00\xef\xe1\x10\x02\x00\xef\xe1\x00\x02\x00\xef'
2020-07-09 20:29:35.729186, cycle count 298, gpio values 191273, 0, 0, 10107, status messages:  b'\xe1\x10\x01\x00\xef\xe1\x18\x01\x00\xef\xe1\x1c\x01\x00\xef\xe1\x1e\x01\x00\xef\xe1\x1f\x01\x00\xef\xe1\x1e\x02\x00\xef\xe1\x1c\x02\x00\xef\xe1\x18\x02\x00\xef\xe1\x10\x02\x00\xef\xe1\x00\x02\x00\xef'
2020-07-09 20:29:51.670004, cycle count 299, gpio values 191903, 0, 0, 10135, status messages:  b'\xe1\x10\x01\x00\xef\xe1\x18\x01\x00\xef\xe1\x1c\x01\x00\xef\xe1\x1e\x01\x00\xef\xe1\x1f\x01\x00\xef\xe1\x1e\x02\x00\xef\xe1\x1c\x02\x00\xef\xe1\x18\x02\x00\xef\xe1\x10\x02\x00\xef\xe1\x00\x02\x00\xef'
2020-07-09 20:30:07.610227, cycle count 300, gpio values 192533, 0, 0, 10163, status messages:  b'\xe1\x10\x01\x00\xef\xe1\x18\x01\x00\xef\xe1\x1c\x01\x00\xef\xe1\x1e\x01\x00\xef\xe1\x1f\x01\x00\xef\xe1\x1e\x02\x00\xef\xe1\x1c\x02\x00\xef\xe1\x18\x02\x00\xef\xe1\x10\x02\x00\xef\xe1\x00\x02\x00\xef'
2020-07-09 20:30:23.809501, cycle count 301, gpio values 193163, 0, 0, 10199, status messages:  b'\xe1\x10\x01\x00\xef\xe1\x18\x01\x00\xef\xe1\x1c\x01\x00\xef\xe1\x1e\x01\x00\xef\xe1\x1f\x01\x00\xef\xe1\x1e\x02\x00\xef\xe1\x1c\x02\x00\xef\xe1\x18\x02\x00\xef\xe1\x10\x02\x00\xef\xe1\x00\x02\x00\xef'
2020-07-09 20:30:39.748969, cycle count 302, gpio values 193793, 0, 0, 10227, status messages:  b'\xe1\x10\x01\x00\xef\xe1\x18\x01\x00\xef\xe1\x1c\x01\x00\xef\xe1\x1e\x01\x00\xef\xe1\x1f\x01\x00\xef\xe1\x1e\x02\x00\xef\xe1\x1c\x02\x00\xef\xe1\x18\x02\x00\xef\xe1\x10\x02\x00\xef\xe1\x00\x02\x00\xef'
2020-07-09 20:30:55.690132, cycle count 303, gpio values 194423, 0, 0, 10255, status messages:  b'\xe1\x10\x01\x00\xef\xe1\x18\x01\x00\xef\xe1\x1c\x01\x00\xef\xe1\x1e\x01\x00\xef\xe1\x1f\x01\x00\xef\xe1\x1e\x02\x00\xef\xe1\x1c\x02\x00\xef\xe1\x18\x02\x00\xef\xe1\x10\x02\x00\xef\xe1\x00\x02\x00\xef'
2020-07-09 20:31:11.893858, cycle count 304, gpio values 195053, 0, 0, 10291, status messages:  b'\xe1\x10\x01\x00\xef\xe1\x18\x01\x00\xef\xe1\x1c\x01\x00\xef\xe1\x1e\x01\x00\xef\xe1\x1f\x01\x00\xef\xe1\x1e\x02\x00\xef\xe1\x1c\x02\x00\xef\xe1\x18\x02\x00\xef\xe1\x10\x02\x00\xef\xe1\x00\x02\x00\xef'
2020-07-09 20:31:27.828967, cycle count 305, gpio values 195683, 0, 0, 10319, status messages:  b'\xe1\x10\x01\x00\xef\xe1\x18\x01\x00\xef\xe1\x1c\x01\x00\xef\xe1\x1e\x01\x00\xef\xe1\x1f\x01\x00\xef\xe1\x1e\x02\x00\xef\xe1\x1c\x02\x00\xef\xe1\x18\x02\x00\xef\xe1\x10\x02\x00\xef\xe1\x00\x02\x00\xef'
2020-07-09 20:31:43.768881, cycle count 306, gpio values 196313, 0, 0, 10347, status messages:  b'\xe1\x10\x01\x00\xef\xe1\x18\x01\x00\xef\xe1\x1c\x01\x00\xef\xe1\x1e\x01\x00\xef\xe1\x1f\x01\x00\xef\xe1\x1e\x02\x00\xef\xe1\x1c\x02\x00\xef\xe1\x18\x02\x00\xef\xe1\x10\x02\x00\xef\xe1\x00\x02\x00\xef'
2020-07-09 20:31:59.967338, cycle count 307, gpio values 196943, 0, 0, 10383, status messages:  b'\xe1\x10\x01\x00\xef\xe1\x18\x01\x00\xef\xe1\x1c\x01\x00\xef\xe1\x1e\x01\x00\xef\xe1\x1f\x01\x00\xef\xe1\x1e\x02\x00\xef\xe1\x1c\x02\x00\xef\xe1\x18\x02\x00\xef\xe1\x10\x02\x00\xef\xe1\x00\x02\x00\xef'
2020-07-09 20:32:16.167505, cycle count 308, gpio values 197609, 0, 0, 10411, status messages:  b'\xe1\x10\x01\x00\xef\xe1\x18\x01\x00\xef\xe1\x1c\x01\x00\xef\xe1\x1e\x01\x00\xef\xe1\x1f\x01\x00\xef\xe1\x1e\x02\x00\xef\xe1\x1c\x02\x00\xef\xe1\x18\x02\x00\xef\xe1\x10\x02\x00\xef\xe1\x00\x02\x00\xef'
2020-07-09 20:32:32.366714, cycle count 309, gpio values 198239, 0, 0, 10447, status messages:  b'\xe1\x10\x01\x00\xef\xe1\x18\x01\x00\xef\xe1\x1c\x01\x00\xef\xe1\x1e\x01\x00\xef\xe1\x1f\x01\x00\xef\xe1\x1e\x02\x00\xef\xe1\x1c\x02\x00\xef\xe1\x18\x02\x00\xef\xe1\x10\x02\x00\xef\xe1\x00\x02\x00\xef'
2020-07-09 20:32:48.712831, cycle count 310, gpio values 198869, 0, 0, 10483, status messages:  b'\xe1\x10\x01\x00\xef\xe1\x18\x01\x00\xef\xe1\x1c\x01\x00\xef\xe1\x1e\x01\x00\xef\xe1\x1f\x01\x00\xef\xe1\x1e\x02\x00\xef\xe1\x1c\x02\x00\xef\xe1\x18\x02\x00\xef\xe1\x10\x02\x00\xef\xe1\x00\x02\x00\xef'
2020-07-09 20:33:04.911516, cycle count 311, gpio values 199499, 0, 0, 10519, status messages:  b'\xe1\x10\x01\x00\xef\xe1\x18\x01\x00\xef\xe1\x1c\x01\x00\xef\xe1\x1e\x01\x00\xef\xe1\x1f\x01\x00\xef\xe1\x1e\x02\x00\xef\xe1\x1c\x02\x00\xef\xe1\x18\x02\x00\xef\xe1\x10\x02\x00\xef\xe1\x00\x02\x00\xef'
2020-07-09 20:33:21.109215, cycle count 312, gpio values 200129, 0, 0, 10555, status messages:  b'\xe1\x10\x01\x00\xef\xe1\x18\x01\x00\xef\xe1\x1c\x01\x00\xef\xe1\x1e\x01\x00\xef\xe1\x1f\x01\x00\xef\xe1\x1e\x02\x00\xef\xe1\x1c\x02\x00\xef\xe1\x18\x02\x00\xef\xe1\x10\x02\x00\xef\xe1\x00\x02\x00\xef'
2020-07-09 20:33:37.308692, cycle count 313, gpio values 200759, 0, 0, 10591, status messages:  b'\xe1\x10\x01\x00\xef\xe1\x18\x01\x00\xef\xe1\x1c\x01\x00\xef\xe1\x1e\x01\x00\xef\xe1\x1f\x01\x00\xef\xe1\x1e\x02\x00\xef\xe1\x1c\x02\x00\xef\xe1\x18\x02\x00\xef\xe1\x10\x02\x00\xef\xe1\x00\x02\x00\xef'
2020-07-09 20:33:53.783442, cycle count 314, gpio values 201425, 0, 0, 10627, status messages:  b'\xe1\x10\x01\x00\xef\xe1\x18\x01\x00\xef\xe1\x1c\x01\x00\xef\xe1\x1e\x01\x00\xef\xe1\x1f\x01\x00\xef\xe1\x1e\x02\x00\xef\xe1\x1c\x02\x00\xef\xe1\x18\x02\x00\xef\xe1\x10\x02\x00\xef\xe1\x00\x02\x00\xef'
2020-07-09 20:34:10.240945, cycle count 315, gpio values 202091, 0, 0, 10663, status messages:  b'\xe1\x10\x01\x00\xef\xe1\x18\x01\x00\xef\xe1\x1c\x01\x00\xef\xe1\x1e\x01\x00\xef\xe1\x1f\x01\x00\xef\xe1\x1e\x02\x00\xef\xe1\x1c\x02\x00\xef\xe1\x18\x02\x00\xef\xe1\x10\x02\x00\xef\xe1\x00\x02\x00\xef'
2020-07-09 20:34:26.958459, cycle count 316, gpio values 202794, 0, 0, 10699, status messages:  b'\xe1\x10\x01\x00\xef\xe1\x18\x01\x00\xef\xe1\x1c\x01\x00\xef\xe1\x1e\x01\x00\xef\xe1\x1f\x01\x00\xef\xe1\x1e\x02\x00\xef\xe1\x1c\x02\x00\xef\xe1\x18\x02\x00\xef\xe1\x10\x02\x00\xef\xe1\x00\x02\x00\xef'
2020-07-09 20:34:43.417519, cycle count 317, gpio values 203497, 0, 0, 10727, status messages:  b'\xe1\x10\x01\x00\xef\xe1\x18\x01\x00\xef\xe1\x1c\x01\x00\xef\xe1\x1e\x01\x00\xef\xe1\x1f\x01\x00\xef\xe1\x1e\x02\x00\xef\xe1\x1c\x02\x00\xef\xe1\x18\x02\x00\xef\xe1\x10\x02\x00\xef\xe1\x00\x02\x00\xef'
2020-07-09 20:34:59.875284, cycle count 318, gpio values 204200, 0, 0, 10755, status messages:  b'\xe1\x10\x01\x00\xef\xe1\x18\x01\x00\xef\xe1\x1c\x01\x00\xef\xe1\x1e\x01\x00\xef\xe1\x1f\x01\x00\xef\xe1\x1e\x02\x00\xef\xe1\x1c\x02\x00\xef\xe1\x18\x02\x00\xef\xe1\x10\x02\x00\xef\xe1\x00\x02\x00\xef'
2020-07-09 20:35:16.333285, cycle count 319, gpio values 204903, 0, 0, 10791, status messages:  b'\xe1\x10\x01\x00\xef\xe1\x18\x01\x00\xef\xe1\x1c\x01\x00\xef\xe1\x1e\x01\x00\xef\xe1\x1f\x01\x00\xef\xe1\x1e\x02\x00\xef\xe1\x1c\x02\x00\xef\xe1\x18\x02\x00\xef\xe1\x10\x02\x00\xef\xe1\x00\x02\x00\xef'
2020-07-09 20:35:32.790520, cycle count 320, gpio values 205606, 0, 0, 10827, status messages:  b'\xe1\x10\x01\x00\xef\xe1\x18\x01\x00\xef\xe1\x1c\x01\x00\xef\xe1\x1e\x01\x00\xef\xe1\x1f\x01\x00\xef\xe1\x1e\x02\x00\xef\xe1\x1c\x02\x00\xef\xe1\x18\x02\x00\xef\xe1\x10\x02\x00\xef\xe1\x00\x02\x00\xef'
2020-07-09 20:35:49.249177, cycle count 321, gpio values 206309, 0, 0, 10855, status messages:  b'\xe1\x10\x01\x00\xef\xe1\x18\x01\x00\xef\xe1\x1c\x01\x00\xef\xe1\x1e\x01\x00\xef\xe1\x1f\x01\x00\xef\xe1\x1e\x02\x00\xef\xe1\x1c\x02\x00\xef\xe1\x18\x02\x00\xef\xe1\x10\x02\x00\xef\xe1\x00\x02\x00\xef'
2020-07-09 20:36:05.981900, cycle count 322, gpio values 207012, 0, 0, 10891, status messages:  b'\xe1\x10\x01\x00\xef\xe1\x18\x01\x00\xef\xe1\x1c\x01\x00\xef\xe1\x1e\x01\x00\xef\xe1\x1f\x01\x00\xef\xe1\x1e\x02\x00\xef\xe1\x1c\x02\x00\xef\xe1\x18\x02\x00\xef\xe1\x10\x02\x00\xef\xe1\x00\x02\x00\xef'
2020-07-09 20:36:22.439861, cycle count 323, gpio values 207715, 0, 0, 10927, status messages:  b'\xe1\x10\x01\x00\xef\xe1\x18\x01\x00\xef\xe1\x1c\x01\x00\xef\xe1\x1e\x01\x00\xef\xe1\x1f\x01\x00\xef\xe1\x1e\x02\x00\xef\xe1\x1c\x02\x00\xef\xe1\x18\x02\x00\xef\xe1\x10\x02\x00\xef\xe1\x00\x02\x00\xef'
2020-07-09 20:36:38.933797, cycle count 324, gpio values 208381, 0, 0, 10963, status messages:  b'\xe1\x10\x01\x00\xef\xe1\x18\x01\x00\xef\xe1\x1c\x01\x00\xef\xe1\x1e\x01\x00\xef\xe1\x1f\x01\x00\xef\xe1\x1e\x02\x00\xef\xe1\x1c\x02\x00\xef\xe1\x18\x02\x00\xef\xe1\x10\x02\x00\xef\xe1\x00\x02\x00\xef'
2020-07-09 20:36:55.389625, cycle count 325, gpio values 209084, 0, 0, 10991, status messages:  b'\xe1\x10\x01\x00\xef\xe1\x18\x01\x00\xef\xe1\x1c\x01\x00\xef\xe1\x1e\x01\x00\xef\xe1\x1f\x01\x00\xef\xe1\x1e\x02\x00\xef\xe1\x1c\x02\x00\xef\xe1\x18\x02\x00\xef\xe1\x10\x02\x00\xef\xe1\x00\x02\x00\xef'
2020-07-09 20:37:11.863869, cycle count 326, gpio values 209787, 0, 0, 11027, status messages:  b'\xe1\x10\x01\x00\xef\xe1\x18\x01\x00\xef\xe1\x1c\x01\x00\xef\xe1\x1e\x01\x00\xef\xe1\x1f\x01\x00\xef\xe1\x1e\x02\x00\xef\xe1\x1c\x02\x00\xef\xe1\x18\x02\x00\xef\xe1\x10\x02\x00\xef\xe1\x00\x02\x00\xef'
2020-07-09 20:37:28.127412, cycle count 327, gpio values 210453, 0, 0, 11063, status messages:  b'\xe1\x10\x01\x00\xef\xe1\x18\x01\x00\xef\xe1\x1c\x01\x00\xef\xe1\x1e\x01\x00\xef\xe1\x1f\x01\x00\xef\xe1\x1e\x02\x00\xef\xe1\x1c\x02\x00\xef\xe1\x18\x02\x00\xef\xe1\x10\x02\x00\xef\xe1\x00\x02\x00\xef'
2020-07-09 20:37:44.439522, cycle count 328, gpio values 211119, 0, 0, 11099, status messages:  b'\xe1\x10\x01\x00\xef\xe1\x18\x01\x00\xef\xe1\x1c\x01\x00\xef\xe1\x1e\x01\x00\xef\xe1\x1f\x01\x00\xef\xe1\x1e\x02\x00\xef\xe1\x1c\x02\x00\xef\xe1\x18\x02\x00\xef\xe1\x10\x02\x00\xef\xe1\x00\x02\x00\xef'
2020-07-09 20:38:00.897438, cycle count 329, gpio values 211822, 0, 0, 11135, status messages:  b'\xe1\x10\x01\x00\xef\xe1\x18\x01\x00\xef\xe1\x1c\x01\x00\xef\xe1\x1e\x01\x00\xef\xe1\x1f\x01\x00\xef\xe1\x1e\x02\x00\xef\xe1\x1c\x02\x00\xef\xe1\x18\x02\x00\xef\xe1\x10\x02\x00\xef\xe1\x00\x02\x00\xef'
2020-07-09 20:38:17.371827, cycle count 330, gpio values 212525, 0, 0, 11171, status messages:  b'\xe1\x10\x01\x00\xef\xe1\x18\x01\x00\xef\xe1\x1c\x01\x00\xef\xe1\x1e\x01\x00\xef\xe1\x1f\x01\x00\xef\xe1\x1e\x02\x00\xef\xe1\x1c\x02\x00\xef\xe1\x18\x02\x00\xef\xe1\x10\x02\x00\xef\xe1\x00\x02\x00\xef'
2020-07-09 20:38:33.829653, cycle count 331, gpio values 213228, 0, 0, 11199, status messages:  b'\xe1\x10\x01\x00\xef\xe1\x18\x01\x00\xef\xe1\x1c\x01\x00\xef\xe1\x1e\x01\x00\xef\xe1\x1f\x01\x00\xef\xe1\x1e\x02\x00\xef\xe1\x1c\x02\x00\xef\xe1\x18\x02\x00\xef\xe1\x10\x02\x00\xef\xe1\x00\x02\x00\xef'
2020-07-09 20:38:50.288931, cycle count 332, gpio values 213894, 0, 0, 11235, status messages:  b'\xe1\x10\x01\x00\xef\xe1\x18\x01\x00\xef\xe1\x1c\x01\x00\xef\xe1\x1e\x01\x00\xef\xe1\x1f\x01\x00\xef\xe1\x1e\x02\x00\xef\xe1\x1c\x02\x00\xef\xe1\x18\x02\x00\xef\xe1\x10\x02\x00\xef\xe1\x00\x02\x00\xef'
2020-07-09 20:39:07.137105, cycle count 333, gpio values 214597, 0, 0, 11271, status messages:  b'\xe1\x10\x01\x00\xef\xe1\x18\x01\x00\xef\xe1\x1c\x01\x00\xef\xe1\x1e\x01\x00\xef\xe1\x1f\x01\x00\xef\xe1\x1e\x02\x00\xef\xe1\x1c\x02\x00\xef\xe1\x18\x02\x00\xef\xe1\x10\x02\x00\xef\xe1\x00\x02\x00\xef'
2020-07-09 20:39:23.595923, cycle count 334, gpio values 215263, 0, 0, 11307, status messages:  b'\xe1\x10\x01\x00\xef\xe1\x18\x01\x00\xef\xe1\x1c\x01\x00\xef\xe1\x1e\x01\x00\xef\xe1\x1f\x01\x00\xef\xe1\x1e\x02\x00\xef\xe1\x1c\x02\x00\xef\xe1\x18\x02\x00\xef\xe1\x10\x02\x00\xef\xe1\x00\x02\x00\xef'
2020-07-09 20:39:40.053830, cycle count 335, gpio values 215929, 0, 0, 11343, status messages:  b'\xe1\x10\x01\x00\xef\xe1\x18\x01\x00\xef\xe1\x1c\x01\x00\xef\xe1\x1e\x01\x00\xef\xe1\x1f\x01\x00\xef\xe1\x1e\x02\x00\xef\xe1\x1c\x02\x00\xef\xe1\x18\x02\x00\xef\xe1\x10\x02\x00\xef\xe1\x00\x02\x00\xef'
2020-07-09 20:39:56.513121, cycle count 336, gpio values 216595, 0, 0, 11379, status messages:  b'\xe1\x10\x01\x00\xef\xe1\x18\x01\x00\xef\xe1\x1c\x01\x00\xef\xe1\x1e\x01\x00\xef\xe1\x1f\x01\x00\xef\xe1\x1e\x02\x00\xef\xe1\x1c\x02\x00\xef\xe1\x18\x02\x00\xef\xe1\x10\x02\x00\xef\xe1\x00\x02\x00\xef'
2020-07-09 20:40:12.970180, cycle count 337, gpio values 217298, 0, 0, 11415, status messages:  b'\xe1\x10\x01\x00\xef\xe1\x18\x01\x00\xef\xe1\x1c\x01\x00\xef\xe1\x1e\x01\x00\xef\xe1\x1f\x01\x00\xef\xe1\x1e\x02\x00\xef\xe1\x1c\x02\x00\xef\xe1\x18\x02\x00\xef\xe1\x10\x02\x00\xef\xe1\x00\x02\x00\xef'
2020-07-09 20:40:29.576599, cycle count 338, gpio values 218001, 0, 0, 11443, status messages:  b'\xe1\x10\x01\x00\xef\xe1\x18\x01\x00\xef\xe1\x1c\x01\x00\xef\xe1\x1e\x01\x00\xef\xe1\x1f\x01\x00\xef\xe1\x1e\x02\x00\xef\xe1\x1c\x02\x00\xef\xe1\x18\x02\x00\xef\xe1\x10\x02\x00\xef\xe1\x00\x02\x00\xef'
2020-07-09 20:40:45.793013, cycle count 339, gpio values 218631, 0, 0, 11479, status messages:  b'\xe1\x10\x01\x00\xef\xe1\x18\x01\x00\xef\xe1\x1c\x01\x00\xef\xe1\x1e\x01\x00\xef\xe1\x1f\x01\x00\xef\xe1\x1e\x02\x00\xef\xe1\x1c\x02\x00\xef\xe1\x18\x02\x00\xef\xe1\x10\x02\x00\xef\xe1\x00\x02\x00\xef'
2020-07-09 20:41:02.250486, cycle count 340, gpio values 219297, 0, 0, 11515, status messages:  b'\xe1\x10\x01\x00\xef\xe1\x18\x01\x00\xef\xe1\x1c\x01\x00\xef\xe1\x1e\x01\x00\xef\xe1\x1f\x01\x00\xef\xe1\x1e\x02\x00\xef\xe1\x1c\x02\x00\xef\xe1\x18\x02\x00\xef\xe1\x10\x02\x00\xef\xe1\x00\x02\x00\xef'
2020-07-09 20:41:18.465987, cycle count 341, gpio values 219927, 0, 0, 11551, status messages:  b'\xe1\x10\x01\x00\xef\xe1\x18\x01\x00\xef\xe1\x1c\x01\x00\xef\xe1\x1e\x01\x00\xef\xe1\x1f\x01\x00\xef\xe1\x1e\x02\x00\xef\xe1\x1c\x02\x00\xef\xe1\x18\x02\x00\xef\xe1\x10\x02\x00\xef\xe1\x00\x02\x00\xef'
2020-07-09 20:41:34.923747, cycle count 342, gpio values 220593, 0, 0, 11587, status messages:  b'\xe1\x10\x01\x00\xef\xe1\x18\x01\x00\xef\xe1\x1c\x01\x00\xef\xe1\x1e\x01\x00\xef\xe1\x1f\x01\x00\xef\xe1\x1e\x02\x00\xef\xe1\x1c\x02\x00\xef\xe1\x18\x02\x00\xef\xe1\x10\x02\x00\xef\xe1\x00\x02\x00\xef'
2020-07-09 20:41:51.382087, cycle count 343, gpio values 221296, 0, 0, 11623, status messages:  b'\xe1\x10\x01\x00\xef\xe1\x18\x01\x00\xef\xe1\x1c\x01\x00\xef\xe1\x1e\x01\x00\xef\xe1\x1f\x01\x00\xef\xe1\x1e\x02\x00\xef\xe1\x1c\x02\x00\xef\xe1\x18\x02\x00\xef\xe1\x10\x02\x00\xef\xe1\x00\x02\x00\xef'
2020-07-09 20:42:07.840303, cycle count 344, gpio values 221962, 0, 0, 11659, status messages:  b'\xe1\x10\x01\x00\xef\xe1\x18\x01\x00\xef\xe1\x1c\x01\x00\xef\xe1\x1e\x01\x00\xef\xe1\x1f\x01\x00\xef\xe1\x1e\x02\x00\xef\xe1\x1c\x02\x00\xef\xe1\x18\x02\x00\xef\xe1\x10\x02\x00\xef\xe1\x00\x02\x00\xef'
2020-07-09 20:42:24.298823, cycle count 345, gpio values 222628, 0, 0, 11695, status messages:  b'\xe1\x10\x01\x00\xef\xe1\x18\x01\x00\xef\xe1\x1c\x01\x00\xef\xe1\x1e\x01\x00\xef\xe1\x1f\x01\x00\xef\xe1\x1e\x02\x00\xef\xe1\x1c\x02\x00\xef\xe1\x18\x02\x00\xef\xe1\x10\x02\x00\xef\xe1\x00\x02\x00\xef'
2020-07-09 20:42:40.514695, cycle count 346, gpio values 223294, 0, 0, 11723, status messages:  b'\xe1\x10\x01\x00\xef\xe1\x18\x01\x00\xef\xe1\x1c\x01\x00\xef\xe1\x1e\x01\x00\xef\xe1\x1f\x01\x00\xef\xe1\x1e\x02\x00\xef\xe1\x1c\x02\x00\xef\xe1\x18\x02\x00\xef\xe1\x10\x02\x00\xef\xe1\x00\x02\x00\xef'
2020-07-09 20:42:57.121330, cycle count 347, gpio values 223997, 0, 0, 11751, status messages:  b'\xe1\x10\x01\x00\xef\xe1\x18\x01\x00\xef\xe1\x1c\x01\x00\xef\xe1\x1e\x01\x00\xef\xe1\x1f\x01\x00\xef\xe1\x1e\x02\x00\xef\xe1\x1c\x02\x00\xef\xe1\x18\x02\x00\xef\xe1\x10\x02\x00\xef\xe1\x00\x02\x00\xef'
2020-07-09 20:43:13.579149, cycle count 348, gpio values 224700, 0, 0, 11779, status messages:  b'\xe1\x10\x01\x00\xef\xe1\x18\x01\x00\xef\xe1\x1c\x01\x00\xef\xe1\x1e\x01\x00\xef\xe1\x1f\x01\x00\xef\xe1\x1e\x02\x00\xef\xe1\x1c\x02\x00\xef\xe1\x18\x02\x00\xef\xe1\x10\x02\x00\xef\xe1\x00\x02\x00\xef'
2020-07-09 20:43:30.086077, cycle count 349, gpio values 225366, 0, 0, 11815, status messages:  b'\xe1\x10\x01\x00\xef\xe1\x18\x01\x00\xef\xe1\x1c\x01\x00\xef\xe1\x1e\x01\x00\xef\xe1\x1f\x01\x00\xef\xe1\x1e\x02\x00\xef\xe1\x1c\x02\x00\xef\xe1\x18\x02\x00\xef\xe1\x10\x02\x00\xef\xe1\x00\x02\x00\xef'
2020-07-09 20:43:46.543830, cycle count 350, gpio values 226069, 0, 0, 11843, status messages:  b'\xe1\x10\x01\x00\xef\xe1\x18\x01\x00\xef\xe1\x1c\x01\x00\xef\xe1\x1e\x01\x00\xef\xe1\x1f\x01\x00\xef\xe1\x1e\x02\x00\xef\xe1\x1c\x02\x00\xef\xe1\x18\x02\x00\xef\xe1\x10\x02\x00\xef\xe1\x00\x02\x00\xef'
2020-07-09 20:44:03.002794, cycle count 351, gpio values 226772, 0, 0, 11871, status messages:  b'\xe1\x10\x01\x00\xef\xe1\x18\x01\x00\xef\xe1\x1c\x01\x00\xef\xe1\x1e\x01\x00\xef\xe1\x1f\x01\x00\xef\xe1\x1e\x02\x00\xef\xe1\x1c\x02\x00\xef\xe1\x18\x02\x00\xef\xe1\x10\x02\x00\xef\xe1\x00\x02\x00\xef'
2020-07-09 20:44:19.459696, cycle count 352, gpio values 227475, 0, 0, 11899, status messages:  b'\xe1\x10\x01\x00\xef\xe1\x18\x01\x00\xef\xe1\x1c\x01\x00\xef\xe1\x1e\x01\x00\xef\xe1\x1f\x01\x00\xef\xe1\x1e\x02\x00\xef\xe1\x1c\x02\x00\xef\xe1\x18\x02\x00\xef\xe1\x10\x02\x00\xef\xe1\x00\x02\x00\xef'
2020-07-09 20:44:35.918980, cycle count 353, gpio values 228178, 0, 0, 11935, status messages:  b'\xe1\x10\x01\x00\xef\xe1\x18\x01\x00\xef\xe1\x1c\x01\x00\xef\xe1\x1e\x01\x00\xef\xe1\x1f\x01\x00\xef\xe1\x1e\x02\x00\xef\xe1\x1c\x02\x00\xef\xe1\x18\x02\x00\xef\xe1\x10\x02\x00\xef\xe1\x00\x02\x00\xef'
2020-07-09 20:44:52.376901, cycle count 354, gpio values 228881, 0, 0, 11963, status messages:  b'\xe1\x10\x01\x00\xef\xe1\x18\x01\x00\xef\xe1\x1c\x01\x00\xef\xe1\x1e\x01\x00\xef\xe1\x1f\x01\x00\xef\xe1\x1e\x02\x00\xef\xe1\x1c\x02\x00\xef\xe1\x18\x02\x00\xef\xe1\x10\x02\x00\xef\xe1\x00\x02\x00\xef'
2020-07-09 20:45:09.093418, cycle count 355, gpio values 229584, 0, 0, 11999, status messages:  b'\xe1\x10\x01\x00\xef\xe1\x18\x01\x00\xef\xe1\x1c\x01\x00\xef\xe1\x1e\x01\x00\xef\xe1\x1f\x01\x00\xef\xe1\x1e\x02\x00\xef\xe1\x1c\x02\x00\xef\xe1\x18\x02\x00\xef\xe1\x10\x02\x00\xef\xe1\x00\x02\x00\xef'
2020-07-09 20:45:25.551607, cycle count 356, gpio values 230287, 0, 0, 12027, status messages:  b'\xe1\x10\x01\x00\xef\xe1\x18\x01\x00\xef\xe1\x1c\x01\x00\xef\xe1\x1e\x01\x00\xef\xe1\x1f\x01\x00\xef\xe1\x1e\x02\x00\xef\xe1\x1c\x02\x00\xef\xe1\x18\x02\x00\xef\xe1\x10\x02\x00\xef\xe1\x00\x02\x00\xef'
2020-07-09 20:45:42.009526, cycle count 357, gpio values 230990, 0, 0, 12055, status messages:  b'\xe1\x10\x01\x00\xef\xe1\x18\x01\x00\xef\xe1\x1c\x01\x00\xef\xe1\x1e\x01\x00\xef\xe1\x1f\x01\x00\xef\xe1\x1e\x02\x00\xef\xe1\x1c\x02\x00\xef\xe1\x18\x02\x00\xef\xe1\x10\x02\x00\xef\xe1\x00\x02\x00\xef'
2020-07-09 20:45:58.484102, cycle count 358, gpio values 231693, 0, 0, 12083, status messages:  b'\xe1\x10\x01\x00\xef\xe1\x18\x01\x00\xef\xe1\x1c\x01\x00\xef\xe1\x1e\x01\x00\xef\xe1\x1f\x01\x00\xef\xe1\x1e\x02\x00\xef\xe1\x1c\x02\x00\xef\xe1\x18\x02\x00\xef\xe1\x10\x02\x00\xef\xe1\x00\x02\x00\xef'
2020-07-09 20:46:14.942376, cycle count 359, gpio values 232396, 0, 0, 12111, status messages:  b'\xe1\x10\x01\x00\xef\xe1\x18\x01\x00\xef\xe1\x1c\x01\x00\xef\xe1\x1e\x01\x00\xef\xe1\x1f\x01\x00\xef\xe1\x1e\x02\x00\xef\xe1\x1c\x02\x00\xef\xe1\x18\x02\x00\xef\xe1\x10\x02\x00\xef\xe1\x00\x02\x00\xef'
2020-07-09 20:46:31.808739, cycle count 360, gpio values 233099, 0, 0, 12147, status messages:  b'\xe1\x10\x01\x00\xef\xe1\x18\x01\x00\xef\xe1\x1c\x01\x00\xef\xe1\x1e\x01\x00\xef\xe1\x1f\x01\x00\xef\xe1\x1e\x02\x00\xef\xe1\x1c\x02\x00\xef\xe1\x18\x02\x00\xef\xe1\x10\x02\x00\xef\xe1\x00\x02\x00\xef'
2020-07-09 20:46:48.524905, cycle count 361, gpio values 233802, 0, 0, 12183, status messages:  b'\xe1\x10\x01\x00\xef\xe1\x18\x01\x00\xef\xe1\x1c\x01\x00\xef\xe1\x1e\x01\x00\xef\xe1\x1f\x01\x00\xef\xe1\x1e\x02\x00\xef\xe1\x1c\x02\x00\xef\xe1\x18\x02\x00\xef\xe1\x10\x02\x00\xef\xe1\x00\x02\x00\xef'
2020-07-09 20:47:04.983623, cycle count 362, gpio values 234505, 0, 0, 12211, status messages:  b'\xe1\x10\x01\x00\xef\xe1\x18\x01\x00\xef\xe1\x1c\x01\x00\xef\xe1\x1e\x01\x00\xef\xe1\x1f\x01\x00\xef\xe1\x1e\x02\x00\xef\xe1\x1c\x02\x00\xef\xe1\x18\x02\x00\xef\xe1\x10\x02\x00\xef\xe1\x00\x02\x00\xef'
2020-07-09 20:47:21.442118, cycle count 363, gpio values 235208, 0, 0, 12239, status messages:  b'\xe1\x10\x01\x00\xef\xe1\x18\x01\x00\xef\xe1\x1c\x01\x00\xef\xe1\x1e\x01\x00\xef\xe1\x1f\x01\x00\xef\xe1\x1e\x02\x00\xef\xe1\x1c\x02\x00\xef\xe1\x18\x02\x00\xef\xe1\x10\x02\x00\xef\xe1\x00\x02\x00\xef'
2020-07-09 20:47:38.208957, cycle count 364, gpio values 235911, 0, 0, 12275, status messages:  b'\xe1\x10\x01\x00\xef\xe1\x18\x01\x00\xef\xe1\x1c\x01\x00\xef\xe1\x1e\x01\x00\xef\xe1\x1f\x01\x00\xef\xe1\x1e\x02\x00\xef\xe1\x1c\x02\x00\xef\xe1\x18\x02\x00\xef\xe1\x10\x02\x00\xef\xe1\x00\x02\x00\xef'
2020-07-09 20:47:54.667140, cycle count 365, gpio values 236614, 0, 0, 12303, status messages:  b'\xe1\x10\x01\x00\xef\xe1\x18\x01\x00\xef\xe1\x1c\x01\x00\xef\xe1\x1e\x01\x00\xef\xe1\x1f\x01\x00\xef\xe1\x1e\x02\x00\xef\xe1\x1c\x02\x00\xef\xe1\x18\x02\x00\xef\xe1\x10\x02\x00\xef\xe1\x00\x02\x00\xef'
2020-07-09 20:48:11.434027, cycle count 366, gpio values 237317, 0, 0, 12339, status messages:  b'\xe1\x10\x01\x00\xef\xe1\x18\x01\x00\xef\xe1\x1c\x01\x00\xef\xe1\x1e\x01\x00\xef\xe1\x1f\x01\x00\xef\xe1\x1e\x02\x00\xef\xe1\x1c\x02\x00\xef\xe1\x18\x02\x00\xef\xe1\x10\x02\x00\xef\xe1\x00\x02\x00\xef'
2020-07-09 20:48:27.891107, cycle count 367, gpio values 238020, 0, 0, 12367, status messages:  b'\xe1\x10\x01\x00\xef\xe1\x18\x01\x00\xef\xe1\x1c\x01\x00\xef\xe1\x1e\x01\x00\xef\xe1\x1f\x01\x00\xef\xe1\x1e\x02\x00\xef\xe1\x1c\x02\x00\xef\xe1\x18\x02\x00\xef\xe1\x10\x02\x00\xef\xe1\x00\x02\x00\xef'
2020-07-09 20:48:44.349039, cycle count 368, gpio values 238723, 0, 0, 12395, status messages:  b'\xe1\x10\x01\x00\xef\xe1\x18\x01\x00\xef\xe1\x1c\x01\x00\xef\xe1\x1e\x01\x00\xef\xe1\x1f\x01\x00\xef\xe1\x1e\x02\x00\xef\xe1\x1c\x02\x00\xef\xe1\x18\x02\x00\xef\xe1\x10\x02\x00\xef\xe1\x00\x02\x00\xef'
2020-07-09 20:49:00.807652, cycle count 369, gpio values 239426, 0, 0, 12423, status messages:  b'\xe1\x10\x01\x00\xef\xe1\x18\x01\x00\xef\xe1\x1c\x01\x00\xef\xe1\x1e\x01\x00\xef\xe1\x1f\x01\x00\xef\xe1\x1e\x02\x00\xef\xe1\x1c\x02\x00\xef\xe1\x18\x02\x00\xef\xe1\x10\x02\x00\xef\xe1\x00\x02\x00\xef'
2020-07-09 20:49:17.297779, cycle count 370, gpio values 240129, 0, 0, 12451, status messages:  b'\xe1\x10\x01\x00\xef\xe1\x18\x01\x00\xef\xe1\x1c\x01\x00\xef\xe1\x1e\x01\x00\xef\xe1\x1f\x01\x00\xef\xe1\x1e\x02\x00\xef\xe1\x1c\x02\x00\xef\xe1\x18\x02\x00\xef\xe1\x10\x02\x00\xef\xe1\x00\x02\x00\xef'
2020-07-09 20:49:34.016225, cycle count 371, gpio values 240832, 0, 0, 12487, status messages:  b'\xe1\x10\x01\x00\xef\xe1\x18\x01\x00\xef\xe1\x1c\x01\x00\xef\xe1\x1e\x01\x00\xef\xe1\x1f\x01\x00\xef\xe1\x1e\x02\x00\xef\xe1\x1c\x02\x00\xef\xe1\x18\x02\x00\xef\xe1\x10\x02\x00\xef\xe1\x00\x02\x00\xef'
2020-07-09 20:49:50.479554, cycle count 372, gpio values 241535, 0, 0, 12515, status messages:  b'\xe1\x10\x01\x00\xef\xe1\x18\x01\x00\xef\xe1\x1c\x01\x00\xef\xe1\x1e\x01\x00\xef\xe1\x1f\x01\x00\xef\xe1\x1e\x02\x00\xef\xe1\x1c\x02\x00\xef\xe1\x18\x02\x00\xef\xe1\x10\x02\x00\xef\xe1\x00\x02\x00\xef'
2020-07-09 20:50:06.932433, cycle count 373, gpio values 242238, 0, 0, 12543, status messages:  b'\xe1\x10\x01\x00\xef\xe1\x18\x01\x00\xef\xe1\x1c\x01\x00\xef\xe1\x1e\x01\x00\xef\xe1\x1f\x01\x00\xef\xe1\x1e\x02\x00\xef\xe1\x1c\x02\x00\xef\xe1\x18\x02\x00\xef\xe1\x10\x02\x00\xef\xe1\x00\x02\x00\xef'
2020-07-09 20:50:23.666629, cycle count 374, gpio values 242941, 0, 0, 12579, status messages:  b'\xe1\x10\x01\x00\xef\xe1\x18\x01\x00\xef\xe1\x1c\x01\x00\xef\xe1\x1e\x01\x00\xef\xe1\x1f\x01\x00\xef\xe1\x1e\x02\x00\xef\xe1\x1c\x02\x00\xef\xe1\x18\x02\x00\xef\xe1\x10\x02\x00\xef\xe1\x00\x02\x00\xef'
2020-07-09 20:50:40.383893, cycle count 375, gpio values 243644, 0, 0, 12615, status messages:  b'\xe1\x10\x01\x00\xef\xe1\x18\x01\x00\xef\xe1\x1c\x01\x00\xef\xe1\x1e\x01\x00\xef\xe1\x1f\x01\x00\xef\xe1\x1e\x02\x00\xef\xe1\x1c\x02\x00\xef\xe1\x18\x02\x00\xef\xe1\x10\x02\x00\xef\xe1\x00\x02\x00\xef'
2020-07-09 20:50:57.101461, cycle count 376, gpio values 244347, 0, 0, 12651, status messages:  b'\xe1\x10\x01\x00\xef\xe1\x18\x01\x00\xef\xe1\x1c\x01\x00\xef\xe1\x1e\x01\x00\xef\xe1\x1f\x01\x00\xef\xe1\x1e\x02\x00\xef\xe1\x1c\x02\x00\xef\xe1\x18\x02\x00\xef\xe1\x10\x02\x00\xef\xe1\x00\x02\x00\xef'
2020-07-09 20:51:13.559309, cycle count 377, gpio values 245050, 0, 0, 12679, status messages:  b'\xe1\x10\x01\x00\xef\xe1\x18\x01\x00\xef\xe1\x1c\x01\x00\xef\xe1\x1e\x01\x00\xef\xe1\x1f\x01\x00\xef\xe1\x1e\x02\x00\xef\xe1\x1c\x02\x00\xef\xe1\x18\x02\x00\xef\xe1\x10\x02\x00\xef\xe1\x00\x02\x00\xef'
2020-07-09 20:51:30.276263, cycle count 378, gpio values 245753, 0, 0, 12715, status messages:  b'\xe1\x10\x01\x00\xef\xe1\x18\x01\x00\xef\xe1\x1c\x01\x00\xef\xe1\x1e\x01\x00\xef\xe1\x1f\x01\x00\xef\xe1\x1e\x02\x00\xef\xe1\x1c\x02\x00\xef\xe1\x18\x02\x00\xef\xe1\x10\x02\x00\xef\xe1\x00\x02\x00\xef'
2020-07-09 20:51:46.994060, cycle count 379, gpio values 246456, 0, 0, 12751, status messages:  b'\xe1\x10\x01\x00\xef\xe1\x18\x01\x00\xef\xe1\x1c\x01\x00\xef\xe1\x1e\x01\x00\xef\xe1\x1f\x01\x00\xef\xe1\x1e\x02\x00\xef\xe1\x1c\x02\x00\xef\xe1\x18\x02\x00\xef\xe1\x10\x02\x00\xef\xe1\x00\x02\x00\xef'
2020-07-09 20:52:03.452462, cycle count 380, gpio values 247159, 0, 0, 12779, status messages:  b'\xe1\x10\x01\x00\xef\xe1\x18\x01\x00\xef\xe1\x1c\x01\x00\xef\xe1\x1e\x01\x00\xef\xe1\x1f\x01\x00\xef\xe1\x1e\x02\x00\xef\xe1\x1c\x02\x00\xef\xe1\x18\x02\x00\xef\xe1\x10\x02\x00\xef\xe1\x00\x02\x00\xef'
2020-07-09 20:52:20.185888, cycle count 381, gpio values 247862, 0, 0, 12807, status messages:  b'\xe1\x10\x01\x00\xef\xe1\x18\x01\x00\xef\xe1\x1c\x01\x00\xef\xe1\x1e\x01\x00\xef\xe1\x1f\x01\x00\xef\xe1\x1e\x02\x00\xef\xe1\x1c\x02\x00\xef\xe1\x18\x02\x00\xef\xe1\x10\x02\x00\xef\xe1\x00\x02\x00\xef'
2020-07-09 20:52:36.904315, cycle count 382, gpio values 248565, 0, 0, 12843, status messages:  b'\xe1\x10\x01\x00\xef\xe1\x18\x01\x00\xef\xe1\x1c\x01\x00\xef\xe1\x1e\x01\x00\xef\xe1\x1f\x01\x00\xef\xe1\x1e\x02\x00\xef\xe1\x1c\x02\x00\xef\xe1\x18\x02\x00\xef\xe1\x10\x02\x00\xef\xe1\x00\x02\x00\xef'
2020-07-09 20:52:53.620669, cycle count 383, gpio values 249268, 0, 0, 12879, status messages:  b'\xe1\x10\x01\x00\xef\xe1\x18\x01\x00\xef\xe1\x1c\x01\x00\xef\xe1\x1e\x01\x00\xef\xe1\x1f\x01\x00\xef\xe1\x1e\x02\x00\xef\xe1\x1c\x02\x00\xef\xe1\x18\x02\x00\xef\xe1\x10\x02\x00\xef\xe1\x00\x02\x00\xef'
2020-07-09 20:53:10.337890, cycle count 384, gpio values 249971, 0, 0, 12915, status messages:  b'\xe1\x10\x01\x00\xef\xe1\x18\x01\x00\xef\xe1\x1c\x01\x00\xef\xe1\x1e\x01\x00\xef\xe1\x1f\x01\x00\xef\xe1\x1e\x02\x00\xef\xe1\x1c\x02\x00\xef\xe1\x18\x02\x00\xef\xe1\x10\x02\x00\xef\xe1\x00\x02\x00\xef'
2020-07-09 20:53:27.314915, cycle count 385, gpio values 250712, 0, 0, 12951, status messages:  b'\xe1\x10\x01\x00\xef\xe1\x18\x01\x00\xef\xe1\x1c\x01\x00\xef\xe1\x1e\x01\x00\xef\xe1\x1f\x01\x00\xef\xe1\x1e\x02\x00\xef\xe1\x1c\x02\x00\xef\xe1\x18\x02\x00\xef\xe1\x10\x02\x00\xef\xe1\x00\x02\x00\xef'
2020-07-09 20:53:44.033170, cycle count 386, gpio values 251415, 0, 0, 12987, status messages:  b'\xe1\x10\x01\x00\xef\xe1\x18\x01\x00\xef\xe1\x1c\x01\x00\xef\xe1\x1e\x01\x00\xef\xe1\x1f\x01\x00\xef\xe1\x1e\x02\x00\xef\xe1\x1c\x02\x00\xef\xe1\x18\x02\x00\xef\xe1\x10\x02\x00\xef\xe1\x00\x02\x00\xef'
2020-07-09 20:54:00.749793, cycle count 387, gpio values 252118, 0, 0, 13023, status messages:  b'\xe1\x10\x01\x00\xef\xe1\x18\x01\x00\xef\xe1\x1c\x01\x00\xef\xe1\x1e\x01\x00\xef\xe1\x1f\x01\x00\xef\xe1\x1e\x02\x00\xef\xe1\x1c\x02\x00\xef\xe1\x18\x02\x00\xef\xe1\x10\x02\x00\xef\xe1\x00\x02\x00\xef'
2020-07-09 20:54:17.467739, cycle count 388, gpio values 252821, 0, 0, 13059, status messages:  b'\xe1\x10\x01\x00\xef\xe1\x18\x01\x00\xef\xe1\x1c\x01\x00\xef\xe1\x1e\x01\x00\xef\xe1\x1f\x01\x00\xef\xe1\x1e\x02\x00\xef\xe1\x1c\x02\x00\xef\xe1\x18\x02\x00\xef\xe1\x10\x02\x00\xef\xe1\x00\x02\x00\xef'
2020-07-09 20:54:33.926040, cycle count 389, gpio values 253524, 0, 0, 13087, status messages:  b'\xe1\x10\x01\x00\xef\xe1\x18\x01\x00\xef\xe1\x1c\x01\x00\xef\xe1\x1e\x01\x00\xef\xe1\x1f\x01\x00\xef\xe1\x1e\x02\x00\xef\xe1\x1c\x02\x00\xef\xe1\x18\x02\x00\xef\xe1\x10\x02\x00\xef\xe1\x00\x02\x00\xef'
2020-07-09 20:54:50.642238, cycle count 390, gpio values 254227, 0, 0, 13123, status messages:  b'\xe1\x10\x01\x00\xef\xe1\x18\x01\x00\xef\xe1\x1c\x01\x00\xef\xe1\x1e\x01\x00\xef\xe1\x1f\x01\x00\xef\xe1\x1e\x02\x00\xef\xe1\x1c\x02\x00\xef\xe1\x18\x02\x00\xef\xe1\x10\x02\x00\xef\xe1\x00\x02\x00\xef'
2020-07-09 20:55:07.149505, cycle count 391, gpio values 254930, 0, 0, 13151, status messages:  b'\xe1\x10\x01\x00\xef\xe1\x18\x01\x00\xef\xe1\x1c\x01\x00\xef\xe1\x1e\x01\x00\xef\xe1\x1f\x01\x00\xef\xe1\x1e\x02\x00\xef\xe1\x1c\x02\x00\xef\xe1\x18\x02\x00\xef\xe1\x10\x02\x00\xef\xe1\x00\x02\x00\xef'
2020-07-09 20:55:23.607253, cycle count 392, gpio values 255633, 0, 0, 13179, status messages:  b'\xe1\x10\x01\x00\xef\xe1\x18\x01\x00\xef\xe1\x1c\x01\x00\xef\xe1\x1e\x01\x00\xef\xe1\x1f\x01\x00\xef\xe1\x1e\x02\x00\xef\xe1\x1c\x02\x00\xef\xe1\x18\x02\x00\xef\xe1\x10\x02\x00\xef\xe1\x00\x02\x00\xef'
2020-07-09 20:55:40.357901, cycle count 393, gpio values 256336, 0, 0, 13215, status messages:  b'\xe1\x10\x01\x00\xef\xe1\x18\x01\x00\xef\xe1\x1c\x01\x00\xef\xe1\x1e\x01\x00\xef\xe1\x1f\x01\x00\xef\xe1\x1e\x02\x00\xef\xe1\x1c\x02\x00\xef\xe1\x18\x02\x00\xef\xe1\x10\x02\x00\xef\xe1\x00\x02\x00\xef'
2020-07-09 20:55:57.074631, cycle count 394, gpio values 257039, 0, 0, 13251, status messages:  b'\xe1\x10\x01\x00\xef\xe1\x18\x01\x00\xef\xe1\x1c\x01\x00\xef\xe1\x1e\x01\x00\xef\xe1\x1f\x01\x00\xef\xe1\x1e\x02\x00\xef\xe1\x1c\x02\x00\xef\xe1\x18\x02\x00\xef\xe1\x10\x02\x00\xef\xe1\x00\x02\x00\xef'
2020-07-09 20:56:13.792406, cycle count 395, gpio values 257742, 0, 0, 13287, status messages:  b'\xe1\x10\x01\x00\xef\xe1\x18\x01\x00\xef\xe1\x1c\x01\x00\xef\xe1\x1e\x01\x00\xef\xe1\x1f\x01\x00\xef\xe1\x1e\x02\x00\xef\xe1\x1c\x02\x00\xef\xe1\x18\x02\x00\xef\xe1\x10\x02\x00\xef\xe1\x00\x02\x00\xef'
2020-07-09 20:56:30.510240, cycle count 396, gpio values 258445, 0, 0, 13323, status messages:  b'\xe1\x10\x01\x00\xef\xe1\x18\x01\x00\xef\xe1\x1c\x01\x00\xef\xe1\x1e\x01\x00\xef\xe1\x1f\x01\x00\xef\xe1\x1e\x02\x00\xef\xe1\x1c\x02\x00\xef\xe1\x18\x02\x00\xef\xe1\x10\x02\x00\xef\xe1\x00\x02\x00\xef'
2020-07-09 20:56:47.487166, cycle count 397, gpio values 259186, 0, 0, 13359, status messages:  b'\xe1\x10\x01\x00\xef\xe1\x18\x01\x00\xef\xe1\x1c\x01\x00\xef\xe1\x1e\x01\x00\xef\xe1\x1f\x01\x00\xef\xe1\x1e\x02\x00\xef\xe1\x1c\x02\x00\xef\xe1\x18\x02\x00\xef\xe1\x10\x02\x00\xef\xe1\x00\x02\x00\xef'
2020-07-09 20:57:04.203738, cycle count 398, gpio values 259889, 0, 0, 13395, status messages:  b'\xe1\x10\x01\x00\xef\xe1\x18\x01\x00\xef\xe1\x1c\x01\x00\xef\xe1\x1e\x01\x00\xef\xe1\x1f\x01\x00\xef\xe1\x1e\x02\x00\xef\xe1\x1c\x02\x00\xef\xe1\x18\x02\x00\xef\xe1\x10\x02\x00\xef\xe1\x00\x02\x00\xef'
2020-07-09 20:57:20.938311, cycle count 399, gpio values 260592, 0, 0, 13431, status messages:  b'\xe1\x10\x01\x00\xef\xe1\x18\x01\x00\xef\xe1\x1c\x01\x00\xef\xe1\x1e\x01\x00\xef\xe1\x1f\x01\x00\xef\xe1\x1e\x02\x00\xef\xe1\x1c\x02\x00\xef\xe1\x18\x02\x00\xef\xe1\x10\x02\x00\xef\xe1\x00\x02\x00\xef'
2020-07-09 20:57:37.654865, cycle count 400, gpio values 261295, 0, 0, 13467, status messages:  b'\xe1\x10\x01\x00\xef\xe1\x18\x01\x00\xef\xe1\x1c\x01\x00\xef\xe1\x1e\x01\x00\xef\xe1\x1f\x01\x00\xef\xe1\x1e\x02\x00\xef\xe1\x1c\x02\x00\xef\xe1\x18\x02\x00\xef\xe1\x10\x02\x00\xef\xe1\x00\x02\x00\xef'
2020-07-09 20:57:54.372376, cycle count 401, gpio values 261998, 0, 0, 13495, status messages:  b'\xe1\x10\x01\x00\xef\xe1\x18\x01\x00\xef\xe1\x1c\x01\x00\xef\xe1\x1e\x01\x00\xef\xe1\x1f\x01\x00\xef\xe1\x1e\x02\x00\xef\xe1\x1c\x02\x00\xef\xe1\x18\x02\x00\xef\xe1\x10\x02\x00\xef\xe1\x00\x02\x00\xef'
2020-07-09 20:58:11.095902, cycle count 402, gpio values 262701, 0, 0, 13531, status messages:  b'\xe1\x10\x01\x00\xef\xe1\x18\x01\x00\xef\xe1\x1c\x01\x00\xef\xe1\x1e\x01\x00\xef\xe1\x1f\x01\x00\xef\xe1\x1e\x02\x00\xef\xe1\x1c\x02\x00\xef\xe1\x18\x02\x00\xef\xe1\x10\x02\x00\xef\xe1\x00\x02\x00\xef'
2020-07-09 20:58:28.325728, cycle count 403, gpio values 263442, 0, 0, 13567, status messages:  b'\xe1\x10\x01\x00\xef\xe1\x18\x01\x00\xef\xe1\x1c\x01\x00\xef\xe1\x1e\x01\x00\xef\xe1\x1f\x01\x00\xef\xe1\x1e\x02\x00\xef\xe1\x1c\x02\x00\xef\xe1\x18\x02\x00\xef\xe1\x10\x02\x00\xef\xe1\x00\x02\x00\xef'
2020-07-09 20:58:45.303034, cycle count 404, gpio values 264183, 0, 0, 13595, status messages:  b'\xe1\x10\x01\x00\xef\xe1\x18\x01\x00\xef\xe1\x1c\x01\x00\xef\xe1\x1e\x01\x00\xef\xe1\x1f\x01\x00\xef\xe1\x1e\x02\x00\xef\xe1\x1c\x02\x00\xef\xe1\x18\x02\x00\xef\xe1\x10\x02\x00\xef\xe1\x00\x02\x00\xef'
2020-07-09 20:59:02.279318, cycle count 405, gpio values 264886, 0, 0, 13631, status messages:  b'\xe1\x10\x01\x00\xef\xe1\x18\x01\x00\xef\xe1\x1c\x01\x00\xef\xe1\x1e\x01\x00\xef\xe1\x1f\x01\x00\xef\xe1\x1e\x02\x00\xef\xe1\x1c\x02\x00\xef\xe1\x18\x02\x00\xef\xe1\x10\x02\x00\xef\xe1\x00\x02\x00\xef'
2020-07-09 20:59:18.997037, cycle count 406, gpio values 265589, 0, 0, 13667, status messages:  b'\xe1\x10\x01\x00\xef\xe1\x18\x01\x00\xef\xe1\x1c\x01\x00\xef\xe1\x1e\x01\x00\xef\xe1\x1f\x01\x00\xef\xe1\x1e\x02\x00\xef\xe1\x1c\x02\x00\xef\xe1\x18\x02\x00\xef\xe1\x10\x02\x00\xef\xe1\x00\x02\x00\xef'
2020-07-09 20:59:35.973261, cycle count 407, gpio values 266330, 0, 0, 13703, status messages:  b'\xe1\x10\x01\x00\xef\xe1\x18\x01\x00\xef\xe1\x1c\x01\x00\xef\xe1\x1e\x01\x00\xef\xe1\x1f\x01\x00\xef\xe1\x1e\x02\x00\xef\xe1\x1c\x02\x00\xef\xe1\x18\x02\x00\xef\xe1\x10\x02\x00\xef\xe1\x00\x02\x00\xef'
2020-07-09 20:59:52.949581, cycle count 408, gpio values 267071, 0, 0, 13739, status messages:  b'\xe1\x10\x01\x00\xef\xe1\x18\x01\x00\xef\xe1\x1c\x01\x00\xef\xe1\x1e\x01\x00\xef\xe1\x1f\x01\x00\xef\xe1\x1e\x02\x00\xef\xe1\x1c\x02\x00\xef\xe1\x18\x02\x00\xef\xe1\x10\x02\x00\xef\xe1\x00\x02\x00\xef'
2020-07-09 21:00:09.691392, cycle count 409, gpio values 267774, 0, 0, 13775, status messages:  b'\xe1\x10\x01\x00\xef\xe1\x18\x01\x00\xef\xe1\x1c\x01\x00\xef\xe1\x1e\x01\x00\xef\xe1\x1f\x01\x00\xef\xe1\x1e\x02\x00\xef\xe1\x1c\x02\x00\xef\xe1\x18\x02\x00\xef\xe1\x10\x02\x00\xef\xe1\x00\x02\x00\xef'
2020-07-09 21:00:26.142508, cycle count 410, gpio values 268477, 0, 0, 13803, status messages:  b'\xe1\x10\x01\x00\xef\xe1\x18\x01\x00\xef\xe1\x1c\x01\x00\xef\xe1\x1e\x01\x00\xef\xe1\x1f\x01\x00\xef\xe1\x1e\x02\x00\xef\xe1\x1c\x02\x00\xef\xe1\x18\x02\x00\xef\xe1\x10\x02\x00\xef\xe1\x00\x02\x00\xef'
2020-07-09 21:00:42.600106, cycle count 411, gpio values 269180, 0, 0, 13831, status messages:  b'\xe1\x10\x01\x00\xef\xe1\x18\x01\x00\xef\xe1\x1c\x01\x00\xef\xe1\x1e\x01\x00\xef\xe1\x1f\x01\x00\xef\xe1\x1e\x02\x00\xef\xe1\x1c\x02\x00\xef\xe1\x18\x02\x00\xef\xe1\x10\x02\x00\xef\xe1\x00\x02\x00\xef'
2020-07-09 21:00:59.058295, cycle count 412, gpio values 269883, 0, 0, 13859, status messages:  b'\xe1\x10\x01\x00\xef\xe1\x18\x01\x00\xef\xe1\x1c\x01\x00\xef\xe1\x1e\x01\x00\xef\xe1\x1f\x01\x00\xef\xe1\x1e\x02\x00\xef\xe1\x1c\x02\x00\xef\xe1\x18\x02\x00\xef\xe1\x10\x02\x00\xef\xe1\x00\x02\x00\xef'
2020-07-09 21:01:15.776190, cycle count 413, gpio values 270586, 0, 0, 13895, status messages:  b'\xe1\x10\x01\x00\xef\xe1\x18\x01\x00\xef\xe1\x1c\x01\x00\xef\xe1\x1e\x01\x00\xef\xe1\x1f\x01\x00\xef\xe1\x1e\x02\x00\xef\xe1\x1c\x02\x00\xef\xe1\x18\x02\x00\xef\xe1\x10\x02\x00\xef\xe1\x00\x02\x00\xef'
2020-07-09 21:01:32.494098, cycle count 414, gpio values 271289, 0, 0, 13931, status messages:  b'\xe1\x10\x01\x00\xef\xe1\x18\x01\x00\xef\xe1\x1c\x01\x00\xef\xe1\x1e\x01\x00\xef\xe1\x1f\x01\x00\xef\xe1\x1e\x02\x00\xef\xe1\x1c\x02\x00\xef\xe1\x18\x02\x00\xef\xe1\x10\x02\x00\xef\xe1\x00\x02\x00\xef'
2020-07-09 21:01:48.951781, cycle count 415, gpio values 271992, 0, 0, 13959, status messages:  b'\xe1\x10\x01\x00\xef\xe1\x18\x01\x00\xef\xe1\x1c\x01\x00\xef\xe1\x1e\x01\x00\xef\xe1\x1f\x01\x00\xef\xe1\x1e\x02\x00\xef\xe1\x1c\x02\x00\xef\xe1\x18\x02\x00\xef\xe1\x10\x02\x00\xef\xe1\x00\x02\x00\xef'
2020-07-09 21:02:05.669782, cycle count 416, gpio values 272695, 0, 0, 13995, status messages:  b'\xe1\x10\x01\x00\xef\xe1\x18\x01\x00\xef\xe1\x1c\x01\x00\xef\xe1\x1e\x01\x00\xef\xe1\x1f\x01\x00\xef\xe1\x1e\x02\x00\xef\xe1\x1c\x02\x00\xef\xe1\x18\x02\x00\xef\xe1\x10\x02\x00\xef\xe1\x00\x02\x00\xef'
2020-07-09 21:02:22.403295, cycle count 417, gpio values 273398, 0, 0, 14031, status messages:  b'\xe1\x10\x01\x00\xef\xe1\x18\x01\x00\xef\xe1\x1c\x01\x00\xef\xe1\x1e\x01\x00\xef\xe1\x1f\x01\x00\xef\xe1\x1e\x02\x00\xef\xe1\x1c\x02\x00\xef\xe1\x18\x02\x00\xef\xe1\x10\x02\x00\xef\xe1\x00\x02\x00\xef'
2020-07-09 21:02:39.120275, cycle count 418, gpio values 274101, 0, 0, 14067, status messages:  b'\xe1\x10\x01\x00\xef\xe1\x18\x01\x00\xef\xe1\x1c\x01\x00\xef\xe1\x1e\x01\x00\xef\xe1\x1f\x01\x00\xef\xe1\x1e\x02\x00\xef\xe1\x1c\x02\x00\xef\xe1\x18\x02\x00\xef\xe1\x10\x02\x00\xef\xe1\x00\x02\x00\xef'
2020-07-09 21:02:55.870725, cycle count 419, gpio values 274804, 0, 0, 14103, status messages:  b'\xe1\x10\x01\x00\xef\xe1\x18\x01\x00\xef\xe1\x1c\x01\x00\xef\xe1\x1e\x01\x00\xef\xe1\x1f\x01\x00\xef\xe1\x1e\x02\x00\xef\xe1\x1c\x02\x00\xef\xe1\x18\x02\x00\xef\xe1\x10\x02\x00\xef\xe1\x00\x02\x00\xef'
2020-07-09 21:03:12.587471, cycle count 420, gpio values 275507, 0, 0, 14139, status messages:  b'\xe1\x10\x01\x00\xef\xe1\x18\x01\x00\xef\xe1\x1c\x01\x00\xef\xe1\x1e\x01\x00\xef\xe1\x1f\x01\x00\xef\xe1\x1e\x02\x00\xef\xe1\x1c\x02\x00\xef\xe1\x18\x02\x00\xef\xe1\x10\x02\x00\xef\xe1\x00\x02\x00\xef'
2020-07-09 21:03:29.045831, cycle count 421, gpio values 276210, 0, 0, 14167, status messages:  b'\xe1\x10\x01\x00\xef\xe1\x18\x01\x00\xef\xe1\x1c\x01\x00\xef\xe1\x1e\x01\x00\xef\xe1\x1f\x01\x00\xef\xe1\x1e\x02\x00\xef\xe1\x1c\x02\x00\xef\xe1\x18\x02\x00\xef\xe1\x10\x02\x00\xef\xe1\x00\x02\x00\xef'
2020-07-09 21:03:45.763338, cycle count 422, gpio values 276913, 0, 0, 14203, status messages:  b'\xe1\x10\x01\x00\xef\xe1\x18\x01\x00\xef\xe1\x1c\x01\x00\xef\xe1\x1e\x01\x00\xef\xe1\x1f\x01\x00\xef\xe1\x1e\x02\x00\xef\xe1\x1c\x02\x00\xef\xe1\x18\x02\x00\xef\xe1\x10\x02\x00\xef\xe1\x00\x02\x00\xef'
2020-07-09 21:04:02.220433, cycle count 423, gpio values 277616, 0, 0, 14239, status messages:  b'\xe1\x10\x01\x00\xef\xe1\x18\x01\x00\xef\xe1\x1c\x01\x00\xef\xe1\x1e\x01\x00\xef\xe1\x1f\x01\x00\xef\xe1\x1e\x02\x00\xef\xe1\x1c\x02\x00\xef\xe1\x18\x02\x00\xef\xe1\x10\x02\x00\xef\xe1\x00\x02\x00\xef'
2020-07-09 21:04:18.678978, cycle count 424, gpio values 278319, 0, 0, 14267, status messages:  b'\xe1\x10\x01\x00\xef\xe1\x18\x01\x00\xef\xe1\x1c\x01\x00\xef\xe1\x1e\x01\x00\xef\xe1\x1f\x01\x00\xef\xe1\x1e\x02\x00\xef\xe1\x1c\x02\x00\xef\xe1\x18\x02\x00\xef\xe1\x10\x02\x00\xef\xe1\x00\x02\x00\xef'
2020-07-09 21:04:35.413024, cycle count 425, gpio values 279022, 0, 0, 14303, status messages:  b'\xe1\x10\x01\x00\xef\xe1\x18\x01\x00\xef\xe1\x1c\x01\x00\xef\xe1\x1e\x01\x00\xef\xe1\x1f\x01\x00\xef\xe1\x1e\x02\x00\xef\xe1\x1c\x02\x00\xef\xe1\x18\x02\x00\xef\xe1\x10\x02\x00\xef\xe1\x00\x02\x00\xef'
2020-07-09 21:04:51.872018, cycle count 426, gpio values 279725, 0, 0, 14331, status messages:  b'\xe1\x10\x01\x00\xef\xe1\x18\x01\x00\xef\xe1\x1c\x01\x00\xef\xe1\x1e\x01\x00\xef\xe1\x1f\x01\x00\xef\xe1\x1e\x02\x00\xef\xe1\x1c\x02\x00\xef\xe1\x18\x02\x00\xef\xe1\x10\x02\x00\xef\xe1\x00\x02\x00\xef'
2020-07-09 21:05:08.689167, cycle count 427, gpio values 280428, 0, 0, 14367, status messages:  b'\xe1\x10\x01\x00\xef\xe1\x18\x01\x00\xef\xe1\x1c\x01\x00\xef\xe1\x1e\x01\x00\xef\xe1\x1f\x01\x00\xef\xe1\x1e\x02\x00\xef\xe1\x1c\x02\x00\xef\xe1\x18\x02\x00\xef\xe1\x10\x02\x00\xef\xe1\x00\x02\x00\xef'
2020-07-09 21:05:25.146654, cycle count 428, gpio values 281131, 0, 0, 14395, status messages:  b'\xe1\x10\x01\x00\xef\xe1\x18\x01\x00\xef\xe1\x1c\x01\x00\xef\xe1\x1e\x01\x00\xef\xe1\x1f\x01\x00\xef\xe1\x1e\x02\x00\xef\xe1\x1c\x02\x00\xef\xe1\x18\x02\x00\xef\xe1\x10\x02\x00\xef\xe1\x00\x02\x00\xef'
2020-07-09 21:05:41.604782, cycle count 429, gpio values 281834, 0, 0, 14423, status messages:  b'\xe1\x10\x01\x00\xef\xe1\x18\x01\x00\xef\xe1\x1c\x01\x00\xef\xe1\x1e\x01\x00\xef\xe1\x1f\x01\x00\xef\xe1\x1e\x02\x00\xef\xe1\x1c\x02\x00\xef\xe1\x18\x02\x00\xef\xe1\x10\x02\x00\xef\xe1\x00\x02\x00\xef'
2020-07-09 21:05:58.063105, cycle count 430, gpio values 282537, 0, 0, 14451, status messages:  b'\xe1\x10\x01\x00\xef\xe1\x18\x01\x00\xef\xe1\x1c\x01\x00\xef\xe1\x1e\x01\x00\xef\xe1\x1f\x01\x00\xef\xe1\x1e\x02\x00\xef\xe1\x1c\x02\x00\xef\xe1\x18\x02\x00\xef\xe1\x10\x02\x00\xef\xe1\x00\x02\x00\xef'
2020-07-09 21:06:14.781420, cycle count 431, gpio values 283240, 0, 0, 14487, status messages:  b'\xe1\x10\x01\x00\xef\xe1\x18\x01\x00\xef\xe1\x1c\x01\x00\xef\xe1\x1e\x01\x00\xef\xe1\x1f\x01\x00\xef\xe1\x1e\x02\x00\xef\xe1\x1c\x02\x00\xef\xe1\x18\x02\x00\xef\xe1\x10\x02\x00\xef\xe1\x00\x02\x00\xef'
2020-07-09 21:06:31.239034, cycle count 432, gpio values 283943, 0, 0, 14515, status messages:  b'\xe1\x10\x01\x00\xef\xe1\x18\x01\x00\xef\xe1\x1c\x01\x00\xef\xe1\x1e\x01\x00\xef\xe1\x1f\x01\x00\xef\xe1\x1e\x02\x00\xef\xe1\x1c\x02\x00\xef\xe1\x18\x02\x00\xef\xe1\x10\x02\x00\xef\xe1\x00\x02\x00\xef'
2020-07-09 21:06:47.697206, cycle count 433, gpio values 284609, 0, 0, 14551, status messages:  b'\xe1\x10\x01\x00\xef\xe1\x18\x01\x00\xef\xe1\x1c\x01\x00\xef\xe1\x1e\x01\x00\xef\xe1\x1f\x01\x00\xef\xe1\x1e\x02\x00\xef\xe1\x1c\x02\x00\xef\xe1\x18\x02\x00\xef\xe1\x10\x02\x00\xef\xe1\x00\x02\x00\xef'
2020-07-09 21:07:04.156217, cycle count 434, gpio values 285312, 0, 0, 14579, status messages:  b'\xe1\x10\x01\x00\xef\xe1\x18\x01\x00\xef\xe1\x1c\x01\x00\xef\xe1\x1e\x01\x00\xef\xe1\x1f\x01\x00\xef\xe1\x1e\x02\x00\xef\xe1\x1c\x02\x00\xef\xe1\x18\x02\x00\xef\xe1\x10\x02\x00\xef\xe1\x00\x02\x00\xef'
2020-07-09 21:07:20.614815, cycle count 435, gpio values 286015, 0, 0, 14607, status messages:  b'\xe1\x10\x01\x00\xef\xe1\x18\x01\x00\xef\xe1\x1c\x01\x00\xef\xe1\x1e\x01\x00\xef\xe1\x1f\x01\x00\xef\xe1\x1e\x02\x00\xef\xe1\x1c\x02\x00\xef\xe1\x18\x02\x00\xef\xe1\x10\x02\x00\xef\xe1\x00\x02\x00\xef'
2020-07-09 21:07:37.071460, cycle count 436, gpio values 286718, 0, 0, 14635, status messages:  b'\xe1\x10\x01\x00\xef\xe1\x18\x01\x00\xef\xe1\x1c\x01\x00\xef\xe1\x1e\x01\x00\xef\xe1\x1f\x01\x00\xef\xe1\x1e\x02\x00\xef\xe1\x1c\x02\x00\xef\xe1\x18\x02\x00\xef\xe1\x10\x02\x00\xef\xe1\x00\x02\x00\xef'
2020-07-09 21:07:53.788733, cycle count 437, gpio values 287421, 0, 0, 14680, status messages:  b'\xe1\x10\x01\x00\xef\xe1\x18\x01\x00\xef\xe1\x1c\x01\x00\xef\xe1\x1e\x01\x00\xef\xe1\x1f\x01\x00\xef\xe1\x1e\x02\x00\xef\xe1\x1c\x02\x00\xef\xe1\x18\x02\x00\xef\xe1\x10\x02\x00\xef\xe1\x00\x02\x00\xef'
2020-07-09 21:08:10.247529, cycle count 438, gpio values 288124, 0, 0, 14708, status messages:  b'\xe1\x10\x01\x00\xef\xe1\x18\x01\x00\xef\xe1\x1c\x01\x00\xef\xe1\x1e\x01\x00\xef\xe1\x1f\x01\x00\xef\xe1\x1e\x02\x00\xef\xe1\x1c\x02\x00\xef\xe1\x18\x02\x00\xef\xe1\x10\x02\x00\xef\xe1\x00\x02\x00\xef'
2020-07-09 21:08:26.705663, cycle count 439, gpio values 288827, 0, 0, 14744, status messages:  b'\xe1\x10\x01\x00\xef\xe1\x18\x01\x00\xef\xe1\x1c\x01\x00\xef\xe1\x1e\x01\x00\xef\xe1\x1f\x01\x00\xef\xe1\x1e\x02\x00\xef\xe1\x1c\x02\x00\xef\xe1\x18\x02\x00\xef\xe1\x10\x02\x00\xef\xe1\x00\x02\x00\xef'
2020-07-09 21:08:43.163186, cycle count 440, gpio values 289530, 0, 0, 14772, status messages:  b'\xe1\x10\x01\x00\xef\xe1\x18\x01\x00\xef\xe1\x1c\x01\x00\xef\xe1\x1e\x01\x00\xef\xe1\x1f\x01\x00\xef\xe1\x1e\x02\x00\xef\xe1\x1c\x02\x00\xef\xe1\x18\x02\x00\xef\xe1\x10\x02\x00\xef\xe1\x00\x02\x00\xef'
2020-07-09 21:08:59.622797, cycle count 441, gpio values 290233, 0, 0, 14800, status messages:  b'\xe1\x10\x01\x00\xef\xe1\x18\x01\x00\xef\xe1\x1c\x01\x00\xef\xe1\x1e\x01\x00\xef\xe1\x1f\x01\x00\xef\xe1\x1e\x02\x00\xef\xe1\x1c\x02\x00\xef\xe1\x18\x02\x00\xef\xe1\x10\x02\x00\xef\xe1\x00\x02\x00\xef'
2020-07-09 21:09:16.472336, cycle count 442, gpio values 290936, 0, 0, 14836, status messages:  b'\xe1\x10\x01\x00\xef\xe1\x18\x01\x00\xef\xe1\x1c\x01\x00\xef\xe1\x1e\x01\x00\xef\xe1\x1f\x01\x00\xef\xe1\x1e\x02\x00\xef\xe1\x1c\x02\x00\xef\xe1\x18\x02\x00\xef\xe1\x10\x02\x00\xef\xe1\x00\x02\x00\xef'
2020-07-09 21:09:32.929679, cycle count 443, gpio values 291639, 0, 0, 14872, status messages:  b'\xe1\x10\x01\x00\xef\xe1\x18\x01\x00\xef\xe1\x1c\x01\x00\xef\xe1\x1e\x01\x00\xef\xe1\x1f\x01\x00\xef\xe1\x1e\x02\x00\xef\xe1\x1c\x02\x00\xef\xe1\x18\x02\x00\xef\xe1\x10\x02\x00\xef\xe1\x00\x02\x00\xef'
2020-07-09 21:09:49.388807, cycle count 444, gpio values 292342, 0, 0, 14900, status messages:  b'\xe1\x10\x01\x00\xef\xe1\x18\x01\x00\xef\xe1\x1c\x01\x00\xef\xe1\x1e\x01\x00\xef\xe1\x1f\x01\x00\xef\xe1\x1e\x02\x00\xef\xe1\x1c\x02\x00\xef\xe1\x18\x02\x00\xef\xe1\x10\x02\x00\xef\xe1\x00\x02\x00\xef'
2020-07-09 21:10:05.847485, cycle count 445, gpio values 293045, 0, 0, 14928, status messages:  b'\xe1\x10\x01\x00\xef\xe1\x18\x01\x00\xef\xe1\x1c\x01\x00\xef\xe1\x1e\x01\x00\xef\xe1\x1f\x01\x00\xef\xe1\x1e\x02\x00\xef\xe1\x1c\x02\x00\xef\xe1\x18\x02\x00\xef\xe1\x10\x02\x00\xef\xe1\x00\x02\x00\xef'
2020-07-09 21:10:22.305847, cycle count 446, gpio values 293748, 0, 0, 14964, status messages:  b'\xe1\x10\x01\x00\xef\xe1\x18\x01\x00\xef\xe1\x1c\x01\x00\xef\xe1\x1e\x01\x00\xef\xe1\x1f\x01\x00\xef\xe1\x1e\x02\x00\xef\xe1\x1c\x02\x00\xef\xe1\x18\x02\x00\xef\xe1\x10\x02\x00\xef\xe1\x00\x02\x00\xef'
2020-07-09 21:10:39.155425, cycle count 447, gpio values 294451, 0, 0, 15000, status messages:  b'\xe1\x10\x01\x00\xef\xe1\x18\x01\x00\xef\xe1\x1c\x01\x00\xef\xe1\x1e\x01\x00\xef\xe1\x1f\x01\x00\xef\xe1\x1e\x02\x00\xef\xe1\x1c\x02\x00\xef\xe1\x18\x02\x00\xef\xe1\x10\x02\x00\xef\xe1\x00\x02\x00\xef'
2020-07-09 21:10:55.629380, cycle count 448, gpio values 295117, 0, 0, 15036, status messages:  b'\xe1\x10\x01\x00\xef\xe1\x18\x01\x00\xef\xe1\x1c\x01\x00\xef\xe1\x1e\x01\x00\xef\xe1\x1f\x01\x00\xef\xe1\x1e\x02\x00\xef\xe1\x1c\x02\x00\xef\xe1\x18\x02\x00\xef\xe1\x10\x02\x00\xef\xe1\x00\x02\x00\xef'
2020-07-09 21:11:12.087679, cycle count 449, gpio values 295783, 0, 0, 15072, status messages:  b'\xe1\x10\x01\x00\xef\xe1\x18\x01\x00\xef\xe1\x1c\x01\x00\xef\xe1\x1e\x01\x00\xef\xe1\x1f\x01\x00\xef\xe1\x1e\x02\x00\xef\xe1\x1c\x02\x00\xef\xe1\x18\x02\x00\xef\xe1\x10\x02\x00\xef\xe1\x00\x02\x00\xef'
2020-07-09 21:11:28.546134, cycle count 450, gpio values 296486, 0, 0, 15100, status messages:  b'\xe1\x10\x01\x00\xef\xe1\x18\x01\x00\xef\xe1\x1c\x01\x00\xef\xe1\x1e\x01\x00\xef\xe1\x1f\x01\x00\xef\xe1\x1e\x02\x00\xef\xe1\x1c\x02\x00\xef\xe1\x18\x02\x00\xef\xe1\x10\x02\x00\xef\xe1\x00\x02\x00\xef'
2020-07-09 21:11:45.004653, cycle count 451, gpio values 297189, 0, 0, 15136, status messages:  b'\xe1\x10\x01\x00\xef\xe1\x18\x01\x00\xef\xe1\x1c\x01\x00\xef\xe1\x1e\x01\x00\xef\xe1\x1f\x01\x00\xef\xe1\x1e\x02\x00\xef\xe1\x1c\x02\x00\xef\xe1\x18\x02\x00\xef\xe1\x10\x02\x00\xef\xe1\x00\x02\x00\xef'
2020-07-09 21:12:01.463166, cycle count 452, gpio values 297855, 0, 0, 15172, status messages:  b'\xe1\x10\x01\x00\xef\xe1\x18\x01\x00\xef\xe1\x1c\x01\x00\xef\xe1\x1e\x01\x00\xef\xe1\x1f\x01\x00\xef\xe1\x1e\x02\x00\xef\xe1\x1c\x02\x00\xef\xe1\x18\x02\x00\xef\xe1\x10\x02\x00\xef\xe1\x00\x02\x00\xef'
2020-07-09 21:12:17.661771, cycle count 453, gpio values 298521, 0, 0, 15200, status messages:  b'\xe1\x10\x01\x00\xef\xe1\x18\x01\x00\xef\xe1\x1c\x01\x00\xef\xe1\x1e\x01\x00\xef\xe1\x1f\x01\x00\xef\xe1\x1e\x02\x00\xef\xe1\x1c\x02\x00\xef\xe1\x18\x02\x00\xef\xe1\x10\x02\x00\xef\xe1\x00\x02\x00\xef'
2020-07-09 21:12:34.120776, cycle count 454, gpio values 299224, 0, 0, 15228, status messages:  b'\xe1\x10\x01\x00\xef\xe1\x18\x01\x00\xef\xe1\x1c\x01\x00\xef\xe1\x1e\x01\x00\xef\xe1\x1f\x01\x00\xef\xe1\x1e\x02\x00\xef\xe1\x1c\x02\x00\xef\xe1\x18\x02\x00\xef\xe1\x10\x02\x00\xef\xe1\x00\x02\x00\xef'
2020-07-09 21:12:50.838902, cycle count 455, gpio values 299927, 0, 0, 15264, status messages:  b'\xe1\x10\x01\x00\xef\xe1\x18\x01\x00\xef\xe1\x1c\x01\x00\xef\xe1\x1e\x01\x00\xef\xe1\x1f\x01\x00\xef\xe1\x1e\x02\x00\xef\xe1\x1c\x02\x00\xef\xe1\x18\x02\x00\xef\xe1\x10\x02\x00\xef\xe1\x00\x02\x00\xef'
2020-07-09 21:13:07.298183, cycle count 456, gpio values 300593, 0, 0, 15292, status messages:  b'\xe1\x10\x01\x00\xef\xe1\x18\x01\x00\xef\xe1\x1c\x01\x00\xef\xe1\x1e\x01\x00\xef\xe1\x1f\x01\x00\xef\xe1\x1e\x02\x00\xef\xe1\x1c\x02\x00\xef\xe1\x18\x02\x00\xef\xe1\x10\x02\x00\xef\xe1\x00\x02\x00\xef'
2020-07-09 21:13:23.756824, cycle count 457, gpio values 301296, 0, 0, 15320, status messages:  b'\xe1\x10\x01\x00\xef\xe1\x18\x01\x00\xef\xe1\x1c\x01\x00\xef\xe1\x1e\x01\x00\xef\xe1\x1f\x01\x00\xef\xe1\x1e\x02\x00\xef\xe1\x1c\x02\x00\xef\xe1\x18\x02\x00\xef\xe1\x10\x02\x00\xef\xe1\x00\x02\x00\xef'
2020-07-09 21:13:40.214474, cycle count 458, gpio values 301999, 0, 0, 15348, status messages:  b'\xe1\x10\x01\x00\xef\xe1\x18\x01\x00\xef\xe1\x1c\x01\x00\xef\xe1\x1e\x01\x00\xef\xe1\x1f\x01\x00\xef\xe1\x1e\x02\x00\xef\xe1\x1c\x02\x00\xef\xe1\x18\x02\x00\xef\xe1\x10\x02\x00\xef\xe1\x00\x02\x00\xef'
2020-07-09 21:13:56.673329, cycle count 459, gpio values 302702, 0, 0, 15376, status messages:  b'\xe1\x10\x01\x00\xef\xe1\x18\x01\x00\xef\xe1\x1c\x01\x00\xef\xe1\x1e\x01\x00\xef\xe1\x1f\x01\x00\xef\xe1\x1e\x02\x00\xef\xe1\x1c\x02\x00\xef\xe1\x18\x02\x00\xef\xe1\x10\x02\x00\xef\xe1\x00\x02\x00\xef'
2020-07-09 21:14:13.131662, cycle count 460, gpio values 303405, 0, 0, 15404, status messages:  b'\xe1\x10\x01\x00\xef\xe1\x18\x01\x00\xef\xe1\x1c\x01\x00\xef\xe1\x1e\x01\x00\xef\xe1\x1f\x01\x00\xef\xe1\x1e\x02\x00\xef\xe1\x1c\x02\x00\xef\xe1\x18\x02\x00\xef\xe1\x10\x02\x00\xef\xe1\x00\x02\x00\xef'
2020-07-09 21:14:29.849564, cycle count 461, gpio values 304108, 0, 0, 15440, status messages:  b'\xe1\x10\x01\x00\xef\xe1\x18\x01\x00\xef\xe1\x1c\x01\x00\xef\xe1\x1e\x01\x00\xef\xe1\x1f\x01\x00\xef\xe1\x1e\x02\x00\xef\xe1\x1c\x02\x00\xef\xe1\x18\x02\x00\xef\xe1\x10\x02\x00\xef\xe1\x00\x02\x00\xef'
2020-07-09 21:14:46.307816, cycle count 462, gpio values 304811, 0, 0, 15468, status messages:  b'\xe1\x10\x01\x00\xef\xe1\x18\x01\x00\xef\xe1\x1c\x01\x00\xef\xe1\x1e\x01\x00\xef\xe1\x1f\x01\x00\xef\xe1\x1e\x02\x00\xef\xe1\x1c\x02\x00\xef\xe1\x18\x02\x00\xef\xe1\x10\x02\x00\xef\xe1\x00\x02\x00\xef'
2020-07-09 21:15:02.766202, cycle count 463, gpio values 305514, 0, 0, 15496, status messages:  b'\xe1\x10\x01\x00\xef\xe1\x18\x01\x00\xef\xe1\x1c\x01\x00\xef\xe1\x1e\x01\x00\xef\xe1\x1f\x01\x00\xef\xe1\x1e\x02\x00\xef\xe1\x1c\x02\x00\xef\xe1\x18\x02\x00\xef\xe1\x10\x02\x00\xef\xe1\x00\x02\x00\xef'
2020-07-09 21:15:19.224161, cycle count 464, gpio values 306217, 0, 0, 15524, status messages:  b'\xe1\x10\x01\x00\xef\xe1\x18\x01\x00\xef\xe1\x1c\x01\x00\xef\xe1\x1e\x01\x00\xef\xe1\x1f\x01\x00\xef\xe1\x1e\x02\x00\xef\xe1\x1c\x02\x00\xef\xe1\x18\x02\x00\xef\xe1\x10\x02\x00\xef\xe1\x00\x02\x00\xef'
2020-07-09 21:15:35.683078, cycle count 465, gpio values 306920, 0, 0, 15552, status messages:  b'\xe1\x10\x01\x00\xef\xe1\x18\x01\x00\xef\xe1\x1c\x01\x00\xef\xe1\x1e\x01\x00\xef\xe1\x1f\x01\x00\xef\xe1\x1e\x02\x00\xef\xe1\x1c\x02\x00\xef\xe1\x18\x02\x00\xef\xe1\x10\x02\x00\xef\xe1\x00\x02\x00\xef'
2020-07-09 21:15:52.400554, cycle count 466, gpio values 307623, 0, 0, 15588, status messages:  b'\xe1\x10\x01\x00\xef\xe1\x18\x01\x00\xef\xe1\x1c\x01\x00\xef\xe1\x1e\x01\x00\xef\xe1\x1f\x01\x00\xef\xe1\x1e\x02\x00\xef\xe1\x1c\x02\x00\xef\xe1\x18\x02\x00\xef\xe1\x10\x02\x00\xef\xe1\x00\x02\x00\xef'
2020-07-09 21:16:09.216142, cycle count 467, gpio values 308326, 0, 0, 15624, status messages:  b'\xe1\x10\x01\x00\xef\xe1\x18\x01\x00\xef\xe1\x1c\x01\x00\xef\xe1\x1e\x01\x00\xef\xe1\x1f\x01\x00\xef\xe1\x1e\x02\x00\xef\xe1\x1c\x02\x00\xef\xe1\x18\x02\x00\xef\xe1\x10\x02\x00\xef\xe1\x00\x02\x00\xef'
2020-07-09 21:16:25.673692, cycle count 468, gpio values 309029, 0, 0, 15652, status messages:  b'\xe1\x10\x01\x00\xef\xe1\x18\x01\x00\xef\xe1\x1c\x01\x00\xef\xe1\x1e\x01\x00\xef\xe1\x1f\x01\x00\xef\xe1\x1e\x02\x00\xef\xe1\x1c\x02\x00\xef\xe1\x18\x02\x00\xef\xe1\x10\x02\x00\xef\xe1\x00\x02\x00\xef'
2020-07-09 21:16:42.132301, cycle count 469, gpio values 309732, 0, 0, 15680, status messages:  b'\xe1\x10\x01\x00\xef\xe1\x18\x01\x00\xef\xe1\x1c\x01\x00\xef\xe1\x1e\x01\x00\xef\xe1\x1f\x01\x00\xef\xe1\x1e\x02\x00\xef\xe1\x1c\x02\x00\xef\xe1\x18\x02\x00\xef\xe1\x10\x02\x00\xef\xe1\x00\x02\x00\xef'
2020-07-09 21:16:58.849789, cycle count 470, gpio values 310435, 0, 0, 15716, status messages:  b'\xe1\x10\x01\x00\xef\xe1\x18\x01\x00\xef\xe1\x1c\x01\x00\xef\xe1\x1e\x01\x00\xef\xe1\x1f\x01\x00\xef\xe1\x1e\x02\x00\xef\xe1\x1c\x02\x00\xef\xe1\x18\x02\x00\xef\xe1\x10\x02\x00\xef\xe1\x00\x02\x00\xef'
2020-07-09 21:17:15.667888, cycle count 471, gpio values 311138, 0, 0, 15752, status messages:  b'\xe1\x10\x01\x00\xef\xe1\x18\x01\x00\xef\xe1\x1c\x01\x00\xef\xe1\x1e\x01\x00\xef\xe1\x1f\x01\x00\xef\xe1\x1e\x02\x00\xef\xe1\x1c\x02\x00\xef\xe1\x18\x02\x00\xef\xe1\x10\x02\x00\xef\xe1\x00\x02\x00\xef'
2020-07-09 21:17:32.126801, cycle count 472, gpio values 311841, 0, 0, 15780, status messages:  b'\xe1\x10\x01\x00\xef\xe1\x18\x01\x00\xef\xe1\x1c\x01\x00\xef\xe1\x1e\x01\x00\xef\xe1\x1f\x01\x00\xef\xe1\x1e\x02\x00\xef\xe1\x1c\x02\x00\xef\xe1\x18\x02\x00\xef\xe1\x10\x02\x00\xef\xe1\x00\x02\x00\xef'
2020-07-09 21:17:48.584107, cycle count 473, gpio values 312544, 0, 0, 15808, status messages:  b'\xe1\x10\x01\x00\xef\xe1\x18\x01\x00\xef\xe1\x1c\x01\x00\xef\xe1\x1e\x01\x00\xef\xe1\x1f\x01\x00\xef\xe1\x1e\x02\x00\xef\xe1\x1c\x02\x00\xef\xe1\x18\x02\x00\xef\xe1\x10\x02\x00\xef\xe1\x00\x02\x00\xef'
2020-07-09 21:18:05.302460, cycle count 474, gpio values 313247, 0, 0, 15844, status messages:  b'\xe1\x10\x01\x00\xef\xe1\x18\x01\x00\xef\xe1\x1c\x01\x00\xef\xe1\x1e\x01\x00\xef\xe1\x1f\x01\x00\xef\xe1\x1e\x02\x00\xef\xe1\x1c\x02\x00\xef\xe1\x18\x02\x00\xef\xe1\x10\x02\x00\xef\xe1\x00\x02\x00\xef'
2020-07-09 21:18:21.583044, cycle count 475, gpio values 313913, 0, 0, 15872, status messages:  b'\xe1\x10\x01\x00\xef\xe1\x18\x01\x00\xef\xe1\x1c\x01\x00\xef\xe1\x1e\x01\x00\xef\xe1\x1f\x01\x00\xef\xe1\x1e\x02\x00\xef\xe1\x1c\x02\x00\xef\xe1\x18\x02\x00\xef\xe1\x10\x02\x00\xef\xe1\x00\x02\x00\xef'
2020-07-09 21:18:38.044508, cycle count 476, gpio values 314616, 0, 0, 15900, status messages:  b'\xe1\x10\x01\x00\xef\xe1\x18\x01\x00\xef\xe1\x1c\x01\x00\xef\xe1\x1e\x01\x00\xef\xe1\x1f\x01\x00\xef\xe1\x1e\x02\x00\xef\xe1\x1c\x02\x00\xef\xe1\x18\x02\x00\xef\xe1\x10\x02\x00\xef\xe1\x00\x02\x00\xef'
2020-07-09 21:18:54.498819, cycle count 477, gpio values 315319, 0, 0, 15928, status messages:  b'\xe1\x10\x01\x00\xef\xe1\x18\x01\x00\xef\xe1\x1c\x01\x00\xef\xe1\x1e\x01\x00\xef\xe1\x1f\x01\x00\xef\xe1\x1e\x02\x00\xef\xe1\x1c\x02\x00\xef\xe1\x18\x02\x00\xef\xe1\x10\x02\x00\xef\xe1\x00\x02\x00\xef'
2020-07-09 21:19:10.957491, cycle count 478, gpio values 316022, 0, 0, 15956, status messages:  b'\xe1\x10\x01\x00\xef\xe1\x18\x01\x00\xef\xe1\x1c\x01\x00\xef\xe1\x1e\x01\x00\xef\xe1\x1f\x01\x00\xef\xe1\x1e\x02\x00\xef\xe1\x1c\x02\x00\xef\xe1\x18\x02\x00\xef\xe1\x10\x02\x00\xef\xe1\x00\x02\x00\xef'
2020-07-09 21:19:27.414939, cycle count 479, gpio values 316725, 0, 0, 15984, status messages:  b'\xe1\x10\x01\x00\xef\xe1\x18\x01\x00\xef\xe1\x1c\x01\x00\xef\xe1\x1e\x01\x00\xef\xe1\x1f\x01\x00\xef\xe1\x1e\x02\x00\xef\xe1\x1c\x02\x00\xef\xe1\x18\x02\x00\xef\xe1\x10\x02\x00\xef\xe1\x00\x02\x00\xef'
2020-07-09 21:19:44.297181, cycle count 480, gpio values 317428, 0, 0, 16020, status messages:  b'\xe1\x10\x01\x00\xef\xe1\x18\x01\x00\xef\xe1\x1c\x01\x00\xef\xe1\x1e\x01\x00\xef\xe1\x1f\x01\x00\xef\xe1\x1e\x02\x00\xef\xe1\x1c\x02\x00\xef\xe1\x18\x02\x00\xef\xe1\x10\x02\x00\xef\xe1\x00\x02\x00\xef'
2020-07-09 21:20:00.756093, cycle count 481, gpio values 318131, 0, 0, 16048, status messages:  b'\xe1\x10\x01\x00\xef\xe1\x18\x01\x00\xef\xe1\x1c\x01\x00\xef\xe1\x1e\x01\x00\xef\xe1\x1f\x01\x00\xef\xe1\x1e\x02\x00\xef\xe1\x1c\x02\x00\xef\xe1\x18\x02\x00\xef\xe1\x10\x02\x00\xef\xe1\x00\x02\x00\xef'
2020-07-09 21:20:17.214505, cycle count 482, gpio values 318834, 0, 0, 16084, status messages:  b'\xe1\x10\x01\x00\xef\xe1\x18\x01\x00\xef\xe1\x1c\x01\x00\xef\xe1\x1e\x01\x00\xef\xe1\x1f\x01\x00\xef\xe1\x1e\x02\x00\xef\xe1\x1c\x02\x00\xef\xe1\x18\x02\x00\xef\xe1\x10\x02\x00\xef\xe1\x00\x02\x00\xef'
2020-07-09 21:20:33.931741, cycle count 483, gpio values 319537, 0, 0, 16120, status messages:  b'\xe1\x10\x01\x00\xef\xe1\x18\x01\x00\xef\xe1\x1c\x01\x00\xef\xe1\x1e\x01\x00\xef\xe1\x1f\x01\x00\xef\xe1\x1e\x02\x00\xef\xe1\x1c\x02\x00\xef\xe1\x18\x02\x00\xef\xe1\x10\x02\x00\xef\xe1\x00\x02\x00\xef'
2020-07-09 21:20:50.649695, cycle count 484, gpio values 320240, 0, 0, 16156, status messages:  b'\xe1\x10\x01\x00\xef\xe1\x18\x01\x00\xef\xe1\x1c\x01\x00\xef\xe1\x1e\x01\x00\xef\xe1\x1f\x01\x00\xef\xe1\x1e\x02\x00\xef\xe1\x1c\x02\x00\xef\xe1\x18\x02\x00\xef\xe1\x10\x02\x00\xef\xe1\x00\x02\x00\xef'
2020-07-09 21:21:07.367400, cycle count 485, gpio values 320943, 0, 0, 16192, status messages:  b'\xe1\x10\x01\x00\xef\xe1\x18\x01\x00\xef\xe1\x1c\x01\x00\xef\xe1\x1e\x01\x00\xef\xe1\x1f\x01\x00\xef\xe1\x1e\x02\x00\xef\xe1\x1c\x02\x00\xef\xe1\x18\x02\x00\xef\xe1\x10\x02\x00\xef\xe1\x00\x02\x00\xef'
2020-07-09 21:21:23.824925, cycle count 486, gpio values 321646, 0, 0, 16220, status messages:  b'\xe1\x10\x01\x00\xef\xe1\x18\x01\x00\xef\xe1\x1c\x01\x00\xef\xe1\x1e\x01\x00\xef\xe1\x1f\x01\x00\xef\xe1\x1e\x02\x00\xef\xe1\x1c\x02\x00\xef\xe1\x18\x02\x00\xef\xe1\x10\x02\x00\xef\xe1\x00\x02\x00\xef'
2020-07-09 21:21:40.283069, cycle count 487, gpio values 322349, 0, 0, 16248, status messages:  b'\xe1\x10\x01\x00\xef\xe1\x18\x01\x00\xef\xe1\x1c\x01\x00\xef\xe1\x1e\x01\x00\xef\xe1\x1f\x01\x00\xef\xe1\x1e\x02\x00\xef\xe1\x1c\x02\x00\xef\xe1\x18\x02\x00\xef\xe1\x10\x02\x00\xef\xe1\x00\x02\x00\xef'
2020-07-09 21:21:57.033672, cycle count 488, gpio values 323052, 0, 0, 16276, status messages:  b'\xe1\x10\x01\x00\xef\xe1\x18\x01\x00\xef\xe1\x1c\x01\x00\xef\xe1\x1e\x01\x00\xef\xe1\x1f\x01\x00\xef\xe1\x1e\x02\x00\xef\xe1\x1c\x02\x00\xef\xe1\x18\x02\x00\xef\xe1\x10\x02\x00\xef\xe1\x00\x02\x00\xef'
2020-07-09 21:22:13.750405, cycle count 489, gpio values 323755, 0, 0, 16312, status messages:  b'\xe1\x10\x01\x00\xef\xe1\x18\x01\x00\xef\xe1\x1c\x01\x00\xef\xe1\x1e\x01\x00\xef\xe1\x1f\x01\x00\xef\xe1\x1e\x02\x00\xef\xe1\x1c\x02\x00\xef\xe1\x18\x02\x00\xef\xe1\x10\x02\x00\xef\xe1\x00\x02\x00\xef'
2020-07-09 21:22:30.727986, cycle count 490, gpio values 324496, 0, 0, 16348, status messages:  b'\xe1\x10\x01\x00\xef\xe1\x18\x01\x00\xef\xe1\x1c\x01\x00\xef\xe1\x1e\x01\x00\xef\xe1\x1f\x01\x00\xef\xe1\x1e\x02\x00\xef\xe1\x1c\x02\x00\xef\xe1\x18\x02\x00\xef\xe1\x10\x02\x00\xef\xe1\x00\x02\x00\xef'
2020-07-09 21:22:47.769830, cycle count 491, gpio values 325237, 0, 0, 16384, status messages:  b'\xe1\x10\x01\x00\xef\xe1\x18\x01\x00\xef\xe1\x1c\x01\x00\xef\xe1\x1e\x01\x00\xef\xe1\x1f\x01\x00\xef\xe1\x1e\x02\x00\xef\xe1\x1c\x02\x00\xef\xe1\x18\x02\x00\xef\xe1\x10\x02\x00\xef\xe1\x00\x02\x00\xef'
2020-07-09 21:23:04.552188, cycle count 492, gpio values 325940, 0, 0, 16420, status messages:  b'\xe1\x10\x01\x00\xef\xe1\x18\x01\x00\xef\xe1\x1c\x01\x00\xef\xe1\x1e\x01\x00\xef\xe1\x1f\x01\x00\xef\xe1\x1e\x02\x00\xef\xe1\x1c\x02\x00\xef\xe1\x18\x02\x00\xef\xe1\x10\x02\x00\xef\xe1\x00\x02\x00\xef'
2020-07-09 21:23:21.270053, cycle count 493, gpio values 326643, 0, 0, 16456, status messages:  b'\xe1\x10\x01\x00\xef\xe1\x18\x01\x00\xef\xe1\x1c\x01\x00\xef\xe1\x1e\x01\x00\xef\xe1\x1f\x01\x00\xef\xe1\x1e\x02\x00\xef\xe1\x1c\x02\x00\xef\xe1\x18\x02\x00\xef\xe1\x10\x02\x00\xef\xe1\x00\x02\x00\xef'
2020-07-09 21:23:37.987955, cycle count 494, gpio values 327346, 0, 0, 16492, status messages:  b'\xe1\x10\x01\x00\xef\xe1\x18\x01\x00\xef\xe1\x1c\x01\x00\xef\xe1\x1e\x01\x00\xef\xe1\x1f\x01\x00\xef\xe1\x1e\x02\x00\xef\xe1\x1c\x02\x00\xef\xe1\x18\x02\x00\xef\xe1\x10\x02\x00\xef\xe1\x00\x02\x00\xef'
2020-07-09 21:23:54.704669, cycle count 495, gpio values 328049, 0, 0, 16528, status messages:  b'\xe1\x10\x01\x00\xef\xe1\x18\x01\x00\xef\xe1\x1c\x01\x00\xef\xe1\x1e\x01\x00\xef\xe1\x1f\x01\x00\xef\xe1\x1e\x02\x00\xef\xe1\x1c\x02\x00\xef\xe1\x18\x02\x00\xef\xe1\x10\x02\x00\xef\xe1\x00\x02\x00\xef'
2020-07-09 21:24:11.421753, cycle count 496, gpio values 328752, 0, 0, 16564, status messages:  b'\xe1\x10\x01\x00\xef\xe1\x18\x01\x00\xef\xe1\x1c\x01\x00\xef\xe1\x1e\x01\x00\xef\xe1\x1f\x01\x00\xef\xe1\x1e\x02\x00\xef\xe1\x1c\x02\x00\xef\xe1\x18\x02\x00\xef\xe1\x10\x02\x00\xef\xe1\x00\x02\x00\xef'
2020-07-09 21:24:28.142469, cycle count 497, gpio values 329455, 0, 0, 16600, status messages:  b'\xe1\x10\x01\x00\xef\xe1\x18\x01\x00\xef\xe1\x1c\x01\x00\xef\xe1\x1e\x01\x00\xef\xe1\x1f\x01\x00\xef\xe1\x1e\x02\x00\xef\xe1\x1c\x02\x00\xef\xe1\x18\x02\x00\xef\xe1\x10\x02\x00\xef\xe1\x00\x02\x00\xef'
2020-07-09 21:24:44.857410, cycle count 498, gpio values 330158, 0, 0, 16636, status messages:  b'\xe1\x10\x01\x00\xef\xe1\x18\x01\x00\xef\xe1\x1c\x01\x00\xef\xe1\x1e\x01\x00\xef\xe1\x1f\x01\x00\xef\xe1\x1e\x02\x00\xef\xe1\x1c\x02\x00\xef\xe1\x18\x02\x00\xef\xe1\x10\x02\x00\xef\xe1\x00\x02\x00\xef'
2020-07-09 21:25:01.315620, cycle count 499, gpio values 330861, 0, 0, 16664, status messages:  b'\xe1\x10\x01\x00\xef\xe1\x18\x01\x00\xef\xe1\x1c\x01\x00\xef\xe1\x1e\x01\x00\xef\xe1\x1f\x01\x00\xef\xe1\x1e\x02\x00\xef\xe1\x1c\x02\x00\xef\xe1\x18\x02\x00\xef\xe1\x10\x02\x00\xef\xe1\x00\x02\x00\xef'
2020-07-09 21:25:17.773485, cycle count 500, gpio values 331564, 0, 0, 16692, status messages:  b'\xe1\x10\x01\x00\xef\xe1\x18\x01\x00\xef\xe1\x1c\x01\x00\xef\xe1\x1e\x01\x00\xef\xe1\x1f\x01\x00\xef\xe1\x1e\x02\x00\xef\xe1\x1c\x02\x00\xef\xe1\x18\x02\x00\xef\xe1\x10\x02\x00\xef\xe1\x00\x02\x00\xef'
2020-07-09 21:25:34.491325, cycle count 501, gpio values 332267, 0, 0, 16728, status messages:  b'\xe1\x10\x01\x00\xef\xe1\x18\x01\x00\xef\xe1\x1c\x01\x00\xef\xe1\x1e\x01\x00\xef\xe1\x1f\x01\x00\xef\xe1\x1e\x02\x00\xef\xe1\x1c\x02\x00\xef\xe1\x18\x02\x00\xef\xe1\x10\x02\x00\xef\xe1\x00\x02\x00\xef'
2020-07-09 21:25:51.240948, cycle count 502, gpio values 332970, 0, 0, 16764, status messages:  b'\xe1\x10\x01\x00\xef\xe1\x18\x01\x00\xef\xe1\x1c\x01\x00\xef\xe1\x1e\x01\x00\xef\xe1\x1f\x01\x00\xef\xe1\x1e\x02\x00\xef\xe1\x1c\x02\x00\xef\xe1\x18\x02\x00\xef\xe1\x10\x02\x00\xef\xe1\x00\x02\x00\xef'
2020-07-09 21:26:07.958880, cycle count 503, gpio values 333673, 0, 0, 16800, status messages:  b'\xe1\x10\x01\x00\xef\xe1\x18\x01\x00\xef\xe1\x1c\x01\x00\xef\xe1\x1e\x01\x00\xef\xe1\x1f\x01\x00\xef\xe1\x1e\x02\x00\xef\xe1\x1c\x02\x00\xef\xe1\x18\x02\x00\xef\xe1\x10\x02\x00\xef\xe1\x00\x02\x00\xef'
2020-07-09 21:26:24.676524, cycle count 504, gpio values 334376, 0, 0, 16836, status messages:  b'\xe1\x10\x01\x00\xef\xe1\x18\x01\x00\xef\xe1\x1c\x01\x00\xef\xe1\x1e\x01\x00\xef\xe1\x1f\x01\x00\xef\xe1\x1e\x02\x00\xef\xe1\x1c\x02\x00\xef\xe1\x18\x02\x00\xef\xe1\x10\x02\x00\xef\xe1\x00\x02\x00\xef'
2020-07-09 21:26:41.652848, cycle count 505, gpio values 335117, 0, 0, 16872, status messages:  b'\xe1\x10\x01\x00\xef\xe1\x18\x01\x00\xef\xe1\x1c\x01\x00\xef\xe1\x1e\x01\x00\xef\xe1\x1f\x01\x00\xef\xe1\x1e\x02\x00\xef\xe1\x1c\x02\x00\xef\xe1\x18\x02\x00\xef\xe1\x10\x02\x00\xef\xe1\x00\x02\x00\xef'
2020-07-09 21:26:58.370682, cycle count 506, gpio values 335858, 0, 0, 16900, status messages:  b'\xe1\x10\x01\x00\xef\xe1\x18\x01\x00\xef\xe1\x1c\x01\x00\xef\xe1\x1e\x01\x00\xef\xe1\x1f\x01\x00\xef\xe1\x1e\x02\x00\xef\xe1\x1c\x02\x00\xef\xe1\x18\x02\x00\xef\xe1\x10\x02\x00\xef\xe1\x00\x02\x00\xef'
2020-07-09 21:27:14.829822, cycle count 507, gpio values 336561, 0, 0, 16928, status messages:  b'\xe1\x10\x01\x00\xef\xe1\x18\x01\x00\xef\xe1\x1c\x01\x00\xef\xe1\x1e\x01\x00\xef\xe1\x1f\x01\x00\xef\xe1\x1e\x02\x00\xef\xe1\x1c\x02\x00\xef\xe1\x18\x02\x00\xef\xe1\x10\x02\x00\xef\xe1\x00\x02\x00\xef'
2020-07-09 21:27:31.303092, cycle count 508, gpio values 337264, 0, 0, 16956, status messages:  b'\xe1\x10\x01\x00\xef\xe1\x18\x01\x00\xef\xe1\x1c\x01\x00\xef\xe1\x1e\x01\x00\xef\xe1\x1f\x01\x00\xef\xe1\x1e\x02\x00\xef\xe1\x1c\x02\x00\xef\xe1\x18\x02\x00\xef\xe1\x10\x02\x00\xef\xe1\x00\x02\x00\xef'
2020-07-09 21:27:48.021692, cycle count 509, gpio values 337967, 0, 0, 16992, status messages:  b'\xe1\x10\x01\x00\xef\xe1\x18\x01\x00\xef\xe1\x1c\x01\x00\xef\xe1\x1e\x01\x00\xef\xe1\x1f\x01\x00\xef\xe1\x1e\x02\x00\xef\xe1\x1c\x02\x00\xef\xe1\x18\x02\x00\xef\xe1\x10\x02\x00\xef\xe1\x00\x02\x00\xef'
2020-07-09 21:28:04.738486, cycle count 510, gpio values 338670, 0, 0, 17028, status messages:  b'\xe1\x10\x01\x00\xef\xe1\x18\x01\x00\xef\xe1\x1c\x01\x00\xef\xe1\x1e\x01\x00\xef\xe1\x1f\x01\x00\xef\xe1\x1e\x02\x00\xef\xe1\x1c\x02\x00\xef\xe1\x18\x02\x00\xef\xe1\x10\x02\x00\xef\xe1\x00\x02\x00\xef'
2020-07-09 21:28:21.456593, cycle count 511, gpio values 339411, 0, 0, 17056, status messages:  b'\xe1\x10\x01\x00\xef\xe1\x18\x01\x00\xef\xe1\x1c\x01\x00\xef\xe1\x1e\x01\x00\xef\xe1\x1f\x01\x00\xef\xe1\x1e\x02\x00\xef\xe1\x1c\x02\x00\xef\xe1\x18\x02\x00\xef\xe1\x10\x02\x00\xef\xe1\x00\x02\x00\xef'
2020-07-09 21:28:38.222741, cycle count 512, gpio values 340114, 0, 0, 17092, status messages:  b'\xe1\x10\x01\x00\xef\xe1\x18\x01\x00\xef\xe1\x1c\x01\x00\xef\xe1\x1e\x01\x00\xef\xe1\x1f\x01\x00\xef\xe1\x1e\x02\x00\xef\xe1\x1c\x02\x00\xef\xe1\x18\x02\x00\xef\xe1\x10\x02\x00\xef\xe1\x00\x02\x00\xef'
2020-07-09 21:28:54.940168, cycle count 513, gpio values 340817, 0, 0, 17128, status messages:  b'\xe1\x10\x01\x00\xef\xe1\x18\x01\x00\xef\xe1\x1c\x01\x00\xef\xe1\x1e\x01\x00\xef\xe1\x1f\x01\x00\xef\xe1\x1e\x02\x00\xef\xe1\x1c\x02\x00\xef\xe1\x18\x02\x00\xef\xe1\x10\x02\x00\xef\xe1\x00\x02\x00\xef'
2020-07-09 21:29:11.657194, cycle count 514, gpio values 341520, 0, 0, 17164, status messages:  b'\xe1\x10\x01\x00\xef\xe1\x18\x01\x00\xef\xe1\x1c\x01\x00\xef\xe1\x1e\x01\x00\xef\xe1\x1f\x01\x00\xef\xe1\x1e\x02\x00\xef\xe1\x1c\x02\x00\xef\xe1\x18\x02\x00\xef\xe1\x10\x02\x00\xef\xe1\x00\x02\x00\xef'
2020-07-09 21:29:28.456745, cycle count 515, gpio values 342223, 0, 0, 17200, status messages:  b'\xe1\x10\x01\x00\xef\xe1\x18\x01\x00\xef\xe1\x1c\x01\x00\xef\xe1\x1e\x01\x00\xef\xe1\x1f\x01\x00\xef\xe1\x1e\x02\x00\xef\xe1\x1c\x02\x00\xef\xe1\x18\x02\x00\xef\xe1\x10\x02\x00\xef\xe1\x00\x02\x00\xef'
2020-07-09 21:29:45.174127, cycle count 516, gpio values 342926, 0, 0, 17236, status messages:  b'\xe1\x10\x01\x00\xef\xe1\x18\x01\x00\xef\xe1\x1c\x01\x00\xef\xe1\x1e\x01\x00\xef\xe1\x1f\x01\x00\xef\xe1\x1e\x02\x00\xef\xe1\x1c\x02\x00\xef\xe1\x18\x02\x00\xef\xe1\x10\x02\x00\xef\xe1\x00\x02\x00\xef'
2020-07-09 21:30:01.632890, cycle count 517, gpio values 343629, 0, 0, 17264, status messages:  b'\xe1\x10\x01\x00\xef\xe1\x18\x01\x00\xef\xe1\x1c\x01\x00\xef\xe1\x1e\x01\x00\xef\xe1\x1f\x01\x00\xef\xe1\x1e\x02\x00\xef\xe1\x1c\x02\x00\xef\xe1\x18\x02\x00\xef\xe1\x10\x02\x00\xef\xe1\x00\x02\x00\xef'
2020-07-09 21:30:18.350340, cycle count 518, gpio values 344332, 0, 0, 17300, status messages:  b'\xe1\x10\x01\x00\xef\xe1\x18\x01\x00\xef\xe1\x1c\x01\x00\xef\xe1\x1e\x01\x00\xef\xe1\x1f\x01\x00\xef\xe1\x1e\x02\x00\xef\xe1\x1c\x02\x00\xef\xe1\x18\x02\x00\xef\xe1\x10\x02\x00\xef\xe1\x00\x02\x00\xef'
2020-07-09 21:30:34.807988, cycle count 519, gpio values 345035, 0, 0, 17328, status messages:  b'\xe1\x10\x01\x00\xef\xe1\x18\x01\x00\xef\xe1\x1c\x01\x00\xef\xe1\x1e\x01\x00\xef\xe1\x1f\x01\x00\xef\xe1\x1e\x02\x00\xef\xe1\x1c\x02\x00\xef\xe1\x18\x02\x00\xef\xe1\x10\x02\x00\xef\xe1\x00\x02\x00\xef'
2020-07-09 21:30:51.266563, cycle count 520, gpio values 345738, 0, 0, 17356, status messages:  b'\xe1\x10\x01\x00\xef\xe1\x18\x01\x00\xef\xe1\x1c\x01\x00\xef\xe1\x1e\x01\x00\xef\xe1\x1f\x01\x00\xef\xe1\x1e\x02\x00\xef\xe1\x1c\x02\x00\xef\xe1\x18\x02\x00\xef\xe1\x10\x02\x00\xef\xe1\x00\x02\x00\xef'
2020-07-09 21:31:07.724764, cycle count 521, gpio values 346441, 0, 0, 17384, status messages:  b'\xe1\x10\x01\x00\xef\xe1\x18\x01\x00\xef\xe1\x1c\x01\x00\xef\xe1\x1e\x01\x00\xef\xe1\x1f\x01\x00\xef\xe1\x1e\x02\x00\xef\xe1\x1c\x02\x00\xef\xe1\x18\x02\x00\xef\xe1\x10\x02\x00\xef\xe1\x00\x02\x00\xef'
2020-07-09 21:31:24.182868, cycle count 522, gpio values 347144, 0, 0, 17412, status messages:  b'\xe1\x10\x01\x00\xef\xe1\x18\x01\x00\xef\xe1\x1c\x01\x00\xef\xe1\x1e\x01\x00\xef\xe1\x1f\x01\x00\xef\xe1\x1e\x02\x00\xef\xe1\x1c\x02\x00\xef\xe1\x18\x02\x00\xef\xe1\x10\x02\x00\xef\xe1\x00\x02\x00\xef'
2020-07-09 21:31:40.899905, cycle count 523, gpio values 347847, 0, 0, 17448, status messages:  b'\xe1\x10\x01\x00\xef\xe1\x18\x01\x00\xef\xe1\x1c\x01\x00\xef\xe1\x1e\x01\x00\xef\xe1\x1f\x01\x00\xef\xe1\x1e\x02\x00\xef\xe1\x1c\x02\x00\xef\xe1\x18\x02\x00\xef\xe1\x10\x02\x00\xef\xe1\x00\x02\x00\xef'
2020-07-09 21:31:57.650620, cycle count 524, gpio values 348550, 0, 0, 17484, status messages:  b'\xe1\x10\x01\x00\xef\xe1\x18\x01\x00\xef\xe1\x1c\x01\x00\xef\xe1\x1e\x01\x00\xef\xe1\x1f\x01\x00\xef\xe1\x1e\x02\x00\xef\xe1\x1c\x02\x00\xef\xe1\x18\x02\x00\xef\xe1\x10\x02\x00\xef\xe1\x00\x02\x00\xef'
2020-07-09 21:32:14.368277, cycle count 525, gpio values 349253, 0, 0, 17520, status messages:  b'\xe1\x10\x01\x00\xef\xe1\x18\x01\x00\xef\xe1\x1c\x01\x00\xef\xe1\x1e\x01\x00\xef\xe1\x1f\x01\x00\xef\xe1\x1e\x02\x00\xef\xe1\x1c\x02\x00\xef\xe1\x18\x02\x00\xef\xe1\x10\x02\x00\xef\xe1\x00\x02\x00\xef'
2020-07-09 21:32:31.085413, cycle count 526, gpio values 349956, 0, 0, 17556, status messages:  b'\xe1\x10\x01\x00\xef\xe1\x18\x01\x00\xef\xe1\x1c\x01\x00\xef\xe1\x1e\x01\x00\xef\xe1\x1f\x01\x00\xef\xe1\x1e\x02\x00\xef\xe1\x1c\x02\x00\xef\xe1\x18\x02\x00\xef\xe1\x10\x02\x00\xef\xe1\x00\x02\x00\xef'
2020-07-09 21:32:47.543888, cycle count 527, gpio values 350659, 0, 0, 17584, status messages:  b'\xe1\x10\x01\x00\xef\xe1\x18\x01\x00\xef\xe1\x1c\x01\x00\xef\xe1\x1e\x01\x00\xef\xe1\x1f\x01\x00\xef\xe1\x1e\x02\x00\xef\xe1\x1c\x02\x00\xef\xe1\x18\x02\x00\xef\xe1\x10\x02\x00\xef\xe1\x00\x02\x00\xef'
2020-07-09 21:33:04.001309, cycle count 528, gpio values 351362, 0, 0, 17612, status messages:  b'\xe1\x10\x01\x00\xef\xe1\x18\x01\x00\xef\xe1\x1c\x01\x00\xef\xe1\x1e\x01\x00\xef\xe1\x1f\x01\x00\xef\xe1\x1e\x02\x00\xef\xe1\x1c\x02\x00\xef\xe1\x18\x02\x00\xef\xe1\x10\x02\x00\xef\xe1\x00\x02\x00\xef'
2020-07-09 21:33:20.462182, cycle count 529, gpio values 352065, 0, 0, 17640, status messages:  b'\xe1\x10\x01\x00\xef\xe1\x18\x01\x00\xef\xe1\x1c\x01\x00\xef\xe1\x1e\x01\x00\xef\xe1\x1f\x01\x00\xef\xe1\x1e\x02\x00\xef\xe1\x1c\x02\x00\xef\xe1\x18\x02\x00\xef\xe1\x10\x02\x00\xef\xe1\x00\x02\x00\xef'
2020-07-09 21:33:36.918051, cycle count 530, gpio values 352768, 0, 0, 17668, status messages:  b'\xe1\x10\x01\x00\xef\xe1\x18\x01\x00\xef\xe1\x1c\x01\x00\xef\xe1\x1e\x01\x00\xef\xe1\x1f\x01\x00\xef\xe1\x1e\x02\x00\xef\xe1\x1c\x02\x00\xef\xe1\x18\x02\x00\xef\xe1\x10\x02\x00\xef\xe1\x00\x02\x00\xef'
2020-07-09 21:33:53.376037, cycle count 531, gpio values 353471, 0, 0, 17696, status messages:  b'\xe1\x10\x01\x00\xef\xe1\x18\x01\x00\xef\xe1\x1c\x01\x00\xef\xe1\x1e\x01\x00\xef\xe1\x1f\x01\x00\xef\xe1\x1e\x02\x00\xef\xe1\x1c\x02\x00\xef\xe1\x18\x02\x00\xef\xe1\x10\x02\x00\xef\xe1\x00\x02\x00\xef'
2020-07-09 21:34:09.835396, cycle count 532, gpio values 354137, 0, 0, 17732, status messages:  b'\xe1\x10\x01\x00\xef\xe1\x18\x01\x00\xef\xe1\x1c\x01\x00\xef\xe1\x1e\x01\x00\xef\xe1\x1f\x01\x00\xef\xe1\x1e\x02\x00\xef\xe1\x1c\x02\x00\xef\xe1\x18\x02\x00\xef\xe1\x10\x02\x00\xef\xe1\x00\x02\x00\xef'
2020-07-09 21:34:26.552306, cycle count 533, gpio values 354840, 0, 0, 17768, status messages:  b'\xe1\x10\x01\x00\xef\xe1\x18\x01\x00\xef\xe1\x1c\x01\x00\xef\xe1\x1e\x01\x00\xef\xe1\x1f\x01\x00\xef\xe1\x1e\x02\x00\xef\xe1\x1c\x02\x00\xef\xe1\x18\x02\x00\xef\xe1\x10\x02\x00\xef\xe1\x00\x02\x00\xef'
2020-07-09 21:34:43.042901, cycle count 534, gpio values 355543, 0, 0, 17796, status messages:  b'\xe1\x10\x01\x00\xef\xe1\x18\x01\x00\xef\xe1\x1c\x01\x00\xef\xe1\x1e\x01\x00\xef\xe1\x1f\x01\x00\xef\xe1\x1e\x02\x00\xef\xe1\x1c\x02\x00\xef\xe1\x18\x02\x00\xef\xe1\x10\x02\x00\xef\xe1\x00\x02\x00\xef'
2020-07-09 21:34:59.501505, cycle count 535, gpio values 356246, 0, 0, 17824, status messages:  b'\xe1\x10\x01\x00\xef\xe1\x18\x01\x00\xef\xe1\x1c\x01\x00\xef\xe1\x1e\x01\x00\xef\xe1\x1f\x01\x00\xef\xe1\x1e\x02\x00\xef\xe1\x1c\x02\x00\xef\xe1\x18\x02\x00\xef\xe1\x10\x02\x00\xef\xe1\x00\x02\x00\xef'
2020-07-09 21:35:15.963397, cycle count 536, gpio values 356949, 0, 0, 17852, status messages:  b'\xe1\x10\x01\x00\xef\xe1\x18\x01\x00\xef\xe1\x1c\x01\x00\xef\xe1\x1e\x01\x00\xef\xe1\x1f\x01\x00\xef\xe1\x1e\x02\x00\xef\xe1\x1c\x02\x00\xef\xe1\x18\x02\x00\xef\xe1\x10\x02\x00\xef\xe1\x00\x02\x00\xef'
2020-07-09 21:35:32.423064, cycle count 537, gpio values 357652, 0, 0, 17880, status messages:  b'\xe1\x10\x01\x00\xef\xe1\x18\x01\x00\xef\xe1\x1c\x01\x00\xef\xe1\x1e\x01\x00\xef\xe1\x1f\x01\x00\xef\xe1\x1e\x02\x00\xef\xe1\x1c\x02\x00\xef\xe1\x18\x02\x00\xef\xe1\x10\x02\x00\xef\xe1\x00\x02\x00\xef'
2020-07-09 21:35:49.283966, cycle count 538, gpio values 358355, 0, 0, 17916, status messages:  b'\xe1\x10\x01\x00\xef\xe1\x18\x01\x00\xef\xe1\x1c\x01\x00\xef\xe1\x1e\x01\x00\xef\xe1\x1f\x01\x00\xef\xe1\x1e\x02\x00\xef\xe1\x1c\x02\x00\xef\xe1\x18\x02\x00\xef\xe1\x10\x02\x00\xef\xe1\x00\x02\x00\xef'
2020-07-09 21:36:05.741983, cycle count 539, gpio values 359058, 0, 0, 17944, status messages:  b'\xe1\x10\x01\x00\xef\xe1\x18\x01\x00\xef\xe1\x1c\x01\x00\xef\xe1\x1e\x01\x00\xef\xe1\x1f\x01\x00\xef\xe1\x1e\x02\x00\xef\xe1\x1c\x02\x00\xef\xe1\x18\x02\x00\xef\xe1\x10\x02\x00\xef\xe1\x00\x02\x00\xef'
2020-07-09 21:36:22.200292, cycle count 540, gpio values 359761, 0, 0, 17972, status messages:  b'\xe1\x10\x01\x00\xef\xe1\x18\x01\x00\xef\xe1\x1c\x01\x00\xef\xe1\x1e\x01\x00\xef\xe1\x1f\x01\x00\xef\xe1\x1e\x02\x00\xef\xe1\x1c\x02\x00\xef\xe1\x18\x02\x00\xef\xe1\x10\x02\x00\xef\xe1\x00\x02\x00\xef'
2020-07-09 21:36:38.658235, cycle count 541, gpio values 360427, 0, 0, 18008, status messages:  b'\xe1\x10\x01\x00\xef\xe1\x18\x01\x00\xef\xe1\x1c\x01\x00\xef\xe1\x1e\x01\x00\xef\xe1\x1f\x01\x00\xef\xe1\x1e\x02\x00\xef\xe1\x1c\x02\x00\xef\xe1\x18\x02\x00\xef\xe1\x10\x02\x00\xef\xe1\x00\x02\x00\xef'
2020-07-09 21:36:55.116847, cycle count 542, gpio values 361130, 0, 0, 18036, status messages:  b'\xe1\x10\x01\x00\xef\xe1\x18\x01\x00\xef\xe1\x1c\x01\x00\xef\xe1\x1e\x01\x00\xef\xe1\x1f\x01\x00\xef\xe1\x1e\x02\x00\xef\xe1\x1c\x02\x00\xef\xe1\x18\x02\x00\xef\xe1\x10\x02\x00\xef\xe1\x00\x02\x00\xef'
2020-07-09 21:37:11.965744, cycle count 543, gpio values 361833, 0, 0, 18072, status messages:  b'\xe1\x10\x01\x00\xef\xe1\x18\x01\x00\xef\xe1\x1c\x01\x00\xef\xe1\x1e\x01\x00\xef\xe1\x1f\x01\x00\xef\xe1\x1e\x02\x00\xef\xe1\x1c\x02\x00\xef\xe1\x18\x02\x00\xef\xe1\x10\x02\x00\xef\xe1\x00\x02\x00\xef'
2020-07-09 21:37:28.424819, cycle count 544, gpio values 362536, 0, 0, 18108, status messages:  b'\xe1\x10\x01\x00\xef\xe1\x18\x01\x00\xef\xe1\x1c\x01\x00\xef\xe1\x1e\x01\x00\xef\xe1\x1f\x01\x00\xef\xe1\x1e\x02\x00\xef\xe1\x1c\x02\x00\xef\xe1\x18\x02\x00\xef\xe1\x10\x02\x00\xef\xe1\x00\x02\x00\xef'
2020-07-09 21:37:45.151813, cycle count 545, gpio values 363239, 0, 0, 18144, status messages:  b'\xe1\x10\x01\x00\xef\xe1\x18\x01\x00\xef\xe1\x1c\x01\x00\xef\xe1\x1e\x01\x00\xef\xe1\x1f\x01\x00\xef\xe1\x1e\x02\x00\xef\xe1\x1c\x02\x00\xef\xe1\x18\x02\x00\xef\xe1\x10\x02\x00\xef\xe1\x00\x02\x00\xef'
2020-07-09 21:38:01.616749, cycle count 546, gpio values 363942, 0, 0, 18172, status messages:  b'\xe1\x10\x01\x00\xef\xe1\x18\x01\x00\xef\xe1\x1c\x01\x00\xef\xe1\x1e\x01\x00\xef\xe1\x1f\x01\x00\xef\xe1\x1e\x02\x00\xef\xe1\x1c\x02\x00\xef\xe1\x18\x02\x00\xef\xe1\x10\x02\x00\xef\xe1\x00\x02\x00\xef'
2020-07-09 21:38:18.075672, cycle count 547, gpio values 364645, 0, 0, 18200, status messages:  b'\xe1\x10\x01\x00\xef\xe1\x18\x01\x00\xef\xe1\x1c\x01\x00\xef\xe1\x1e\x01\x00\xef\xe1\x1f\x01\x00\xef\xe1\x1e\x02\x00\xef\xe1\x1c\x02\x00\xef\xe1\x18\x02\x00\xef\xe1\x10\x02\x00\xef\xe1\x00\x02\x00\xef'
2020-07-09 21:38:34.534470, cycle count 548, gpio values 365348, 0, 0, 18228, status messages:  b'\xe1\x10\x01\x00\xef\xe1\x18\x01\x00\xef\xe1\x1c\x01\x00\xef\xe1\x1e\x01\x00\xef\xe1\x1f\x01\x00\xef\xe1\x1e\x02\x00\xef\xe1\x1c\x02\x00\xef\xe1\x18\x02\x00\xef\xe1\x10\x02\x00\xef\xe1\x00\x02\x00\xef'
2020-07-09 21:38:51.025767, cycle count 549, gpio values 366051, 0, 0, 18256, status messages:  b'\xe1\x10\x01\x00\xef\xe1\x18\x01\x00\xef\xe1\x1c\x01\x00\xef\xe1\x1e\x01\x00\xef\xe1\x1f\x01\x00\xef\xe1\x1e\x02\x00\xef\xe1\x1c\x02\x00\xef\xe1\x18\x02\x00\xef\xe1\x10\x02\x00\xef\xe1\x00\x02\x00\xef'
2020-07-09 21:39:07.499165, cycle count 550, gpio values 366754, 0, 0, 18284, status messages:  b'\xe1\x10\x01\x00\xef\xe1\x18\x01\x00\xef\xe1\x1c\x01\x00\xef\xe1\x1e\x01\x00\xef\xe1\x1f\x01\x00\xef\xe1\x1e\x02\x00\xef\xe1\x1c\x02\x00\xef\xe1\x18\x02\x00\xef\xe1\x10\x02\x00\xef\xe1\x00\x02\x00\xef'
2020-07-09 21:39:24.216349, cycle count 551, gpio values 367457, 0, 0, 18320, status messages:  b'\xe1\x10\x01\x00\xef\xe1\x18\x01\x00\xef\xe1\x1c\x01\x00\xef\xe1\x1e\x01\x00\xef\xe1\x1f\x01\x00\xef\xe1\x1e\x02\x00\xef\xe1\x1c\x02\x00\xef\xe1\x18\x02\x00\xef\xe1\x10\x02\x00\xef\xe1\x00\x02\x00\xef'
2020-07-09 21:39:40.675704, cycle count 552, gpio values 368160, 0, 0, 18348, status messages:  b'\xe1\x10\x01\x00\xef\xe1\x18\x01\x00\xef\xe1\x1c\x01\x00\xef\xe1\x1e\x01\x00\xef\xe1\x1f\x01\x00\xef\xe1\x1e\x02\x00\xef\xe1\x1c\x02\x00\xef\xe1\x18\x02\x00\xef\xe1\x10\x02\x00\xef\xe1\x00\x02\x00\xef'
2020-07-09 21:39:57.246964, cycle count 553, gpio values 368863, 0, 0, 18376, status messages:  b'\xe1\x10\x01\x00\xef\xe1\x18\x01\x00\xef\xe1\x1c\x01\x00\xef\xe1\x1e\x01\x00\xef\xe1\x1f\x01\x00\xef\xe1\x1e\x02\x00\xef\xe1\x1c\x02\x00\xef\xe1\x18\x02\x00\xef\xe1\x10\x02\x00\xef\xe1\x00\x02\x00\xef'
2020-07-09 21:40:13.721600, cycle count 554, gpio values 369566, 0, 0, 18404, status messages:  b'\xe1\x10\x01\x00\xef\xe1\x18\x01\x00\xef\xe1\x1c\x01\x00\xef\xe1\x1e\x01\x00\xef\xe1\x1f\x01\x00\xef\xe1\x1e\x02\x00\xef\xe1\x1c\x02\x00\xef\xe1\x18\x02\x00\xef\xe1\x10\x02\x00\xef\xe1\x00\x02\x00\xef'
2020-07-09 21:40:30.179883, cycle count 555, gpio values 370269, 0, 0, 18432, status messages:  b'\xe1\x10\x01\x00\xef\xe1\x18\x01\x00\xef\xe1\x1c\x01\x00\xef\xe1\x1e\x01\x00\xef\xe1\x1f\x01\x00\xef\xe1\x1e\x02\x00\xef\xe1\x1c\x02\x00\xef\xe1\x18\x02\x00\xef\xe1\x10\x02\x00\xef\xe1\x00\x02\x00\xef'
2020-07-09 21:40:46.637876, cycle count 556, gpio values 370935, 0, 0, 18468, status messages:  b'\xe1\x10\x01\x00\xef\xe1\x18\x01\x00\xef\xe1\x1c\x01\x00\xef\xe1\x1e\x01\x00\xef\xe1\x1f\x01\x00\xef\xe1\x1e\x02\x00\xef\xe1\x1c\x02\x00\xef\xe1\x18\x02\x00\xef\xe1\x10\x02\x00\xef\xe1\x00\x02\x00\xef'
2020-07-09 21:41:03.096463, cycle count 557, gpio values 371638, 0, 0, 18496, status messages:  b'\xe1\x10\x01\x00\xef\xe1\x18\x01\x00\xef\xe1\x1c\x01\x00\xef\xe1\x1e\x01\x00\xef\xe1\x1f\x01\x00\xef\xe1\x1e\x02\x00\xef\xe1\x1c\x02\x00\xef\xe1\x18\x02\x00\xef\xe1\x10\x02\x00\xef\xe1\x00\x02\x00\xef'
2020-07-09 21:41:19.555914, cycle count 558, gpio values 372341, 0, 0, 18524, status messages:  b'\xe1\x10\x01\x00\xef\xe1\x18\x01\x00\xef\xe1\x1c\x01\x00\xef\xe1\x1e\x01\x00\xef\xe1\x1f\x01\x00\xef\xe1\x1e\x02\x00\xef\xe1\x1c\x02\x00\xef\xe1\x18\x02\x00\xef\xe1\x10\x02\x00\xef\xe1\x00\x02\x00\xef'
2020-07-09 21:41:36.014042, cycle count 559, gpio values 373007, 0, 0, 18560, status messages:  b'\xe1\x10\x01\x00\xef\xe1\x18\x01\x00\xef\xe1\x1c\x01\x00\xef\xe1\x1e\x01\x00\xef\xe1\x1f\x01\x00\xef\xe1\x1e\x02\x00\xef\xe1\x1c\x02\x00\xef\xe1\x18\x02\x00\xef\xe1\x10\x02\x00\xef\xe1\x00\x02\x00\xef'
2020-07-09 21:41:52.730408, cycle count 560, gpio values 373710, 0, 0, 18596, status messages:  b'\xe1\x10\x01\x00\xef\xe1\x18\x01\x00\xef\xe1\x1c\x01\x00\xef\xe1\x1e\x01\x00\xef\xe1\x1f\x01\x00\xef\xe1\x1e\x02\x00\xef\xe1\x1c\x02\x00\xef\xe1\x18\x02\x00\xef\xe1\x10\x02\x00\xef\xe1\x00\x02\x00\xef'
2020-07-09 21:42:09.189582, cycle count 561, gpio values 374376, 0, 0, 18632, status messages:  b'\xe1\x10\x01\x00\xef\xe1\x18\x01\x00\xef\xe1\x1c\x01\x00\xef\xe1\x1e\x01\x00\xef\xe1\x1f\x01\x00\xef\xe1\x1e\x02\x00\xef\xe1\x1c\x02\x00\xef\xe1\x18\x02\x00\xef\xe1\x10\x02\x00\xef\xe1\x00\x02\x00\xef'
2020-07-09 21:42:25.647243, cycle count 562, gpio values 375079, 0, 0, 18668, status messages:  b'\xe1\x10\x01\x00\xef\xe1\x18\x01\x00\xef\xe1\x1c\x01\x00\xef\xe1\x1e\x01\x00\xef\xe1\x1f\x01\x00\xef\xe1\x1e\x02\x00\xef\xe1\x1c\x02\x00\xef\xe1\x18\x02\x00\xef\xe1\x10\x02\x00\xef\xe1\x00\x02\x00\xef'
2020-07-09 21:42:42.106511, cycle count 563, gpio values 375745, 0, 0, 18704, status messages:  b'\xe1\x10\x01\x00\xef\xe1\x18\x01\x00\xef\xe1\x1c\x01\x00\xef\xe1\x1e\x01\x00\xef\xe1\x1f\x01\x00\xef\xe1\x1e\x02\x00\xef\xe1\x1c\x02\x00\xef\xe1\x18\x02\x00\xef\xe1\x10\x02\x00\xef\xe1\x00\x02\x00\xef'
2020-07-09 21:42:58.563107, cycle count 564, gpio values 376411, 0, 0, 18740, status messages:  b'\xe1\x10\x01\x00\xef\xe1\x18\x01\x00\xef\xe1\x1c\x01\x00\xef\xe1\x1e\x01\x00\xef\xe1\x1f\x01\x00\xef\xe1\x1e\x02\x00\xef\xe1\x1c\x02\x00\xef\xe1\x18\x02\x00\xef\xe1\x10\x02\x00\xef\xe1\x00\x02\x00\xef'
2020-07-09 21:43:15.022829, cycle count 565, gpio values 377077, 0, 0, 18776, status messages:  b'\xe1\x10\x01\x00\xef\xe1\x18\x01\x00\xef\xe1\x1c\x01\x00\xef\xe1\x1e\x01\x00\xef\xe1\x1f\x01\x00\xef\xe1\x1e\x02\x00\xef\xe1\x1c\x02\x00\xef\xe1\x18\x02\x00\xef\xe1\x10\x02\x00\xef\xe1\x00\x02\x00\xef'
2020-07-09 21:43:31.237361, cycle count 566, gpio values 377707, 0, 0, 18812, status messages:  b'\xe1\x10\x01\x00\xef\xe1\x18\x01\x00\xef\xe1\x1c\x01\x00\xef\xe1\x1e\x01\x00\xef\xe1\x1f\x01\x00\xef\xe1\x1e\x02\x00\xef\xe1\x1c\x02\x00\xef\xe1\x18\x02\x00\xef\xe1\x10\x02\x00\xef\xe1\x00\x02\x00\xef'
2020-07-09 21:43:47.696173, cycle count 567, gpio values 378373, 0, 0, 18848, status messages:  b'\xe1\x10\x01\x00\xef\xe1\x18\x01\x00\xef\xe1\x1c\x01\x00\xef\xe1\x1e\x01\x00\xef\xe1\x1f\x01\x00\xef\xe1\x1e\x02\x00\xef\xe1\x1c\x02\x00\xef\xe1\x18\x02\x00\xef\xe1\x10\x02\x00\xef\xe1\x00\x02\x00\xef'
2020-07-09 21:44:04.155061, cycle count 568, gpio values 379039, 0, 0, 18884, status messages:  b'\xe1\x10\x01\x00\xef\xe1\x18\x01\x00\xef\xe1\x1c\x01\x00\xef\xe1\x1e\x01\x00\xef\xe1\x1f\x01\x00\xef\xe1\x1e\x02\x00\xef\xe1\x1c\x02\x00\xef\xe1\x18\x02\x00\xef\xe1\x10\x02\x00\xef\xe1\x00\x02\x00\xef'
2020-07-09 21:44:20.613537, cycle count 569, gpio values 379705, 0, 0, 18920, status messages:  b'\xe1\x10\x01\x00\xef\xe1\x18\x01\x00\xef\xe1\x1c\x01\x00\xef\xe1\x1e\x01\x00\xef\xe1\x1f\x01\x00\xef\xe1\x1e\x02\x00\xef\xe1\x1c\x02\x00\xef\xe1\x18\x02\x00\xef\xe1\x10\x02\x00\xef\xe1\x00\x02\x00\xef'
2020-07-09 21:44:37.071419, cycle count 570, gpio values 380371, 0, 0, 18956, status messages:  b'\xe1\x10\x01\x00\xef\xe1\x18\x01\x00\xef\xe1\x1c\x01\x00\xef\xe1\x1e\x01\x00\xef\xe1\x1f\x01\x00\xef\xe1\x1e\x02\x00\xef\xe1\x1c\x02\x00\xef\xe1\x18\x02\x00\xef\xe1\x10\x02\x00\xef\xe1\x00\x02\x00\xef'
2020-07-09 21:44:53.889312, cycle count 571, gpio values 381074, 0, 0, 18992, status messages:  b'\xe1\x10\x01\x00\xef\xe1\x18\x01\x00\xef\xe1\x1c\x01\x00\xef\xe1\x1e\x01\x00\xef\xe1\x1f\x01\x00\xef\xe1\x1e\x02\x00\xef\xe1\x1c\x02\x00\xef\xe1\x18\x02\x00\xef\xe1\x10\x02\x00\xef\xe1\x00\x02\x00\xef'
2020-07-09 21:45:10.104003, cycle count 572, gpio values 381704, 0, 0, 19028, status messages:  b'\xe1\x10\x01\x00\xef\xe1\x18\x01\x00\xef\xe1\x1c\x01\x00\xef\xe1\x1e\x01\x00\xef\xe1\x1f\x01\x00\xef\xe1\x1e\x02\x00\xef\xe1\x1c\x02\x00\xef\xe1\x18\x02\x00\xef\xe1\x10\x02\x00\xef\xe1\x00\x02\x00\xef'
2020-07-09 21:45:26.304336, cycle count 573, gpio values 382334, 0, 0, 19064, status messages:  b'\xe1\x10\x01\x00\xef\xe1\x18\x01\x00\xef\xe1\x1c\x01\x00\xef\xe1\x1e\x01\x00\xef\xe1\x1f\x01\x00\xef\xe1\x1e\x02\x00\xef\xe1\x1c\x02\x00\xef\xe1\x18\x02\x00\xef\xe1\x10\x02\x00\xef\xe1\x00\x02\x00\xef'
2020-07-09 21:45:42.762454, cycle count 574, gpio values 383000, 0, 0, 19100, status messages:  b'\xe1\x10\x01\x00\xef\xe1\x18\x01\x00\xef\xe1\x1c\x01\x00\xef\xe1\x1e\x01\x00\xef\xe1\x1f\x01\x00\xef\xe1\x1e\x02\x00\xef\xe1\x1c\x02\x00\xef\xe1\x18\x02\x00\xef\xe1\x10\x02\x00\xef\xe1\x00\x02\x00\xef'
2020-07-09 21:45:59.220702, cycle count 575, gpio values 383666, 0, 0, 19136, status messages:  b'\xe1\x10\x01\x00\xef\xe1\x18\x01\x00\xef\xe1\x1c\x01\x00\xef\xe1\x1e\x01\x00\xef\xe1\x1f\x01\x00\xef\xe1\x1e\x02\x00\xef\xe1\x1c\x02\x00\xef\xe1\x18\x02\x00\xef\xe1\x10\x02\x00\xef\xe1\x00\x02\x00\xef'
2020-07-09 21:46:15.501813, cycle count 576, gpio values 384296, 0, 0, 19172, status messages:  b'\xe1\x10\x01\x00\xef\xe1\x18\x01\x00\xef\xe1\x1c\x01\x00\xef\xe1\x1e\x01\x00\xef\xe1\x1f\x01\x00\xef\xe1\x1e\x02\x00\xef\xe1\x1c\x02\x00\xef\xe1\x18\x02\x00\xef\xe1\x10\x02\x00\xef\xe1\x00\x02\x00\xef'
2020-07-09 21:46:31.716682, cycle count 577, gpio values 384926, 0, 0, 19208, status messages:  b'\xe1\x10\x01\x00\xef\xe1\x18\x01\x00\xef\xe1\x1c\x01\x00\xef\xe1\x1e\x01\x00\xef\xe1\x1f\x01\x00\xef\xe1\x1e\x02\x00\xef\xe1\x1c\x02\x00\xef\xe1\x18\x02\x00\xef\xe1\x10\x02\x00\xef\xe1\x00\x02\x00\xef'
2020-07-09 21:46:48.175376, cycle count 578, gpio values 385592, 0, 0, 19244, status messages:  b'\xe1\x10\x01\x00\xef\xe1\x18\x01\x00\xef\xe1\x1c\x01\x00\xef\xe1\x1e\x01\x00\xef\xe1\x1f\x01\x00\xef\xe1\x1e\x02\x00\xef\xe1\x1c\x02\x00\xef\xe1\x18\x02\x00\xef\xe1\x10\x02\x00\xef\xe1\x00\x02\x00\xef'
2020-07-09 21:47:04.633834, cycle count 579, gpio values 386258, 0, 0, 19280, status messages:  b'\xe1\x10\x01\x00\xef\xe1\x18\x01\x00\xef\xe1\x1c\x01\x00\xef\xe1\x1e\x01\x00\xef\xe1\x1f\x01\x00\xef\xe1\x1e\x02\x00\xef\xe1\x1c\x02\x00\xef\xe1\x18\x02\x00\xef\xe1\x10\x02\x00\xef\xe1\x00\x02\x00\xef'
2020-07-09 21:47:20.863338, cycle count 580, gpio values 386924, 0, 0, 19308, status messages:  b'\xe1\x10\x01\x00\xef\xe1\x18\x01\x00\xef\xe1\x1c\x01\x00\xef\xe1\x1e\x01\x00\xef\xe1\x1f\x01\x00\xef\xe1\x1e\x02\x00\xef\xe1\x1c\x02\x00\xef\xe1\x18\x02\x00\xef\xe1\x10\x02\x00\xef\xe1\x00\x02\x00\xef'
2020-07-09 21:47:37.062019, cycle count 581, gpio values 387554, 0, 0, 19344, status messages:  b'\xe1\x10\x01\x00\xef\xe1\x18\x01\x00\xef\xe1\x1c\x01\x00\xef\xe1\x1e\x01\x00\xef\xe1\x1f\x01\x00\xef\xe1\x1e\x02\x00\xef\xe1\x1c\x02\x00\xef\xe1\x18\x02\x00\xef\xe1\x10\x02\x00\xef\xe1\x00\x02\x00\xef'
2020-07-09 21:47:53.035173, cycle count 582, gpio values 388184, 0, 0, 19372, status messages:  b'\xe1\x10\x01\x00\xef\xe1\x18\x01\x00\xef\xe1\x1c\x01\x00\xef\xe1\x1e\x01\x00\xef\xe1\x1f\x01\x00\xef\xe1\x1e\x02\x00\xef\xe1\x1c\x02\x00\xef\xe1\x18\x02\x00\xef\xe1\x10\x02\x00\xef\xe1\x00\x02\x00\xef'
2020-07-09 21:48:09.231723, cycle count 583, gpio values 388850, 0, 0, 19408, status messages:  b'\xe1\x10\x01\x00\xef\xe1\x18\x01\x00\xef\xe1\x1c\x01\x00\xef\xe1\x1e\x01\x00\xef\xe1\x1f\x01\x00\xef\xe1\x1e\x02\x00\xef\xe1\x1c\x02\x00\xef\xe1\x18\x02\x00\xef\xe1\x10\x02\x00\xef\xe1\x00\x02\x00\xef'
2020-07-09 21:48:25.446830, cycle count 584, gpio values 389480, 0, 0, 19444, status messages:  b'\xe1\x10\x01\x00\xef\xe1\x18\x01\x00\xef\xe1\x1c\x01\x00\xef\xe1\x1e\x01\x00\xef\xe1\x1f\x01\x00\xef\xe1\x1e\x02\x00\xef\xe1\x1c\x02\x00\xef\xe1\x18\x02\x00\xef\xe1\x10\x02\x00\xef\xe1\x00\x02\x00\xef'
2020-07-09 21:48:41.646403, cycle count 585, gpio values 390110, 0, 0, 19480, status messages:  b'\xe1\x10\x01\x00\xef\xe1\x18\x01\x00\xef\xe1\x1c\x01\x00\xef\xe1\x1e\x01\x00\xef\xe1\x1f\x01\x00\xef\xe1\x1e\x02\x00\xef\xe1\x1c\x02\x00\xef\xe1\x18\x02\x00\xef\xe1\x10\x02\x00\xef\xe1\x00\x02\x00\xef'
2020-07-09 21:48:57.845768, cycle count 586, gpio values 390740, 0, 0, 19516, status messages:  b'\xe1\x10\x01\x00\xef\xe1\x18\x01\x00\xef\xe1\x1c\x01\x00\xef\xe1\x1e\x01\x00\xef\xe1\x1f\x01\x00\xef\xe1\x1e\x02\x00\xef\xe1\x1c\x02\x00\xef\xe1\x18\x02\x00\xef\xe1\x10\x02\x00\xef\xe1\x00\x02\x00\xef'
2020-07-09 21:49:14.044784, cycle count 587, gpio values 391370, 0, 0, 19552, status messages:  b'\xe1\x10\x01\x00\xef\xe1\x18\x01\x00\xef\xe1\x1c\x01\x00\xef\xe1\x1e\x01\x00\xef\xe1\x1f\x01\x00\xef\xe1\x1e\x02\x00\xef\xe1\x1c\x02\x00\xef\xe1\x18\x02\x00\xef\xe1\x10\x02\x00\xef\xe1\x00\x02\x00\xef'
2020-07-09 21:49:30.001553, cycle count 588, gpio values 392000, 0, 0, 19580, status messages:  b'\xe1\x10\x01\x00\xef\xe1\x18\x01\x00\xef\xe1\x1c\x01\x00\xef\xe1\x1e\x01\x00\xef\xe1\x1f\x01\x00\xef\xe1\x1e\x02\x00\xef\xe1\x1c\x02\x00\xef\xe1\x18\x02\x00\xef\xe1\x10\x02\x00\xef\xe1\x00\x02\x00\xef'
2020-07-09 21:49:46.283134, cycle count 589, gpio values 392630, 0, 0, 19616, status messages:  b'\xe1\x10\x01\x00\xef\xe1\x18\x01\x00\xef\xe1\x1c\x01\x00\xef\xe1\x1e\x01\x00\xef\xe1\x1f\x01\x00\xef\xe1\x1e\x02\x00\xef\xe1\x1c\x02\x00\xef\xe1\x18\x02\x00\xef\xe1\x10\x02\x00\xef\xe1\x00\x02\x00\xef'
2020-07-09 21:50:02.481357, cycle count 590, gpio values 393260, 0, 0, 19652, status messages:  b'\xe1\x10\x01\x00\xef\xe1\x18\x01\x00\xef\xe1\x1c\x01\x00\xef\xe1\x1e\x01\x00\xef\xe1\x1f\x01\x00\xef\xe1\x1e\x02\x00\xef\xe1\x1c\x02\x00\xef\xe1\x18\x02\x00\xef\xe1\x10\x02\x00\xef\xe1\x00\x02\x00\xef'
2020-07-09 21:50:18.420926, cycle count 591, gpio values 393890, 0, 0, 19680, status messages:  b'\xe1\x10\x01\x00\xef\xe1\x18\x01\x00\xef\xe1\x1c\x01\x00\xef\xe1\x1e\x01\x00\xef\xe1\x1f\x01\x00\xef\xe1\x1e\x02\x00\xef\xe1\x1c\x02\x00\xef\xe1\x18\x02\x00\xef\xe1\x10\x02\x00\xef\xe1\x00\x02\x00\xef'
2020-07-09 21:50:34.621305, cycle count 592, gpio values 394520, 0, 0, 19716, status messages:  b'\xe1\x10\x01\x00\xef\xe1\x18\x01\x00\xef\xe1\x1c\x01\x00\xef\xe1\x1e\x01\x00\xef\xe1\x1f\x01\x00\xef\xe1\x1e\x02\x00\xef\xe1\x1c\x02\x00\xef\xe1\x18\x02\x00\xef\xe1\x10\x02\x00\xef\xe1\x00\x02\x00\xef'
2020-07-09 21:50:50.560623, cycle count 593, gpio values 395150, 0, 0, 19744, status messages:  b'\xe1\x10\x01\x00\xef\xe1\x18\x01\x00\xef\xe1\x1c\x01\x00\xef\xe1\x1e\x01\x00\xef\xe1\x1f\x01\x00\xef\xe1\x1e\x02\x00\xef\xe1\x1c\x02\x00\xef\xe1\x18\x02\x00\xef\xe1\x10\x02\x00\xef\xe1\x00\x02\x00\xef'
2020-07-09 21:51:06.500700, cycle count 594, gpio values 395780, 0, 0, 19772, status messages:  b'\xe1\x10\x01\x00\xef\xe1\x18\x01\x00\xef\xe1\x1c\x01\x00\xef\xe1\x1e\x01\x00\xef\xe1\x1f\x01\x00\xef\xe1\x1e\x02\x00\xef\xe1\x1c\x02\x00\xef\xe1\x18\x02\x00\xef\xe1\x10\x02\x00\xef\xe1\x00\x02\x00\xef'
2020-07-09 21:51:22.440525, cycle count 595, gpio values 396410, 0, 0, 19800, status messages:  b'\xe1\x10\x01\x00\xef\xe1\x18\x01\x00\xef\xe1\x1c\x01\x00\xef\xe1\x1e\x01\x00\xef\xe1\x1f\x01\x00\xef\xe1\x1e\x02\x00\xef\xe1\x1c\x02\x00\xef\xe1\x18\x02\x00\xef\xe1\x10\x02\x00\xef\xe1\x00\x02\x00\xef'
2020-07-09 21:51:38.461891, cycle count 596, gpio values 397040, 0, 0, 19828, status messages:  b'\xe1\x10\x01\x00\xef\xe1\x18\x01\x00\xef\xe1\x1c\x01\x00\xef\xe1\x1e\x01\x00\xef\xe1\x1f\x01\x00\xef\xe1\x1e\x02\x00\xef\xe1\x1c\x02\x00\xef\xe1\x18\x02\x00\xef\xe1\x10\x02\x00\xef\xe1\x00\x02\x00\xef'
2020-07-09 21:51:54.401681, cycle count 597, gpio values 397670, 0, 0, 19856, status messages:  b'\xe1\x10\x01\x00\xef\xe1\x18\x01\x00\xef\xe1\x1c\x01\x00\xef\xe1\x1e\x01\x00\xef\xe1\x1f\x01\x00\xef\xe1\x1e\x02\x00\xef\xe1\x1c\x02\x00\xef\xe1\x18\x02\x00\xef\xe1\x10\x02\x00\xef\xe1\x00\x02\x00\xef'
2020-07-09 21:52:10.342651, cycle count 598, gpio values 398300, 0, 0, 19884, status messages:  b'\xe1\x10\x01\x00\xef\xe1\x18\x01\x00\xef\xe1\x1c\x01\x00\xef\xe1\x1e\x01\x00\xef\xe1\x1f\x01\x00\xef\xe1\x1e\x02\x00\xef\xe1\x1c\x02\x00\xef\xe1\x18\x02\x00\xef\xe1\x10\x02\x00\xef\xe1\x00\x02\x00\xef'
2020-07-09 21:52:26.283836, cycle count 599, gpio values 398930, 0, 0, 19912, status messages:  b'\xe1\x10\x01\x00\xef\xe1\x18\x01\x00\xef\xe1\x1c\x01\x00\xef\xe1\x1e\x01\x00\xef\xe1\x1f\x01\x00\xef\xe1\x1e\x02\x00\xef\xe1\x1c\x02\x00\xef\xe1\x18\x02\x00\xef\xe1\x10\x02\x00\xef\xe1\x00\x02\x00\xef'
2020-07-09 21:52:42.482882, cycle count 600, gpio values 399560, 0, 0, 19948, status messages:  b'\xe1\x10\x01\x00\xef\xe1\x18\x01\x00\xef\xe1\x1c\x01\x00\xef\xe1\x1e\x01\x00\xef\xe1\x1f\x01\x00\xef\xe1\x1e\x02\x00\xef\xe1\x1c\x02\x00\xef\xe1\x18\x02\x00\xef\xe1\x10\x02\x00\xef\xe1\x00\x02\x00\xef'
2020-07-09 21:52:58.422954, cycle count 601, gpio values 400190, 0, 0, 19976, status messages:  b'\xe1\x10\x01\x00\xef\xe1\x18\x01\x00\xef\xe1\x1c\x01\x00\xef\xe1\x1e\x01\x00\xef\xe1\x1f\x01\x00\xef\xe1\x1e\x02\x00\xef\xe1\x1c\x02\x00\xef\xe1\x18\x02\x00\xef\xe1\x10\x02\x00\xef\xe1\x00\x02\x00\xef'
2020-07-09 21:53:14.362993, cycle count 602, gpio values 400820, 0, 0, 20004, status messages:  b'\xe1\x10\x01\x00\xef\xe1\x18\x01\x00\xef\xe1\x1c\x01\x00\xef\xe1\x1e\x01\x00\xef\xe1\x1f\x01\x00\xef\xe1\x1e\x02\x00\xef\xe1\x1c\x02\x00\xef\xe1\x18\x02\x00\xef\xe1\x10\x02\x00\xef\xe1\x00\x02\x00\xef'
2020-07-09 21:53:30.563202, cycle count 603, gpio values 401450, 0, 0, 20049, status messages:  b'\xe1\x10\x01\x00\xef\xe1\x18\x01\x00\xef\xe1\x1c\x01\x00\xef\xe1\x1e\x01\x00\xef\xe1\x1f\x01\x00\xef\xe1\x1e\x02\x00\xef\xe1\x1c\x02\x00\xef\xe1\x18\x02\x00\xef\xe1\x10\x02\x00\xef\xe1\x00\x02\x00\xef'
2020-07-09 21:53:46.503242, cycle count 604, gpio values 402080, 0, 0, 20085, status messages:  b'\xe1\x10\x01\x00\xef\xe1\x18\x01\x00\xef\xe1\x1c\x01\x00\xef\xe1\x1e\x01\x00\xef\xe1\x1f\x01\x00\xef\xe1\x1e\x02\x00\xef\xe1\x1c\x02\x00\xef\xe1\x18\x02\x00\xef\xe1\x10\x02\x00\xef\xe1\x00\x02\x00\xef'
2020-07-09 21:54:02.442810, cycle count 605, gpio values 402710, 0, 0, 20121, status messages:  b'\xe1\x10\x01\x00\xef\xe1\x18\x01\x00\xef\xe1\x1c\x01\x00\xef\xe1\x1e\x01\x00\xef\xe1\x1f\x01\x00\xef\xe1\x1e\x02\x00\xef\xe1\x1c\x02\x00\xef\xe1\x18\x02\x00\xef\xe1\x10\x02\x00\xef\xe1\x00\x02\x00\xef'
2020-07-09 21:54:18.788927, cycle count 606, gpio values 403340, 0, 0, 20166, status messages:  b'\xe1\x10\x01\x00\xef\xe1\x18\x01\x00\xef\xe1\x1c\x01\x00\xef\xe1\x1e\x01\x00\xef\xe1\x1f\x01\x00\xef\xe1\x1e\x02\x00\xef\xe1\x1c\x02\x00\xef\xe1\x18\x02\x00\xef\xe1\x10\x02\x00\xef\xe1\x00\x02\x00\xef'
2020-07-09 21:54:34.728207, cycle count 607, gpio values 403970, 0, 0, 20194, status messages:  b'\xe1\x10\x01\x00\xef\xe1\x18\x01\x00\xef\xe1\x1c\x01\x00\xef\xe1\x1e\x01\x00\xef\xe1\x1f\x01\x00\xef\xe1\x1e\x02\x00\xef\xe1\x1c\x02\x00\xef\xe1\x18\x02\x00\xef\xe1\x10\x02\x00\xef\xe1\x00\x02\x00\xef'
2020-07-09 21:54:50.668813, cycle count 608, gpio values 404600, 0, 0, 20230, status messages:  b'\xe1\x10\x01\x00\xef\xe1\x18\x01\x00\xef\xe1\x1c\x01\x00\xef\xe1\x1e\x01\x00\xef\xe1\x1f\x01\x00\xef\xe1\x1e\x02\x00\xef\xe1\x1c\x02\x00\xef\xe1\x18\x02\x00\xef\xe1\x10\x02\x00\xef\xe1\x00\x02\x00\xef'
2020-07-09 21:55:06.706520, cycle count 609, gpio values 405230, 0, 0, 20266, status messages:  b'\xe1\x10\x01\x00\xef\xe1\x18\x01\x00\xef\xe1\x1c\x01\x00\xef\xe1\x1e\x01\x00\xef\xe1\x1f\x01\x00\xef\xe1\x1e\x02\x00\xef\xe1\x1c\x02\x00\xef\xe1\x18\x02\x00\xef\xe1\x10\x02\x00\xef\xe1\x00\x02\x00\xef'
2020-07-09 21:55:22.645933, cycle count 610, gpio values 405860, 0, 0, 20302, status messages:  b'\xe1\x10\x01\x00\xef\xe1\x18\x01\x00\xef\xe1\x1c\x01\x00\xef\xe1\x1e\x01\x00\xef\xe1\x1f\x01\x00\xef\xe1\x1e\x02\x00\xef\xe1\x1c\x02\x00\xef\xe1\x18\x02\x00\xef\xe1\x10\x02\x00\xef\xe1\x00\x02\x00\xef'
2020-07-09 21:55:38.602928, cycle count 611, gpio values 406490, 0, 0, 20338, status messages:  b'\xe1\x10\x01\x00\xef\xe1\x18\x01\x00\xef\xe1\x1c\x01\x00\xef\xe1\x1e\x01\x00\xef\xe1\x1f\x01\x00\xef\xe1\x1e\x02\x00\xef\xe1\x1c\x02\x00\xef\xe1\x18\x02\x00\xef\xe1\x10\x02\x00\xef\xe1\x00\x02\x00\xef'
2020-07-09 21:55:54.897110, cycle count 612, gpio values 407120, 0, 0, 20383, status messages:  b'\xe1\x10\x01\x00\xef\xe1\x18\x01\x00\xef\xe1\x1c\x01\x00\xef\xe1\x1e\x01\x00\xef\xe1\x1f\x01\x00\xef\xe1\x1e\x02\x00\xef\xe1\x1c\x02\x00\xef\xe1\x18\x02\x00\xef\xe1\x10\x02\x00\xef\xe1\x00\x02\x00\xef'
2020-07-09 21:56:10.967379, cycle count 613, gpio values 407715, 0, 0, 20428, status messages:  b'\xe1\x10\x01\x00\xef\xe1\x18\x01\x00\xef\xe1\x1c\x01\x00\xef\xe1\x1e\x01\x00\xef\xe1\x1f\x01\x00\xef\xe1\x1e\x02\x00\xef\xe1\x1c\x02\x00\xef\xe1\x18\x02\x00\xef\xe1\x10\x02\x00\xef\xe1\x00\x02\x00\xef'
2020-07-09 21:56:26.913195, cycle count 614, gpio values 408345, 0, 0, 20456, status messages:  b'\xe1\x10\x01\x00\xef\xe1\x18\x01\x00\xef\xe1\x1c\x01\x00\xef\xe1\x1e\x01\x00\xef\xe1\x1f\x01\x00\xef\xe1\x1e\x02\x00\xef\xe1\x1c\x02\x00\xef\xe1\x18\x02\x00\xef\xe1\x10\x02\x00\xef\xe1\x00\x02\x00\xef'
2020-07-09 21:56:43.138576, cycle count 615, gpio values 408975, 0, 0, 20492, status messages:  b'\xe1\x10\x01\x00\xef\xe1\x18\x01\x00\xef\xe1\x1c\x01\x00\xef\xe1\x1e\x01\x00\xef\xe1\x1f\x01\x00\xef\xe1\x1e\x02\x00\xef\xe1\x1c\x02\x00\xef\xe1\x18\x02\x00\xef\xe1\x10\x02\x00\xef\xe1\x00\x02\x00\xef'
2020-07-09 21:56:59.078582, cycle count 616, gpio values 409605, 0, 0, 20528, status messages:  b'\xe1\x10\x01\x00\xef\xe1\x18\x01\x00\xef\xe1\x1c\x01\x00\xef\xe1\x1e\x01\x00\xef\xe1\x1f\x01\x00\xef\xe1\x1e\x02\x00\xef\xe1\x1c\x02\x00\xef\xe1\x18\x02\x00\xef\xe1\x10\x02\x00\xef\xe1\x00\x02\x00\xef'
2020-07-09 21:57:15.344324, cycle count 617, gpio values 410235, 0, 0, 20556, status messages:  b'\xe1\x10\x01\x00\xef\xe1\x18\x01\x00\xef\xe1\x1c\x01\x00\xef\xe1\x1e\x01\x00\xef\xe1\x1f\x01\x00\xef\xe1\x1e\x02\x00\xef\xe1\x1c\x02\x00\xef\xe1\x18\x02\x00\xef\xe1\x10\x02\x00\xef\xe1\x00\x02\x00\xef'
2020-07-09 21:57:31.543066, cycle count 618, gpio values 410865, 0, 0, 20601, status messages:  b'\xe1\x10\x01\x00\xef\xe1\x18\x01\x00\xef\xe1\x1c\x01\x00\xef\xe1\x1e\x01\x00\xef\xe1\x1f\x01\x00\xef\xe1\x1e\x02\x00\xef\xe1\x1c\x02\x00\xef\xe1\x18\x02\x00\xef\xe1\x10\x02\x00\xef\xe1\x00\x02\x00\xef'
2020-07-09 21:57:47.484025, cycle count 619, gpio values 411495, 0, 0, 20637, status messages:  b'\xe1\x10\x01\x00\xef\xe1\x18\x01\x00\xef\xe1\x1c\x01\x00\xef\xe1\x1e\x01\x00\xef\xe1\x1f\x01\x00\xef\xe1\x1e\x02\x00\xef\xe1\x1c\x02\x00\xef\xe1\x18\x02\x00\xef\xe1\x10\x02\x00\xef\xe1\x00\x02\x00\xef'
2020-07-09 21:58:03.229325, cycle count 620, gpio values 412090, 0, 0, 20673, status messages:  b'\xe1\x10\x01\x00\xef\xe1\x18\x01\x00\xef\xe1\x1c\x01\x00\xef\xe1\x1e\x01\x00\xef\xe1\x1f\x01\x00\xef\xe1\x1e\x02\x00\xef\xe1\x1c\x02\x00\xef\xe1\x18\x02\x00\xef\xe1\x10\x02\x00\xef\xe1\x00\x02\x00\xef'
2020-07-09 21:58:19.299242, cycle count 621, gpio values 412720, 0, 0, 20701, status messages:  b'\xe1\x10\x01\x00\xef\xe1\x18\x01\x00\xef\xe1\x1c\x01\x00\xef\xe1\x1e\x01\x00\xef\xe1\x1f\x01\x00\xef\xe1\x1e\x02\x00\xef\xe1\x1c\x02\x00\xef\xe1\x18\x02\x00\xef\xe1\x10\x02\x00\xef\xe1\x00\x02\x00\xef'
2020-07-09 21:58:35.532011, cycle count 622, gpio values 413350, 0, 0, 20737, status messages:  b'\xe1\x10\x01\x00\xef\xe1\x18\x01\x00\xef\xe1\x1c\x01\x00\xef\xe1\x1e\x01\x00\xef\xe1\x1f\x01\x00\xef\xe1\x1e\x02\x00\xef\xe1\x1c\x02\x00\xef\xe1\x18\x02\x00\xef\xe1\x10\x02\x00\xef\xe1\x00\x02\x00\xef'
2020-07-09 21:58:51.472722, cycle count 623, gpio values 413980, 0, 0, 20765, status messages:  b'\xe1\x10\x01\x00\xef\xe1\x18\x01\x00\xef\xe1\x1c\x01\x00\xef\xe1\x1e\x01\x00\xef\xe1\x1f\x01\x00\xef\xe1\x1e\x02\x00\xef\xe1\x1c\x02\x00\xef\xe1\x18\x02\x00\xef\xe1\x10\x02\x00\xef\xe1\x00\x02\x00\xef'
2020-07-09 21:59:07.753084, cycle count 624, gpio values 414610, 0, 0, 20801, status messages:  b'\xe1\x10\x01\x00\xef\xe1\x18\x01\x00\xef\xe1\x1c\x01\x00\xef\xe1\x1e\x01\x00\xef\xe1\x1f\x01\x00\xef\xe1\x1e\x02\x00\xef\xe1\x1c\x02\x00\xef\xe1\x18\x02\x00\xef\xe1\x10\x02\x00\xef\xe1\x00\x02\x00\xef'
2020-07-09 21:59:23.806374, cycle count 625, gpio values 415240, 0, 0, 20829, status messages:  b'\xe1\x10\x01\x00\xef\xe1\x18\x01\x00\xef\xe1\x1c\x01\x00\xef\xe1\x1e\x01\x00\xef\xe1\x1f\x01\x00\xef\xe1\x1e\x02\x00\xef\xe1\x1c\x02\x00\xef\xe1\x18\x02\x00\xef\xe1\x10\x02\x00\xef\xe1\x00\x02\x00\xef'
2020-07-09 21:59:40.265590, cycle count 626, gpio values 415906, 0, 0, 20865, status messages:  b'\xe1\x10\x01\x00\xef\xe1\x18\x01\x00\xef\xe1\x1c\x01\x00\xef\xe1\x1e\x01\x00\xef\xe1\x1f\x01\x00\xef\xe1\x1e\x02\x00\xef\xe1\x1c\x02\x00\xef\xe1\x18\x02\x00\xef\xe1\x10\x02\x00\xef\xe1\x00\x02\x00\xef'
2020-07-09 21:59:56.206529, cycle count 627, gpio values 416536, 0, 0, 20893, status messages:  b'\xe1\x10\x01\x00\xef\xe1\x18\x01\x00\xef\xe1\x1c\x01\x00\xef\xe1\x1e\x01\x00\xef\xe1\x1f\x01\x00\xef\xe1\x1e\x02\x00\xef\xe1\x1c\x02\x00\xef\xe1\x18\x02\x00\xef\xe1\x10\x02\x00\xef\xe1\x00\x02\x00\xef'
2020-07-09 22:00:12.146331, cycle count 628, gpio values 417166, 0, 0, 20921, status messages:  b'\xe1\x10\x01\x00\xef\xe1\x18\x01\x00\xef\xe1\x1c\x01\x00\xef\xe1\x1e\x01\x00\xef\xe1\x1f\x01\x00\xef\xe1\x1e\x02\x00\xef\xe1\x1c\x02\x00\xef\xe1\x18\x02\x00\xef\xe1\x10\x02\x00\xef\xe1\x00\x02\x00\xef'
2020-07-09 22:00:28.361919, cycle count 629, gpio values 417796, 0, 0, 20957, status messages:  b'\xe1\x10\x01\x00\xef\xe1\x18\x01\x00\xef\xe1\x1c\x01\x00\xef\xe1\x1e\x01\x00\xef\xe1\x1f\x01\x00\xef\xe1\x1e\x02\x00\xef\xe1\x1c\x02\x00\xef\xe1\x18\x02\x00\xef\xe1\x10\x02\x00\xef\xe1\x00\x02\x00\xef'
2020-07-09 22:00:44.561658, cycle count 630, gpio values 418426, 0, 0, 20993, status messages:  b'\xe1\x10\x01\x00\xef\xe1\x18\x01\x00\xef\xe1\x1c\x01\x00\xef\xe1\x1e\x01\x00\xef\xe1\x1f\x01\x00\xef\xe1\x1e\x02\x00\xef\xe1\x1c\x02\x00\xef\xe1\x18\x02\x00\xef\xe1\x10\x02\x00\xef\xe1\x00\x02\x00\xef'
2020-07-09 22:01:00.501788, cycle count 631, gpio values 419056, 0, 0, 21021, status messages:  b'\xe1\x10\x01\x00\xef\xe1\x18\x01\x00\xef\xe1\x1c\x01\x00\xef\xe1\x1e\x01\x00\xef\xe1\x1f\x01\x00\xef\xe1\x1e\x02\x00\xef\xe1\x1c\x02\x00\xef\xe1\x18\x02\x00\xef\xe1\x10\x02\x00\xef\xe1\x00\x02\x00\xef'
2020-07-09 22:01:16.798524, cycle count 632, gpio values 419686, 0, 0, 21057, status messages:  b'\xe1\x10\x01\x00\xef\xe1\x18\x01\x00\xef\xe1\x1c\x01\x00\xef\xe1\x1e\x01\x00\xef\xe1\x1f\x01\x00\xef\xe1\x1e\x02\x00\xef\xe1\x1c\x02\x00\xef\xe1\x18\x02\x00\xef\xe1\x10\x02\x00\xef\xe1\x00\x02\x00\xef'
2020-07-09 22:01:32.998231, cycle count 633, gpio values 420316, 0, 0, 21093, status messages:  b'\xe1\x10\x01\x00\xef\xe1\x18\x01\x00\xef\xe1\x1c\x01\x00\xef\xe1\x1e\x01\x00\xef\xe1\x1f\x01\x00\xef\xe1\x1e\x02\x00\xef\xe1\x1c\x02\x00\xef\xe1\x18\x02\x00\xef\xe1\x10\x02\x00\xef\xe1\x00\x02\x00\xef'
2020-07-09 22:01:49.456171, cycle count 634, gpio values 420982, 0, 0, 21129, status messages:  b'\xe1\x10\x01\x00\xef\xe1\x18\x01\x00\xef\xe1\x1c\x01\x00\xef\xe1\x1e\x01\x00\xef\xe1\x1f\x01\x00\xef\xe1\x1e\x02\x00\xef\xe1\x1c\x02\x00\xef\xe1\x18\x02\x00\xef\xe1\x10\x02\x00\xef\xe1\x00\x02\x00\xef'
2020-07-09 22:02:05.914036, cycle count 635, gpio values 421648, 0, 0, 21165, status messages:  b'\xe1\x10\x01\x00\xef\xe1\x18\x01\x00\xef\xe1\x1c\x01\x00\xef\xe1\x1e\x01\x00\xef\xe1\x1f\x01\x00\xef\xe1\x1e\x02\x00\xef\xe1\x1c\x02\x00\xef\xe1\x18\x02\x00\xef\xe1\x10\x02\x00\xef\xe1\x00\x02\x00\xef'
2020-07-09 22:02:22.227179, cycle count 636, gpio values 422278, 0, 0, 21201, status messages:  b'\xe1\x10\x01\x00\xef\xe1\x18\x01\x00\xef\xe1\x1c\x01\x00\xef\xe1\x1e\x01\x00\xef\xe1\x1f\x01\x00\xef\xe1\x1e\x02\x00\xef\xe1\x1c\x02\x00\xef\xe1\x18\x02\x00\xef\xe1\x10\x02\x00\xef\xe1\x00\x02\x00\xef'
2020-07-09 22:02:38.459031, cycle count 637, gpio values 422908, 0, 0, 21237, status messages:  b'\xe1\x10\x01\x00\xef\xe1\x18\x01\x00\xef\xe1\x1c\x01\x00\xef\xe1\x1e\x01\x00\xef\xe1\x1f\x01\x00\xef\xe1\x1e\x02\x00\xef\xe1\x1c\x02\x00\xef\xe1\x18\x02\x00\xef\xe1\x10\x02\x00\xef\xe1\x00\x02\x00\xef'
2020-07-09 22:02:54.916528, cycle count 638, gpio values 423574, 0, 0, 21273, status messages:  b'\xe1\x10\x01\x00\xef\xe1\x18\x01\x00\xef\xe1\x1c\x01\x00\xef\xe1\x1e\x01\x00\xef\xe1\x1f\x01\x00\xef\xe1\x1e\x02\x00\xef\xe1\x1c\x02\x00\xef\xe1\x18\x02\x00\xef\xe1\x10\x02\x00\xef\xe1\x00\x02\x00\xef'
2020-07-09 22:03:11.131880, cycle count 639, gpio values 424204, 0, 0, 21309, status messages:  b'\xe1\x10\x01\x00\xef\xe1\x18\x01\x00\xef\xe1\x1c\x01\x00\xef\xe1\x1e\x01\x00\xef\xe1\x1f\x01\x00\xef\xe1\x1e\x02\x00\xef\xe1\x1c\x02\x00\xef\xe1\x18\x02\x00\xef\xe1\x10\x02\x00\xef\xe1\x00\x02\x00\xef'
2020-07-09 22:03:27.591585, cycle count 640, gpio values 424870, 0, 0, 21345, status messages:  b'\xe1\x10\x01\x00\xef\xe1\x18\x01\x00\xef\xe1\x1c\x01\x00\xef\xe1\x1e\x01\x00\xef\xe1\x1f\x01\x00\xef\xe1\x1e\x02\x00\xef\xe1\x1c\x02\x00\xef\xe1\x18\x02\x00\xef\xe1\x10\x02\x00\xef\xe1\x00\x02\x00\xef'
2020-07-09 22:03:44.048913, cycle count 641, gpio values 425536, 0, 0, 21381, status messages:  b'\xe1\x10\x01\x00\xef\xe1\x18\x01\x00\xef\xe1\x1c\x01\x00\xef\xe1\x1e\x01\x00\xef\xe1\x1f\x01\x00\xef\xe1\x1e\x02\x00\xef\xe1\x1c\x02\x00\xef\xe1\x18\x02\x00\xef\xe1\x10\x02\x00\xef\xe1\x00\x02\x00\xef'
2020-07-09 22:04:00.507574, cycle count 642, gpio values 426202, 0, 0, 21417, status messages:  b'\xe1\x10\x01\x00\xef\xe1\x18\x01\x00\xef\xe1\x1c\x01\x00\xef\xe1\x1e\x01\x00\xef\xe1\x1f\x01\x00\xef\xe1\x1e\x02\x00\xef\xe1\x1c\x02\x00\xef\xe1\x18\x02\x00\xef\xe1\x10\x02\x00\xef\xe1\x00\x02\x00\xef'
2020-07-09 22:04:16.966079, cycle count 643, gpio values 426868, 0, 0, 21453, status messages:  b'\xe1\x10\x01\x00\xef\xe1\x18\x01\x00\xef\xe1\x1c\x01\x00\xef\xe1\x1e\x01\x00\xef\xe1\x1f\x01\x00\xef\xe1\x1e\x02\x00\xef\xe1\x1c\x02\x00\xef\xe1\x18\x02\x00\xef\xe1\x10\x02\x00\xef\xe1\x00\x02\x00\xef'
2020-07-09 22:04:33.213948, cycle count 644, gpio values 427534, 0, 0, 21489, status messages:  b'\xe1\x10\x01\x00\xef\xe1\x18\x01\x00\xef\xe1\x1c\x01\x00\xef\xe1\x1e\x01\x00\xef\xe1\x1f\x01\x00\xef\xe1\x1e\x02\x00\xef\xe1\x1c\x02\x00\xef\xe1\x18\x02\x00\xef\xe1\x10\x02\x00\xef\xe1\x00\x02\x00\xef'
2020-07-09 22:04:49.818661, cycle count 645, gpio values 428237, 0, 0, 21517, status messages:  b'\xe1\x10\x01\x00\xef\xe1\x18\x01\x00\xef\xe1\x1c\x01\x00\xef\xe1\x1e\x01\x00\xef\xe1\x1f\x01\x00\xef\xe1\x1e\x02\x00\xef\xe1\x1c\x02\x00\xef\xe1\x18\x02\x00\xef\xe1\x10\x02\x00\xef\xe1\x00\x02\x00\xef'
2020-07-09 22:05:06.279679, cycle count 646, gpio values 428940, 0, 0, 21553, status messages:  b'\xe1\x10\x01\x00\xef\xe1\x18\x01\x00\xef\xe1\x1c\x01\x00\xef\xe1\x1e\x01\x00\xef\xe1\x1f\x01\x00\xef\xe1\x1e\x02\x00\xef\xe1\x1c\x02\x00\xef\xe1\x18\x02\x00\xef\xe1\x10\x02\x00\xef\xe1\x00\x02\x00\xef'
2020-07-09 22:05:22.737789, cycle count 647, gpio values 429643, 0, 0, 21581, status messages:  b'\xe1\x10\x01\x00\xef\xe1\x18\x01\x00\xef\xe1\x1c\x01\x00\xef\xe1\x1e\x01\x00\xef\xe1\x1f\x01\x00\xef\xe1\x1e\x02\x00\xef\xe1\x1c\x02\x00\xef\xe1\x18\x02\x00\xef\xe1\x10\x02\x00\xef\xe1\x00\x02\x00\xef'
2020-07-09 22:05:39.195393, cycle count 648, gpio values 430309, 0, 0, 21617, status messages:  b'\xe1\x10\x01\x00\xef\xe1\x18\x01\x00\xef\xe1\x1c\x01\x00\xef\xe1\x1e\x01\x00\xef\xe1\x1f\x01\x00\xef\xe1\x1e\x02\x00\xef\xe1\x1c\x02\x00\xef\xe1\x18\x02\x00\xef\xe1\x10\x02\x00\xef\xe1\x00\x02\x00\xef'
2020-07-09 22:05:55.654577, cycle count 649, gpio values 430975, 0, 0, 21653, status messages:  b'\xe1\x10\x01\x00\xef\xe1\x18\x01\x00\xef\xe1\x1c\x01\x00\xef\xe1\x1e\x01\x00\xef\xe1\x1f\x01\x00\xef\xe1\x1e\x02\x00\xef\xe1\x1c\x02\x00\xef\xe1\x18\x02\x00\xef\xe1\x10\x02\x00\xef\xe1\x00\x02\x00\xef'
2020-07-09 22:06:12.111507, cycle count 650, gpio values 431641, 0, 0, 21689, status messages:  b'\xe1\x10\x01\x00\xef\xe1\x18\x01\x00\xef\xe1\x1c\x01\x00\xef\xe1\x1e\x01\x00\xef\xe1\x1f\x01\x00\xef\xe1\x1e\x02\x00\xef\xe1\x1c\x02\x00\xef\xe1\x18\x02\x00\xef\xe1\x10\x02\x00\xef\xe1\x00\x02\x00\xef'
2020-07-09 22:06:28.570387, cycle count 651, gpio values 432344, 0, 0, 21717, status messages:  b'\xe1\x10\x01\x00\xef\xe1\x18\x01\x00\xef\xe1\x1c\x01\x00\xef\xe1\x1e\x01\x00\xef\xe1\x1f\x01\x00\xef\xe1\x1e\x02\x00\xef\xe1\x1c\x02\x00\xef\xe1\x18\x02\x00\xef\xe1\x10\x02\x00\xef\xe1\x00\x02\x00\xef'
2020-07-09 22:06:45.161030, cycle count 652, gpio values 433047, 0, 0, 21745, status messages:  b'\xe1\x10\x01\x00\xef\xe1\x18\x01\x00\xef\xe1\x1c\x01\x00\xef\xe1\x1e\x01\x00\xef\xe1\x1f\x01\x00\xef\xe1\x1e\x02\x00\xef\xe1\x1c\x02\x00\xef\xe1\x18\x02\x00\xef\xe1\x10\x02\x00\xef\xe1\x00\x02\x00\xef'
2020-07-09 22:07:01.618413, cycle count 653, gpio values 433750, 0, 0, 21781, status messages:  b'\xe1\x10\x01\x00\xef\xe1\x18\x01\x00\xef\xe1\x1c\x01\x00\xef\xe1\x1e\x01\x00\xef\xe1\x1f\x01\x00\xef\xe1\x1e\x02\x00\xef\xe1\x1c\x02\x00\xef\xe1\x18\x02\x00\xef\xe1\x10\x02\x00\xef\xe1\x00\x02\x00\xef'
2020-07-09 22:07:18.076604, cycle count 654, gpio values 434416, 0, 0, 21817, status messages:  b'\xe1\x10\x01\x00\xef\xe1\x18\x01\x00\xef\xe1\x1c\x01\x00\xef\xe1\x1e\x01\x00\xef\xe1\x1f\x01\x00\xef\xe1\x1e\x02\x00\xef\xe1\x1c\x02\x00\xef\xe1\x18\x02\x00\xef\xe1\x10\x02\x00\xef\xe1\x00\x02\x00\xef'
2020-07-09 22:07:34.276438, cycle count 655, gpio values 435046, 0, 0, 21853, status messages:  b'\xe1\x10\x01\x00\xef\xe1\x18\x01\x00\xef\xe1\x1c\x01\x00\xef\xe1\x1e\x01\x00\xef\xe1\x1f\x01\x00\xef\xe1\x1e\x02\x00\xef\xe1\x1c\x02\x00\xef\xe1\x18\x02\x00\xef\xe1\x10\x02\x00\xef\xe1\x00\x02\x00\xef'
2020-07-09 22:07:50.734509, cycle count 656, gpio values 435712, 0, 0, 21889, status messages:  b'\xe1\x10\x01\x00\xef\xe1\x18\x01\x00\xef\xe1\x1c\x01\x00\xef\xe1\x1e\x01\x00\xef\xe1\x1f\x01\x00\xef\xe1\x1e\x02\x00\xef\xe1\x1c\x02\x00\xef\xe1\x18\x02\x00\xef\xe1\x10\x02\x00\xef\xe1\x00\x02\x00\xef'
2020-07-09 22:08:06.934668, cycle count 657, gpio values 436342, 0, 0, 21925, status messages:  b'\xe1\x10\x01\x00\xef\xe1\x18\x01\x00\xef\xe1\x1c\x01\x00\xef\xe1\x1e\x01\x00\xef\xe1\x1f\x01\x00\xef\xe1\x1e\x02\x00\xef\xe1\x1c\x02\x00\xef\xe1\x18\x02\x00\xef\xe1\x10\x02\x00\xef\xe1\x00\x02\x00\xef'
2020-07-09 22:08:23.392346, cycle count 658, gpio values 437008, 0, 0, 21961, status messages:  b'\xe1\x10\x01\x00\xef\xe1\x18\x01\x00\xef\xe1\x1c\x01\x00\xef\xe1\x1e\x01\x00\xef\xe1\x1f\x01\x00\xef\xe1\x1e\x02\x00\xef\xe1\x1c\x02\x00\xef\xe1\x18\x02\x00\xef\xe1\x10\x02\x00\xef\xe1\x00\x02\x00\xef'
2020-07-09 22:08:39.850189, cycle count 659, gpio values 437674, 0, 0, 21997, status messages:  b'\xe1\x10\x01\x00\xef\xe1\x18\x01\x00\xef\xe1\x1c\x01\x00\xef\xe1\x1e\x01\x00\xef\xe1\x1f\x01\x00\xef\xe1\x1e\x02\x00\xef\xe1\x1c\x02\x00\xef\xe1\x18\x02\x00\xef\xe1\x10\x02\x00\xef\xe1\x00\x02\x00\xef'
2020-07-09 22:08:56.307872, cycle count 660, gpio values 438340, 0, 0, 22033, status messages:  b'\xe1\x10\x01\x00\xef\xe1\x18\x01\x00\xef\xe1\x1c\x01\x00\xef\xe1\x1e\x01\x00\xef\xe1\x1f\x01\x00\xef\xe1\x1e\x02\x00\xef\xe1\x1c\x02\x00\xef\xe1\x18\x02\x00\xef\xe1\x10\x02\x00\xef\xe1\x00\x02\x00\xef'
2020-07-09 22:09:12.766531, cycle count 661, gpio values 439006, 0, 0, 22069, status messages:  b'\xe1\x10\x01\x00\xef\xe1\x18\x01\x00\xef\xe1\x1c\x01\x00\xef\xe1\x1e\x01\x00\xef\xe1\x1f\x01\x00\xef\xe1\x1e\x02\x00\xef\xe1\x1c\x02\x00\xef\xe1\x18\x02\x00\xef\xe1\x10\x02\x00\xef\xe1\x00\x02\x00\xef'
2020-07-09 22:09:28.965542, cycle count 662, gpio values 439636, 0, 0, 22105, status messages:  b'\xe1\x10\x01\x00\xef\xe1\x18\x01\x00\xef\xe1\x1c\x01\x00\xef\xe1\x1e\x01\x00\xef\xe1\x1f\x01\x00\xef\xe1\x1e\x02\x00\xef\xe1\x1c\x02\x00\xef\xe1\x18\x02\x00\xef\xe1\x10\x02\x00\xef\xe1\x00\x02\x00\xef'
2020-07-09 22:09:45.424705, cycle count 663, gpio values 440302, 0, 0, 22141, status messages:  b'\xe1\x10\x01\x00\xef\xe1\x18\x01\x00\xef\xe1\x1c\x01\x00\xef\xe1\x1e\x01\x00\xef\xe1\x1f\x01\x00\xef\xe1\x1e\x02\x00\xef\xe1\x1c\x02\x00\xef\xe1\x18\x02\x00\xef\xe1\x10\x02\x00\xef\xe1\x00\x02\x00\xef'
2020-07-09 22:10:01.882846, cycle count 664, gpio values 440968, 0, 0, 22177, status messages:  b'\xe1\x10\x01\x00\xef\xe1\x18\x01\x00\xef\xe1\x1c\x01\x00\xef\xe1\x1e\x01\x00\xef\xe1\x1f\x01\x00\xef\xe1\x1e\x02\x00\xef\xe1\x1c\x02\x00\xef\xe1\x18\x02\x00\xef\xe1\x10\x02\x00\xef\xe1\x00\x02\x00\xef'
2020-07-09 22:10:18.340281, cycle count 665, gpio values 441634, 0, 0, 22213, status messages:  b'\xe1\x10\x01\x00\xef\xe1\x18\x01\x00\xef\xe1\x1c\x01\x00\xef\xe1\x1e\x01\x00\xef\xe1\x1f\x01\x00\xef\xe1\x1e\x02\x00\xef\xe1\x1c\x02\x00\xef\xe1\x18\x02\x00\xef\xe1\x10\x02\x00\xef\xe1\x00\x02\x00\xef'
2020-07-09 22:10:34.798069, cycle count 666, gpio values 442300, 0, 0, 22249, status messages:  b'\xe1\x10\x01\x00\xef\xe1\x18\x01\x00\xef\xe1\x1c\x01\x00\xef\xe1\x1e\x01\x00\xef\xe1\x1f\x01\x00\xef\xe1\x1e\x02\x00\xef\xe1\x1c\x02\x00\xef\xe1\x18\x02\x00\xef\xe1\x10\x02\x00\xef\xe1\x00\x02\x00\xef'
2020-07-09 22:10:50.998014, cycle count 667, gpio values 442966, 0, 0, 22277, status messages:  b'\xe1\x10\x01\x00\xef\xe1\x18\x01\x00\xef\xe1\x1c\x01\x00\xef\xe1\x1e\x01\x00\xef\xe1\x1f\x01\x00\xef\xe1\x1e\x02\x00\xef\xe1\x1c\x02\x00\xef\xe1\x18\x02\x00\xef\xe1\x10\x02\x00\xef\xe1\x00\x02\x00\xef'
2020-07-09 22:11:07.456036, cycle count 668, gpio values 443632, 0, 0, 22313, status messages:  b'\xe1\x10\x01\x00\xef\xe1\x18\x01\x00\xef\xe1\x1c\x01\x00\xef\xe1\x1e\x01\x00\xef\xe1\x1f\x01\x00\xef\xe1\x1e\x02\x00\xef\xe1\x1c\x02\x00\xef\xe1\x18\x02\x00\xef\xe1\x10\x02\x00\xef\xe1\x00\x02\x00\xef'
2020-07-09 22:11:23.913977, cycle count 669, gpio values 444298, 0, 0, 22349, status messages:  b'\xe1\x10\x01\x00\xef\xe1\x18\x01\x00\xef\xe1\x1c\x01\x00\xef\xe1\x1e\x01\x00\xef\xe1\x1f\x01\x00\xef\xe1\x1e\x02\x00\xef\xe1\x1c\x02\x00\xef\xe1\x18\x02\x00\xef\xe1\x10\x02\x00\xef\xe1\x00\x02\x00\xef'
2020-07-09 22:11:40.373755, cycle count 670, gpio values 444964, 0, 0, 22385, status messages:  b'\xe1\x10\x01\x00\xef\xe1\x18\x01\x00\xef\xe1\x1c\x01\x00\xef\xe1\x1e\x01\x00\xef\xe1\x1f\x01\x00\xef\xe1\x1e\x02\x00\xef\xe1\x1c\x02\x00\xef\xe1\x18\x02\x00\xef\xe1\x10\x02\x00\xef\xe1\x00\x02\x00\xef'
2020-07-09 22:11:56.831916, cycle count 671, gpio values 445630, 0, 0, 22421, status messages:  b'\xe1\x10\x01\x00\xef\xe1\x18\x01\x00\xef\xe1\x1c\x01\x00\xef\xe1\x1e\x01\x00\xef\xe1\x1f\x01\x00\xef\xe1\x1e\x02\x00\xef\xe1\x1c\x02\x00\xef\xe1\x18\x02\x00\xef\xe1\x10\x02\x00\xef\xe1\x00\x02\x00\xef'
2020-07-09 22:12:13.030664, cycle count 672, gpio values 446260, 0, 0, 22457, status messages:  b'\xe1\x10\x01\x00\xef\xe1\x18\x01\x00\xef\xe1\x1c\x01\x00\xef\xe1\x1e\x01\x00\xef\xe1\x1f\x01\x00\xef\xe1\x1e\x02\x00\xef\xe1\x1c\x02\x00\xef\xe1\x18\x02\x00\xef\xe1\x10\x02\x00\xef\xe1\x00\x02\x00\xef'
2020-07-09 22:12:29.490109, cycle count 673, gpio values 446926, 0, 0, 22493, status messages:  b'\xe1\x10\x01\x00\xef\xe1\x18\x01\x00\xef\xe1\x1c\x01\x00\xef\xe1\x1e\x01\x00\xef\xe1\x1f\x01\x00\xef\xe1\x1e\x02\x00\xef\xe1\x1c\x02\x00\xef\xe1\x18\x02\x00\xef\xe1\x10\x02\x00\xef\xe1\x00\x02\x00\xef'
2020-07-09 22:12:45.947517, cycle count 674, gpio values 447592, 0, 0, 22529, status messages:  b'\xe1\x10\x01\x00\xef\xe1\x18\x01\x00\xef\xe1\x1c\x01\x00\xef\xe1\x1e\x01\x00\xef\xe1\x1f\x01\x00\xef\xe1\x1e\x02\x00\xef\xe1\x1c\x02\x00\xef\xe1\x18\x02\x00\xef\xe1\x10\x02\x00\xef\xe1\x00\x02\x00\xef'
2020-07-09 22:13:02.406107, cycle count 675, gpio values 448258, 0, 0, 22565, status messages:  b'\xe1\x10\x01\x00\xef\xe1\x18\x01\x00\xef\xe1\x1c\x01\x00\xef\xe1\x1e\x01\x00\xef\xe1\x1f\x01\x00\xef\xe1\x1e\x02\x00\xef\xe1\x1c\x02\x00\xef\xe1\x18\x02\x00\xef\xe1\x10\x02\x00\xef\xe1\x00\x02\x00\xef'
2020-07-09 22:13:18.863718, cycle count 676, gpio values 448924, 0, 0, 22601, status messages:  b'\xe1\x10\x01\x00\xef\xe1\x18\x01\x00\xef\xe1\x1c\x01\x00\xef\xe1\x1e\x01\x00\xef\xe1\x1f\x01\x00\xef\xe1\x1e\x02\x00\xef\xe1\x1c\x02\x00\xef\xe1\x18\x02\x00\xef\xe1\x10\x02\x00\xef\xe1\x00\x02\x00\xef'
2020-07-09 22:13:35.323239, cycle count 677, gpio values 449590, 0, 0, 22637, status messages:  b'\xe1\x10\x01\x00\xef\xe1\x18\x01\x00\xef\xe1\x1c\x01\x00\xef\xe1\x1e\x01\x00\xef\xe1\x1f\x01\x00\xef\xe1\x1e\x02\x00\xef\xe1\x1c\x02\x00\xef\xe1\x18\x02\x00\xef\xe1\x10\x02\x00\xef\xe1\x00\x02\x00\xef'
2020-07-09 22:13:51.521710, cycle count 678, gpio values 450220, 0, 0, 22673, status messages:  b'\xe1\x10\x01\x00\xef\xe1\x18\x01\x00\xef\xe1\x1c\x01\x00\xef\xe1\x1e\x01\x00\xef\xe1\x1f\x01\x00\xef\xe1\x1e\x02\x00\xef\xe1\x1c\x02\x00\xef\xe1\x18\x02\x00\xef\xe1\x10\x02\x00\xef\xe1\x00\x02\x00\xef'
2020-07-09 22:14:07.948391, cycle count 679, gpio values 450850, 0, 0, 22709, status messages:  b'\xe1\x10\x01\x00\xef\xe1\x18\x01\x00\xef\xe1\x1c\x01\x00\xef\xe1\x1e\x01\x00\xef\xe1\x1f\x01\x00\xef\xe1\x1e\x02\x00\xef\xe1\x1c\x02\x00\xef\xe1\x18\x02\x00\xef\xe1\x10\x02\x00\xef\xe1\x00\x02\x00\xef'
2020-07-09 22:14:24.178708, cycle count 680, gpio values 451480, 0, 0, 22745, status messages:  b'\xe1\x10\x01\x00\xef\xe1\x18\x01\x00\xef\xe1\x1c\x01\x00\xef\xe1\x1e\x01\x00\xef\xe1\x1f\x01\x00\xef\xe1\x1e\x02\x00\xef\xe1\x1c\x02\x00\xef\xe1\x18\x02\x00\xef\xe1\x10\x02\x00\xef\xe1\x00\x02\x00\xef'
2020-07-09 22:14:40.167954, cycle count 681, gpio values 452110, 0, 0, 22773, status messages:  b'\xe1\x10\x01\x00\xef\xe1\x18\x01\x00\xef\xe1\x1c\x01\x00\xef\xe1\x1e\x01\x00\xef\xe1\x1f\x01\x00\xef\xe1\x1e\x02\x00\xef\xe1\x1c\x02\x00\xef\xe1\x18\x02\x00\xef\xe1\x10\x02\x00\xef\xe1\x00\x02\x00\xef'
2020-07-09 22:14:56.626603, cycle count 682, gpio values 452776, 0, 0, 22809, status messages:  b'\xe1\x10\x01\x00\xef\xe1\x18\x01\x00\xef\xe1\x1c\x01\x00\xef\xe1\x1e\x01\x00\xef\xe1\x1f\x01\x00\xef\xe1\x1e\x02\x00\xef\xe1\x1c\x02\x00\xef\xe1\x18\x02\x00\xef\xe1\x10\x02\x00\xef\xe1\x00\x02\x00\xef'
2020-07-09 22:15:12.826146, cycle count 683, gpio values 453406, 0, 0, 22845, status messages:  b'\xe1\x10\x01\x00\xef\xe1\x18\x01\x00\xef\xe1\x1c\x01\x00\xef\xe1\x1e\x01\x00\xef\xe1\x1f\x01\x00\xef\xe1\x1e\x02\x00\xef\xe1\x1c\x02\x00\xef\xe1\x18\x02\x00\xef\xe1\x10\x02\x00\xef\xe1\x00\x02\x00\xef'
2020-07-09 22:15:29.283563, cycle count 684, gpio values 454072, 0, 0, 22881, status messages:  b'\xe1\x10\x01\x00\xef\xe1\x18\x01\x00\xef\xe1\x1c\x01\x00\xef\xe1\x1e\x01\x00\xef\xe1\x1f\x01\x00\xef\xe1\x1e\x02\x00\xef\xe1\x1c\x02\x00\xef\xe1\x18\x02\x00\xef\xe1\x10\x02\x00\xef\xe1\x00\x02\x00\xef'
2020-07-09 22:15:45.743161, cycle count 685, gpio values 454738, 0, 0, 22917, status messages:  b'\xe1\x10\x01\x00\xef\xe1\x18\x01\x00\xef\xe1\x1c\x01\x00\xef\xe1\x1e\x01\x00\xef\xe1\x1f\x01\x00\xef\xe1\x1e\x02\x00\xef\xe1\x1c\x02\x00\xef\xe1\x18\x02\x00\xef\xe1\x10\x02\x00\xef\xe1\x00\x02\x00\xef'
2020-07-09 22:16:02.202038, cycle count 686, gpio values 455404, 0, 0, 22953, status messages:  b'\xe1\x10\x01\x00\xef\xe1\x18\x01\x00\xef\xe1\x1c\x01\x00\xef\xe1\x1e\x01\x00\xef\xe1\x1f\x01\x00\xef\xe1\x1e\x02\x00\xef\xe1\x1c\x02\x00\xef\xe1\x18\x02\x00\xef\xe1\x10\x02\x00\xef\xe1\x00\x02\x00\xef'
2020-07-09 22:16:18.658656, cycle count 687, gpio values 456070, 0, 0, 22989, status messages:  b'\xe1\x10\x01\x00\xef\xe1\x18\x01\x00\xef\xe1\x1c\x01\x00\xef\xe1\x1e\x01\x00\xef\xe1\x1f\x01\x00\xef\xe1\x1e\x02\x00\xef\xe1\x1c\x02\x00\xef\xe1\x18\x02\x00\xef\xe1\x10\x02\x00\xef\xe1\x00\x02\x00\xef'
2020-07-09 22:16:34.858730, cycle count 688, gpio values 456700, 0, 0, 23025, status messages:  b'\xe1\x10\x01\x00\xef\xe1\x18\x01\x00\xef\xe1\x1c\x01\x00\xef\xe1\x1e\x01\x00\xef\xe1\x1f\x01\x00\xef\xe1\x1e\x02\x00\xef\xe1\x1c\x02\x00\xef\xe1\x18\x02\x00\xef\xe1\x10\x02\x00\xef\xe1\x00\x02\x00\xef'
2020-07-09 22:16:51.348539, cycle count 689, gpio values 457366, 0, 0, 23061, status messages:  b'\xe1\x10\x01\x00\xef\xe1\x18\x01\x00\xef\xe1\x1c\x01\x00\xef\xe1\x1e\x01\x00\xef\xe1\x1f\x01\x00\xef\xe1\x1e\x02\x00\xef\xe1\x1c\x02\x00\xef\xe1\x18\x02\x00\xef\xe1\x10\x02\x00\xef\xe1\x00\x02\x00\xef'
2020-07-09 22:17:07.807205, cycle count 690, gpio values 458032, 0, 0, 23097, status messages:  b'\xe1\x10\x01\x00\xef\xe1\x18\x01\x00\xef\xe1\x1c\x01\x00\xef\xe1\x1e\x01\x00\xef\xe1\x1f\x01\x00\xef\xe1\x1e\x02\x00\xef\xe1\x1c\x02\x00\xef\xe1\x18\x02\x00\xef\xe1\x10\x02\x00\xef\xe1\x00\x02\x00\xef'
2020-07-09 22:17:24.280662, cycle count 691, gpio values 458698, 0, 0, 23133, status messages:  b'\xe1\x10\x01\x00\xef\xe1\x18\x01\x00\xef\xe1\x1c\x01\x00\xef\xe1\x1e\x01\x00\xef\xe1\x1f\x01\x00\xef\xe1\x1e\x02\x00\xef\xe1\x1c\x02\x00\xef\xe1\x18\x02\x00\xef\xe1\x10\x02\x00\xef\xe1\x00\x02\x00\xef'
2020-07-09 22:17:40.481122, cycle count 692, gpio values 459328, 0, 0, 23169, status messages:  b'\xe1\x10\x01\x00\xef\xe1\x18\x01\x00\xef\xe1\x1c\x01\x00\xef\xe1\x1e\x01\x00\xef\xe1\x1f\x01\x00\xef\xe1\x1e\x02\x00\xef\xe1\x1c\x02\x00\xef\xe1\x18\x02\x00\xef\xe1\x10\x02\x00\xef\xe1\x00\x02\x00\xef'
2020-07-09 22:17:56.938681, cycle count 693, gpio values 459994, 0, 0, 23205, status messages:  b'\xe1\x10\x01\x00\xef\xe1\x18\x01\x00\xef\xe1\x1c\x01\x00\xef\xe1\x1e\x01\x00\xef\xe1\x1f\x01\x00\xef\xe1\x1e\x02\x00\xef\xe1\x1c\x02\x00\xef\xe1\x18\x02\x00\xef\xe1\x10\x02\x00\xef\xe1\x00\x02\x00\xef'
2020-07-09 22:18:13.397323, cycle count 694, gpio values 460660, 0, 0, 23241, status messages:  b'\xe1\x10\x01\x00\xef\xe1\x18\x01\x00\xef\xe1\x1c\x01\x00\xef\xe1\x1e\x01\x00\xef\xe1\x1f\x01\x00\xef\xe1\x1e\x02\x00\xef\xe1\x1c\x02\x00\xef\xe1\x18\x02\x00\xef\xe1\x10\x02\x00\xef\xe1\x00\x02\x00\xef'
2020-07-09 22:18:29.677081, cycle count 695, gpio values 461290, 0, 0, 23277, status messages:  b'\xe1\x10\x01\x00\xef\xe1\x18\x01\x00\xef\xe1\x1c\x01\x00\xef\xe1\x1e\x01\x00\xef\xe1\x1f\x01\x00\xef\xe1\x1e\x02\x00\xef\xe1\x1c\x02\x00\xef\xe1\x18\x02\x00\xef\xe1\x10\x02\x00\xef\xe1\x00\x02\x00\xef'
2020-07-09 22:18:45.875944, cycle count 696, gpio values 461920, 0, 0, 23313, status messages:  b'\xe1\x10\x01\x00\xef\xe1\x18\x01\x00\xef\xe1\x1c\x01\x00\xef\xe1\x1e\x01\x00\xef\xe1\x1f\x01\x00\xef\xe1\x1e\x02\x00\xef\xe1\x1c\x02\x00\xef\xe1\x18\x02\x00\xef\xe1\x10\x02\x00\xef\xe1\x00\x02\x00\xef'
2020-07-09 22:19:02.334055, cycle count 697, gpio values 462586, 0, 0, 23349, status messages:  b'\xe1\x10\x01\x00\xef\xe1\x18\x01\x00\xef\xe1\x1c\x01\x00\xef\xe1\x1e\x01\x00\xef\xe1\x1f\x01\x00\xef\xe1\x1e\x02\x00\xef\xe1\x1c\x02\x00\xef\xe1\x18\x02\x00\xef\xe1\x10\x02\x00\xef\xe1\x00\x02\x00\xef'
2020-07-09 22:19:18.825112, cycle count 698, gpio values 463252, 0, 0, 23385, status messages:  b'\xe1\x10\x01\x00\xef\xe1\x18\x01\x00\xef\xe1\x1c\x01\x00\xef\xe1\x1e\x01\x00\xef\xe1\x1f\x01\x00\xef\xe1\x1e\x02\x00\xef\xe1\x1c\x02\x00\xef\xe1\x18\x02\x00\xef\xe1\x10\x02\x00\xef\xe1\x00\x02\x00\xef'
2020-07-09 22:19:35.089822, cycle count 699, gpio values 463882, 0, 0, 23421, status messages:  b'\xe1\x10\x01\x00\xef\xe1\x18\x01\x00\xef\xe1\x1c\x01\x00\xef\xe1\x1e\x01\x00\xef\xe1\x1f\x01\x00\xef\xe1\x1e\x02\x00\xef\xe1\x1c\x02\x00\xef\xe1\x18\x02\x00\xef\xe1\x10\x02\x00\xef\xe1\x00\x02\x00\xef'
2020-07-09 22:19:51.287668, cycle count 700, gpio values 464512, 0, 0, 23457, status messages:  b'\xe1\x10\x01\x00\xef\xe1\x18\x01\x00\xef\xe1\x1c\x01\x00\xef\xe1\x1e\x01\x00\xef\xe1\x1f\x01\x00\xef\xe1\x1e\x02\x00\xef\xe1\x1c\x02\x00\xef\xe1\x18\x02\x00\xef\xe1\x10\x02\x00\xef\xe1\x00\x02\x00\xef'
2020-07-09 22:20:07.746932, cycle count 701, gpio values 465178, 0, 0, 23493, status messages:  b'\xe1\x10\x01\x00\xef\xe1\x18\x01\x00\xef\xe1\x1c\x01\x00\xef\xe1\x1e\x01\x00\xef\xe1\x1f\x01\x00\xef\xe1\x1e\x02\x00\xef\xe1\x1c\x02\x00\xef\xe1\x18\x02\x00\xef\xe1\x10\x02\x00\xef\xe1\x00\x02\x00\xef'
2020-07-09 22:20:24.369652, cycle count 702, gpio values 465881, 0, 0, 23529, status messages:  b'\xe1\x10\x01\x00\xef\xe1\x18\x01\x00\xef\xe1\x1c\x01\x00\xef\xe1\x1e\x01\x00\xef\xe1\x1f\x01\x00\xef\xe1\x1e\x02\x00\xef\xe1\x1c\x02\x00\xef\xe1\x18\x02\x00\xef\xe1\x10\x02\x00\xef\xe1\x00\x02\x00\xef'
2020-07-09 22:20:40.569350, cycle count 703, gpio values 466511, 0, 0, 23565, status messages:  b'\xe1\x10\x01\x00\xef\xe1\x18\x01\x00\xef\xe1\x1c\x01\x00\xef\xe1\x1e\x01\x00\xef\xe1\x1f\x01\x00\xef\xe1\x1e\x02\x00\xef\xe1\x1c\x02\x00\xef\xe1\x18\x02\x00\xef\xe1\x10\x02\x00\xef\xe1\x00\x02\x00\xef'
2020-07-09 22:20:57.028155, cycle count 704, gpio values 467177, 0, 0, 23601, status messages:  b'\xe1\x10\x01\x00\xef\xe1\x18\x01\x00\xef\xe1\x1c\x01\x00\xef\xe1\x1e\x01\x00\xef\xe1\x1f\x01\x00\xef\xe1\x1e\x02\x00\xef\xe1\x1c\x02\x00\xef\xe1\x18\x02\x00\xef\xe1\x10\x02\x00\xef\xe1\x00\x02\x00\xef'
2020-07-09 22:21:13.485454, cycle count 705, gpio values 467843, 0, 0, 23637, status messages:  b'\xe1\x10\x01\x00\xef\xe1\x18\x01\x00\xef\xe1\x1c\x01\x00\xef\xe1\x1e\x01\x00\xef\xe1\x1f\x01\x00\xef\xe1\x1e\x02\x00\xef\xe1\x1c\x02\x00\xef\xe1\x18\x02\x00\xef\xe1\x10\x02\x00\xef\xe1\x00\x02\x00\xef'
2020-07-09 22:21:29.945010, cycle count 706, gpio values 468509, 0, 0, 23673, status messages:  b'\xe1\x10\x01\x00\xef\xe1\x18\x01\x00\xef\xe1\x1c\x01\x00\xef\xe1\x1e\x01\x00\xef\xe1\x1f\x01\x00\xef\xe1\x1e\x02\x00\xef\xe1\x1c\x02\x00\xef\xe1\x18\x02\x00\xef\xe1\x10\x02\x00\xef\xe1\x00\x02\x00\xef'
2020-07-09 22:21:46.402735, cycle count 707, gpio values 469175, 0, 0, 23709, status messages:  b'\xe1\x10\x01\x00\xef\xe1\x18\x01\x00\xef\xe1\x1c\x01\x00\xef\xe1\x1e\x01\x00\xef\xe1\x1f\x01\x00\xef\xe1\x1e\x02\x00\xef\xe1\x1c\x02\x00\xef\xe1\x18\x02\x00\xef\xe1\x10\x02\x00\xef\xe1\x00\x02\x00\xef'
2020-07-09 22:22:02.601945, cycle count 708, gpio values 469805, 0, 0, 23745, status messages:  b'\xe1\x10\x01\x00\xef\xe1\x18\x01\x00\xef\xe1\x1c\x01\x00\xef\xe1\x1e\x01\x00\xef\xe1\x1f\x01\x00\xef\xe1\x1e\x02\x00\xef\xe1\x1c\x02\x00\xef\xe1\x18\x02\x00\xef\xe1\x10\x02\x00\xef\xe1\x00\x02\x00\xef'
2020-07-09 22:22:19.060543, cycle count 709, gpio values 470471, 0, 0, 23781, status messages:  b'\xe1\x10\x01\x00\xef\xe1\x18\x01\x00\xef\xe1\x1c\x01\x00\xef\xe1\x1e\x01\x00\xef\xe1\x1f\x01\x00\xef\xe1\x1e\x02\x00\xef\xe1\x1c\x02\x00\xef\xe1\x18\x02\x00\xef\xe1\x10\x02\x00\xef\xe1\x00\x02\x00\xef'
2020-07-09 22:22:35.534563, cycle count 710, gpio values 471137, 0, 0, 23817, status messages:  b'\xe1\x10\x01\x00\xef\xe1\x18\x01\x00\xef\xe1\x1c\x01\x00\xef\xe1\x1e\x01\x00\xef\xe1\x1f\x01\x00\xef\xe1\x1e\x02\x00\xef\xe1\x1c\x02\x00\xef\xe1\x18\x02\x00\xef\xe1\x10\x02\x00\xef\xe1\x00\x02\x00\xef'
2020-07-09 22:22:52.009657, cycle count 711, gpio values 471803, 0, 0, 23853, status messages:  b'\xe1\x10\x01\x00\xef\xe1\x18\x01\x00\xef\xe1\x1c\x01\x00\xef\xe1\x1e\x01\x00\xef\xe1\x1f\x01\x00\xef\xe1\x1e\x02\x00\xef\xe1\x1c\x02\x00\xef\xe1\x18\x02\x00\xef\xe1\x10\x02\x00\xef\xe1\x00\x02\x00\xef'
2020-07-09 22:23:08.209365, cycle count 712, gpio values 472433, 0, 0, 23889, status messages:  b'\xe1\x10\x01\x00\xef\xe1\x18\x01\x00\xef\xe1\x1c\x01\x00\xef\xe1\x1e\x01\x00\xef\xe1\x1f\x01\x00\xef\xe1\x1e\x02\x00\xef\xe1\x1c\x02\x00\xef\xe1\x18\x02\x00\xef\xe1\x10\x02\x00\xef\xe1\x00\x02\x00\xef'
2020-07-09 22:23:24.668285, cycle count 713, gpio values 473099, 0, 0, 23925, status messages:  b'\xe1\x10\x01\x00\xef\xe1\x18\x01\x00\xef\xe1\x1c\x01\x00\xef\xe1\x1e\x01\x00\xef\xe1\x1f\x01\x00\xef\xe1\x1e\x02\x00\xef\xe1\x1c\x02\x00\xef\xe1\x18\x02\x00\xef\xe1\x10\x02\x00\xef\xe1\x00\x02\x00\xef'
2020-07-09 22:23:41.125873, cycle count 714, gpio values 473765, 0, 0, 23961, status messages:  b'\xe1\x10\x01\x00\xef\xe1\x18\x01\x00\xef\xe1\x1c\x01\x00\xef\xe1\x1e\x01\x00\xef\xe1\x1f\x01\x00\xef\xe1\x1e\x02\x00\xef\xe1\x1c\x02\x00\xef\xe1\x18\x02\x00\xef\xe1\x10\x02\x00\xef\xe1\x00\x02\x00\xef'
2020-07-09 22:23:57.584323, cycle count 715, gpio values 474431, 0, 0, 23997, status messages:  b'\xe1\x10\x01\x00\xef\xe1\x18\x01\x00\xef\xe1\x1c\x01\x00\xef\xe1\x1e\x01\x00\xef\xe1\x1f\x01\x00\xef\xe1\x1e\x02\x00\xef\xe1\x1c\x02\x00\xef\xe1\x18\x02\x00\xef\xe1\x10\x02\x00\xef\xe1\x00\x02\x00\xef'
2020-07-09 22:24:13.789042, cycle count 716, gpio values 475061, 0, 0, 24033, status messages:  b'\xe1\x10\x01\x00\xef\xe1\x18\x01\x00\xef\xe1\x1c\x01\x00\xef\xe1\x1e\x01\x00\xef\xe1\x1f\x01\x00\xef\xe1\x1e\x02\x00\xef\xe1\x1c\x02\x00\xef\xe1\x18\x02\x00\xef\xe1\x10\x02\x00\xef\xe1\x00\x02\x00\xef'
2020-07-09 22:24:30.242002, cycle count 717, gpio values 475727, 0, 0, 24069, status messages:  b'\xe1\x10\x01\x00\xef\xe1\x18\x01\x00\xef\xe1\x1c\x01\x00\xef\xe1\x1e\x01\x00\xef\xe1\x1f\x01\x00\xef\xe1\x1e\x02\x00\xef\xe1\x1c\x02\x00\xef\xe1\x18\x02\x00\xef\xe1\x10\x02\x00\xef\xe1\x00\x02\x00\xef'
2020-07-09 22:24:46.701341, cycle count 718, gpio values 476393, 0, 0, 24105, status messages:  b'\xe1\x10\x01\x00\xef\xe1\x18\x01\x00\xef\xe1\x1c\x01\x00\xef\xe1\x1e\x01\x00\xef\xe1\x1f\x01\x00\xef\xe1\x1e\x02\x00\xef\xe1\x1c\x02\x00\xef\xe1\x18\x02\x00\xef\xe1\x10\x02\x00\xef\xe1\x00\x02\x00\xef'
2020-07-09 22:25:03.160016, cycle count 719, gpio values 477059, 0, 0, 24141, status messages:  b'\xe1\x10\x01\x00\xef\xe1\x18\x01\x00\xef\xe1\x1c\x01\x00\xef\xe1\x1e\x01\x00\xef\xe1\x1f\x01\x00\xef\xe1\x1e\x02\x00\xef\xe1\x1c\x02\x00\xef\xe1\x18\x02\x00\xef\xe1\x10\x02\x00\xef\xe1\x00\x02\x00\xef'
2020-07-09 22:25:19.359027, cycle count 720, gpio values 477689, 0, 0, 24177, status messages:  b'\xe1\x10\x01\x00\xef\xe1\x18\x01\x00\xef\xe1\x1c\x01\x00\xef\xe1\x1e\x01\x00\xef\xe1\x1f\x01\x00\xef\xe1\x1e\x02\x00\xef\xe1\x1c\x02\x00\xef\xe1\x18\x02\x00\xef\xe1\x10\x02\x00\xef\xe1\x00\x02\x00\xef'
2020-07-09 22:25:35.816659, cycle count 721, gpio values 478355, 0, 0, 24213, status messages:  b'\xe1\x10\x01\x00\xef\xe1\x18\x01\x00\xef\xe1\x1c\x01\x00\xef\xe1\x1e\x01\x00\xef\xe1\x1f\x01\x00\xef\xe1\x1e\x02\x00\xef\xe1\x1c\x02\x00\xef\xe1\x18\x02\x00\xef\xe1\x10\x02\x00\xef\xe1\x00\x02\x00\xef'
2020-07-09 22:25:52.143124, cycle count 722, gpio values 479021, 0, 0, 24241, status messages:  b'\xe1\x10\x01\x00\xef\xe1\x18\x01\x00\xef\xe1\x1c\x01\x00\xef\xe1\x1e\x01\x00\xef\xe1\x1f\x01\x00\xef\xe1\x1e\x02\x00\xef\xe1\x1c\x02\x00\xef\xe1\x18\x02\x00\xef\xe1\x10\x02\x00\xef\xe1\x00\x02\x00\xef'
2020-07-09 22:26:08.473193, cycle count 723, gpio values 479651, 0, 0, 24277, status messages:  b'\xe1\x10\x01\x00\xef\xe1\x18\x01\x00\xef\xe1\x1c\x01\x00\xef\xe1\x1e\x01\x00\xef\xe1\x1f\x01\x00\xef\xe1\x1e\x02\x00\xef\xe1\x1c\x02\x00\xef\xe1\x18\x02\x00\xef\xe1\x10\x02\x00\xef\xe1\x00\x02\x00\xef'
2020-07-09 22:26:24.931971, cycle count 724, gpio values 480317, 0, 0, 24313, status messages:  b'\xe1\x10\x01\x00\xef\xe1\x18\x01\x00\xef\xe1\x1c\x01\x00\xef\xe1\x1e\x01\x00\xef\xe1\x1f\x01\x00\xef\xe1\x1e\x02\x00\xef\xe1\x1c\x02\x00\xef\xe1\x18\x02\x00\xef\xe1\x10\x02\x00\xef\xe1\x00\x02\x00\xef'
2020-07-09 22:26:41.391233, cycle count 725, gpio values 480983, 0, 0, 24349, status messages:  b'\xe1\x10\x01\x00\xef\xe1\x18\x01\x00\xef\xe1\x1c\x01\x00\xef\xe1\x1e\x01\x00\xef\xe1\x1f\x01\x00\xef\xe1\x1e\x02\x00\xef\xe1\x1c\x02\x00\xef\xe1\x18\x02\x00\xef\xe1\x10\x02\x00\xef\xe1\x00\x02\x00\xef'
2020-07-09 22:26:57.848861, cycle count 726, gpio values 481686, 0, 0, 24377, status messages:  b'\xe1\x10\x01\x00\xef\xe1\x18\x01\x00\xef\xe1\x1c\x01\x00\xef\xe1\x1e\x01\x00\xef\xe1\x1f\x01\x00\xef\xe1\x1e\x02\x00\xef\xe1\x1c\x02\x00\xef\xe1\x18\x02\x00\xef\xe1\x10\x02\x00\xef\xe1\x00\x02\x00\xef'
2020-07-09 22:27:14.307396, cycle count 727, gpio values 482352, 0, 0, 24413, status messages:  b'\xe1\x10\x01\x00\xef\xe1\x18\x01\x00\xef\xe1\x1c\x01\x00\xef\xe1\x1e\x01\x00\xef\xe1\x1f\x01\x00\xef\xe1\x1e\x02\x00\xef\xe1\x1c\x02\x00\xef\xe1\x18\x02\x00\xef\xe1\x10\x02\x00\xef\xe1\x00\x02\x00\xef'
2020-07-09 22:27:30.814817, cycle count 728, gpio values 483018, 0, 0, 24449, status messages:  b'\xe1\x10\x01\x00\xef\xe1\x18\x01\x00\xef\xe1\x1c\x01\x00\xef\xe1\x1e\x01\x00\xef\xe1\x1f\x01\x00\xef\xe1\x1e\x02\x00\xef\xe1\x1c\x02\x00\xef\xe1\x18\x02\x00\xef\xe1\x10\x02\x00\xef\xe1\x00\x02\x00\xef'
2020-07-09 22:27:47.282992, cycle count 729, gpio values 483721, 0, 0, 24485, status messages:  b'\xe1\x10\x01\x00\xef\xe1\x18\x01\x00\xef\xe1\x1c\x01\x00\xef\xe1\x1e\x01\x00\xef\xe1\x1f\x01\x00\xef\xe1\x1e\x02\x00\xef\xe1\x1c\x02\x00\xef\xe1\x18\x02\x00\xef\xe1\x10\x02\x00\xef\xe1\x00\x02\x00\xef'
2020-07-09 22:28:03.747026, cycle count 730, gpio values 484424, 0, 0, 24513, status messages:  b'\xe1\x10\x01\x00\xef\xe1\x18\x01\x00\xef\xe1\x1c\x01\x00\xef\xe1\x1e\x01\x00\xef\xe1\x1f\x01\x00\xef\xe1\x1e\x02\x00\xef\xe1\x1c\x02\x00\xef\xe1\x18\x02\x00\xef\xe1\x10\x02\x00\xef\xe1\x00\x02\x00\xef'
2020-07-09 22:28:20.465035, cycle count 731, gpio values 485127, 0, 0, 24549, status messages:  b'\xe1\x10\x01\x00\xef\xe1\x18\x01\x00\xef\xe1\x1c\x01\x00\xef\xe1\x1e\x01\x00\xef\xe1\x1f\x01\x00\xef\xe1\x1e\x02\x00\xef\xe1\x1c\x02\x00\xef\xe1\x18\x02\x00\xef\xe1\x10\x02\x00\xef\xe1\x00\x02\x00\xef'
2020-07-09 22:28:36.924006, cycle count 732, gpio values 485830, 0, 0, 24577, status messages:  b'\xe1\x10\x01\x00\xef\xe1\x18\x01\x00\xef\xe1\x1c\x01\x00\xef\xe1\x1e\x01\x00\xef\xe1\x1f\x01\x00\xef\xe1\x1e\x02\x00\xef\xe1\x1c\x02\x00\xef\xe1\x18\x02\x00\xef\xe1\x10\x02\x00\xef\xe1\x00\x02\x00\xef'
2020-07-09 22:28:53.401547, cycle count 733, gpio values 486533, 0, 0, 24605, status messages:  b'\xe1\x10\x01\x00\xef\xe1\x18\x01\x00\xef\xe1\x1c\x01\x00\xef\xe1\x1e\x01\x00\xef\xe1\x1f\x01\x00\xef\xe1\x1e\x02\x00\xef\xe1\x1c\x02\x00\xef\xe1\x18\x02\x00\xef\xe1\x10\x02\x00\xef\xe1\x00\x02\x00\xef'
2020-07-09 22:29:09.857342, cycle count 734, gpio values 487236, 0, 0, 24633, status messages:  b'\xe1\x10\x01\x00\xef\xe1\x18\x01\x00\xef\xe1\x1c\x01\x00\xef\xe1\x1e\x01\x00\xef\xe1\x1f\x01\x00\xef\xe1\x1e\x02\x00\xef\xe1\x1c\x02\x00\xef\xe1\x18\x02\x00\xef\xe1\x10\x02\x00\xef\xe1\x00\x02\x00\xef'
2020-07-09 22:29:26.633116, cycle count 735, gpio values 487939, 0, 0, 24669, status messages:  b'\xe1\x10\x01\x00\xef\xe1\x18\x01\x00\xef\xe1\x1c\x01\x00\xef\xe1\x1e\x01\x00\xef\xe1\x1f\x01\x00\xef\xe1\x1e\x02\x00\xef\xe1\x1c\x02\x00\xef\xe1\x18\x02\x00\xef\xe1\x10\x02\x00\xef\xe1\x00\x02\x00\xef'
2020-07-09 22:29:43.150191, cycle count 736, gpio values 488642, 0, 0, 24697, status messages:  b'\xe1\x10\x01\x00\xef\xe1\x18\x01\x00\xef\xe1\x1c\x01\x00\xef\xe1\x1e\x01\x00\xef\xe1\x1f\x01\x00\xef\xe1\x1e\x02\x00\xef\xe1\x1c\x02\x00\xef\xe1\x18\x02\x00\xef\xe1\x10\x02\x00\xef\xe1\x00\x02\x00\xef'
2020-07-09 22:29:59.603945, cycle count 737, gpio values 489345, 0, 0, 24725, status messages:  b'\xe1\x10\x01\x00\xef\xe1\x18\x01\x00\xef\xe1\x1c\x01\x00\xef\xe1\x1e\x01\x00\xef\xe1\x1f\x01\x00\xef\xe1\x1e\x02\x00\xef\xe1\x1c\x02\x00\xef\xe1\x18\x02\x00\xef\xe1\x10\x02\x00\xef\xe1\x00\x02\x00\xef'
2020-07-09 22:30:16.353624, cycle count 738, gpio values 490048, 0, 0, 24761, status messages:  b'\xe1\x10\x01\x00\xef\xe1\x18\x01\x00\xef\xe1\x1c\x01\x00\xef\xe1\x1e\x01\x00\xef\xe1\x1f\x01\x00\xef\xe1\x1e\x02\x00\xef\xe1\x1c\x02\x00\xef\xe1\x18\x02\x00\xef\xe1\x10\x02\x00\xef\xe1\x00\x02\x00\xef'
2020-07-09 22:30:32.812976, cycle count 739, gpio values 490714, 0, 0, 24797, status messages:  b'\xe1\x10\x01\x00\xef\xe1\x18\x01\x00\xef\xe1\x1c\x01\x00\xef\xe1\x1e\x01\x00\xef\xe1\x1f\x01\x00\xef\xe1\x1e\x02\x00\xef\xe1\x1c\x02\x00\xef\xe1\x18\x02\x00\xef\xe1\x10\x02\x00\xef\xe1\x00\x02\x00\xef'
2020-07-09 22:30:49.694706, cycle count 740, gpio values 491417, 0, 0, 24833, status messages:  b'\xe1\x10\x01\x00\xef\xe1\x18\x01\x00\xef\xe1\x1c\x01\x00\xef\xe1\x1e\x01\x00\xef\xe1\x1f\x01\x00\xef\xe1\x1e\x02\x00\xef\xe1\x1c\x02\x00\xef\xe1\x18\x02\x00\xef\xe1\x10\x02\x00\xef\xe1\x00\x02\x00\xef'
2020-07-09 22:31:06.154026, cycle count 741, gpio values 492120, 0, 0, 24861, status messages:  b'\xe1\x10\x01\x00\xef\xe1\x18\x01\x00\xef\xe1\x1c\x01\x00\xef\xe1\x1e\x01\x00\xef\xe1\x1f\x01\x00\xef\xe1\x1e\x02\x00\xef\xe1\x1c\x02\x00\xef\xe1\x18\x02\x00\xef\xe1\x10\x02\x00\xef\xe1\x00\x02\x00\xef'
2020-07-09 22:31:22.612078, cycle count 742, gpio values 492823, 0, 0, 24889, status messages:  b'\xe1\x10\x01\x00\xef\xe1\x18\x01\x00\xef\xe1\x1c\x01\x00\xef\xe1\x1e\x01\x00\xef\xe1\x1f\x01\x00\xef\xe1\x1e\x02\x00\xef\xe1\x1c\x02\x00\xef\xe1\x18\x02\x00\xef\xe1\x10\x02\x00\xef\xe1\x00\x02\x00\xef'
2020-07-09 22:31:39.085240, cycle count 743, gpio values 493526, 0, 0, 24917, status messages:  b'\xe1\x10\x01\x00\xef\xe1\x18\x01\x00\xef\xe1\x1c\x01\x00\xef\xe1\x1e\x01\x00\xef\xe1\x1f\x01\x00\xef\xe1\x1e\x02\x00\xef\xe1\x1c\x02\x00\xef\xe1\x18\x02\x00\xef\xe1\x10\x02\x00\xef\xe1\x00\x02\x00\xef'
2020-07-09 22:31:55.543922, cycle count 744, gpio values 494192, 0, 0, 24945, status messages:  b'\xe1\x10\x01\x00\xef\xe1\x18\x01\x00\xef\xe1\x1c\x01\x00\xef\xe1\x1e\x01\x00\xef\xe1\x1f\x01\x00\xef\xe1\x1e\x02\x00\xef\xe1\x1c\x02\x00\xef\xe1\x18\x02\x00\xef\xe1\x10\x02\x00\xef\xe1\x00\x02\x00\xef'
2020-07-09 22:32:12.002153, cycle count 745, gpio values 494858, 0, 0, 24981, status messages:  b'\xe1\x10\x01\x00\xef\xe1\x18\x01\x00\xef\xe1\x1c\x01\x00\xef\xe1\x1e\x01\x00\xef\xe1\x1f\x01\x00\xef\xe1\x1e\x02\x00\xef\xe1\x1c\x02\x00\xef\xe1\x18\x02\x00\xef\xe1\x10\x02\x00\xef\xe1\x00\x02\x00\xef'
2020-07-09 22:32:28.561152, cycle count 746, gpio values 495561, 0, 0, 25009, status messages:  b'\xe1\x10\x01\x00\xef\xe1\x18\x01\x00\xef\xe1\x1c\x01\x00\xef\xe1\x1e\x01\x00\xef\xe1\x1f\x01\x00\xef\xe1\x1e\x02\x00\xef\xe1\x1c\x02\x00\xef\xe1\x18\x02\x00\xef\xe1\x10\x02\x00\xef\xe1\x00\x02\x00\xef'
2020-07-09 22:32:44.825442, cycle count 747, gpio values 496191, 0, 0, 25045, status messages:  b'\xe1\x10\x01\x00\xef\xe1\x18\x01\x00\xef\xe1\x1c\x01\x00\xef\xe1\x1e\x01\x00\xef\xe1\x1f\x01\x00\xef\xe1\x1e\x02\x00\xef\xe1\x1c\x02\x00\xef\xe1\x18\x02\x00\xef\xe1\x10\x02\x00\xef\xe1\x00\x02\x00\xef'
2020-07-09 22:33:01.040543, cycle count 748, gpio values 496821, 0, 0, 25081, status messages:  b'\xe1\x10\x01\x00\xef\xe1\x18\x01\x00\xef\xe1\x1c\x01\x00\xef\xe1\x1e\x01\x00\xef\xe1\x1f\x01\x00\xef\xe1\x1e\x02\x00\xef\xe1\x1c\x02\x00\xef\xe1\x18\x02\x00\xef\xe1\x10\x02\x00\xef\xe1\x00\x02\x00\xef'
2020-07-09 22:33:17.498442, cycle count 749, gpio values 497487, 0, 0, 25117, status messages:  b'\xe1\x10\x01\x00\xef\xe1\x18\x01\x00\xef\xe1\x1c\x01\x00\xef\xe1\x1e\x01\x00\xef\xe1\x1f\x01\x00\xef\xe1\x1e\x02\x00\xef\xe1\x1c\x02\x00\xef\xe1\x18\x02\x00\xef\xe1\x10\x02\x00\xef\xe1\x00\x02\x00\xef'
2020-07-09 22:33:33.956540, cycle count 750, gpio values 498153, 0, 0, 25153, status messages:  b'\xe1\x10\x01\x00\xef\xe1\x18\x01\x00\xef\xe1\x1c\x01\x00\xef\xe1\x1e\x01\x00\xef\xe1\x1f\x01\x00\xef\xe1\x1e\x02\x00\xef\xe1\x1c\x02\x00\xef\xe1\x18\x02\x00\xef\xe1\x10\x02\x00\xef\xe1\x00\x02\x00\xef'
2020-07-09 22:33:49.897014, cycle count 751, gpio values 498783, 0, 0, 25181, status messages:  b'\xe1\x10\x01\x00\xef\xe1\x18\x01\x00\xef\xe1\x1c\x01\x00\xef\xe1\x1e\x01\x00\xef\xe1\x1f\x01\x00\xef\xe1\x1e\x02\x00\xef\xe1\x1c\x02\x00\xef\xe1\x18\x02\x00\xef\xe1\x10\x02\x00\xef\xe1\x00\x02\x00\xef'
2020-07-09 22:34:05.837047, cycle count 752, gpio values 499413, 0, 0, 25209, status messages:  b'\xe1\x10\x01\x00\xef\xe1\x18\x01\x00\xef\xe1\x1c\x01\x00\xef\xe1\x1e\x01\x00\xef\xe1\x1f\x01\x00\xef\xe1\x1e\x02\x00\xef\xe1\x1c\x02\x00\xef\xe1\x18\x02\x00\xef\xe1\x10\x02\x00\xef\xe1\x00\x02\x00\xef'
2020-07-09 22:34:22.036098, cycle count 753, gpio values 500043, 0, 0, 25245, status messages:  b'\xe1\x10\x01\x00\xef\xe1\x18\x01\x00\xef\xe1\x1c\x01\x00\xef\xe1\x1e\x01\x00\xef\xe1\x1f\x01\x00\xef\xe1\x1e\x02\x00\xef\xe1\x1c\x02\x00\xef\xe1\x18\x02\x00\xef\xe1\x10\x02\x00\xef\xe1\x00\x02\x00\xef'
2020-07-09 22:34:38.333040, cycle count 754, gpio values 500673, 0, 0, 25281, status messages:  b'\xe1\x10\x01\x00\xef\xe1\x18\x01\x00\xef\xe1\x1c\x01\x00\xef\xe1\x1e\x01\x00\xef\xe1\x1f\x01\x00\xef\xe1\x1e\x02\x00\xef\xe1\x1c\x02\x00\xef\xe1\x18\x02\x00\xef\xe1\x10\x02\x00\xef\xe1\x00\x02\x00\xef'
2020-07-09 22:34:54.383174, cycle count 755, gpio values 501303, 0, 0, 25309, status messages:  b'\xe1\x10\x01\x00\xef\xe1\x18\x01\x00\xef\xe1\x1c\x01\x00\xef\xe1\x1e\x01\x00\xef\xe1\x1f\x01\x00\xef\xe1\x1e\x02\x00\xef\xe1\x1c\x02\x00\xef\xe1\x18\x02\x00\xef\xe1\x10\x02\x00\xef\xe1\x00\x02\x00\xef'
2020-07-09 22:35:10.684167, cycle count 756, gpio values 501933, 0, 0, 25345, status messages:  b'\xe1\x10\x01\x00\xef\xe1\x18\x01\x00\xef\xe1\x1c\x01\x00\xef\xe1\x1e\x01\x00\xef\xe1\x1f\x01\x00\xef\xe1\x1e\x02\x00\xef\xe1\x1c\x02\x00\xef\xe1\x18\x02\x00\xef\xe1\x10\x02\x00\xef\xe1\x00\x02\x00\xef'
2020-07-09 22:35:26.882670, cycle count 757, gpio values 502563, 0, 0, 25381, status messages:  b'\xe1\x10\x01\x00\xef\xe1\x18\x01\x00\xef\xe1\x1c\x01\x00\xef\xe1\x1e\x01\x00\xef\xe1\x1f\x01\x00\xef\xe1\x1e\x02\x00\xef\xe1\x1c\x02\x00\xef\xe1\x18\x02\x00\xef\xe1\x10\x02\x00\xef\xe1\x00\x02\x00\xef'
2020-07-09 22:35:42.822939, cycle count 758, gpio values 503193, 0, 0, 25409, status messages:  b'\xe1\x10\x01\x00\xef\xe1\x18\x01\x00\xef\xe1\x1c\x01\x00\xef\xe1\x1e\x01\x00\xef\xe1\x1f\x01\x00\xef\xe1\x1e\x02\x00\xef\xe1\x1c\x02\x00\xef\xe1\x18\x02\x00\xef\xe1\x10\x02\x00\xef\xe1\x00\x02\x00\xef'
2020-07-09 22:35:58.779136, cycle count 759, gpio values 503823, 0, 0, 25437, status messages:  b'\xe1\x10\x01\x00\xef\xe1\x18\x01\x00\xef\xe1\x1c\x01\x00\xef\xe1\x1e\x01\x00\xef\xe1\x1f\x01\x00\xef\xe1\x1e\x02\x00\xef\xe1\x1c\x02\x00\xef\xe1\x18\x02\x00\xef\xe1\x10\x02\x00\xef\xe1\x00\x02\x00\xef'
2020-07-09 22:36:15.011037, cycle count 760, gpio values 504453, 0, 0, 25473, status messages:  b'\xe1\x10\x01\x00\xef\xe1\x18\x01\x00\xef\xe1\x1c\x01\x00\xef\xe1\x1e\x01\x00\xef\xe1\x1f\x01\x00\xef\xe1\x1e\x02\x00\xef\xe1\x1c\x02\x00\xef\xe1\x18\x02\x00\xef\xe1\x10\x02\x00\xef\xe1\x00\x02\x00\xef'
2020-07-09 22:36:31.226839, cycle count 761, gpio values 505083, 0, 0, 25509, status messages:  b'\xe1\x10\x01\x00\xef\xe1\x18\x01\x00\xef\xe1\x1c\x01\x00\xef\xe1\x1e\x01\x00\xef\xe1\x1f\x01\x00\xef\xe1\x1e\x02\x00\xef\xe1\x1c\x02\x00\xef\xe1\x18\x02\x00\xef\xe1\x10\x02\x00\xef\xe1\x00\x02\x00\xef'
2020-07-09 22:36:47.166476, cycle count 762, gpio values 505713, 0, 0, 25537, status messages:  b'\xe1\x10\x01\x00\xef\xe1\x18\x01\x00\xef\xe1\x1c\x01\x00\xef\xe1\x1e\x01\x00\xef\xe1\x1f\x01\x00\xef\xe1\x1e\x02\x00\xef\xe1\x1c\x02\x00\xef\xe1\x18\x02\x00\xef\xe1\x10\x02\x00\xef\xe1\x00\x02\x00\xef'
2020-07-09 22:37:03.624526, cycle count 763, gpio values 506379, 0, 0, 25573, status messages:  b'\xe1\x10\x01\x00\xef\xe1\x18\x01\x00\xef\xe1\x1c\x01\x00\xef\xe1\x1e\x01\x00\xef\xe1\x1f\x01\x00\xef\xe1\x1e\x02\x00\xef\xe1\x1c\x02\x00\xef\xe1\x18\x02\x00\xef\xe1\x10\x02\x00\xef\xe1\x00\x02\x00\xef'
2020-07-09 22:37:19.564247, cycle count 764, gpio values 507009, 0, 0, 25601, status messages:  b'\xe1\x10\x01\x00\xef\xe1\x18\x01\x00\xef\xe1\x1c\x01\x00\xef\xe1\x1e\x01\x00\xef\xe1\x1f\x01\x00\xef\xe1\x1e\x02\x00\xef\xe1\x1c\x02\x00\xef\xe1\x18\x02\x00\xef\xe1\x10\x02\x00\xef\xe1\x00\x02\x00\xef'
2020-07-09 22:37:35.586279, cycle count 765, gpio values 507639, 0, 0, 25629, status messages:  b'\xe1\x10\x01\x00\xef\xe1\x18\x01\x00\xef\xe1\x1c\x01\x00\xef\xe1\x1e\x01\x00\xef\xe1\x1f\x01\x00\xef\xe1\x1e\x02\x00\xef\xe1\x1c\x02\x00\xef\xe1\x18\x02\x00\xef\xe1\x10\x02\x00\xef\xe1\x00\x02\x00\xef'
2020-07-09 22:37:51.525535, cycle count 766, gpio values 508269, 0, 0, 25657, status messages:  b'\xe1\x10\x01\x00\xef\xe1\x18\x01\x00\xef\xe1\x1c\x01\x00\xef\xe1\x1e\x01\x00\xef\xe1\x1f\x01\x00\xef\xe1\x1e\x02\x00\xef\xe1\x1c\x02\x00\xef\xe1\x18\x02\x00\xef\xe1\x10\x02\x00\xef\xe1\x00\x02\x00\xef'
2020-07-09 22:38:07.773932, cycle count 767, gpio values 508899, 0, 0, 25693, status messages:  b'\xe1\x10\x01\x00\xef\xe1\x18\x01\x00\xef\xe1\x1c\x01\x00\xef\xe1\x1e\x01\x00\xef\xe1\x1f\x01\x00\xef\xe1\x1e\x02\x00\xef\xe1\x1c\x02\x00\xef\xe1\x18\x02\x00\xef\xe1\x10\x02\x00\xef\xe1\x00\x02\x00\xef'
2020-07-09 22:38:23.746965, cycle count 768, gpio values 509529, 0, 0, 25721, status messages:  b'\xe1\x10\x01\x00\xef\xe1\x18\x01\x00\xef\xe1\x1c\x01\x00\xef\xe1\x1e\x01\x00\xef\xe1\x1f\x01\x00\xef\xe1\x1e\x02\x00\xef\xe1\x1c\x02\x00\xef\xe1\x18\x02\x00\xef\xe1\x10\x02\x00\xef\xe1\x00\x02\x00\xef'
2020-07-09 22:38:39.946586, cycle count 769, gpio values 510159, 0, 0, 25757, status messages:  b'\xe1\x10\x01\x00\xef\xe1\x18\x01\x00\xef\xe1\x1c\x01\x00\xef\xe1\x1e\x01\x00\xef\xe1\x1f\x01\x00\xef\xe1\x1e\x02\x00\xef\xe1\x1c\x02\x00\xef\xe1\x18\x02\x00\xef\xe1\x10\x02\x00\xef\xe1\x00\x02\x00\xef'
2020-07-09 22:38:55.885280, cycle count 770, gpio values 510789, 0, 0, 25785, status messages:  b'\xe1\x10\x01\x00\xef\xe1\x18\x01\x00\xef\xe1\x1c\x01\x00\xef\xe1\x1e\x01\x00\xef\xe1\x1f\x01\x00\xef\xe1\x1e\x02\x00\xef\xe1\x1c\x02\x00\xef\xe1\x18\x02\x00\xef\xe1\x10\x02\x00\xef\xe1\x00\x02\x00\xef'
2020-07-09 22:39:11.826092, cycle count 771, gpio values 511419, 0, 0, 25813, status messages:  b'\xe1\x10\x01\x00\xef\xe1\x18\x01\x00\xef\xe1\x1c\x01\x00\xef\xe1\x1e\x01\x00\xef\xe1\x1f\x01\x00\xef\xe1\x1e\x02\x00\xef\xe1\x1c\x02\x00\xef\xe1\x18\x02\x00\xef\xe1\x10\x02\x00\xef\xe1\x00\x02\x00\xef'
2020-07-09 22:39:28.024895, cycle count 772, gpio values 512049, 0, 0, 25849, status messages:  b'\xe1\x10\x01\x00\xef\xe1\x18\x01\x00\xef\xe1\x1c\x01\x00\xef\xe1\x1e\x01\x00\xef\xe1\x1f\x01\x00\xef\xe1\x1e\x02\x00\xef\xe1\x1c\x02\x00\xef\xe1\x18\x02\x00\xef\xe1\x10\x02\x00\xef\xe1\x00\x02\x00\xef'
2020-07-09 22:39:44.289210, cycle count 773, gpio values 512679, 0, 0, 25885, status messages:  b'\xe1\x10\x01\x00\xef\xe1\x18\x01\x00\xef\xe1\x1c\x01\x00\xef\xe1\x1e\x01\x00\xef\xe1\x1f\x01\x00\xef\xe1\x1e\x02\x00\xef\xe1\x1c\x02\x00\xef\xe1\x18\x02\x00\xef\xe1\x10\x02\x00\xef\xe1\x00\x02\x00\xef'
2020-07-09 22:40:00.246456, cycle count 774, gpio values 513309, 0, 0, 25913, status messages:  b'\xe1\x10\x01\x00\xef\xe1\x18\x01\x00\xef\xe1\x1c\x01\x00\xef\xe1\x1e\x01\x00\xef\xe1\x1f\x01\x00\xef\xe1\x1e\x02\x00\xef\xe1\x1c\x02\x00\xef\xe1\x18\x02\x00\xef\xe1\x10\x02\x00\xef\xe1\x00\x02\x00\xef'
2020-07-09 22:40:16.186397, cycle count 775, gpio values 513939, 0, 0, 25941, status messages:  b'\xe1\x10\x01\x00\xef\xe1\x18\x01\x00\xef\xe1\x1c\x01\x00\xef\xe1\x1e\x01\x00\xef\xe1\x1f\x01\x00\xef\xe1\x1e\x02\x00\xef\xe1\x1c\x02\x00\xef\xe1\x18\x02\x00\xef\xe1\x10\x02\x00\xef\xe1\x00\x02\x00\xef'
2020-07-09 22:40:32.206974, cycle count 776, gpio values 514569, 0, 0, 25969, status messages:  b'\xe1\x10\x01\x00\xef\xe1\x18\x01\x00\xef\xe1\x1c\x01\x00\xef\xe1\x1e\x01\x00\xef\xe1\x1f\x01\x00\xef\xe1\x1e\x02\x00\xef\xe1\x1c\x02\x00\xef\xe1\x18\x02\x00\xef\xe1\x10\x02\x00\xef\xe1\x00\x02\x00\xef'
2020-07-09 22:40:48.147775, cycle count 777, gpio values 515199, 0, 0, 25997, status messages:  b'\xe1\x10\x01\x00\xef\xe1\x18\x01\x00\xef\xe1\x1c\x01\x00\xef\xe1\x1e\x01\x00\xef\xe1\x1f\x01\x00\xef\xe1\x1e\x02\x00\xef\xe1\x1c\x02\x00\xef\xe1\x18\x02\x00\xef\xe1\x10\x02\x00\xef\xe1\x00\x02\x00\xef'
2020-07-09 22:41:04.363669, cycle count 778, gpio values 515829, 0, 0, 26033, status messages:  b'\xe1\x10\x01\x00\xef\xe1\x18\x01\x00\xef\xe1\x1c\x01\x00\xef\xe1\x1e\x01\x00\xef\xe1\x1f\x01\x00\xef\xe1\x1e\x02\x00\xef\xe1\x1c\x02\x00\xef\xe1\x18\x02\x00\xef\xe1\x10\x02\x00\xef\xe1\x00\x02\x00\xef'
2020-07-09 22:41:20.303647, cycle count 779, gpio values 516459, 0, 0, 26061, status messages:  b'\xe1\x10\x01\x00\xef\xe1\x18\x01\x00\xef\xe1\x1c\x01\x00\xef\xe1\x1e\x01\x00\xef\xe1\x1f\x01\x00\xef\xe1\x1e\x02\x00\xef\xe1\x1c\x02\x00\xef\xe1\x18\x02\x00\xef\xe1\x10\x02\x00\xef\xe1\x00\x02\x00\xef'
2020-07-09 22:41:36.567701, cycle count 780, gpio values 517089, 0, 0, 26097, status messages:  b'\xe1\x10\x01\x00\xef\xe1\x18\x01\x00\xef\xe1\x1c\x01\x00\xef\xe1\x1e\x01\x00\xef\xe1\x1f\x01\x00\xef\xe1\x1e\x02\x00\xef\xe1\x1c\x02\x00\xef\xe1\x18\x02\x00\xef\xe1\x10\x02\x00\xef\xe1\x00\x02\x00\xef'
2020-07-09 22:41:52.508419, cycle count 781, gpio values 517719, 0, 0, 26133, status messages:  b'\xe1\x10\x01\x00\xef\xe1\x18\x01\x00\xef\xe1\x1c\x01\x00\xef\xe1\x1e\x01\x00\xef\xe1\x1f\x01\x00\xef\xe1\x1e\x02\x00\xef\xe1\x1c\x02\x00\xef\xe1\x18\x02\x00\xef\xe1\x10\x02\x00\xef\xe1\x00\x02\x00\xef'
2020-07-09 22:42:08.707140, cycle count 782, gpio values 518349, 0, 0, 26169, status messages:  b'\xe1\x10\x01\x00\xef\xe1\x18\x01\x00\xef\xe1\x1c\x01\x00\xef\xe1\x1e\x01\x00\xef\xe1\x1f\x01\x00\xef\xe1\x1e\x02\x00\xef\xe1\x1c\x02\x00\xef\xe1\x18\x02\x00\xef\xe1\x10\x02\x00\xef\xe1\x00\x02\x00\xef'
2020-07-09 22:42:24.646990, cycle count 783, gpio values 518979, 0, 0, 26205, status messages:  b'\xe1\x10\x01\x00\xef\xe1\x18\x01\x00\xef\xe1\x1c\x01\x00\xef\xe1\x1e\x01\x00\xef\xe1\x1f\x01\x00\xef\xe1\x1e\x02\x00\xef\xe1\x1c\x02\x00\xef\xe1\x18\x02\x00\xef\xe1\x10\x02\x00\xef\xe1\x00\x02\x00\xef'
2020-07-09 22:42:40.587919, cycle count 784, gpio values 519609, 0, 0, 26233, status messages:  b'\xe1\x10\x01\x00\xef\xe1\x18\x01\x00\xef\xe1\x1c\x01\x00\xef\xe1\x1e\x01\x00\xef\xe1\x1f\x01\x00\xef\xe1\x1e\x02\x00\xef\xe1\x1c\x02\x00\xef\xe1\x18\x02\x00\xef\xe1\x10\x02\x00\xef\xe1\x00\x02\x00\xef'
2020-07-09 22:42:56.818869, cycle count 785, gpio values 520239, 0, 0, 26269, status messages:  b'\xe1\x10\x01\x00\xef\xe1\x18\x01\x00\xef\xe1\x1c\x01\x00\xef\xe1\x1e\x01\x00\xef\xe1\x1f\x01\x00\xef\xe1\x1e\x02\x00\xef\xe1\x1c\x02\x00\xef\xe1\x18\x02\x00\xef\xe1\x10\x02\x00\xef\xe1\x00\x02\x00\xef'
2020-07-09 22:43:13.018667, cycle count 786, gpio values 520869, 0, 0, 26305, status messages:  b'\xe1\x10\x01\x00\xef\xe1\x18\x01\x00\xef\xe1\x1c\x01\x00\xef\xe1\x1e\x01\x00\xef\xe1\x1f\x01\x00\xef\xe1\x1e\x02\x00\xef\xe1\x1c\x02\x00\xef\xe1\x18\x02\x00\xef\xe1\x10\x02\x00\xef\xe1\x00\x02\x00\xef'
2020-07-09 22:43:29.217727, cycle count 787, gpio values 521535, 0, 0, 26333, status messages:  b'\xe1\x10\x01\x00\xef\xe1\x18\x01\x00\xef\xe1\x1c\x01\x00\xef\xe1\x1e\x01\x00\xef\xe1\x1f\x01\x00\xef\xe1\x1e\x02\x00\xef\xe1\x1c\x02\x00\xef\xe1\x18\x02\x00\xef\xe1\x10\x02\x00\xef\xe1\x00\x02\x00\xef'
2020-07-09 22:43:45.417586, cycle count 788, gpio values 522165, 0, 0, 26369, status messages:  b'\xe1\x10\x01\x00\xef\xe1\x18\x01\x00\xef\xe1\x1c\x01\x00\xef\xe1\x1e\x01\x00\xef\xe1\x1f\x01\x00\xef\xe1\x1e\x02\x00\xef\xe1\x1c\x02\x00\xef\xe1\x18\x02\x00\xef\xe1\x10\x02\x00\xef\xe1\x00\x02\x00\xef'
2020-07-09 22:44:01.617544, cycle count 789, gpio values 522795, 0, 0, 26405, status messages:  b'\xe1\x10\x01\x00\xef\xe1\x18\x01\x00\xef\xe1\x1c\x01\x00\xef\xe1\x1e\x01\x00\xef\xe1\x1f\x01\x00\xef\xe1\x1e\x02\x00\xef\xe1\x1c\x02\x00\xef\xe1\x18\x02\x00\xef\xe1\x10\x02\x00\xef\xe1\x00\x02\x00\xef'
2020-07-09 22:44:17.816789, cycle count 790, gpio values 523425, 0, 0, 26441, status messages:  b'\xe1\x10\x01\x00\xef\xe1\x18\x01\x00\xef\xe1\x1c\x01\x00\xef\xe1\x1e\x01\x00\xef\xe1\x1f\x01\x00\xef\xe1\x1e\x02\x00\xef\xe1\x1c\x02\x00\xef\xe1\x18\x02\x00\xef\xe1\x10\x02\x00\xef\xe1\x00\x02\x00\xef'
2020-07-09 22:44:34.129033, cycle count 791, gpio values 524055, 0, 0, 26477, status messages:  b'\xe1\x10\x01\x00\xef\xe1\x18\x01\x00\xef\xe1\x1c\x01\x00\xef\xe1\x1e\x01\x00\xef\xe1\x1f\x01\x00\xef\xe1\x1e\x02\x00\xef\xe1\x1c\x02\x00\xef\xe1\x18\x02\x00\xef\xe1\x10\x02\x00\xef\xe1\x00\x02\x00\xef'
2020-07-09 22:44:50.329245, cycle count 792, gpio values 524685, 0, 0, 26513, status messages:  b'\xe1\x10\x01\x00\xef\xe1\x18\x01\x00\xef\xe1\x1c\x01\x00\xef\xe1\x1e\x01\x00\xef\xe1\x1f\x01\x00\xef\xe1\x1e\x02\x00\xef\xe1\x1c\x02\x00\xef\xe1\x18\x02\x00\xef\xe1\x10\x02\x00\xef\xe1\x00\x02\x00\xef'
2020-07-09 22:45:06.575983, cycle count 793, gpio values 525315, 0, 0, 26549, status messages:  b'\xe1\x10\x01\x00\xef\xe1\x18\x01\x00\xef\xe1\x1c\x01\x00\xef\xe1\x1e\x01\x00\xef\xe1\x1f\x01\x00\xef\xe1\x1e\x02\x00\xef\xe1\x1c\x02\x00\xef\xe1\x18\x02\x00\xef\xe1\x10\x02\x00\xef\xe1\x00\x02\x00\xef'
2020-07-09 22:45:22.792299, cycle count 794, gpio values 525945, 0, 0, 26585, status messages:  b'\xe1\x10\x01\x00\xef\xe1\x18\x01\x00\xef\xe1\x1c\x01\x00\xef\xe1\x1e\x01\x00\xef\xe1\x1f\x01\x00\xef\xe1\x1e\x02\x00\xef\xe1\x1c\x02\x00\xef\xe1\x18\x02\x00\xef\xe1\x10\x02\x00\xef\xe1\x00\x02\x00\xef'
2020-07-09 22:45:39.398713, cycle count 795, gpio values 526648, 0, 0, 26621, status messages:  b'\xe1\x10\x01\x00\xef\xe1\x18\x01\x00\xef\xe1\x1c\x01\x00\xef\xe1\x1e\x01\x00\xef\xe1\x1f\x01\x00\xef\xe1\x1e\x02\x00\xef\xe1\x1c\x02\x00\xef\xe1\x18\x02\x00\xef\xe1\x10\x02\x00\xef\xe1\x00\x02\x00\xef'
2020-07-09 22:45:55.647521, cycle count 796, gpio values 527278, 0, 0, 26657, status messages:  b'\xe1\x10\x01\x00\xef\xe1\x18\x01\x00\xef\xe1\x1c\x01\x00\xef\xe1\x1e\x01\x00\xef\xe1\x1f\x01\x00\xef\xe1\x1e\x02\x00\xef\xe1\x1c\x02\x00\xef\xe1\x18\x02\x00\xef\xe1\x10\x02\x00\xef\xe1\x00\x02\x00\xef'
2020-07-09 22:46:11.846930, cycle count 797, gpio values 527908, 0, 0, 26693, status messages:  b'\xe1\x10\x01\x00\xef\xe1\x18\x01\x00\xef\xe1\x1c\x01\x00\xef\xe1\x1e\x01\x00\xef\xe1\x1f\x01\x00\xef\xe1\x1e\x02\x00\xef\xe1\x1c\x02\x00\xef\xe1\x18\x02\x00\xef\xe1\x10\x02\x00\xef\xe1\x00\x02\x00\xef'
2020-07-09 22:46:28.046225, cycle count 798, gpio values 528538, 0, 0, 26729, status messages:  b'\xe1\x10\x01\x00\xef\xe1\x18\x01\x00\xef\xe1\x1c\x01\x00\xef\xe1\x1e\x01\x00\xef\xe1\x1f\x01\x00\xef\xe1\x1e\x02\x00\xef\xe1\x1c\x02\x00\xef\xe1\x18\x02\x00\xef\xe1\x10\x02\x00\xef\xe1\x00\x02\x00\xef'
2020-07-09 22:46:43.991559, cycle count 799, gpio values 529168, 0, 0, 26757, status messages:  b'\xe1\x10\x01\x00\xef\xe1\x18\x01\x00\xef\xe1\x1c\x01\x00\xef\xe1\x1e\x01\x00\xef\xe1\x1f\x01\x00\xef\xe1\x1e\x02\x00\xef\xe1\x1c\x02\x00\xef\xe1\x18\x02\x00\xef\xe1\x10\x02\x00\xef\xe1\x00\x02\x00\xef'
2020-07-09 22:46:59.957886, cycle count 800, gpio values 529798, 0, 0, 26785, status messages:  b'\xe1\x10\x01\x00\xef\xe1\x18\x01\x00\xef\xe1\x1c\x01\x00\xef\xe1\x1e\x01\x00\xef\xe1\x1f\x01\x00\xef\xe1\x1e\x02\x00\xef\xe1\x1c\x02\x00\xef\xe1\x18\x02\x00\xef\xe1\x10\x02\x00\xef\xe1\x00\x02\x00\xef'
2020-07-09 22:47:16.280353, cycle count 801, gpio values 530428, 0, 0, 26821, status messages:  b'\xe1\x10\x01\x00\xef\xe1\x18\x01\x00\xef\xe1\x1c\x01\x00\xef\xe1\x1e\x01\x00\xef\xe1\x1f\x01\x00\xef\xe1\x1e\x02\x00\xef\xe1\x1c\x02\x00\xef\xe1\x18\x02\x00\xef\xe1\x10\x02\x00\xef\xe1\x00\x02\x00\xef'
2020-07-09 22:47:32.469602, cycle count 802, gpio values 531094, 0, 0, 26857, status messages:  b'\xe1\x10\x01\x00\xef\xe1\x18\x01\x00\xef\xe1\x1c\x01\x00\xef\xe1\x1e\x01\x00\xef\xe1\x1f\x01\x00\xef\xe1\x1e\x02\x00\xef\xe1\x1c\x02\x00\xef\xe1\x18\x02\x00\xef\xe1\x10\x02\x00\xef\xe1\x00\x02\x00\xef'
2020-07-09 22:47:48.410027, cycle count 803, gpio values 531724, 0, 0, 26885, status messages:  b'\xe1\x10\x01\x00\xef\xe1\x18\x01\x00\xef\xe1\x1c\x01\x00\xef\xe1\x1e\x01\x00\xef\xe1\x1f\x01\x00\xef\xe1\x1e\x02\x00\xef\xe1\x1c\x02\x00\xef\xe1\x18\x02\x00\xef\xe1\x10\x02\x00\xef\xe1\x00\x02\x00\xef'
2020-07-09 22:48:04.350385, cycle count 804, gpio values 532354, 0, 0, 26913, status messages:  b'\xe1\x10\x01\x00\xef\xe1\x18\x01\x00\xef\xe1\x1c\x01\x00\xef\xe1\x1e\x01\x00\xef\xe1\x1f\x01\x00\xef\xe1\x1e\x02\x00\xef\xe1\x1c\x02\x00\xef\xe1\x18\x02\x00\xef\xe1\x10\x02\x00\xef\xe1\x00\x02\x00\xef'
2020-07-09 22:48:20.420871, cycle count 805, gpio values 532984, 0, 0, 26941, status messages:  b'\xe1\x10\x01\x00\xef\xe1\x18\x01\x00\xef\xe1\x1c\x01\x00\xef\xe1\x1e\x01\x00\xef\xe1\x1f\x01\x00\xef\xe1\x1e\x02\x00\xef\xe1\x1c\x02\x00\xef\xe1\x18\x02\x00\xef\xe1\x10\x02\x00\xef\xe1\x00\x02\x00\xef'
2020-07-09 22:48:36.362070, cycle count 806, gpio values 533614, 0, 0, 26969, status messages:  b'\xe1\x10\x01\x00\xef\xe1\x18\x01\x00\xef\xe1\x1c\x01\x00\xef\xe1\x1e\x01\x00\xef\xe1\x1f\x01\x00\xef\xe1\x1e\x02\x00\xef\xe1\x1c\x02\x00\xef\xe1\x18\x02\x00\xef\xe1\x10\x02\x00\xef\xe1\x00\x02\x00\xef'
2020-07-09 22:48:52.576982, cycle count 807, gpio values 534244, 0, 0, 27005, status messages:  b'\xe1\x10\x01\x00\xef\xe1\x18\x01\x00\xef\xe1\x1c\x01\x00\xef\xe1\x1e\x01\x00\xef\xe1\x1f\x01\x00\xef\xe1\x1e\x02\x00\xef\xe1\x1c\x02\x00\xef\xe1\x18\x02\x00\xef\xe1\x10\x02\x00\xef\xe1\x00\x02\x00\xef'
2020-07-09 22:49:08.517137, cycle count 808, gpio values 534874, 0, 0, 27033, status messages:  b'\xe1\x10\x01\x00\xef\xe1\x18\x01\x00\xef\xe1\x1c\x01\x00\xef\xe1\x1e\x01\x00\xef\xe1\x1f\x01\x00\xef\xe1\x1e\x02\x00\xef\xe1\x1c\x02\x00\xef\xe1\x18\x02\x00\xef\xe1\x10\x02\x00\xef\xe1\x00\x02\x00\xef'
2020-07-09 22:49:24.457525, cycle count 809, gpio values 535504, 0, 0, 27069, status messages:  b'\xe1\x10\x01\x00\xef\xe1\x18\x01\x00\xef\xe1\x1c\x01\x00\xef\xe1\x1e\x01\x00\xef\xe1\x1f\x01\x00\xef\xe1\x1e\x02\x00\xef\xe1\x1c\x02\x00\xef\xe1\x18\x02\x00\xef\xe1\x10\x02\x00\xef\xe1\x00\x02\x00\xef'
2020-07-09 22:49:40.657745, cycle count 810, gpio values 536134, 0, 0, 27105, status messages:  b'\xe1\x10\x01\x00\xef\xe1\x18\x01\x00\xef\xe1\x1c\x01\x00\xef\xe1\x1e\x01\x00\xef\xe1\x1f\x01\x00\xef\xe1\x1e\x02\x00\xef\xe1\x1c\x02\x00\xef\xe1\x18\x02\x00\xef\xe1\x10\x02\x00\xef\xe1\x00\x02\x00\xef'
2020-07-09 22:49:56.596962, cycle count 811, gpio values 536764, 0, 0, 27133, status messages:  b'\xe1\x10\x01\x00\xef\xe1\x18\x01\x00\xef\xe1\x1c\x01\x00\xef\xe1\x1e\x01\x00\xef\xe1\x1f\x01\x00\xef\xe1\x1e\x02\x00\xef\xe1\x1c\x02\x00\xef\xe1\x18\x02\x00\xef\xe1\x10\x02\x00\xef\xe1\x00\x02\x00\xef'
2020-07-09 22:50:12.554140, cycle count 812, gpio values 537394, 0, 0, 27161, status messages:  b'\xe1\x10\x01\x00\xef\xe1\x18\x01\x00\xef\xe1\x1c\x01\x00\xef\xe1\x1e\x01\x00\xef\xe1\x1f\x01\x00\xef\xe1\x1e\x02\x00\xef\xe1\x1c\x02\x00\xef\xe1\x18\x02\x00\xef\xe1\x10\x02\x00\xef\xe1\x00\x02\x00\xef'
2020-07-09 22:50:28.769740, cycle count 813, gpio values 538024, 0, 0, 27197, status messages:  b'\xe1\x10\x01\x00\xef\xe1\x18\x01\x00\xef\xe1\x1c\x01\x00\xef\xe1\x1e\x01\x00\xef\xe1\x1f\x01\x00\xef\xe1\x1e\x02\x00\xef\xe1\x1c\x02\x00\xef\xe1\x18\x02\x00\xef\xe1\x10\x02\x00\xef\xe1\x00\x02\x00\xef'
2020-07-09 22:50:44.710557, cycle count 814, gpio values 538654, 0, 0, 27225, status messages:  b'\xe1\x10\x01\x00\xef\xe1\x18\x01\x00\xef\xe1\x1c\x01\x00\xef\xe1\x1e\x01\x00\xef\xe1\x1f\x01\x00\xef\xe1\x1e\x02\x00\xef\xe1\x1c\x02\x00\xef\xe1\x18\x02\x00\xef\xe1\x10\x02\x00\xef\xe1\x00\x02\x00\xef'
2020-07-09 22:51:00.649710, cycle count 815, gpio values 539284, 0, 0, 27253, status messages:  b'\xe1\x10\x01\x00\xef\xe1\x18\x01\x00\xef\xe1\x1c\x01\x00\xef\xe1\x1e\x01\x00\xef\xe1\x1f\x01\x00\xef\xe1\x1e\x02\x00\xef\xe1\x1c\x02\x00\xef\xe1\x18\x02\x00\xef\xe1\x10\x02\x00\xef\xe1\x00\x02\x00\xef'
2020-07-09 22:51:16.849424, cycle count 816, gpio values 539914, 0, 0, 27289, status messages:  b'\xe1\x10\x01\x00\xef\xe1\x18\x01\x00\xef\xe1\x1c\x01\x00\xef\xe1\x1e\x01\x00\xef\xe1\x1f\x01\x00\xef\xe1\x1e\x02\x00\xef\xe1\x1c\x02\x00\xef\xe1\x18\x02\x00\xef\xe1\x10\x02\x00\xef\xe1\x00\x02\x00\xef'
2020-07-09 22:51:33.130771, cycle count 817, gpio values 540544, 0, 0, 27325, status messages:  b'\xe1\x10\x01\x00\xef\xe1\x18\x01\x00\xef\xe1\x1c\x01\x00\xef\xe1\x1e\x01\x00\xef\xe1\x1f\x01\x00\xef\xe1\x1e\x02\x00\xef\xe1\x1c\x02\x00\xef\xe1\x18\x02\x00\xef\xe1\x10\x02\x00\xef\xe1\x00\x02\x00\xef'
2020-07-09 22:51:49.184033, cycle count 818, gpio values 541174, 0, 0, 27353, status messages:  b'\xe1\x10\x01\x00\xef\xe1\x18\x01\x00\xef\xe1\x1c\x01\x00\xef\xe1\x1e\x01\x00\xef\xe1\x1f\x01\x00\xef\xe1\x1e\x02\x00\xef\xe1\x1c\x02\x00\xef\xe1\x18\x02\x00\xef\xe1\x10\x02\x00\xef\xe1\x00\x02\x00\xef'
2020-07-09 22:52:05.399260, cycle count 819, gpio values 541804, 0, 0, 27389, status messages:  b'\xe1\x10\x01\x00\xef\xe1\x18\x01\x00\xef\xe1\x1c\x01\x00\xef\xe1\x1e\x01\x00\xef\xe1\x1f\x01\x00\xef\xe1\x1e\x02\x00\xef\xe1\x1c\x02\x00\xef\xe1\x18\x02\x00\xef\xe1\x10\x02\x00\xef\xe1\x00\x02\x00\xef'
2020-07-09 22:52:21.339689, cycle count 820, gpio values 542434, 0, 0, 27417, status messages:  b'\xe1\x10\x01\x00\xef\xe1\x18\x01\x00\xef\xe1\x1c\x01\x00\xef\xe1\x1e\x01\x00\xef\xe1\x1f\x01\x00\xef\xe1\x1e\x02\x00\xef\xe1\x1c\x02\x00\xef\xe1\x18\x02\x00\xef\xe1\x10\x02\x00\xef\xe1\x00\x02\x00\xef'
2020-07-09 22:52:37.620738, cycle count 821, gpio values 543064, 0, 0, 27453, status messages:  b'\xe1\x10\x01\x00\xef\xe1\x18\x01\x00\xef\xe1\x1c\x01\x00\xef\xe1\x1e\x01\x00\xef\xe1\x1f\x01\x00\xef\xe1\x1e\x02\x00\xef\xe1\x1c\x02\x00\xef\xe1\x18\x02\x00\xef\xe1\x10\x02\x00\xef\xe1\x00\x02\x00\xef'
2020-07-09 22:52:54.095347, cycle count 822, gpio values 543730, 0, 0, 27489, status messages:  b'\xe1\x10\x01\x00\xef\xe1\x18\x01\x00\xef\xe1\x1c\x01\x00\xef\xe1\x1e\x01\x00\xef\xe1\x1f\x01\x00\xef\xe1\x1e\x02\x00\xef\xe1\x1c\x02\x00\xef\xe1\x18\x02\x00\xef\xe1\x10\x02\x00\xef\xe1\x00\x02\x00\xef'
2020-07-09 22:53:10.326628, cycle count 823, gpio values 544360, 0, 0, 27525, status messages:  b'\xe1\x10\x01\x00\xef\xe1\x18\x01\x00\xef\xe1\x1c\x01\x00\xef\xe1\x1e\x01\x00\xef\xe1\x1f\x01\x00\xef\xe1\x1e\x02\x00\xef\xe1\x1c\x02\x00\xef\xe1\x18\x02\x00\xef\xe1\x10\x02\x00\xef\xe1\x00\x02\x00\xef'
2020-07-09 22:53:26.623570, cycle count 824, gpio values 544990, 0, 0, 27561, status messages:  b'\xe1\x10\x01\x00\xef\xe1\x18\x01\x00\xef\xe1\x1c\x01\x00\xef\xe1\x1e\x01\x00\xef\xe1\x1f\x01\x00\xef\xe1\x1e\x02\x00\xef\xe1\x1c\x02\x00\xef\xe1\x18\x02\x00\xef\xe1\x10\x02\x00\xef\xe1\x00\x02\x00\xef'
2020-07-09 22:53:42.839602, cycle count 825, gpio values 545620, 0, 0, 27597, status messages:  b'\xe1\x10\x01\x00\xef\xe1\x18\x01\x00\xef\xe1\x1c\x01\x00\xef\xe1\x1e\x01\x00\xef\xe1\x1f\x01\x00\xef\xe1\x1e\x02\x00\xef\xe1\x1c\x02\x00\xef\xe1\x18\x02\x00\xef\xe1\x10\x02\x00\xef\xe1\x00\x02\x00\xef'
2020-07-09 22:53:59.313243, cycle count 826, gpio values 546286, 0, 0, 27633, status messages:  b'\xe1\x10\x01\x00\xef\xe1\x18\x01\x00\xef\xe1\x1c\x01\x00\xef\xe1\x1e\x01\x00\xef\xe1\x1f\x01\x00\xef\xe1\x1e\x02\x00\xef\xe1\x1c\x02\x00\xef\xe1\x18\x02\x00\xef\xe1\x10\x02\x00\xef\xe1\x00\x02\x00\xef'
2020-07-09 22:54:15.513911, cycle count 827, gpio values 546916, 0, 0, 27669, status messages:  b'\xe1\x10\x01\x00\xef\xe1\x18\x01\x00\xef\xe1\x1c\x01\x00\xef\xe1\x1e\x01\x00\xef\xe1\x1f\x01\x00\xef\xe1\x1e\x02\x00\xef\xe1\x1c\x02\x00\xef\xe1\x18\x02\x00\xef\xe1\x10\x02\x00\xef\xe1\x00\x02\x00\xef'
2020-07-09 22:54:31.970877, cycle count 828, gpio values 547582, 0, 0, 27705, status messages:  b'\xe1\x10\x01\x00\xef\xe1\x18\x01\x00\xef\xe1\x1c\x01\x00\xef\xe1\x1e\x01\x00\xef\xe1\x1f\x01\x00\xef\xe1\x1e\x02\x00\xef\xe1\x1c\x02\x00\xef\xe1\x18\x02\x00\xef\xe1\x10\x02\x00\xef\xe1\x00\x02\x00\xef'
2020-07-09 22:54:48.430551, cycle count 829, gpio values 548248, 0, 0, 27741, status messages:  b'\xe1\x10\x01\x00\xef\xe1\x18\x01\x00\xef\xe1\x1c\x01\x00\xef\xe1\x1e\x01\x00\xef\xe1\x1f\x01\x00\xef\xe1\x1e\x02\x00\xef\xe1\x1c\x02\x00\xef\xe1\x18\x02\x00\xef\xe1\x10\x02\x00\xef\xe1\x00\x02\x00\xef'
2020-07-09 22:55:04.888389, cycle count 830, gpio values 548914, 0, 0, 27777, status messages:  b'\xe1\x10\x01\x00\xef\xe1\x18\x01\x00\xef\xe1\x1c\x01\x00\xef\xe1\x1e\x01\x00\xef\xe1\x1f\x01\x00\xef\xe1\x1e\x02\x00\xef\xe1\x1c\x02\x00\xef\xe1\x18\x02\x00\xef\xe1\x10\x02\x00\xef\xe1\x00\x02\x00\xef'
2020-07-09 22:55:21.346497, cycle count 831, gpio values 549580, 0, 0, 27813, status messages:  b'\xe1\x10\x01\x00\xef\xe1\x18\x01\x00\xef\xe1\x1c\x01\x00\xef\xe1\x1e\x01\x00\xef\xe1\x1f\x01\x00\xef\xe1\x1e\x02\x00\xef\xe1\x1c\x02\x00\xef\xe1\x18\x02\x00\xef\xe1\x10\x02\x00\xef\xe1\x00\x02\x00\xef'
2020-07-09 22:55:37.545324, cycle count 832, gpio values 550210, 0, 0, 27849, status messages:  b'\xe1\x10\x01\x00\xef\xe1\x18\x01\x00\xef\xe1\x1c\x01\x00\xef\xe1\x1e\x01\x00\xef\xe1\x1f\x01\x00\xef\xe1\x1e\x02\x00\xef\xe1\x1c\x02\x00\xef\xe1\x18\x02\x00\xef\xe1\x10\x02\x00\xef\xe1\x00\x02\x00\xef'
2020-07-09 22:55:54.003821, cycle count 833, gpio values 550876, 0, 0, 27885, status messages:  b'\xe1\x10\x01\x00\xef\xe1\x18\x01\x00\xef\xe1\x1c\x01\x00\xef\xe1\x1e\x01\x00\xef\xe1\x1f\x01\x00\xef\xe1\x1e\x02\x00\xef\xe1\x1c\x02\x00\xef\xe1\x18\x02\x00\xef\xe1\x10\x02\x00\xef\xe1\x00\x02\x00\xef'
2020-07-09 22:56:10.462150, cycle count 834, gpio values 551542, 0, 0, 27921, status messages:  b'\xe1\x10\x01\x00\xef\xe1\x18\x01\x00\xef\xe1\x1c\x01\x00\xef\xe1\x1e\x01\x00\xef\xe1\x1f\x01\x00\xef\xe1\x1e\x02\x00\xef\xe1\x1c\x02\x00\xef\xe1\x18\x02\x00\xef\xe1\x10\x02\x00\xef\xe1\x00\x02\x00\xef'
2020-07-09 22:56:26.920735, cycle count 835, gpio values 552208, 0, 0, 27957, status messages:  b'\xe1\x10\x01\x00\xef\xe1\x18\x01\x00\xef\xe1\x1c\x01\x00\xef\xe1\x1e\x01\x00\xef\xe1\x1f\x01\x00\xef\xe1\x1e\x02\x00\xef\xe1\x1c\x02\x00\xef\xe1\x18\x02\x00\xef\xe1\x10\x02\x00\xef\xe1\x00\x02\x00\xef'
2020-07-09 22:56:43.379612, cycle count 836, gpio values 552874, 0, 0, 27993, status messages:  b'\xe1\x10\x01\x00\xef\xe1\x18\x01\x00\xef\xe1\x1c\x01\x00\xef\xe1\x1e\x01\x00\xef\xe1\x1f\x01\x00\xef\xe1\x1e\x02\x00\xef\xe1\x1c\x02\x00\xef\xe1\x18\x02\x00\xef\xe1\x10\x02\x00\xef\xe1\x00\x02\x00\xef'
2020-07-09 22:56:59.594726, cycle count 837, gpio values 553540, 0, 0, 28029, status messages:  b'\xe1\x10\x01\x00\xef\xe1\x18\x01\x00\xef\xe1\x1c\x01\x00\xef\xe1\x1e\x01\x00\xef\xe1\x1f\x01\x00\xef\xe1\x1e\x02\x00\xef\xe1\x1c\x02\x00\xef\xe1\x18\x02\x00\xef\xe1\x10\x02\x00\xef\xe1\x00\x02\x00\xef'
2020-07-09 22:57:16.069496, cycle count 838, gpio values 554206, 0, 0, 28065, status messages:  b'\xe1\x10\x01\x00\xef\xe1\x18\x01\x00\xef\xe1\x1c\x01\x00\xef\xe1\x1e\x01\x00\xef\xe1\x1f\x01\x00\xef\xe1\x1e\x02\x00\xef\xe1\x1c\x02\x00\xef\xe1\x18\x02\x00\xef\xe1\x10\x02\x00\xef\xe1\x00\x02\x00\xef'
2020-07-09 22:57:32.268301, cycle count 839, gpio values 554836, 0, 0, 28101, status messages:  b'\xe1\x10\x01\x00\xef\xe1\x18\x01\x00\xef\xe1\x1c\x01\x00\xef\xe1\x1e\x01\x00\xef\xe1\x1f\x01\x00\xef\xe1\x1e\x02\x00\xef\xe1\x1c\x02\x00\xef\xe1\x18\x02\x00\xef\xe1\x10\x02\x00\xef\xe1\x00\x02\x00\xef'
2020-07-09 22:57:48.726404, cycle count 840, gpio values 555502, 0, 0, 28137, status messages:  b'\xe1\x10\x01\x00\xef\xe1\x18\x01\x00\xef\xe1\x1c\x01\x00\xef\xe1\x1e\x01\x00\xef\xe1\x1f\x01\x00\xef\xe1\x1e\x02\x00\xef\xe1\x1c\x02\x00\xef\xe1\x18\x02\x00\xef\xe1\x10\x02\x00\xef\xe1\x00\x02\x00\xef'
2020-07-09 22:58:05.184818, cycle count 841, gpio values 556168, 0, 0, 28173, status messages:  b'\xe1\x10\x01\x00\xef\xe1\x18\x01\x00\xef\xe1\x1c\x01\x00\xef\xe1\x1e\x01\x00\xef\xe1\x1f\x01\x00\xef\xe1\x1e\x02\x00\xef\xe1\x1c\x02\x00\xef\xe1\x18\x02\x00\xef\xe1\x10\x02\x00\xef\xe1\x00\x02\x00\xef'
2020-07-09 22:58:21.643102, cycle count 842, gpio values 556834, 0, 0, 28209, status messages:  b'\xe1\x10\x01\x00\xef\xe1\x18\x01\x00\xef\xe1\x1c\x01\x00\xef\xe1\x1e\x01\x00\xef\xe1\x1f\x01\x00\xef\xe1\x1e\x02\x00\xef\xe1\x1c\x02\x00\xef\xe1\x18\x02\x00\xef\xe1\x10\x02\x00\xef\xe1\x00\x02\x00\xef'
2020-07-09 22:58:38.101083, cycle count 843, gpio values 557500, 0, 0, 28245, status messages:  b'\xe1\x10\x01\x00\xef\xe1\x18\x01\x00\xef\xe1\x1c\x01\x00\xef\xe1\x1e\x01\x00\xef\xe1\x1f\x01\x00\xef\xe1\x1e\x02\x00\xef\xe1\x1c\x02\x00\xef\xe1\x18\x02\x00\xef\xe1\x10\x02\x00\xef\xe1\x00\x02\x00\xef'
2020-07-09 22:58:54.299797, cycle count 844, gpio values 558130, 0, 0, 28281, status messages:  b'\xe1\x10\x01\x00\xef\xe1\x18\x01\x00\xef\xe1\x1c\x01\x00\xef\xe1\x1e\x01\x00\xef\xe1\x1f\x01\x00\xef\xe1\x1e\x02\x00\xef\xe1\x1c\x02\x00\xef\xe1\x18\x02\x00\xef\xe1\x10\x02\x00\xef\xe1\x00\x02\x00\xef'
2020-07-09 22:59:10.759338, cycle count 845, gpio values 558796, 0, 0, 28317, status messages:  b'\xe1\x10\x01\x00\xef\xe1\x18\x01\x00\xef\xe1\x1c\x01\x00\xef\xe1\x1e\x01\x00\xef\xe1\x1f\x01\x00\xef\xe1\x1e\x02\x00\xef\xe1\x1c\x02\x00\xef\xe1\x18\x02\x00\xef\xe1\x10\x02\x00\xef\xe1\x00\x02\x00\xef'
2020-07-09 22:59:27.216571, cycle count 846, gpio values 559462, 0, 0, 28353, status messages:  b'\xe1\x10\x01\x00\xef\xe1\x18\x01\x00\xef\xe1\x1c\x01\x00\xef\xe1\x1e\x01\x00\xef\xe1\x1f\x01\x00\xef\xe1\x1e\x02\x00\xef\xe1\x1c\x02\x00\xef\xe1\x18\x02\x00\xef\xe1\x10\x02\x00\xef\xe1\x00\x02\x00\xef'
2020-07-09 22:59:43.675360, cycle count 847, gpio values 560128, 0, 0, 28389, status messages:  b'\xe1\x10\x01\x00\xef\xe1\x18\x01\x00\xef\xe1\x1c\x01\x00\xef\xe1\x1e\x01\x00\xef\xe1\x1f\x01\x00\xef\xe1\x1e\x02\x00\xef\xe1\x1c\x02\x00\xef\xe1\x18\x02\x00\xef\xe1\x10\x02\x00\xef\xe1\x00\x02\x00\xef'
2020-07-09 22:59:59.987930, cycle count 848, gpio values 560758, 0, 0, 28425, status messages:  b'\xe1\x10\x01\x00\xef\xe1\x18\x01\x00\xef\xe1\x1c\x01\x00\xef\xe1\x1e\x01\x00\xef\xe1\x1f\x01\x00\xef\xe1\x1e\x02\x00\xef\xe1\x1c\x02\x00\xef\xe1\x18\x02\x00\xef\xe1\x10\x02\x00\xef\xe1\x00\x02\x00\xef'
2020-07-09 23:00:16.204079, cycle count 849, gpio values 561388, 0, 0, 28461, status messages:  b'\xe1\x10\x01\x00\xef\xe1\x18\x01\x00\xef\xe1\x1c\x01\x00\xef\xe1\x1e\x01\x00\xef\xe1\x1f\x01\x00\xef\xe1\x1e\x02\x00\xef\xe1\x1c\x02\x00\xef\xe1\x18\x02\x00\xef\xe1\x10\x02\x00\xef\xe1\x00\x02\x00\xef'
2020-07-09 23:00:32.662281, cycle count 850, gpio values 562054, 0, 0, 28497, status messages:  b'\xe1\x10\x01\x00\xef\xe1\x18\x01\x00\xef\xe1\x1c\x01\x00\xef\xe1\x1e\x01\x00\xef\xe1\x1f\x01\x00\xef\xe1\x1e\x02\x00\xef\xe1\x1c\x02\x00\xef\xe1\x18\x02\x00\xef\xe1\x10\x02\x00\xef\xe1\x00\x02\x00\xef'
2020-07-09 23:00:48.953058, cycle count 851, gpio values 562720, 0, 0, 28533, status messages:  b'\xe1\x10\x01\x00\xef\xe1\x18\x01\x00\xef\xe1\x1c\x01\x00\xef\xe1\x1e\x01\x00\xef\xe1\x1f\x01\x00\xef\xe1\x1e\x02\x00\xef\xe1\x1c\x02\x00\xef\xe1\x18\x02\x00\xef\xe1\x10\x02\x00\xef\xe1\x00\x02\x00\xef'
2020-07-09 23:01:05.157207, cycle count 852, gpio values 563350, 0, 0, 28569, status messages:  b'\xe1\x10\x01\x00\xef\xe1\x18\x01\x00\xef\xe1\x1c\x01\x00\xef\xe1\x1e\x01\x00\xef\xe1\x1f\x01\x00\xef\xe1\x1e\x02\x00\xef\xe1\x1c\x02\x00\xef\xe1\x18\x02\x00\xef\xe1\x10\x02\x00\xef\xe1\x00\x02\x00\xef'
2020-07-09 23:01:21.615281, cycle count 853, gpio values 564053, 0, 0, 28597, status messages:  b'\xe1\x10\x01\x00\xef\xe1\x18\x01\x00\xef\xe1\x1c\x01\x00\xef\xe1\x1e\x01\x00\xef\xe1\x1f\x01\x00\xef\xe1\x1e\x02\x00\xef\xe1\x1c\x02\x00\xef\xe1\x18\x02\x00\xef\xe1\x10\x02\x00\xef\xe1\x00\x02\x00\xef'
2020-07-09 23:01:38.074031, cycle count 854, gpio values 564719, 0, 0, 28633, status messages:  b'\xe1\x10\x01\x00\xef\xe1\x18\x01\x00\xef\xe1\x1c\x01\x00\xef\xe1\x1e\x01\x00\xef\xe1\x1f\x01\x00\xef\xe1\x1e\x02\x00\xef\xe1\x1c\x02\x00\xef\xe1\x18\x02\x00\xef\xe1\x10\x02\x00\xef\xe1\x00\x02\x00\xef'
2020-07-09 23:01:54.532911, cycle count 855, gpio values 565385, 0, 0, 28669, status messages:  b'\xe1\x10\x01\x00\xef\xe1\x18\x01\x00\xef\xe1\x1c\x01\x00\xef\xe1\x1e\x01\x00\xef\xe1\x1f\x01\x00\xef\xe1\x1e\x02\x00\xef\xe1\x1c\x02\x00\xef\xe1\x18\x02\x00\xef\xe1\x10\x02\x00\xef\xe1\x00\x02\x00\xef'
2020-07-09 23:02:10.796305, cycle count 856, gpio values 566051, 0, 0, 28697, status messages:  b'\xe1\x10\x01\x00\xef\xe1\x18\x01\x00\xef\xe1\x1c\x01\x00\xef\xe1\x1e\x01\x00\xef\xe1\x1f\x01\x00\xef\xe1\x1e\x02\x00\xef\xe1\x1c\x02\x00\xef\xe1\x18\x02\x00\xef\xe1\x10\x02\x00\xef\xe1\x00\x02\x00\xef'
2020-07-09 23:02:26.996308, cycle count 857, gpio values 566681, 0, 0, 28733, status messages:  b'\xe1\x10\x01\x00\xef\xe1\x18\x01\x00\xef\xe1\x1c\x01\x00\xef\xe1\x1e\x01\x00\xef\xe1\x1f\x01\x00\xef\xe1\x1e\x02\x00\xef\xe1\x1c\x02\x00\xef\xe1\x18\x02\x00\xef\xe1\x10\x02\x00\xef\xe1\x00\x02\x00\xef'
2020-07-09 23:02:43.454370, cycle count 858, gpio values 567347, 0, 0, 28769, status messages:  b'\xe1\x10\x01\x00\xef\xe1\x18\x01\x00\xef\xe1\x1c\x01\x00\xef\xe1\x1e\x01\x00\xef\xe1\x1f\x01\x00\xef\xe1\x1e\x02\x00\xef\xe1\x1c\x02\x00\xef\xe1\x18\x02\x00\xef\xe1\x10\x02\x00\xef\xe1\x00\x02\x00\xef'
2020-07-09 23:02:59.913309, cycle count 859, gpio values 568013, 0, 0, 28805, status messages:  b'\xe1\x10\x01\x00\xef\xe1\x18\x01\x00\xef\xe1\x1c\x01\x00\xef\xe1\x1e\x01\x00\xef\xe1\x1f\x01\x00\xef\xe1\x1e\x02\x00\xef\xe1\x1c\x02\x00\xef\xe1\x18\x02\x00\xef\xe1\x10\x02\x00\xef\xe1\x00\x02\x00\xef'
2020-07-09 23:03:16.112362, cycle count 860, gpio values 568643, 0, 0, 28841, status messages:  b'\xe1\x10\x01\x00\xef\xe1\x18\x01\x00\xef\xe1\x1c\x01\x00\xef\xe1\x1e\x01\x00\xef\xe1\x1f\x01\x00\xef\xe1\x1e\x02\x00\xef\xe1\x1c\x02\x00\xef\xe1\x18\x02\x00\xef\xe1\x10\x02\x00\xef\xe1\x00\x02\x00\xef'
2020-07-09 23:03:32.570312, cycle count 861, gpio values 569309, 0, 0, 28877, status messages:  b'\xe1\x10\x01\x00\xef\xe1\x18\x01\x00\xef\xe1\x1c\x01\x00\xef\xe1\x1e\x01\x00\xef\xe1\x1f\x01\x00\xef\xe1\x1e\x02\x00\xef\xe1\x1c\x02\x00\xef\xe1\x18\x02\x00\xef\xe1\x10\x02\x00\xef\xe1\x00\x02\x00\xef'
2020-07-09 23:03:49.028447, cycle count 862, gpio values 569975, 0, 0, 28913, status messages:  b'\xe1\x10\x01\x00\xef\xe1\x18\x01\x00\xef\xe1\x1c\x01\x00\xef\xe1\x1e\x01\x00\xef\xe1\x1f\x01\x00\xef\xe1\x1e\x02\x00\xef\xe1\x1c\x02\x00\xef\xe1\x18\x02\x00\xef\xe1\x10\x02\x00\xef\xe1\x00\x02\x00\xef'
2020-07-09 23:04:05.486363, cycle count 863, gpio values 570641, 0, 0, 28949, status messages:  b'\xe1\x10\x01\x00\xef\xe1\x18\x01\x00\xef\xe1\x1c\x01\x00\xef\xe1\x1e\x01\x00\xef\xe1\x1f\x01\x00\xef\xe1\x1e\x02\x00\xef\xe1\x1c\x02\x00\xef\xe1\x18\x02\x00\xef\xe1\x10\x02\x00\xef\xe1\x00\x02\x00\xef'
2020-07-09 23:04:21.799096, cycle count 864, gpio values 571271, 0, 0, 28985, status messages:  b'\xe1\x10\x01\x00\xef\xe1\x18\x01\x00\xef\xe1\x1c\x01\x00\xef\xe1\x1e\x01\x00\xef\xe1\x1f\x01\x00\xef\xe1\x1e\x02\x00\xef\xe1\x1c\x02\x00\xef\xe1\x18\x02\x00\xef\xe1\x10\x02\x00\xef\xe1\x00\x02\x00\xef'
2020-07-09 23:04:38.000319, cycle count 865, gpio values 571901, 0, 0, 29021, status messages:  b'\xe1\x10\x01\x00\xef\xe1\x18\x01\x00\xef\xe1\x1c\x01\x00\xef\xe1\x1e\x01\x00\xef\xe1\x1f\x01\x00\xef\xe1\x1e\x02\x00\xef\xe1\x1c\x02\x00\xef\xe1\x18\x02\x00\xef\xe1\x10\x02\x00\xef\xe1\x00\x02\x00\xef'
2020-07-09 23:04:54.457072, cycle count 866, gpio values 572567, 0, 0, 29057, status messages:  b'\xe1\x10\x01\x00\xef\xe1\x18\x01\x00\xef\xe1\x1c\x01\x00\xef\xe1\x1e\x01\x00\xef\xe1\x1f\x01\x00\xef\xe1\x1e\x02\x00\xef\xe1\x1c\x02\x00\xef\xe1\x18\x02\x00\xef\xe1\x10\x02\x00\xef\xe1\x00\x02\x00\xef'
2020-07-09 23:05:10.914736, cycle count 867, gpio values 573233, 0, 0, 29093, status messages:  b'\xe1\x10\x01\x00\xef\xe1\x18\x01\x00\xef\xe1\x1c\x01\x00\xef\xe1\x1e\x01\x00\xef\xe1\x1f\x01\x00\xef\xe1\x1e\x02\x00\xef\xe1\x1c\x02\x00\xef\xe1\x18\x02\x00\xef\xe1\x10\x02\x00\xef\xe1\x00\x02\x00\xef'
2020-07-09 23:05:27.114137, cycle count 868, gpio values 573899, 0, 0, 29129, status messages:  b'\xe1\x10\x01\x00\xef\xe1\x18\x01\x00\xef\xe1\x1c\x01\x00\xef\xe1\x1e\x01\x00\xef\xe1\x1f\x01\x00\xef\xe1\x1e\x02\x00\xef\xe1\x1c\x02\x00\xef\xe1\x18\x02\x00\xef\xe1\x10\x02\x00\xef\xe1\x00\x02\x00\xef'
2020-07-09 23:05:43.572512, cycle count 869, gpio values 574565, 0, 0, 29165, status messages:  b'\xe1\x10\x01\x00\xef\xe1\x18\x01\x00\xef\xe1\x1c\x01\x00\xef\xe1\x1e\x01\x00\xef\xe1\x1f\x01\x00\xef\xe1\x1e\x02\x00\xef\xe1\x1c\x02\x00\xef\xe1\x18\x02\x00\xef\xe1\x10\x02\x00\xef\xe1\x00\x02\x00\xef'
2020-07-09 23:06:00.030182, cycle count 870, gpio values 575231, 0, 0, 29201, status messages:  b'\xe1\x10\x01\x00\xef\xe1\x18\x01\x00\xef\xe1\x1c\x01\x00\xef\xe1\x1e\x01\x00\xef\xe1\x1f\x01\x00\xef\xe1\x1e\x02\x00\xef\xe1\x1c\x02\x00\xef\xe1\x18\x02\x00\xef\xe1\x10\x02\x00\xef\xe1\x00\x02\x00\xef'
2020-07-09 23:06:16.489204, cycle count 871, gpio values 575897, 0, 0, 29229, status messages:  b'\xe1\x10\x01\x00\xef\xe1\x18\x01\x00\xef\xe1\x1c\x01\x00\xef\xe1\x1e\x01\x00\xef\xe1\x1f\x01\x00\xef\xe1\x1e\x02\x00\xef\xe1\x1c\x02\x00\xef\xe1\x18\x02\x00\xef\xe1\x10\x02\x00\xef\xe1\x00\x02\x00\xef'
2020-07-09 23:06:33.207304, cycle count 872, gpio values 576600, 0, 0, 29274, status messages:  b'\xe1\x10\x01\x00\xef\xe1\x18\x01\x00\xef\xe1\x1c\x01\x00\xef\xe1\x1e\x01\x00\xef\xe1\x1f\x01\x00\xef\xe1\x1e\x02\x00\xef\xe1\x1c\x02\x00\xef\xe1\x18\x02\x00\xef\xe1\x10\x02\x00\xef\xe1\x00\x02\x00\xef'
2020-07-09 23:06:49.664679, cycle count 873, gpio values 577266, 0, 0, 29310, status messages:  b'\xe1\x10\x01\x00\xef\xe1\x18\x01\x00\xef\xe1\x1c\x01\x00\xef\xe1\x1e\x01\x00\xef\xe1\x1f\x01\x00\xef\xe1\x1e\x02\x00\xef\xe1\x1c\x02\x00\xef\xe1\x18\x02\x00\xef\xe1\x10\x02\x00\xef\xe1\x00\x02\x00\xef'
2020-07-09 23:07:06.123462, cycle count 874, gpio values 577932, 0, 0, 29346, status messages:  b'\xe1\x10\x01\x00\xef\xe1\x18\x01\x00\xef\xe1\x1c\x01\x00\xef\xe1\x1e\x01\x00\xef\xe1\x1f\x01\x00\xef\xe1\x1e\x02\x00\xef\xe1\x1c\x02\x00\xef\xe1\x18\x02\x00\xef\xe1\x10\x02\x00\xef\xe1\x00\x02\x00\xef'
2020-07-09 23:07:22.581800, cycle count 875, gpio values 578635, 0, 0, 29374, status messages:  b'\xe1\x10\x01\x00\xef\xe1\x18\x01\x00\xef\xe1\x1c\x01\x00\xef\xe1\x1e\x01\x00\xef\xe1\x1f\x01\x00\xef\xe1\x1e\x02\x00\xef\xe1\x1c\x02\x00\xef\xe1\x18\x02\x00\xef\xe1\x10\x02\x00\xef\xe1\x00\x02\x00\xef'
2020-07-09 23:07:39.039715, cycle count 876, gpio values 579338, 0, 0, 29402, status messages:  b'\xe1\x10\x01\x00\xef\xe1\x18\x01\x00\xef\xe1\x1c\x01\x00\xef\xe1\x1e\x01\x00\xef\xe1\x1f\x01\x00\xef\xe1\x1e\x02\x00\xef\xe1\x1c\x02\x00\xef\xe1\x18\x02\x00\xef\xe1\x10\x02\x00\xef\xe1\x00\x02\x00\xef'
2020-07-09 23:07:55.498652, cycle count 877, gpio values 580041, 0, 0, 29430, status messages:  b'\xe1\x10\x01\x00\xef\xe1\x18\x01\x00\xef\xe1\x1c\x01\x00\xef\xe1\x1e\x01\x00\xef\xe1\x1f\x01\x00\xef\xe1\x1e\x02\x00\xef\xe1\x1c\x02\x00\xef\xe1\x18\x02\x00\xef\xe1\x10\x02\x00\xef\xe1\x00\x02\x00\xef'
2020-07-09 23:08:11.956350, cycle count 878, gpio values 580707, 0, 0, 29466, status messages:  b'\xe1\x10\x01\x00\xef\xe1\x18\x01\x00\xef\xe1\x1c\x01\x00\xef\xe1\x1e\x01\x00\xef\xe1\x1f\x01\x00\xef\xe1\x1e\x02\x00\xef\xe1\x1c\x02\x00\xef\xe1\x18\x02\x00\xef\xe1\x10\x02\x00\xef\xe1\x00\x02\x00\xef'
2020-07-09 23:08:28.414279, cycle count 879, gpio values 581373, 0, 0, 29494, status messages:  b'\xe1\x10\x01\x00\xef\xe1\x18\x01\x00\xef\xe1\x1c\x01\x00\xef\xe1\x1e\x01\x00\xef\xe1\x1f\x01\x00\xef\xe1\x1e\x02\x00\xef\xe1\x1c\x02\x00\xef\xe1\x18\x02\x00\xef\xe1\x10\x02\x00\xef\xe1\x00\x02\x00\xef'
2020-07-09 23:08:44.872280, cycle count 880, gpio values 582076, 0, 0, 29522, status messages:  b'\xe1\x10\x01\x00\xef\xe1\x18\x01\x00\xef\xe1\x1c\x01\x00\xef\xe1\x1e\x01\x00\xef\xe1\x1f\x01\x00\xef\xe1\x1e\x02\x00\xef\xe1\x1c\x02\x00\xef\xe1\x18\x02\x00\xef\xe1\x10\x02\x00\xef\xe1\x00\x02\x00\xef'
2020-07-09 23:09:01.330631, cycle count 881, gpio values 582779, 0, 0, 29550, status messages:  b'\xe1\x10\x01\x00\xef\xe1\x18\x01\x00\xef\xe1\x1c\x01\x00\xef\xe1\x1e\x01\x00\xef\xe1\x1f\x01\x00\xef\xe1\x1e\x02\x00\xef\xe1\x1c\x02\x00\xef\xe1\x18\x02\x00\xef\xe1\x10\x02\x00\xef\xe1\x00\x02\x00\xef'
2020-07-09 23:09:17.789713, cycle count 882, gpio values 583482, 0, 0, 29586, status messages:  b'\xe1\x10\x01\x00\xef\xe1\x18\x01\x00\xef\xe1\x1c\x01\x00\xef\xe1\x1e\x01\x00\xef\xe1\x1f\x01\x00\xef\xe1\x1e\x02\x00\xef\xe1\x1c\x02\x00\xef\xe1\x18\x02\x00\xef\xe1\x10\x02\x00\xef\xe1\x00\x02\x00\xef'
2020-07-09 23:09:34.248087, cycle count 883, gpio values 584185, 0, 0, 29622, status messages:  b'\xe1\x10\x01\x00\xef\xe1\x18\x01\x00\xef\xe1\x1c\x01\x00\xef\xe1\x1e\x01\x00\xef\xe1\x1f\x01\x00\xef\xe1\x1e\x02\x00\xef\xe1\x1c\x02\x00\xef\xe1\x18\x02\x00\xef\xe1\x10\x02\x00\xef\xe1\x00\x02\x00\xef'
2020-07-09 23:09:50.706560, cycle count 884, gpio values 584888, 0, 0, 29658, status messages:  b'\xe1\x10\x01\x00\xef\xe1\x18\x01\x00\xef\xe1\x1c\x01\x00\xef\xe1\x1e\x01\x00\xef\xe1\x1f\x01\x00\xef\xe1\x1e\x02\x00\xef\xe1\x1c\x02\x00\xef\xe1\x18\x02\x00\xef\xe1\x10\x02\x00\xef\xe1\x00\x02\x00\xef'
2020-07-09 23:10:07.164795, cycle count 885, gpio values 585591, 0, 0, 29686, status messages:  b'\xe1\x10\x01\x00\xef\xe1\x18\x01\x00\xef\xe1\x1c\x01\x00\xef\xe1\x1e\x01\x00\xef\xe1\x1f\x01\x00\xef\xe1\x1e\x02\x00\xef\xe1\x1c\x02\x00\xef\xe1\x18\x02\x00\xef\xe1\x10\x02\x00\xef\xe1\x00\x02\x00\xef'
2020-07-09 23:10:23.623684, cycle count 886, gpio values 586294, 0, 0, 29722, status messages:  b'\xe1\x10\x01\x00\xef\xe1\x18\x01\x00\xef\xe1\x1c\x01\x00\xef\xe1\x1e\x01\x00\xef\xe1\x1f\x01\x00\xef\xe1\x1e\x02\x00\xef\xe1\x1c\x02\x00\xef\xe1\x18\x02\x00\xef\xe1\x10\x02\x00\xef\xe1\x00\x02\x00\xef'
2020-07-09 23:10:40.081067, cycle count 887, gpio values 586997, 0, 0, 29758, status messages:  b'\xe1\x10\x01\x00\xef\xe1\x18\x01\x00\xef\xe1\x1c\x01\x00\xef\xe1\x1e\x01\x00\xef\xe1\x1f\x01\x00\xef\xe1\x1e\x02\x00\xef\xe1\x1c\x02\x00\xef\xe1\x18\x02\x00\xef\xe1\x10\x02\x00\xef\xe1\x00\x02\x00\xef'
2020-07-09 23:10:56.541406, cycle count 888, gpio values 587663, 0, 0, 29794, status messages:  b'\xe1\x10\x01\x00\xef\xe1\x18\x01\x00\xef\xe1\x1c\x01\x00\xef\xe1\x1e\x01\x00\xef\xe1\x1f\x01\x00\xef\xe1\x1e\x02\x00\xef\xe1\x1c\x02\x00\xef\xe1\x18\x02\x00\xef\xe1\x10\x02\x00\xef\xe1\x00\x02\x00\xef'
2020-07-09 23:11:12.997396, cycle count 889, gpio values 588366, 0, 0, 29830, status messages:  b'\xe1\x10\x01\x00\xef\xe1\x18\x01\x00\xef\xe1\x1c\x01\x00\xef\xe1\x1e\x01\x00\xef\xe1\x1f\x01\x00\xef\xe1\x1e\x02\x00\xef\xe1\x1c\x02\x00\xef\xe1\x18\x02\x00\xef\xe1\x10\x02\x00\xef\xe1\x00\x02\x00\xef'
2020-07-09 23:11:29.311534, cycle count 890, gpio values 588996, 0, 0, 29866, status messages:  b'\xe1\x10\x01\x00\xef\xe1\x18\x01\x00\xef\xe1\x1c\x01\x00\xef\xe1\x1e\x01\x00\xef\xe1\x1f\x01\x00\xef\xe1\x1e\x02\x00\xef\xe1\x1c\x02\x00\xef\xe1\x18\x02\x00\xef\xe1\x10\x02\x00\xef\xe1\x00\x02\x00\xef'
2020-07-09 23:11:45.769935, cycle count 891, gpio values 589662, 0, 0, 29902, status messages:  b'\xe1\x10\x01\x00\xef\xe1\x18\x01\x00\xef\xe1\x1c\x01\x00\xef\xe1\x1e\x01\x00\xef\xe1\x1f\x01\x00\xef\xe1\x1e\x02\x00\xef\xe1\x1c\x02\x00\xef\xe1\x18\x02\x00\xef\xe1\x10\x02\x00\xef\xe1\x00\x02\x00\xef'
2020-07-09 23:12:02.228357, cycle count 892, gpio values 590328, 0, 0, 29938, status messages:  b'\xe1\x10\x01\x00\xef\xe1\x18\x01\x00\xef\xe1\x1c\x01\x00\xef\xe1\x1e\x01\x00\xef\xe1\x1f\x01\x00\xef\xe1\x1e\x02\x00\xef\xe1\x1c\x02\x00\xef\xe1\x18\x02\x00\xef\xe1\x10\x02\x00\xef\xe1\x00\x02\x00\xef'
2020-07-09 23:12:18.686682, cycle count 893, gpio values 590994, 0, 0, 29974, status messages:  b'\xe1\x10\x01\x00\xef\xe1\x18\x01\x00\xef\xe1\x1c\x01\x00\xef\xe1\x1e\x01\x00\xef\xe1\x1f\x01\x00\xef\xe1\x1e\x02\x00\xef\xe1\x1c\x02\x00\xef\xe1\x18\x02\x00\xef\xe1\x10\x02\x00\xef\xe1\x00\x02\x00\xef'
2020-07-09 23:12:35.145203, cycle count 894, gpio values 591660, 0, 0, 30010, status messages:  b'\xe1\x10\x01\x00\xef\xe1\x18\x01\x00\xef\xe1\x1c\x01\x00\xef\xe1\x1e\x01\x00\xef\xe1\x1f\x01\x00\xef\xe1\x1e\x02\x00\xef\xe1\x1c\x02\x00\xef\xe1\x18\x02\x00\xef\xe1\x10\x02\x00\xef\xe1\x00\x02\x00\xef'
2020-07-09 23:12:51.603242, cycle count 895, gpio values 592326, 0, 0, 30046, status messages:  b'\xe1\x10\x01\x00\xef\xe1\x18\x01\x00\xef\xe1\x1c\x01\x00\xef\xe1\x1e\x01\x00\xef\xe1\x1f\x01\x00\xef\xe1\x1e\x02\x00\xef\xe1\x1c\x02\x00\xef\xe1\x18\x02\x00\xef\xe1\x10\x02\x00\xef\xe1\x00\x02\x00\xef'
2020-07-09 23:13:08.060940, cycle count 896, gpio values 592992, 0, 0, 30082, status messages:  b'\xe1\x10\x01\x00\xef\xe1\x18\x01\x00\xef\xe1\x1c\x01\x00\xef\xe1\x1e\x01\x00\xef\xe1\x1f\x01\x00\xef\xe1\x1e\x02\x00\xef\xe1\x1c\x02\x00\xef\xe1\x18\x02\x00\xef\xe1\x10\x02\x00\xef\xe1\x00\x02\x00\xef'
2020-07-09 23:13:24.519383, cycle count 897, gpio values 593658, 0, 0, 30118, status messages:  b'\xe1\x10\x01\x00\xef\xe1\x18\x01\x00\xef\xe1\x1c\x01\x00\xef\xe1\x1e\x01\x00\xef\xe1\x1f\x01\x00\xef\xe1\x1e\x02\x00\xef\xe1\x1c\x02\x00\xef\xe1\x18\x02\x00\xef\xe1\x10\x02\x00\xef\xe1\x00\x02\x00\xef'
2020-07-09 23:13:40.978108, cycle count 898, gpio values 594361, 0, 0, 30154, status messages:  b'\xe1\x10\x01\x00\xef\xe1\x18\x01\x00\xef\xe1\x1c\x01\x00\xef\xe1\x1e\x01\x00\xef\xe1\x1f\x01\x00\xef\xe1\x1e\x02\x00\xef\xe1\x1c\x02\x00\xef\xe1\x18\x02\x00\xef\xe1\x10\x02\x00\xef\xe1\x00\x02\x00\xef'
2020-07-09 23:13:57.436499, cycle count 899, gpio values 595027, 0, 0, 30190, status messages:  b'\xe1\x10\x01\x00\xef\xe1\x18\x01\x00\xef\xe1\x1c\x01\x00\xef\xe1\x1e\x01\x00\xef\xe1\x1f\x01\x00\xef\xe1\x1e\x02\x00\xef\xe1\x1c\x02\x00\xef\xe1\x18\x02\x00\xef\xe1\x10\x02\x00\xef\xe1\x00\x02\x00\xef'
2020-07-09 23:14:14.153623, cycle count 900, gpio values 595730, 0, 0, 30226, status messages:  b'\xe1\x10\x01\x00\xef\xe1\x18\x01\x00\xef\xe1\x1c\x01\x00\xef\xe1\x1e\x01\x00\xef\xe1\x1f\x01\x00\xef\xe1\x1e\x02\x00\xef\xe1\x1c\x02\x00\xef\xe1\x18\x02\x00\xef\xe1\x10\x02\x00\xef\xe1\x00\x02\x00\xef'
2020-07-09 23:14:30.612248, cycle count 901, gpio values 596433, 0, 0, 30254, status messages:  b'\xe1\x10\x01\x00\xef\xe1\x18\x01\x00\xef\xe1\x1c\x01\x00\xef\xe1\x1e\x01\x00\xef\xe1\x1f\x01\x00\xef\xe1\x1e\x02\x00\xef\xe1\x1c\x02\x00\xef\xe1\x18\x02\x00\xef\xe1\x10\x02\x00\xef\xe1\x00\x02\x00\xef'
2020-07-09 23:14:47.070283, cycle count 902, gpio values 597136, 0, 0, 30282, status messages:  b'\xe1\x10\x01\x00\xef\xe1\x18\x01\x00\xef\xe1\x1c\x01\x00\xef\xe1\x1e\x01\x00\xef\xe1\x1f\x01\x00\xef\xe1\x1e\x02\x00\xef\xe1\x1c\x02\x00\xef\xe1\x18\x02\x00\xef\xe1\x10\x02\x00\xef\xe1\x00\x02\x00\xef'
2020-07-09 23:15:03.529252, cycle count 903, gpio values 597839, 0, 0, 30310, status messages:  b'\xe1\x10\x01\x00\xef\xe1\x18\x01\x00\xef\xe1\x1c\x01\x00\xef\xe1\x1e\x01\x00\xef\xe1\x1f\x01\x00\xef\xe1\x1e\x02\x00\xef\xe1\x1c\x02\x00\xef\xe1\x18\x02\x00\xef\xe1\x10\x02\x00\xef\xe1\x00\x02\x00\xef'
2020-07-09 23:15:20.003674, cycle count 904, gpio values 598542, 0, 0, 30338, status messages:  b'\xe1\x10\x01\x00\xef\xe1\x18\x01\x00\xef\xe1\x1c\x01\x00\xef\xe1\x1e\x01\x00\xef\xe1\x1f\x01\x00\xef\xe1\x1e\x02\x00\xef\xe1\x1c\x02\x00\xef\xe1\x18\x02\x00\xef\xe1\x10\x02\x00\xef\xe1\x00\x02\x00\xef'
2020-07-09 23:15:36.733060, cycle count 905, gpio values 599245, 0, 0, 30374, status messages:  b'\xe1\x10\x01\x00\xef\xe1\x18\x01\x00\xef\xe1\x1c\x01\x00\xef\xe1\x1e\x01\x00\xef\xe1\x1f\x01\x00\xef\xe1\x1e\x02\x00\xef\xe1\x1c\x02\x00\xef\xe1\x18\x02\x00\xef\xe1\x10\x02\x00\xef\xe1\x00\x02\x00\xef'
2020-07-09 23:15:53.463206, cycle count 906, gpio values 599948, 0, 0, 30410, status messages:  b'\xe1\x10\x01\x00\xef\xe1\x18\x01\x00\xef\xe1\x1c\x01\x00\xef\xe1\x1e\x01\x00\xef\xe1\x1f\x01\x00\xef\xe1\x1e\x02\x00\xef\xe1\x1c\x02\x00\xef\xe1\x18\x02\x00\xef\xe1\x10\x02\x00\xef\xe1\x00\x02\x00\xef'
2020-07-09 23:16:09.923081, cycle count 907, gpio values 600651, 0, 0, 30438, status messages:  b'\xe1\x10\x01\x00\xef\xe1\x18\x01\x00\xef\xe1\x1c\x01\x00\xef\xe1\x1e\x01\x00\xef\xe1\x1f\x01\x00\xef\xe1\x1e\x02\x00\xef\xe1\x1c\x02\x00\xef\xe1\x18\x02\x00\xef\xe1\x10\x02\x00\xef\xe1\x00\x02\x00\xef'
2020-07-09 23:16:26.383025, cycle count 908, gpio values 601317, 0, 0, 30474, status messages:  b'\xe1\x10\x01\x00\xef\xe1\x18\x01\x00\xef\xe1\x1c\x01\x00\xef\xe1\x1e\x01\x00\xef\xe1\x1f\x01\x00\xef\xe1\x1e\x02\x00\xef\xe1\x1c\x02\x00\xef\xe1\x18\x02\x00\xef\xe1\x10\x02\x00\xef\xe1\x00\x02\x00\xef'
2020-07-09 23:16:42.830586, cycle count 909, gpio values 601983, 0, 0, 30510, status messages:  b'\xe1\x10\x01\x00\xef\xe1\x18\x01\x00\xef\xe1\x1c\x01\x00\xef\xe1\x1e\x01\x00\xef\xe1\x1f\x01\x00\xef\xe1\x1e\x02\x00\xef\xe1\x1c\x02\x00\xef\xe1\x18\x02\x00\xef\xe1\x10\x02\x00\xef\xe1\x00\x02\x00\xef'
2020-07-09 23:16:59.289324, cycle count 910, gpio values 602686, 0, 0, 30538, status messages:  b'\xe1\x10\x01\x00\xef\xe1\x18\x01\x00\xef\xe1\x1c\x01\x00\xef\xe1\x1e\x01\x00\xef\xe1\x1f\x01\x00\xef\xe1\x1e\x02\x00\xef\xe1\x1c\x02\x00\xef\xe1\x18\x02\x00\xef\xe1\x10\x02\x00\xef\xe1\x00\x02\x00\xef'
2020-07-09 23:17:15.747303, cycle count 911, gpio values 603352, 0, 0, 30574, status messages:  b'\xe1\x10\x01\x00\xef\xe1\x18\x01\x00\xef\xe1\x1c\x01\x00\xef\xe1\x1e\x01\x00\xef\xe1\x1f\x01\x00\xef\xe1\x1e\x02\x00\xef\xe1\x1c\x02\x00\xef\xe1\x18\x02\x00\xef\xe1\x10\x02\x00\xef\xe1\x00\x02\x00\xef'
2020-07-09 23:17:32.205666, cycle count 912, gpio values 604018, 0, 0, 30610, status messages:  b'\xe1\x10\x01\x00\xef\xe1\x18\x01\x00\xef\xe1\x1c\x01\x00\xef\xe1\x1e\x01\x00\xef\xe1\x1f\x01\x00\xef\xe1\x1e\x02\x00\xef\xe1\x1c\x02\x00\xef\xe1\x18\x02\x00\xef\xe1\x10\x02\x00\xef\xe1\x00\x02\x00\xef'
2020-07-09 23:17:48.664542, cycle count 913, gpio values 604684, 0, 0, 30646, status messages:  b'\xe1\x10\x01\x00\xef\xe1\x18\x01\x00\xef\xe1\x1c\x01\x00\xef\xe1\x1e\x01\x00\xef\xe1\x1f\x01\x00\xef\xe1\x1e\x02\x00\xef\xe1\x1c\x02\x00\xef\xe1\x18\x02\x00\xef\xe1\x10\x02\x00\xef\xe1\x00\x02\x00\xef'
2020-07-09 23:18:04.879157, cycle count 914, gpio values 605350, 0, 0, 30674, status messages:  b'\xe1\x10\x01\x00\xef\xe1\x18\x01\x00\xef\xe1\x1c\x01\x00\xef\xe1\x1e\x01\x00\xef\xe1\x1f\x01\x00\xef\xe1\x1e\x02\x00\xef\xe1\x1c\x02\x00\xef\xe1\x18\x02\x00\xef\xe1\x10\x02\x00\xef\xe1\x00\x02\x00\xef'
2020-07-09 23:18:21.338000, cycle count 915, gpio values 606016, 0, 0, 30710, status messages:  b'\xe1\x10\x01\x00\xef\xe1\x18\x01\x00\xef\xe1\x1c\x01\x00\xef\xe1\x1e\x01\x00\xef\xe1\x1f\x01\x00\xef\xe1\x1e\x02\x00\xef\xe1\x1c\x02\x00\xef\xe1\x18\x02\x00\xef\xe1\x10\x02\x00\xef\xe1\x00\x02\x00\xef'
2020-07-09 23:18:37.796868, cycle count 916, gpio values 606682, 0, 0, 30746, status messages:  b'\xe1\x10\x01\x00\xef\xe1\x18\x01\x00\xef\xe1\x1c\x01\x00\xef\xe1\x1e\x01\x00\xef\xe1\x1f\x01\x00\xef\xe1\x1e\x02\x00\xef\xe1\x1c\x02\x00\xef\xe1\x18\x02\x00\xef\xe1\x10\x02\x00\xef\xe1\x00\x02\x00\xef'
2020-07-09 23:18:54.043821, cycle count 917, gpio values 607312, 0, 0, 30782, status messages:  b'\xe1\x10\x01\x00\xef\xe1\x18\x01\x00\xef\xe1\x1c\x01\x00\xef\xe1\x1e\x01\x00\xef\xe1\x1f\x01\x00\xef\xe1\x1e\x02\x00\xef\xe1\x1c\x02\x00\xef\xe1\x18\x02\x00\xef\xe1\x10\x02\x00\xef\xe1\x00\x02\x00\xef'
2020-07-09 23:19:10.534728, cycle count 918, gpio values 607978, 0, 0, 30818, status messages:  b'\xe1\x10\x01\x00\xef\xe1\x18\x01\x00\xef\xe1\x1c\x01\x00\xef\xe1\x1e\x01\x00\xef\xe1\x1f\x01\x00\xef\xe1\x1e\x02\x00\xef\xe1\x1c\x02\x00\xef\xe1\x18\x02\x00\xef\xe1\x10\x02\x00\xef\xe1\x00\x02\x00\xef'
2020-07-09 23:19:26.733782, cycle count 919, gpio values 608608, 0, 0, 30854, status messages:  b'\xe1\x10\x01\x00\xef\xe1\x18\x01\x00\xef\xe1\x1c\x01\x00\xef\xe1\x1e\x01\x00\xef\xe1\x1f\x01\x00\xef\xe1\x1e\x02\x00\xef\xe1\x1c\x02\x00\xef\xe1\x18\x02\x00\xef\xe1\x10\x02\x00\xef\xe1\x00\x02\x00\xef'
2020-07-09 23:19:43.192142, cycle count 920, gpio values 609274, 0, 0, 30890, status messages:  b'\xe1\x10\x01\x00\xef\xe1\x18\x01\x00\xef\xe1\x1c\x01\x00\xef\xe1\x1e\x01\x00\xef\xe1\x1f\x01\x00\xef\xe1\x1e\x02\x00\xef\xe1\x1c\x02\x00\xef\xe1\x18\x02\x00\xef\xe1\x10\x02\x00\xef\xe1\x00\x02\x00\xef'
2020-07-09 23:19:59.650772, cycle count 921, gpio values 609940, 0, 0, 30926, status messages:  b'\xe1\x10\x01\x00\xef\xe1\x18\x01\x00\xef\xe1\x1c\x01\x00\xef\xe1\x1e\x01\x00\xef\xe1\x1f\x01\x00\xef\xe1\x1e\x02\x00\xef\xe1\x1c\x02\x00\xef\xe1\x18\x02\x00\xef\xe1\x10\x02\x00\xef\xe1\x00\x02\x00\xef'
2020-07-09 23:20:15.849256, cycle count 922, gpio values 610606, 0, 0, 30962, status messages:  b'\xe1\x10\x01\x00\xef\xe1\x18\x01\x00\xef\xe1\x1c\x01\x00\xef\xe1\x1e\x01\x00\xef\xe1\x1f\x01\x00\xef\xe1\x1e\x02\x00\xef\xe1\x1c\x02\x00\xef\xe1\x18\x02\x00\xef\xe1\x10\x02\x00\xef\xe1\x00\x02\x00\xef'
2020-07-09 23:20:32.049174, cycle count 923, gpio values 611236, 0, 0, 30998, status messages:  b'\xe1\x10\x01\x00\xef\xe1\x18\x01\x00\xef\xe1\x1c\x01\x00\xef\xe1\x1e\x01\x00\xef\xe1\x1f\x01\x00\xef\xe1\x1e\x02\x00\xef\xe1\x1c\x02\x00\xef\xe1\x18\x02\x00\xef\xe1\x10\x02\x00\xef\xe1\x00\x02\x00\xef'
2020-07-09 23:20:48.264251, cycle count 924, gpio values 611866, 0, 0, 31034, status messages:  b'\xe1\x10\x01\x00\xef\xe1\x18\x01\x00\xef\xe1\x1c\x01\x00\xef\xe1\x1e\x01\x00\xef\xe1\x1f\x01\x00\xef\xe1\x1e\x02\x00\xef\xe1\x1c\x02\x00\xef\xe1\x18\x02\x00\xef\xe1\x10\x02\x00\xef\xe1\x00\x02\x00\xef'
2020-07-09 23:21:04.253932, cycle count 925, gpio values 612496, 0, 0, 31062, status messages:  b'\xe1\x10\x01\x00\xef\xe1\x18\x01\x00\xef\xe1\x1c\x01\x00\xef\xe1\x1e\x01\x00\xef\xe1\x1f\x01\x00\xef\xe1\x1e\x02\x00\xef\xe1\x1c\x02\x00\xef\xe1\x18\x02\x00\xef\xe1\x10\x02\x00\xef\xe1\x00\x02\x00\xef'
2020-07-09 23:21:20.452480, cycle count 926, gpio values 613126, 0, 0, 31098, status messages:  b'\xe1\x10\x01\x00\xef\xe1\x18\x01\x00\xef\xe1\x1c\x01\x00\xef\xe1\x1e\x01\x00\xef\xe1\x1f\x01\x00\xef\xe1\x1e\x02\x00\xef\xe1\x1c\x02\x00\xef\xe1\x18\x02\x00\xef\xe1\x10\x02\x00\xef\xe1\x00\x02\x00\xef'
2020-07-09 23:21:36.392253, cycle count 927, gpio values 613756, 0, 0, 31126, status messages:  b'\xe1\x10\x01\x00\xef\xe1\x18\x01\x00\xef\xe1\x1c\x01\x00\xef\xe1\x1e\x01\x00\xef\xe1\x1f\x01\x00\xef\xe1\x1e\x02\x00\xef\xe1\x1c\x02\x00\xef\xe1\x18\x02\x00\xef\xe1\x10\x02\x00\xef\xe1\x00\x02\x00\xef'
2020-07-09 23:21:52.591557, cycle count 928, gpio values 614386, 0, 0, 31162, status messages:  b'\xe1\x10\x01\x00\xef\xe1\x18\x01\x00\xef\xe1\x1c\x01\x00\xef\xe1\x1e\x01\x00\xef\xe1\x1f\x01\x00\xef\xe1\x1e\x02\x00\xef\xe1\x1c\x02\x00\xef\xe1\x18\x02\x00\xef\xe1\x10\x02\x00\xef\xe1\x00\x02\x00\xef'
2020-07-09 23:22:09.049890, cycle count 929, gpio values 615052, 0, 0, 31198, status messages:  b'\xe1\x10\x01\x00\xef\xe1\x18\x01\x00\xef\xe1\x1c\x01\x00\xef\xe1\x1e\x01\x00\xef\xe1\x1f\x01\x00\xef\xe1\x1e\x02\x00\xef\xe1\x1c\x02\x00\xef\xe1\x18\x02\x00\xef\xe1\x10\x02\x00\xef\xe1\x00\x02\x00\xef'
2020-07-09 23:22:25.507763, cycle count 930, gpio values 615718, 0, 0, 31234, status messages:  b'\xe1\x10\x01\x00\xef\xe1\x18\x01\x00\xef\xe1\x1c\x01\x00\xef\xe1\x1e\x01\x00\xef\xe1\x1f\x01\x00\xef\xe1\x1e\x02\x00\xef\xe1\x1c\x02\x00\xef\xe1\x18\x02\x00\xef\xe1\x10\x02\x00\xef\xe1\x00\x02\x00\xef'
2020-07-09 23:22:41.723147, cycle count 931, gpio values 616348, 0, 0, 31270, status messages:  b'\xe1\x10\x01\x00\xef\xe1\x18\x01\x00\xef\xe1\x1c\x01\x00\xef\xe1\x1e\x01\x00\xef\xe1\x1f\x01\x00\xef\xe1\x1e\x02\x00\xef\xe1\x1c\x02\x00\xef\xe1\x18\x02\x00\xef\xe1\x10\x02\x00\xef\xe1\x00\x02\x00\xef'
2020-07-09 23:22:57.664054, cycle count 932, gpio values 616978, 0, 0, 31298, status messages:  b'\xe1\x10\x01\x00\xef\xe1\x18\x01\x00\xef\xe1\x1c\x01\x00\xef\xe1\x1e\x01\x00\xef\xe1\x1f\x01\x00\xef\xe1\x1e\x02\x00\xef\xe1\x1c\x02\x00\xef\xe1\x18\x02\x00\xef\xe1\x10\x02\x00\xef\xe1\x00\x02\x00\xef'
2020-07-09 23:23:13.863570, cycle count 933, gpio values 617608, 0, 0, 31334, status messages:  b'\xe1\x10\x01\x00\xef\xe1\x18\x01\x00\xef\xe1\x1c\x01\x00\xef\xe1\x1e\x01\x00\xef\xe1\x1f\x01\x00\xef\xe1\x1e\x02\x00\xef\xe1\x1c\x02\x00\xef\xe1\x18\x02\x00\xef\xe1\x10\x02\x00\xef\xe1\x00\x02\x00\xef'
2020-07-09 23:23:30.191916, cycle count 934, gpio values 618238, 0, 0, 31370, status messages:  b'\xe1\x10\x01\x00\xef\xe1\x18\x01\x00\xef\xe1\x1c\x01\x00\xef\xe1\x1e\x01\x00\xef\xe1\x1f\x01\x00\xef\xe1\x1e\x02\x00\xef\xe1\x1c\x02\x00\xef\xe1\x18\x02\x00\xef\xe1\x10\x02\x00\xef\xe1\x00\x02\x00\xef'
2020-07-09 23:23:46.650851, cycle count 935, gpio values 618904, 0, 0, 31406, status messages:  b'\xe1\x10\x01\x00\xef\xe1\x18\x01\x00\xef\xe1\x1c\x01\x00\xef\xe1\x1e\x01\x00\xef\xe1\x1f\x01\x00\xef\xe1\x1e\x02\x00\xef\xe1\x1c\x02\x00\xef\xe1\x18\x02\x00\xef\xe1\x10\x02\x00\xef\xe1\x00\x02\x00\xef'
2020-07-09 23:24:03.109021, cycle count 936, gpio values 619570, 0, 0, 31442, status messages:  b'\xe1\x10\x01\x00\xef\xe1\x18\x01\x00\xef\xe1\x1c\x01\x00\xef\xe1\x1e\x01\x00\xef\xe1\x1f\x01\x00\xef\xe1\x1e\x02\x00\xef\xe1\x1c\x02\x00\xef\xe1\x18\x02\x00\xef\xe1\x10\x02\x00\xef\xe1\x00\x02\x00\xef'
2020-07-09 23:24:19.323780, cycle count 937, gpio values 620200, 0, 0, 31478, status messages:  b'\xe1\x10\x01\x00\xef\xe1\x18\x01\x00\xef\xe1\x1c\x01\x00\xef\xe1\x1e\x01\x00\xef\xe1\x1f\x01\x00\xef\xe1\x1e\x02\x00\xef\xe1\x1c\x02\x00\xef\xe1\x18\x02\x00\xef\xe1\x10\x02\x00\xef\xe1\x00\x02\x00\xef'
2020-07-09 23:24:35.539350, cycle count 938, gpio values 620830, 0, 0, 31514, status messages:  b'\xe1\x10\x01\x00\xef\xe1\x18\x01\x00\xef\xe1\x1c\x01\x00\xef\xe1\x1e\x01\x00\xef\xe1\x1f\x01\x00\xef\xe1\x1e\x02\x00\xef\xe1\x1c\x02\x00\xef\xe1\x18\x02\x00\xef\xe1\x10\x02\x00\xef\xe1\x00\x02\x00\xef'
2020-07-09 23:24:51.771512, cycle count 939, gpio values 621460, 0, 0, 31550, status messages:  b'\xe1\x10\x01\x00\xef\xe1\x18\x01\x00\xef\xe1\x1c\x01\x00\xef\xe1\x1e\x01\x00\xef\xe1\x1f\x01\x00\xef\xe1\x1e\x02\x00\xef\xe1\x1c\x02\x00\xef\xe1\x18\x02\x00\xef\xe1\x10\x02\x00\xef\xe1\x00\x02\x00\xef'
2020-07-09 23:25:08.019816, cycle count 940, gpio values 622090, 0, 0, 31586, status messages:  b'\xe1\x10\x01\x00\xef\xe1\x18\x01\x00\xef\xe1\x1c\x01\x00\xef\xe1\x1e\x01\x00\xef\xe1\x1f\x01\x00\xef\xe1\x1e\x02\x00\xef\xe1\x1c\x02\x00\xef\xe1\x18\x02\x00\xef\xe1\x10\x02\x00\xef\xe1\x00\x02\x00\xef'
2020-07-09 23:25:24.218305, cycle count 941, gpio values 622720, 0, 0, 31622, status messages:  b'\xe1\x10\x01\x00\xef\xe1\x18\x01\x00\xef\xe1\x1c\x01\x00\xef\xe1\x1e\x01\x00\xef\xe1\x1f\x01\x00\xef\xe1\x1e\x02\x00\xef\xe1\x1c\x02\x00\xef\xe1\x18\x02\x00\xef\xe1\x10\x02\x00\xef\xe1\x00\x02\x00\xef'
2020-07-09 23:25:40.676962, cycle count 942, gpio values 623386, 0, 0, 31658, status messages:  b'\xe1\x10\x01\x00\xef\xe1\x18\x01\x00\xef\xe1\x1c\x01\x00\xef\xe1\x1e\x01\x00\xef\xe1\x1f\x01\x00\xef\xe1\x1e\x02\x00\xef\xe1\x1c\x02\x00\xef\xe1\x18\x02\x00\xef\xe1\x10\x02\x00\xef\xe1\x00\x02\x00\xef'
2020-07-09 23:25:56.973054, cycle count 943, gpio values 624052, 0, 0, 31694, status messages:  b'\xe1\x10\x01\x00\xef\xe1\x18\x01\x00\xef\xe1\x1c\x01\x00\xef\xe1\x1e\x01\x00\xef\xe1\x1f\x01\x00\xef\xe1\x1e\x02\x00\xef\xe1\x1c\x02\x00\xef\xe1\x18\x02\x00\xef\xe1\x10\x02\x00\xef\xe1\x00\x02\x00\xef'
2020-07-09 23:26:13.432728, cycle count 944, gpio values 624718, 0, 0, 31730, status messages:  b'\xe1\x10\x01\x00\xef\xe1\x18\x01\x00\xef\xe1\x1c\x01\x00\xef\xe1\x1e\x01\x00\xef\xe1\x1f\x01\x00\xef\xe1\x1e\x02\x00\xef\xe1\x1c\x02\x00\xef\xe1\x18\x02\x00\xef\xe1\x10\x02\x00\xef\xe1\x00\x02\x00\xef'
2020-07-09 23:26:29.630634, cycle count 945, gpio values 625384, 0, 0, 31758, status messages:  b'\xe1\x10\x01\x00\xef\xe1\x18\x01\x00\xef\xe1\x1c\x01\x00\xef\xe1\x1e\x01\x00\xef\xe1\x1f\x01\x00\xef\xe1\x1e\x02\x00\xef\xe1\x1c\x02\x00\xef\xe1\x18\x02\x00\xef\xe1\x10\x02\x00\xef\xe1\x00\x02\x00\xef'
2020-07-09 23:26:46.088928, cycle count 946, gpio values 626087, 0, 0, 31786, status messages:  b'\xe1\x10\x01\x00\xef\xe1\x18\x01\x00\xef\xe1\x1c\x01\x00\xef\xe1\x1e\x01\x00\xef\xe1\x1f\x01\x00\xef\xe1\x1e\x02\x00\xef\xe1\x1c\x02\x00\xef\xe1\x18\x02\x00\xef\xe1\x10\x02\x00\xef\xe1\x00\x02\x00\xef'
2020-07-09 23:27:02.596168, cycle count 947, gpio values 626790, 0, 0, 31814, status messages:  b'\xe1\x10\x01\x00\xef\xe1\x18\x01\x00\xef\xe1\x1c\x01\x00\xef\xe1\x1e\x01\x00\xef\xe1\x1f\x01\x00\xef\xe1\x1e\x02\x00\xef\xe1\x1c\x02\x00\xef\xe1\x18\x02\x00\xef\xe1\x10\x02\x00\xef\xe1\x00\x02\x00\xef'
2020-07-09 23:27:19.102994, cycle count 948, gpio values 627493, 0, 0, 31842, status messages:  b'\xe1\x10\x01\x00\xef\xe1\x18\x01\x00\xef\xe1\x1c\x01\x00\xef\xe1\x1e\x01\x00\xef\xe1\x1f\x01\x00\xef\xe1\x1e\x02\x00\xef\xe1\x1c\x02\x00\xef\xe1\x18\x02\x00\xef\xe1\x10\x02\x00\xef\xe1\x00\x02\x00\xef'
2020-07-09 23:27:35.577247, cycle count 949, gpio values 628196, 0, 0, 31870, status messages:  b'\xe1\x10\x01\x00\xef\xe1\x18\x01\x00\xef\xe1\x1c\x01\x00\xef\xe1\x1e\x01\x00\xef\xe1\x1f\x01\x00\xef\xe1\x1e\x02\x00\xef\xe1\x1c\x02\x00\xef\xe1\x18\x02\x00\xef\xe1\x10\x02\x00\xef\xe1\x00\x02\x00\xef'
2020-07-09 23:27:52.036524, cycle count 950, gpio values 628862, 0, 0, 31898, status messages:  b'\xe1\x10\x01\x00\xef\xe1\x18\x01\x00\xef\xe1\x1c\x01\x00\xef\xe1\x1e\x01\x00\xef\xe1\x1f\x01\x00\xef\xe1\x1e\x02\x00\xef\xe1\x1c\x02\x00\xef\xe1\x18\x02\x00\xef\xe1\x10\x02\x00\xef\xe1\x00\x02\x00\xef'
2020-07-09 23:28:08.753048, cycle count 951, gpio values 629565, 0, 0, 31934, status messages:  b'\xe1\x10\x01\x00\xef\xe1\x18\x01\x00\xef\xe1\x1c\x01\x00\xef\xe1\x1e\x01\x00\xef\xe1\x1f\x01\x00\xef\xe1\x1e\x02\x00\xef\xe1\x1c\x02\x00\xef\xe1\x18\x02\x00\xef\xe1\x10\x02\x00\xef\xe1\x00\x02\x00\xef'
2020-07-09 23:28:25.211455, cycle count 952, gpio values 630268, 0, 0, 31970, status messages:  b'\xe1\x10\x01\x00\xef\xe1\x18\x01\x00\xef\xe1\x1c\x01\x00\xef\xe1\x1e\x01\x00\xef\xe1\x1f\x01\x00\xef\xe1\x1e\x02\x00\xef\xe1\x1c\x02\x00\xef\xe1\x18\x02\x00\xef\xe1\x10\x02\x00\xef\xe1\x00\x02\x00\xef'
2020-07-09 23:28:41.670392, cycle count 953, gpio values 630971, 0, 0, 31998, status messages:  b'\xe1\x10\x01\x00\xef\xe1\x18\x01\x00\xef\xe1\x1c\x01\x00\xef\xe1\x1e\x01\x00\xef\xe1\x1f\x01\x00\xef\xe1\x1e\x02\x00\xef\xe1\x1c\x02\x00\xef\xe1\x18\x02\x00\xef\xe1\x10\x02\x00\xef\xe1\x00\x02\x00\xef'
2020-07-09 23:28:58.177338, cycle count 954, gpio values 631637, 0, 0, 32026, status messages:  b'\xe1\x10\x01\x00\xef\xe1\x18\x01\x00\xef\xe1\x1c\x01\x00\xef\xe1\x1e\x01\x00\xef\xe1\x1f\x01\x00\xef\xe1\x1e\x02\x00\xef\xe1\x1c\x02\x00\xef\xe1\x18\x02\x00\xef\xe1\x10\x02\x00\xef\xe1\x00\x02\x00\xef'
2020-07-09 23:29:14.652018, cycle count 955, gpio values 632303, 0, 0, 32062, status messages:  b'\xe1\x10\x01\x00\xef\xe1\x18\x01\x00\xef\xe1\x1c\x01\x00\xef\xe1\x1e\x01\x00\xef\xe1\x1f\x01\x00\xef\xe1\x1e\x02\x00\xef\xe1\x1c\x02\x00\xef\xe1\x18\x02\x00\xef\xe1\x10\x02\x00\xef\xe1\x00\x02\x00\xef'
2020-07-09 23:29:30.850963, cycle count 956, gpio values 632933, 0, 0, 32098, status messages:  b'\xe1\x10\x01\x00\xef\xe1\x18\x01\x00\xef\xe1\x1c\x01\x00\xef\xe1\x1e\x01\x00\xef\xe1\x1f\x01\x00\xef\xe1\x1e\x02\x00\xef\xe1\x1c\x02\x00\xef\xe1\x18\x02\x00\xef\xe1\x10\x02\x00\xef\xe1\x00\x02\x00\xef'
2020-07-09 23:29:47.308466, cycle count 957, gpio values 633599, 0, 0, 32134, status messages:  b'\xe1\x10\x01\x00\xef\xe1\x18\x01\x00\xef\xe1\x1c\x01\x00\xef\xe1\x1e\x01\x00\xef\xe1\x1f\x01\x00\xef\xe1\x1e\x02\x00\xef\xe1\x1c\x02\x00\xef\xe1\x18\x02\x00\xef\xe1\x10\x02\x00\xef\xe1\x00\x02\x00\xef'
2020-07-09 23:30:03.783542, cycle count 958, gpio values 634265, 0, 0, 32170, status messages:  b'\xe1\x10\x01\x00\xef\xe1\x18\x01\x00\xef\xe1\x1c\x01\x00\xef\xe1\x1e\x01\x00\xef\xe1\x1f\x01\x00\xef\xe1\x1e\x02\x00\xef\xe1\x1c\x02\x00\xef\xe1\x18\x02\x00\xef\xe1\x10\x02\x00\xef\xe1\x00\x02\x00\xef'
2020-07-09 23:30:20.258676, cycle count 959, gpio values 634931, 0, 0, 32206, status messages:  b'\xe1\x10\x01\x00\xef\xe1\x18\x01\x00\xef\xe1\x1c\x01\x00\xef\xe1\x1e\x01\x00\xef\xe1\x1f\x01\x00\xef\xe1\x1e\x02\x00\xef\xe1\x1c\x02\x00\xef\xe1\x18\x02\x00\xef\xe1\x10\x02\x00\xef\xe1\x00\x02\x00\xef'
2020-07-09 23:30:36.506194, cycle count 960, gpio values 635561, 0, 0, 32242, status messages:  b'\xe1\x10\x01\x00\xef\xe1\x18\x01\x00\xef\xe1\x1c\x01\x00\xef\xe1\x1e\x01\x00\xef\xe1\x1f\x01\x00\xef\xe1\x1e\x02\x00\xef\xe1\x1c\x02\x00\xef\xe1\x18\x02\x00\xef\xe1\x10\x02\x00\xef\xe1\x00\x02\x00\xef'
2020-07-09 23:30:52.738192, cycle count 961, gpio values 636191, 0, 0, 32278, status messages:  b'\xe1\x10\x01\x00\xef\xe1\x18\x01\x00\xef\xe1\x1c\x01\x00\xef\xe1\x1e\x01\x00\xef\xe1\x1f\x01\x00\xef\xe1\x1e\x02\x00\xef\xe1\x1c\x02\x00\xef\xe1\x18\x02\x00\xef\xe1\x10\x02\x00\xef\xe1\x00\x02\x00\xef'
2020-07-09 23:31:09.196964, cycle count 962, gpio values 636857, 0, 0, 32314, status messages:  b'\xe1\x10\x01\x00\xef\xe1\x18\x01\x00\xef\xe1\x1c\x01\x00\xef\xe1\x1e\x01\x00\xef\xe1\x1f\x01\x00\xef\xe1\x1e\x02\x00\xef\xe1\x1c\x02\x00\xef\xe1\x18\x02\x00\xef\xe1\x10\x02\x00\xef\xe1\x00\x02\x00\xef'
2020-07-09 23:31:25.395964, cycle count 963, gpio values 637487, 0, 0, 32350, status messages:  b'\xe1\x10\x01\x00\xef\xe1\x18\x01\x00\xef\xe1\x1c\x01\x00\xef\xe1\x1e\x01\x00\xef\xe1\x1f\x01\x00\xef\xe1\x1e\x02\x00\xef\xe1\x1c\x02\x00\xef\xe1\x18\x02\x00\xef\xe1\x10\x02\x00\xef\xe1\x00\x02\x00\xef'
2020-07-09 23:31:41.853028, cycle count 964, gpio values 638153, 0, 0, 32386, status messages:  b'\xe1\x10\x01\x00\xef\xe1\x18\x01\x00\xef\xe1\x1c\x01\x00\xef\xe1\x1e\x01\x00\xef\xe1\x1f\x01\x00\xef\xe1\x1e\x02\x00\xef\xe1\x1c\x02\x00\xef\xe1\x18\x02\x00\xef\xe1\x10\x02\x00\xef\xe1\x00\x02\x00\xef'
2020-07-09 23:31:58.311748, cycle count 965, gpio values 638819, 0, 0, 32422, status messages:  b'\xe1\x10\x01\x00\xef\xe1\x18\x01\x00\xef\xe1\x1c\x01\x00\xef\xe1\x1e\x01\x00\xef\xe1\x1f\x01\x00\xef\xe1\x1e\x02\x00\xef\xe1\x1c\x02\x00\xef\xe1\x18\x02\x00\xef\xe1\x10\x02\x00\xef\xe1\x00\x02\x00\xef'
2020-07-09 23:32:14.769846, cycle count 966, gpio values 639485, 0, 0, 32458, status messages:  b'\xe1\x10\x01\x00\xef\xe1\x18\x01\x00\xef\xe1\x1c\x01\x00\xef\xe1\x1e\x01\x00\xef\xe1\x1f\x01\x00\xef\xe1\x1e\x02\x00\xef\xe1\x1c\x02\x00\xef\xe1\x18\x02\x00\xef\xe1\x10\x02\x00\xef\xe1\x00\x02\x00\xef'
2020-07-09 23:32:31.066220, cycle count 967, gpio values 640115, 0, 0, 32494, status messages:  b'\xe1\x10\x01\x00\xef\xe1\x18\x01\x00\xef\xe1\x1c\x01\x00\xef\xe1\x1e\x01\x00\xef\xe1\x1f\x01\x00\xef\xe1\x1e\x02\x00\xef\xe1\x1c\x02\x00\xef\xe1\x18\x02\x00\xef\xe1\x10\x02\x00\xef\xe1\x00\x02\x00\xef'
2020-07-09 23:32:47.264199, cycle count 968, gpio values 640745, 0, 0, 32530, status messages:  b'\xe1\x10\x01\x00\xef\xe1\x18\x01\x00\xef\xe1\x1c\x01\x00\xef\xe1\x1e\x01\x00\xef\xe1\x1f\x01\x00\xef\xe1\x1e\x02\x00\xef\xe1\x1c\x02\x00\xef\xe1\x18\x02\x00\xef\xe1\x10\x02\x00\xef\xe1\x00\x02\x00\xef'
2020-07-09 23:33:04.046098, cycle count 969, gpio values 641411, 0, 0, 32566, status messages:  b'\xe1\x10\x01\x00\xef\xe1\x18\x01\x00\xef\xe1\x1c\x01\x00\xef\xe1\x1e\x01\x00\xef\xe1\x1f\x01\x00\xef\xe1\x1e\x02\x00\xef\xe1\x1c\x02\x00\xef\xe1\x18\x02\x00\xef\xe1\x10\x02\x00\xef\xe1\x00\x02\x00\xef'
2020-07-09 23:33:20.505612, cycle count 970, gpio values 642077, 0, 0, 32602, status messages:  b'\xe1\x10\x01\x00\xef\xe1\x18\x01\x00\xef\xe1\x1c\x01\x00\xef\xe1\x1e\x01\x00\xef\xe1\x1f\x01\x00\xef\xe1\x1e\x02\x00\xef\xe1\x1c\x02\x00\xef\xe1\x18\x02\x00\xef\xe1\x10\x02\x00\xef\xe1\x00\x02\x00\xef'
2020-07-09 23:33:36.963485, cycle count 971, gpio values 642743, 0, 0, 32638, status messages:  b'\xe1\x10\x01\x00\xef\xe1\x18\x01\x00\xef\xe1\x1c\x01\x00\xef\xe1\x1e\x01\x00\xef\xe1\x1f\x01\x00\xef\xe1\x1e\x02\x00\xef\xe1\x1c\x02\x00\xef\xe1\x18\x02\x00\xef\xe1\x10\x02\x00\xef\xe1\x00\x02\x00\xef'
2020-07-09 23:33:53.422389, cycle count 972, gpio values 643409, 0, 0, 32674, status messages:  b'\xe1\x10\x01\x00\xef\xe1\x18\x01\x00\xef\xe1\x1c\x01\x00\xef\xe1\x1e\x01\x00\xef\xe1\x1f\x01\x00\xef\xe1\x1e\x02\x00\xef\xe1\x1c\x02\x00\xef\xe1\x18\x02\x00\xef\xe1\x10\x02\x00\xef\xe1\x00\x02\x00\xef'
2020-07-09 23:34:09.880442, cycle count 973, gpio values 644075, 0, 0, 32710, status messages:  b'\xe1\x10\x01\x00\xef\xe1\x18\x01\x00\xef\xe1\x1c\x01\x00\xef\xe1\x1e\x01\x00\xef\xe1\x1f\x01\x00\xef\xe1\x1e\x02\x00\xef\xe1\x1c\x02\x00\xef\xe1\x18\x02\x00\xef\xe1\x10\x02\x00\xef\xe1\x00\x02\x00\xef'
2020-07-09 23:34:26.338884, cycle count 974, gpio values 644778, 0, 0, 32738, status messages:  b'\xe1\x10\x01\x00\xef\xe1\x18\x01\x00\xef\xe1\x1c\x01\x00\xef\xe1\x1e\x01\x00\xef\xe1\x1f\x01\x00\xef\xe1\x1e\x02\x00\xef\xe1\x1c\x02\x00\xef\xe1\x18\x02\x00\xef\xe1\x10\x02\x00\xef\xe1\x00\x02\x00\xef'
2020-07-09 23:34:42.554812, cycle count 975, gpio values 645444, 0, 0, 32774, status messages:  b'\xe1\x10\x01\x00\xef\xe1\x18\x01\x00\xef\xe1\x1c\x01\x00\xef\xe1\x1e\x01\x00\xef\xe1\x1f\x01\x00\xef\xe1\x1e\x02\x00\xef\xe1\x1c\x02\x00\xef\xe1\x18\x02\x00\xef\xe1\x10\x02\x00\xef\xe1\x00\x02\x00\xef'
2020-07-09 23:34:59.012498, cycle count 976, gpio values 646110, 0, 0, 32810, status messages:  b'\xe1\x10\x01\x00\xef\xe1\x18\x01\x00\xef\xe1\x1c\x01\x00\xef\xe1\x1e\x01\x00\xef\xe1\x1f\x01\x00\xef\xe1\x1e\x02\x00\xef\xe1\x1c\x02\x00\xef\xe1\x18\x02\x00\xef\xe1\x10\x02\x00\xef\xe1\x00\x02\x00\xef'
2020-07-09 23:35:15.228047, cycle count 977, gpio values 646776, 0, 0, 32846, status messages:  b'\xe1\x10\x01\x00\xef\xe1\x18\x01\x00\xef\xe1\x1c\x01\x00\xef\xe1\x1e\x01\x00\xef\xe1\x1f\x01\x00\xef\xe1\x1e\x02\x00\xef\xe1\x1c\x02\x00\xef\xe1\x18\x02\x00\xef\xe1\x10\x02\x00\xef\xe1\x00\x02\x00\xef'
2020-07-09 23:35:31.685663, cycle count 978, gpio values 647479, 0, 0, 32882, status messages:  b'\xe1\x10\x01\x00\xef\xe1\x18\x01\x00\xef\xe1\x1c\x01\x00\xef\xe1\x1e\x01\x00\xef\xe1\x1f\x01\x00\xef\xe1\x1e\x02\x00\xef\xe1\x1c\x02\x00\xef\xe1\x18\x02\x00\xef\xe1\x10\x02\x00\xef\xe1\x00\x02\x00\xef'
2020-07-09 23:35:48.144683, cycle count 979, gpio values 648145, 0, 0, 32918, status messages:  b'\xe1\x10\x01\x00\xef\xe1\x18\x01\x00\xef\xe1\x1c\x01\x00\xef\xe1\x1e\x01\x00\xef\xe1\x1f\x01\x00\xef\xe1\x1e\x02\x00\xef\xe1\x1c\x02\x00\xef\xe1\x18\x02\x00\xef\xe1\x10\x02\x00\xef\xe1\x00\x02\x00\xef'
2020-07-09 23:36:04.618804, cycle count 980, gpio values 648811, 0, 0, 32954, status messages:  b'\xe1\x10\x01\x00\xef\xe1\x18\x01\x00\xef\xe1\x1c\x01\x00\xef\xe1\x1e\x01\x00\xef\xe1\x1f\x01\x00\xef\xe1\x1e\x02\x00\xef\xe1\x1c\x02\x00\xef\xe1\x18\x02\x00\xef\xe1\x10\x02\x00\xef\xe1\x00\x02\x00\xef'
2020-07-09 23:36:20.817083, cycle count 981, gpio values 649441, 0, 0, 32990, status messages:  b'\xe1\x10\x01\x00\xef\xe1\x18\x01\x00\xef\xe1\x1c\x01\x00\xef\xe1\x1e\x01\x00\xef\xe1\x1f\x01\x00\xef\xe1\x1e\x02\x00\xef\xe1\x1c\x02\x00\xef\xe1\x18\x02\x00\xef\xe1\x10\x02\x00\xef\xe1\x00\x02\x00\xef'
2020-07-09 23:36:37.276323, cycle count 982, gpio values 650107, 0, 0, 33026, status messages:  b'\xe1\x10\x01\x00\xef\xe1\x18\x01\x00\xef\xe1\x1c\x01\x00\xef\xe1\x1e\x01\x00\xef\xe1\x1f\x01\x00\xef\xe1\x1e\x02\x00\xef\xe1\x1c\x02\x00\xef\xe1\x18\x02\x00\xef\xe1\x10\x02\x00\xef\xe1\x00\x02\x00\xef'
2020-07-09 23:36:53.734566, cycle count 983, gpio values 650773, 0, 0, 33062, status messages:  b'\xe1\x10\x01\x00\xef\xe1\x18\x01\x00\xef\xe1\x1c\x01\x00\xef\xe1\x1e\x01\x00\xef\xe1\x1f\x01\x00\xef\xe1\x1e\x02\x00\xef\xe1\x1c\x02\x00\xef\xe1\x18\x02\x00\xef\xe1\x10\x02\x00\xef\xe1\x00\x02\x00\xef'
2020-07-09 23:37:09.965941, cycle count 984, gpio values 651403, 0, 0, 33098, status messages:  b'\xe1\x10\x01\x00\xef\xe1\x18\x01\x00\xef\xe1\x1c\x01\x00\xef\xe1\x1e\x01\x00\xef\xe1\x1f\x01\x00\xef\xe1\x1e\x02\x00\xef\xe1\x1c\x02\x00\xef\xe1\x18\x02\x00\xef\xe1\x10\x02\x00\xef\xe1\x00\x02\x00\xef'
2020-07-09 23:37:26.424128, cycle count 985, gpio values 652069, 0, 0, 33134, status messages:  b'\xe1\x10\x01\x00\xef\xe1\x18\x01\x00\xef\xe1\x1c\x01\x00\xef\xe1\x1e\x01\x00\xef\xe1\x1f\x01\x00\xef\xe1\x1e\x02\x00\xef\xe1\x1c\x02\x00\xef\xe1\x18\x02\x00\xef\xe1\x10\x02\x00\xef\xe1\x00\x02\x00\xef'
2020-07-09 23:37:42.882661, cycle count 986, gpio values 652735, 0, 0, 33170, status messages:  b'\xe1\x10\x01\x00\xef\xe1\x18\x01\x00\xef\xe1\x1c\x01\x00\xef\xe1\x1e\x01\x00\xef\xe1\x1f\x01\x00\xef\xe1\x1e\x02\x00\xef\xe1\x1c\x02\x00\xef\xe1\x18\x02\x00\xef\xe1\x10\x02\x00\xef\xe1\x00\x02\x00\xef'
2020-07-09 23:37:59.228842, cycle count 987, gpio values 653365, 0, 0, 33206, status messages:  b'\xe1\x10\x01\x00\xef\xe1\x18\x01\x00\xef\xe1\x1c\x01\x00\xef\xe1\x1e\x01\x00\xef\xe1\x1f\x01\x00\xef\xe1\x1e\x02\x00\xef\xe1\x1c\x02\x00\xef\xe1\x18\x02\x00\xef\xe1\x10\x02\x00\xef\xe1\x00\x02\x00\xef'
2020-07-09 23:38:15.508522, cycle count 988, gpio values 653995, 0, 0, 33242, status messages:  b'\xe1\x10\x01\x00\xef\xe1\x18\x01\x00\xef\xe1\x1c\x01\x00\xef\xe1\x1e\x01\x00\xef\xe1\x1f\x01\x00\xef\xe1\x1e\x02\x00\xef\xe1\x1c\x02\x00\xef\xe1\x18\x02\x00\xef\xe1\x10\x02\x00\xef\xe1\x00\x02\x00\xef'
2020-07-09 23:38:31.999365, cycle count 989, gpio values 654661, 0, 0, 33278, status messages:  b'\xe1\x10\x01\x00\xef\xe1\x18\x01\x00\xef\xe1\x1c\x01\x00\xef\xe1\x1e\x01\x00\xef\xe1\x1f\x01\x00\xef\xe1\x1e\x02\x00\xef\xe1\x1c\x02\x00\xef\xe1\x18\x02\x00\xef\xe1\x10\x02\x00\xef\xe1\x00\x02\x00\xef'
2020-07-09 23:38:48.474294, cycle count 990, gpio values 655327, 0, 0, 33314, status messages:  b'\xe1\x10\x01\x00\xef\xe1\x18\x01\x00\xef\xe1\x1c\x01\x00\xef\xe1\x1e\x01\x00\xef\xe1\x1f\x01\x00\xef\xe1\x1e\x02\x00\xef\xe1\x1c\x02\x00\xef\xe1\x18\x02\x00\xef\xe1\x10\x02\x00\xef\xe1\x00\x02\x00\xef'
2020-07-09 23:39:04.979849, cycle count 991, gpio values 655993, 0, 0, 33350, status messages:  b'\xe1\x10\x01\x00\xef\xe1\x18\x01\x00\xef\xe1\x1c\x01\x00\xef\xe1\x1e\x01\x00\xef\xe1\x1f\x01\x00\xef\xe1\x1e\x02\x00\xef\xe1\x1c\x02\x00\xef\xe1\x18\x02\x00\xef\xe1\x10\x02\x00\xef\xe1\x00\x02\x00\xef'
2020-07-09 23:39:21.310006, cycle count 992, gpio values 656623, 0, 0, 33386, status messages:  b'\xe1\x10\x01\x00\xef\xe1\x18\x01\x00\xef\xe1\x1c\x01\x00\xef\xe1\x1e\x01\x00\xef\xe1\x1f\x01\x00\xef\xe1\x1e\x02\x00\xef\xe1\x1c\x02\x00\xef\xe1\x18\x02\x00\xef\xe1\x10\x02\x00\xef\xe1\x00\x02\x00\xef'
2020-07-09 23:39:37.783942, cycle count 993, gpio values 657289, 0, 0, 33422, status messages:  b'\xe1\x10\x01\x00\xef\xe1\x18\x01\x00\xef\xe1\x1c\x01\x00\xef\xe1\x1e\x01\x00\xef\xe1\x1f\x01\x00\xef\xe1\x1e\x02\x00\xef\xe1\x1c\x02\x00\xef\xe1\x18\x02\x00\xef\xe1\x10\x02\x00\xef\xe1\x00\x02\x00\xef'
2020-07-09 23:39:54.015599, cycle count 994, gpio values 657919, 0, 0, 33458, status messages:  b'\xe1\x10\x01\x00\xef\xe1\x18\x01\x00\xef\xe1\x1c\x01\x00\xef\xe1\x1e\x01\x00\xef\xe1\x1f\x01\x00\xef\xe1\x1e\x02\x00\xef\xe1\x1c\x02\x00\xef\xe1\x18\x02\x00\xef\xe1\x10\x02\x00\xef\xe1\x00\x02\x00\xef'
2020-07-09 23:40:10.474443, cycle count 995, gpio values 658585, 0, 0, 33494, status messages:  b'\xe1\x10\x01\x00\xef\xe1\x18\x01\x00\xef\xe1\x1c\x01\x00\xef\xe1\x1e\x01\x00\xef\xe1\x1f\x01\x00\xef\xe1\x1e\x02\x00\xef\xe1\x1c\x02\x00\xef\xe1\x18\x02\x00\xef\xe1\x10\x02\x00\xef\xe1\x00\x02\x00\xef'
2020-07-09 23:40:26.933105, cycle count 996, gpio values 659251, 0, 0, 33530, status messages:  b'\xe1\x10\x01\x00\xef\xe1\x18\x01\x00\xef\xe1\x1c\x01\x00\xef\xe1\x1e\x01\x00\xef\xe1\x1f\x01\x00\xef\xe1\x1e\x02\x00\xef\xe1\x1c\x02\x00\xef\xe1\x18\x02\x00\xef\xe1\x10\x02\x00\xef\xe1\x00\x02\x00\xef'
2020-07-09 23:40:43.390535, cycle count 997, gpio values 659917, 0, 0, 33566, status messages:  b'\xe1\x10\x01\x00\xef\xe1\x18\x01\x00\xef\xe1\x1c\x01\x00\xef\xe1\x1e\x01\x00\xef\xe1\x1f\x01\x00\xef\xe1\x1e\x02\x00\xef\xe1\x1c\x02\x00\xef\xe1\x18\x02\x00\xef\xe1\x10\x02\x00\xef\xe1\x00\x02\x00\xef'
2020-07-09 23:40:59.848611, cycle count 998, gpio values 660583, 0, 0, 33594, status messages:  b'\xe1\x10\x01\x00\xef\xe1\x18\x01\x00\xef\xe1\x1c\x01\x00\xef\xe1\x1e\x01\x00\xef\xe1\x1f\x01\x00\xef\xe1\x1e\x02\x00\xef\xe1\x1c\x02\x00\xef\xe1\x18\x02\x00\xef\xe1\x10\x02\x00\xef\xe1\x00\x02\x00\xef'
2020-07-09 23:41:16.307090, cycle count 999, gpio values 661249, 0, 0, 33630, status messages:  b'\xe1\x10\x01\x00\xef\xe1\x18\x01\x00\xef\xe1\x1c\x01\x00\xef\xe1\x1e\x01\x00\xef\xe1\x1f\x01\x00\xef\xe1\x1e\x02\x00\xef\xe1\x1c\x02\x00\xef\xe1\x18\x02\x00\xef\xe1\x10\x02\x00\xef\xe1\x00\x02\x00\xef'
2020-07-09 23:41:33.072727, cycle count 1000, gpio values 661915, 0, 0, 33666, status messages:  b'\xe1\x10\x01\x00\xef\xe1\x18\x01\x00\xef\xe1\x1c\x01\x00\xef\xe1\x1e\x01\x00\xef\xe1\x1f\x01\x00\xef\xe1\x1e\x02\x00\xef\xe1\x1c\x02\x00\xef\xe1\x18\x02\x00\xef\xe1\x10\x02\x00\xef\xe1\x00\x02\x00\xef'
2020-07-09 23:41:50.085070, cycle count 1001, gpio values 662656, 0, 0, 33702, status messages:  b'\xe1\x10\x01\x00\xef\xe1\x18\x01\x00\xef\xe1\x1c\x01\x00\xef\xe1\x1e\x01\x00\xef\xe1\x1f\x01\x00\xef\xe1\x1e\x02\x00\xef\xe1\x1c\x02\x00\xef\xe1\x18\x02\x00\xef\xe1\x10\x02\x00\xef\xe1\x00\x02\x00\xef'
2020-07-09 23:42:06.591661, cycle count 1002, gpio values 663322, 0, 0, 33738, status messages:  b'\xe1\x10\x01\x00\xef\xe1\x18\x01\x00\xef\xe1\x1c\x01\x00\xef\xe1\x1e\x01\x00\xef\xe1\x1f\x01\x00\xef\xe1\x1e\x02\x00\xef\xe1\x1c\x02\x00\xef\xe1\x18\x02\x00\xef\xe1\x10\x02\x00\xef\xe1\x00\x02\x00\xef'
2020-07-09 23:42:23.066401, cycle count 1003, gpio values 664025, 0, 0, 33766, status messages:  b'\xe1\x10\x01\x00\xef\xe1\x18\x01\x00\xef\xe1\x1c\x01\x00\xef\xe1\x1e\x01\x00\xef\xe1\x1f\x01\x00\xef\xe1\x1e\x02\x00\xef\xe1\x1c\x02\x00\xef\xe1\x18\x02\x00\xef\xe1\x10\x02\x00\xef\xe1\x00\x02\x00\xef'
2020-07-09 23:42:39.638298, cycle count 1004, gpio values 664728, 0, 0, 33794, status messages:  b'\xe1\x10\x01\x00\xef\xe1\x18\x01\x00\xef\xe1\x1c\x01\x00\xef\xe1\x1e\x01\x00\xef\xe1\x1f\x01\x00\xef\xe1\x1e\x02\x00\xef\xe1\x1c\x02\x00\xef\xe1\x18\x02\x00\xef\xe1\x10\x02\x00\xef\xe1\x00\x02\x00\xef'
2020-07-09 23:42:56.387742, cycle count 1005, gpio values 665431, 0, 0, 33830, status messages:  b'\xe1\x10\x01\x00\xef\xe1\x18\x01\x00\xef\xe1\x1c\x01\x00\xef\xe1\x1e\x01\x00\xef\xe1\x1f\x01\x00\xef\xe1\x1e\x02\x00\xef\xe1\x1c\x02\x00\xef\xe1\x18\x02\x00\xef\xe1\x10\x02\x00\xef\xe1\x00\x02\x00\xef'
2020-07-09 23:43:12.845656, cycle count 1006, gpio values 666134, 0, 0, 33858, status messages:  b'\xe1\x10\x01\x00\xef\xe1\x18\x01\x00\xef\xe1\x1c\x01\x00\xef\xe1\x1e\x01\x00\xef\xe1\x1f\x01\x00\xef\xe1\x1e\x02\x00\xef\xe1\x1c\x02\x00\xef\xe1\x18\x02\x00\xef\xe1\x10\x02\x00\xef\xe1\x00\x02\x00\xef'
2020-07-09 23:43:29.303884, cycle count 1007, gpio values 666837, 0, 0, 33886, status messages:  b'\xe1\x10\x01\x00\xef\xe1\x18\x01\x00\xef\xe1\x1c\x01\x00\xef\xe1\x1e\x01\x00\xef\xe1\x1f\x01\x00\xef\xe1\x1e\x02\x00\xef\xe1\x1c\x02\x00\xef\xe1\x18\x02\x00\xef\xe1\x10\x02\x00\xef\xe1\x00\x02\x00\xef'
2020-07-09 23:43:45.762671, cycle count 1008, gpio values 667540, 0, 0, 33914, status messages:  b'\xe1\x10\x01\x00\xef\xe1\x18\x01\x00\xef\xe1\x1c\x01\x00\xef\xe1\x1e\x01\x00\xef\xe1\x1f\x01\x00\xef\xe1\x1e\x02\x00\xef\xe1\x1c\x02\x00\xef\xe1\x18\x02\x00\xef\xe1\x10\x02\x00\xef\xe1\x00\x02\x00\xef'
2020-07-09 23:44:02.479181, cycle count 1009, gpio values 668243, 0, 0, 33950, status messages:  b'\xe1\x10\x01\x00\xef\xe1\x18\x01\x00\xef\xe1\x1c\x01\x00\xef\xe1\x1e\x01\x00\xef\xe1\x1f\x01\x00\xef\xe1\x1e\x02\x00\xef\xe1\x1c\x02\x00\xef\xe1\x18\x02\x00\xef\xe1\x10\x02\x00\xef\xe1\x00\x02\x00\xef'
2020-07-09 23:44:18.938392, cycle count 1010, gpio values 668946, 0, 0, 33978, status messages:  b'\xe1\x10\x01\x00\xef\xe1\x18\x01\x00\xef\xe1\x1c\x01\x00\xef\xe1\x1e\x01\x00\xef\xe1\x1f\x01\x00\xef\xe1\x1e\x02\x00\xef\xe1\x1c\x02\x00\xef\xe1\x18\x02\x00\xef\xe1\x10\x02\x00\xef\xe1\x00\x02\x00\xef'
2020-07-09 23:44:35.412945, cycle count 1011, gpio values 669649, 0, 0, 34006, status messages:  b'\xe1\x10\x01\x00\xef\xe1\x18\x01\x00\xef\xe1\x1c\x01\x00\xef\xe1\x1e\x01\x00\xef\xe1\x1f\x01\x00\xef\xe1\x1e\x02\x00\xef\xe1\x1c\x02\x00\xef\xe1\x18\x02\x00\xef\xe1\x10\x02\x00\xef\xe1\x00\x02\x00\xef'
2020-07-09 23:44:52.405060, cycle count 1012, gpio values 670390, 0, 0, 34042, status messages:  b'\xe1\x10\x01\x00\xef\xe1\x18\x01\x00\xef\xe1\x1c\x01\x00\xef\xe1\x1e\x01\x00\xef\xe1\x1f\x01\x00\xef\xe1\x1e\x02\x00\xef\xe1\x1c\x02\x00\xef\xe1\x18\x02\x00\xef\xe1\x10\x02\x00\xef\xe1\x00\x02\x00\xef'
2020-07-09 23:45:08.863750, cycle count 1013, gpio values 671093, 0, 0, 34070, status messages:  b'\xe1\x10\x01\x00\xef\xe1\x18\x01\x00\xef\xe1\x1c\x01\x00\xef\xe1\x1e\x01\x00\xef\xe1\x1f\x01\x00\xef\xe1\x1e\x02\x00\xef\xe1\x1c\x02\x00\xef\xe1\x18\x02\x00\xef\xe1\x10\x02\x00\xef\xe1\x00\x02\x00\xef'
2020-07-09 23:45:25.402952, cycle count 1014, gpio values 671796, 0, 0, 34106, status messages:  b'\xe1\x10\x01\x00\xef\xe1\x18\x01\x00\xef\xe1\x1c\x01\x00\xef\xe1\x1e\x01\x00\xef\xe1\x1f\x01\x00\xef\xe1\x1e\x02\x00\xef\xe1\x1c\x02\x00\xef\xe1\x18\x02\x00\xef\xe1\x10\x02\x00\xef\xe1\x00\x02\x00\xef'
2020-07-09 23:45:41.860819, cycle count 1015, gpio values 672499, 0, 0, 34134, status messages:  b'\xe1\x10\x01\x00\xef\xe1\x18\x01\x00\xef\xe1\x1c\x01\x00\xef\xe1\x1e\x01\x00\xef\xe1\x1f\x01\x00\xef\xe1\x1e\x02\x00\xef\xe1\x1c\x02\x00\xef\xe1\x18\x02\x00\xef\xe1\x10\x02\x00\xef\xe1\x00\x02\x00\xef'
2020-07-09 23:45:58.351606, cycle count 1016, gpio values 673202, 0, 0, 34170, status messages:  b'\xe1\x10\x01\x00\xef\xe1\x18\x01\x00\xef\xe1\x1c\x01\x00\xef\xe1\x1e\x01\x00\xef\xe1\x1f\x01\x00\xef\xe1\x1e\x02\x00\xef\xe1\x1c\x02\x00\xef\xe1\x18\x02\x00\xef\xe1\x10\x02\x00\xef\xe1\x00\x02\x00\xef'
2020-07-09 23:46:14.825489, cycle count 1017, gpio values 673905, 0, 0, 34198, status messages:  b'\xe1\x10\x01\x00\xef\xe1\x18\x01\x00\xef\xe1\x1c\x01\x00\xef\xe1\x1e\x01\x00\xef\xe1\x1f\x01\x00\xef\xe1\x1e\x02\x00\xef\xe1\x1c\x02\x00\xef\xe1\x18\x02\x00\xef\xe1\x10\x02\x00\xef\xe1\x00\x02\x00\xef'
2020-07-09 23:46:31.300126, cycle count 1018, gpio values 674608, 0, 0, 34226, status messages:  b'\xe1\x10\x01\x00\xef\xe1\x18\x01\x00\xef\xe1\x1c\x01\x00\xef\xe1\x1e\x01\x00\xef\xe1\x1f\x01\x00\xef\xe1\x1e\x02\x00\xef\xe1\x1c\x02\x00\xef\xe1\x18\x02\x00\xef\xe1\x10\x02\x00\xef\xe1\x00\x02\x00\xef'
2020-07-09 23:46:47.790767, cycle count 1019, gpio values 675274, 0, 0, 34262, status messages:  b'\xe1\x10\x01\x00\xef\xe1\x18\x01\x00\xef\xe1\x1c\x01\x00\xef\xe1\x1e\x01\x00\xef\xe1\x1f\x01\x00\xef\xe1\x1e\x02\x00\xef\xe1\x1c\x02\x00\xef\xe1\x18\x02\x00\xef\xe1\x10\x02\x00\xef\xe1\x00\x02\x00\xef'
2020-07-09 23:47:04.265190, cycle count 1020, gpio values 675977, 0, 0, 34290, status messages:  b'\xe1\x10\x01\x00\xef\xe1\x18\x01\x00\xef\xe1\x1c\x01\x00\xef\xe1\x1e\x01\x00\xef\xe1\x1f\x01\x00\xef\xe1\x1e\x02\x00\xef\xe1\x1c\x02\x00\xef\xe1\x18\x02\x00\xef\xe1\x10\x02\x00\xef\xe1\x00\x02\x00\xef'
2020-07-09 23:47:20.738633, cycle count 1021, gpio values 676680, 0, 0, 34318, status messages:  b'\xe1\x10\x01\x00\xef\xe1\x18\x01\x00\xef\xe1\x1c\x01\x00\xef\xe1\x1e\x01\x00\xef\xe1\x1f\x01\x00\xef\xe1\x1e\x02\x00\xef\xe1\x1c\x02\x00\xef\xe1\x18\x02\x00\xef\xe1\x10\x02\x00\xef\xe1\x00\x02\x00\xef'
2020-07-09 23:47:37.196963, cycle count 1022, gpio values 677383, 0, 0, 34354, status messages:  b'\xe1\x10\x01\x00\xef\xe1\x18\x01\x00\xef\xe1\x1c\x01\x00\xef\xe1\x1e\x01\x00\xef\xe1\x1f\x01\x00\xef\xe1\x1e\x02\x00\xef\xe1\x1c\x02\x00\xef\xe1\x18\x02\x00\xef\xe1\x10\x02\x00\xef\xe1\x00\x02\x00\xef'
2020-07-09 23:47:53.655636, cycle count 1023, gpio values 678049, 0, 0, 34390, status messages:  b'\xe1\x10\x01\x00\xef\xe1\x18\x01\x00\xef\xe1\x1c\x01\x00\xef\xe1\x1e\x01\x00\xef\xe1\x1f\x01\x00\xef\xe1\x1e\x02\x00\xef\xe1\x1c\x02\x00\xef\xe1\x18\x02\x00\xef\xe1\x10\x02\x00\xef\xe1\x00\x02\x00\xef'
2020-07-09 23:48:10.129963, cycle count 1024, gpio values 678752, 0, 0, 34418, status messages:  b'\xe1\x10\x01\x00\xef\xe1\x18\x01\x00\xef\xe1\x1c\x01\x00\xef\xe1\x1e\x01\x00\xef\xe1\x1f\x01\x00\xef\xe1\x1e\x02\x00\xef\xe1\x1c\x02\x00\xef\xe1\x18\x02\x00\xef\xe1\x10\x02\x00\xef\xe1\x00\x02\x00\xef'
2020-07-09 23:48:26.847851, cycle count 1025, gpio values 679455, 0, 0, 34454, status messages:  b'\xe1\x10\x01\x00\xef\xe1\x18\x01\x00\xef\xe1\x1c\x01\x00\xef\xe1\x1e\x01\x00\xef\xe1\x1f\x01\x00\xef\xe1\x1e\x02\x00\xef\xe1\x1c\x02\x00\xef\xe1\x18\x02\x00\xef\xe1\x10\x02\x00\xef\xe1\x00\x02\x00\xef'
2020-07-09 23:48:43.305040, cycle count 1026, gpio values 680158, 0, 0, 34482, status messages:  b'\xe1\x10\x01\x00\xef\xe1\x18\x01\x00\xef\xe1\x1c\x01\x00\xef\xe1\x1e\x01\x00\xef\xe1\x1f\x01\x00\xef\xe1\x1e\x02\x00\xef\xe1\x1c\x02\x00\xef\xe1\x18\x02\x00\xef\xe1\x10\x02\x00\xef\xe1\x00\x02\x00\xef'
2020-07-09 23:48:59.763788, cycle count 1027, gpio values 680861, 0, 0, 34518, status messages:  b'\xe1\x10\x01\x00\xef\xe1\x18\x01\x00\xef\xe1\x1c\x01\x00\xef\xe1\x1e\x01\x00\xef\xe1\x1f\x01\x00\xef\xe1\x1e\x02\x00\xef\xe1\x1c\x02\x00\xef\xe1\x18\x02\x00\xef\xe1\x10\x02\x00\xef\xe1\x00\x02\x00\xef'
2020-07-09 23:49:16.221552, cycle count 1028, gpio values 681564, 0, 0, 34546, status messages:  b'\xe1\x10\x01\x00\xef\xe1\x18\x01\x00\xef\xe1\x1c\x01\x00\xef\xe1\x1e\x01\x00\xef\xe1\x1f\x01\x00\xef\xe1\x1e\x02\x00\xef\xe1\x1c\x02\x00\xef\xe1\x18\x02\x00\xef\xe1\x10\x02\x00\xef\xe1\x00\x02\x00\xef'
2020-07-09 23:49:32.696418, cycle count 1029, gpio values 682230, 0, 0, 34582, status messages:  b'\xe1\x10\x01\x00\xef\xe1\x18\x01\x00\xef\xe1\x1c\x01\x00\xef\xe1\x1e\x01\x00\xef\xe1\x1f\x01\x00\xef\xe1\x1e\x02\x00\xef\xe1\x1c\x02\x00\xef\xe1\x18\x02\x00\xef\xe1\x10\x02\x00\xef\xe1\x00\x02\x00\xef'
2020-07-09 23:49:49.154734, cycle count 1030, gpio values 682933, 0, 0, 34610, status messages:  b'\xe1\x10\x01\x00\xef\xe1\x18\x01\x00\xef\xe1\x1c\x01\x00\xef\xe1\x1e\x01\x00\xef\xe1\x1f\x01\x00\xef\xe1\x1e\x02\x00\xef\xe1\x1c\x02\x00\xef\xe1\x18\x02\x00\xef\xe1\x10\x02\x00\xef\xe1\x00\x02\x00\xef'
2020-07-09 23:50:05.662021, cycle count 1031, gpio values 683636, 0, 0, 34638, status messages:  b'\xe1\x10\x01\x00\xef\xe1\x18\x01\x00\xef\xe1\x1c\x01\x00\xef\xe1\x1e\x01\x00\xef\xe1\x1f\x01\x00\xef\xe1\x1e\x02\x00\xef\xe1\x1c\x02\x00\xef\xe1\x18\x02\x00\xef\xe1\x10\x02\x00\xef\xe1\x00\x02\x00\xef'
2020-07-09 23:50:22.120340, cycle count 1032, gpio values 684339, 0, 0, 34666, status messages:  b'\xe1\x10\x01\x00\xef\xe1\x18\x01\x00\xef\xe1\x1c\x01\x00\xef\xe1\x1e\x01\x00\xef\xe1\x1f\x01\x00\xef\xe1\x1e\x02\x00\xef\xe1\x1c\x02\x00\xef\xe1\x18\x02\x00\xef\xe1\x10\x02\x00\xef\xe1\x00\x02\x00\xef'
2020-07-09 23:50:38.595705, cycle count 1033, gpio values 685042, 0, 0, 34694, status messages:  b'\xe1\x10\x01\x00\xef\xe1\x18\x01\x00\xef\xe1\x1c\x01\x00\xef\xe1\x1e\x01\x00\xef\xe1\x1f\x01\x00\xef\xe1\x1e\x02\x00\xef\xe1\x1c\x02\x00\xef\xe1\x18\x02\x00\xef\xe1\x10\x02\x00\xef\xe1\x00\x02\x00\xef'
2020-07-09 23:50:55.052979, cycle count 1034, gpio values 685745, 0, 0, 34722, status messages:  b'\xe1\x10\x01\x00\xef\xe1\x18\x01\x00\xef\xe1\x1c\x01\x00\xef\xe1\x1e\x01\x00\xef\xe1\x1f\x01\x00\xef\xe1\x1e\x02\x00\xef\xe1\x1c\x02\x00\xef\xe1\x18\x02\x00\xef\xe1\x10\x02\x00\xef\xe1\x00\x02\x00\xef'
2020-07-09 23:51:11.512122, cycle count 1035, gpio values 686448, 0, 0, 34750, status messages:  b'\xe1\x10\x01\x00\xef\xe1\x18\x01\x00\xef\xe1\x1c\x01\x00\xef\xe1\x1e\x01\x00\xef\xe1\x1f\x01\x00\xef\xe1\x1e\x02\x00\xef\xe1\x1c\x02\x00\xef\xe1\x18\x02\x00\xef\xe1\x10\x02\x00\xef\xe1\x00\x02\x00\xef'
2020-07-09 23:51:28.229740, cycle count 1036, gpio values 687151, 0, 0, 34786, status messages:  b'\xe1\x10\x01\x00\xef\xe1\x18\x01\x00\xef\xe1\x1c\x01\x00\xef\xe1\x1e\x01\x00\xef\xe1\x1f\x01\x00\xef\xe1\x1e\x02\x00\xef\xe1\x1c\x02\x00\xef\xe1\x18\x02\x00\xef\xe1\x10\x02\x00\xef\xe1\x00\x02\x00\xef'
2020-07-09 23:51:44.687756, cycle count 1037, gpio values 687854, 0, 0, 34814, status messages:  b'\xe1\x10\x01\x00\xef\xe1\x18\x01\x00\xef\xe1\x1c\x01\x00\xef\xe1\x1e\x01\x00\xef\xe1\x1f\x01\x00\xef\xe1\x1e\x02\x00\xef\xe1\x1c\x02\x00\xef\xe1\x18\x02\x00\xef\xe1\x10\x02\x00\xef\xe1\x00\x02\x00\xef'
2020-07-09 23:52:01.177631, cycle count 1038, gpio values 688557, 0, 0, 34842, status messages:  b'\xe1\x10\x01\x00\xef\xe1\x18\x01\x00\xef\xe1\x1c\x01\x00\xef\xe1\x1e\x01\x00\xef\xe1\x1f\x01\x00\xef\xe1\x1e\x02\x00\xef\xe1\x1c\x02\x00\xef\xe1\x18\x02\x00\xef\xe1\x10\x02\x00\xef\xe1\x00\x02\x00\xef'
2020-07-09 23:52:18.043903, cycle count 1039, gpio values 689260, 0, 0, 34878, status messages:  b'\xe1\x10\x01\x00\xef\xe1\x18\x01\x00\xef\xe1\x1c\x01\x00\xef\xe1\x1e\x01\x00\xef\xe1\x1f\x01\x00\xef\xe1\x1e\x02\x00\xef\xe1\x1c\x02\x00\xef\xe1\x18\x02\x00\xef\xe1\x10\x02\x00\xef\xe1\x00\x02\x00\xef'
2020-07-09 23:52:34.551215, cycle count 1040, gpio values 689926, 0, 0, 34914, status messages:  b'\xe1\x10\x01\x00\xef\xe1\x18\x01\x00\xef\xe1\x1c\x01\x00\xef\xe1\x1e\x01\x00\xef\xe1\x1f\x01\x00\xef\xe1\x1e\x02\x00\xef\xe1\x1c\x02\x00\xef\xe1\x18\x02\x00\xef\xe1\x10\x02\x00\xef\xe1\x00\x02\x00\xef'
2020-07-09 23:52:51.023989, cycle count 1041, gpio values 690592, 0, 0, 34950, status messages:  b'\xe1\x10\x01\x00\xef\xe1\x18\x01\x00\xef\xe1\x1c\x01\x00\xef\xe1\x1e\x01\x00\xef\xe1\x1f\x01\x00\xef\xe1\x1e\x02\x00\xef\xe1\x1c\x02\x00\xef\xe1\x18\x02\x00\xef\xe1\x10\x02\x00\xef\xe1\x00\x02\x00\xef'
2020-07-09 23:53:07.483609, cycle count 1042, gpio values 691295, 0, 0, 34986, status messages:  b'\xe1\x10\x01\x00\xef\xe1\x18\x01\x00\xef\xe1\x1c\x01\x00\xef\xe1\x1e\x01\x00\xef\xe1\x1f\x01\x00\xef\xe1\x1e\x02\x00\xef\xe1\x1c\x02\x00\xef\xe1\x18\x02\x00\xef\xe1\x10\x02\x00\xef\xe1\x00\x02\x00\xef'
2020-07-09 23:53:23.681723, cycle count 1043, gpio values 691925, 0, 0, 35022, status messages:  b'\xe1\x10\x01\x00\xef\xe1\x18\x01\x00\xef\xe1\x1c\x01\x00\xef\xe1\x1e\x01\x00\xef\xe1\x1f\x01\x00\xef\xe1\x1e\x02\x00\xef\xe1\x1c\x02\x00\xef\xe1\x18\x02\x00\xef\xe1\x10\x02\x00\xef\xe1\x00\x02\x00\xef'
2020-07-09 23:53:40.156730, cycle count 1044, gpio values 692591, 0, 0, 35058, status messages:  b'\xe1\x10\x01\x00\xef\xe1\x18\x01\x00\xef\xe1\x1c\x01\x00\xef\xe1\x1e\x01\x00\xef\xe1\x1f\x01\x00\xef\xe1\x1e\x02\x00\xef\xe1\x1c\x02\x00\xef\xe1\x18\x02\x00\xef\xe1\x10\x02\x00\xef\xe1\x00\x02\x00\xef'
2020-07-09 23:53:56.613628, cycle count 1045, gpio values 693257, 0, 0, 35094, status messages:  b'\xe1\x10\x01\x00\xef\xe1\x18\x01\x00\xef\xe1\x1c\x01\x00\xef\xe1\x1e\x01\x00\xef\xe1\x1f\x01\x00\xef\xe1\x1e\x02\x00\xef\xe1\x1c\x02\x00\xef\xe1\x18\x02\x00\xef\xe1\x10\x02\x00\xef\xe1\x00\x02\x00\xef'
2020-07-09 23:54:12.861794, cycle count 1046, gpio values 693923, 0, 0, 35130, status messages:  b'\xe1\x10\x01\x00\xef\xe1\x18\x01\x00\xef\xe1\x1c\x01\x00\xef\xe1\x1e\x01\x00\xef\xe1\x1f\x01\x00\xef\xe1\x1e\x02\x00\xef\xe1\x1c\x02\x00\xef\xe1\x18\x02\x00\xef\xe1\x10\x02\x00\xef\xe1\x00\x02\x00\xef'
2020-07-09 23:54:29.320315, cycle count 1047, gpio values 694589, 0, 0, 35166, status messages:  b'\xe1\x10\x01\x00\xef\xe1\x18\x01\x00\xef\xe1\x1c\x01\x00\xef\xe1\x1e\x01\x00\xef\xe1\x1f\x01\x00\xef\xe1\x1e\x02\x00\xef\xe1\x1c\x02\x00\xef\xe1\x18\x02\x00\xef\xe1\x10\x02\x00\xef\xe1\x00\x02\x00\xef'
2020-07-09 23:54:45.520153, cycle count 1048, gpio values 695219, 0, 0, 35202, status messages:  b'\xe1\x10\x01\x00\xef\xe1\x18\x01\x00\xef\xe1\x1c\x01\x00\xef\xe1\x1e\x01\x00\xef\xe1\x1f\x01\x00\xef\xe1\x1e\x02\x00\xef\xe1\x1c\x02\x00\xef\xe1\x18\x02\x00\xef\xe1\x10\x02\x00\xef\xe1\x00\x02\x00\xef'
2020-07-09 23:55:01.977816, cycle count 1049, gpio values 695885, 0, 0, 35238, status messages:  b'\xe1\x10\x01\x00\xef\xe1\x18\x01\x00\xef\xe1\x1c\x01\x00\xef\xe1\x1e\x01\x00\xef\xe1\x1f\x01\x00\xef\xe1\x1e\x02\x00\xef\xe1\x1c\x02\x00\xef\xe1\x18\x02\x00\xef\xe1\x10\x02\x00\xef\xe1\x00\x02\x00\xef'
2020-07-09 23:55:18.435820, cycle count 1050, gpio values 696551, 0, 0, 35274, status messages:  b'\xe1\x10\x01\x00\xef\xe1\x18\x01\x00\xef\xe1\x1c\x01\x00\xef\xe1\x1e\x01\x00\xef\xe1\x1f\x01\x00\xef\xe1\x1e\x02\x00\xef\xe1\x1c\x02\x00\xef\xe1\x18\x02\x00\xef\xe1\x10\x02\x00\xef\xe1\x00\x02\x00\xef'
2020-07-09 23:55:34.910439, cycle count 1051, gpio values 697217, 0, 0, 35310, status messages:  b'\xe1\x10\x01\x00\xef\xe1\x18\x01\x00\xef\xe1\x1c\x01\x00\xef\xe1\x1e\x01\x00\xef\xe1\x1f\x01\x00\xef\xe1\x1e\x02\x00\xef\xe1\x1c\x02\x00\xef\xe1\x18\x02\x00\xef\xe1\x10\x02\x00\xef\xe1\x00\x02\x00\xef'
2020-07-09 23:55:51.370228, cycle count 1052, gpio values 697883, 0, 0, 35346, status messages:  b'\xe1\x10\x01\x00\xef\xe1\x18\x01\x00\xef\xe1\x1c\x01\x00\xef\xe1\x1e\x01\x00\xef\xe1\x1f\x01\x00\xef\xe1\x1e\x02\x00\xef\xe1\x1c\x02\x00\xef\xe1\x18\x02\x00\xef\xe1\x10\x02\x00\xef\xe1\x00\x02\x00\xef'
2020-07-09 23:56:07.698346, cycle count 1053, gpio values 698513, 0, 0, 35382, status messages:  b'\xe1\x10\x01\x00\xef\xe1\x18\x01\x00\xef\xe1\x1c\x01\x00\xef\xe1\x1e\x01\x00\xef\xe1\x1f\x01\x00\xef\xe1\x1e\x02\x00\xef\xe1\x1c\x02\x00\xef\xe1\x18\x02\x00\xef\xe1\x10\x02\x00\xef\xe1\x00\x02\x00\xef'
2020-07-09 23:56:24.157301, cycle count 1054, gpio values 699179, 0, 0, 35418, status messages:  b'\xe1\x10\x01\x00\xef\xe1\x18\x01\x00\xef\xe1\x1c\x01\x00\xef\xe1\x1e\x01\x00\xef\xe1\x1f\x01\x00\xef\xe1\x1e\x02\x00\xef\xe1\x1c\x02\x00\xef\xe1\x18\x02\x00\xef\xe1\x10\x02\x00\xef\xe1\x00\x02\x00\xef'
2020-07-09 23:56:40.615667, cycle count 1055, gpio values 699845, 0, 0, 35454, status messages:  b'\xe1\x10\x01\x00\xef\xe1\x18\x01\x00\xef\xe1\x1c\x01\x00\xef\xe1\x1e\x01\x00\xef\xe1\x1f\x01\x00\xef\xe1\x1e\x02\x00\xef\xe1\x1c\x02\x00\xef\xe1\x18\x02\x00\xef\xe1\x10\x02\x00\xef\xe1\x00\x02\x00\xef'
2020-07-09 23:56:57.089595, cycle count 1056, gpio values 700511, 0, 0, 35490, status messages:  b'\xe1\x10\x01\x00\xef\xe1\x18\x01\x00\xef\xe1\x1c\x01\x00\xef\xe1\x1e\x01\x00\xef\xe1\x1f\x01\x00\xef\xe1\x1e\x02\x00\xef\xe1\x1c\x02\x00\xef\xe1\x18\x02\x00\xef\xe1\x10\x02\x00\xef\xe1\x00\x02\x00\xef'
2020-07-09 23:57:13.549024, cycle count 1057, gpio values 701177, 0, 0, 35526, status messages:  b'\xe1\x10\x01\x00\xef\xe1\x18\x01\x00\xef\xe1\x1c\x01\x00\xef\xe1\x1e\x01\x00\xef\xe1\x1f\x01\x00\xef\xe1\x1e\x02\x00\xef\xe1\x1c\x02\x00\xef\xe1\x18\x02\x00\xef\xe1\x10\x02\x00\xef\xe1\x00\x02\x00\xef'
2020-07-09 23:57:30.007833, cycle count 1058, gpio values 701843, 0, 0, 35562, status messages:  b'\xe1\x10\x01\x00\xef\xe1\x18\x01\x00\xef\xe1\x1c\x01\x00\xef\xe1\x1e\x01\x00\xef\xe1\x1f\x01\x00\xef\xe1\x1e\x02\x00\xef\xe1\x1c\x02\x00\xef\xe1\x18\x02\x00\xef\xe1\x10\x02\x00\xef\xe1\x00\x02\x00\xef'
2020-07-09 23:57:46.303364, cycle count 1059, gpio values 702473, 0, 0, 35598, status messages:  b'\xe1\x10\x01\x00\xef\xe1\x18\x01\x00\xef\xe1\x1c\x01\x00\xef\xe1\x1e\x01\x00\xef\xe1\x1f\x01\x00\xef\xe1\x1e\x02\x00\xef\xe1\x1c\x02\x00\xef\xe1\x18\x02\x00\xef\xe1\x10\x02\x00\xef\xe1\x00\x02\x00\xef'
2020-07-09 23:58:02.762243, cycle count 1060, gpio values 703176, 0, 0, 35626, status messages:  b'\xe1\x10\x01\x00\xef\xe1\x18\x01\x00\xef\xe1\x1c\x01\x00\xef\xe1\x1e\x01\x00\xef\xe1\x1f\x01\x00\xef\xe1\x1e\x02\x00\xef\xe1\x1c\x02\x00\xef\xe1\x18\x02\x00\xef\xe1\x10\x02\x00\xef\xe1\x00\x02\x00\xef'
2020-07-09 23:58:19.236969, cycle count 1061, gpio values 703879, 0, 0, 35654, status messages:  b'\xe1\x10\x01\x00\xef\xe1\x18\x01\x00\xef\xe1\x1c\x01\x00\xef\xe1\x1e\x01\x00\xef\xe1\x1f\x01\x00\xef\xe1\x1e\x02\x00\xef\xe1\x1c\x02\x00\xef\xe1\x18\x02\x00\xef\xe1\x10\x02\x00\xef\xe1\x00\x02\x00\xef'
2020-07-09 23:58:35.693915, cycle count 1062, gpio values 704582, 0, 0, 35690, status messages:  b'\xe1\x10\x01\x00\xef\xe1\x18\x01\x00\xef\xe1\x1c\x01\x00\xef\xe1\x1e\x01\x00\xef\xe1\x1f\x01\x00\xef\xe1\x1e\x02\x00\xef\xe1\x1c\x02\x00\xef\xe1\x18\x02\x00\xef\xe1\x10\x02\x00\xef\xe1\x00\x02\x00\xef'
2020-07-09 23:58:52.152798, cycle count 1063, gpio values 705285, 0, 0, 35718, status messages:  b'\xe1\x10\x01\x00\xef\xe1\x18\x01\x00\xef\xe1\x1c\x01\x00\xef\xe1\x1e\x01\x00\xef\xe1\x1f\x01\x00\xef\xe1\x1e\x02\x00\xef\xe1\x1c\x02\x00\xef\xe1\x18\x02\x00\xef\xe1\x10\x02\x00\xef\xe1\x00\x02\x00\xef'
2020-07-09 23:59:08.610526, cycle count 1064, gpio values 705988, 0, 0, 35746, status messages:  b'\xe1\x10\x01\x00\xef\xe1\x18\x01\x00\xef\xe1\x1c\x01\x00\xef\xe1\x1e\x01\x00\xef\xe1\x1f\x01\x00\xef\xe1\x1e\x02\x00\xef\xe1\x1c\x02\x00\xef\xe1\x18\x02\x00\xef\xe1\x10\x02\x00\xef\xe1\x00\x02\x00\xef'
2020-07-09 23:59:25.085906, cycle count 1065, gpio values 706654, 0, 0, 35782, status messages:  b'\xe1\x10\x01\x00\xef\xe1\x18\x01\x00\xef\xe1\x1c\x01\x00\xef\xe1\x1e\x01\x00\xef\xe1\x1f\x01\x00\xef\xe1\x1e\x02\x00\xef\xe1\x1c\x02\x00\xef\xe1\x18\x02\x00\xef\xe1\x10\x02\x00\xef\xe1\x00\x02\x00\xef'
2020-07-09 23:59:41.560782, cycle count 1066, gpio values 707320, 0, 0, 35818, status messages:  b'\xe1\x10\x01\x00\xef\xe1\x18\x01\x00\xef\xe1\x1c\x01\x00\xef\xe1\x1e\x01\x00\xef\xe1\x1f\x01\x00\xef\xe1\x1e\x02\x00\xef\xe1\x1c\x02\x00\xef\xe1\x18\x02\x00\xef\xe1\x10\x02\x00\xef\xe1\x00\x02\x00\xef'
2020-07-09 23:59:58.019142, cycle count 1067, gpio values 708023, 0, 0, 35846, status messages:  b'\xe1\x10\x01\x00\xef\xe1\x18\x01\x00\xef\xe1\x1c\x01\x00\xef\xe1\x1e\x01\x00\xef\xe1\x1f\x01\x00\xef\xe1\x1e\x02\x00\xef\xe1\x1c\x02\x00\xef\xe1\x18\x02\x00\xef\xe1\x10\x02\x00\xef\xe1\x00\x02\x00\xef'
2020-07-10 00:00:14.476978, cycle count 1068, gpio values 708726, 0, 0, 35882, status messages:  b'\xe1\x10\x01\x00\xef\xe1\x18\x01\x00\xef\xe1\x1c\x01\x00\xef\xe1\x1e\x01\x00\xef\xe1\x1f\x01\x00\xef\xe1\x1e\x02\x00\xef\xe1\x1c\x02\x00\xef\xe1\x18\x02\x00\xef\xe1\x10\x02\x00\xef\xe1\x00\x02\x00\xef'
2020-07-10 00:00:31.194911, cycle count 1069, gpio values 709392, 0, 0, 35918, status messages:  b'\xe1\x10\x01\x00\xef\xe1\x18\x01\x00\xef\xe1\x1c\x01\x00\xef\xe1\x1e\x01\x00\xef\xe1\x1f\x01\x00\xef\xe1\x1e\x02\x00\xef\xe1\x1c\x02\x00\xef\xe1\x18\x02\x00\xef\xe1\x10\x02\x00\xef\xe1\x00\x02\x00\xef'
2020-07-10 00:00:48.139461, cycle count 1070, gpio values 710058, 0, 0, 35946, status messages:  b'\xe1\x10\x01\x00\xef\xe1\x18\x01\x00\xef\xe1\x1c\x01\x00\xef\xe1\x1e\x01\x00\xef\xe1\x1f\x01\x00\xef\xe1\x1e\x02\x00\xef\xe1\x1c\x02\x00\xef\xe1\x18\x02\x00\xef\xe1\x10\x02\x00\xef\xe1\x00\x02\x00\xef'
2020-07-10 00:01:04.598214, cycle count 1071, gpio values 710724, 0, 0, 35982, status messages:  b'\xe1\x10\x01\x00\xef\xe1\x18\x01\x00\xef\xe1\x1c\x01\x00\xef\xe1\x1e\x01\x00\xef\xe1\x1f\x01\x00\xef\xe1\x1e\x02\x00\xef\xe1\x1c\x02\x00\xef\xe1\x18\x02\x00\xef\xe1\x10\x02\x00\xef\xe1\x00\x02\x00\xef'
2020-07-10 00:01:21.071230, cycle count 1072, gpio values 711427, 0, 0, 36018, status messages:  b'\xe1\x10\x01\x00\xef\xe1\x18\x01\x00\xef\xe1\x1c\x01\x00\xef\xe1\x1e\x01\x00\xef\xe1\x1f\x01\x00\xef\xe1\x1e\x02\x00\xef\xe1\x1c\x02\x00\xef\xe1\x18\x02\x00\xef\xe1\x10\x02\x00\xef\xe1\x00\x02\x00\xef'
2020-07-10 00:01:37.546385, cycle count 1073, gpio values 712130, 0, 0, 36054, status messages:  b'\xe1\x10\x01\x00\xef\xe1\x18\x01\x00\xef\xe1\x1c\x01\x00\xef\xe1\x1e\x01\x00\xef\xe1\x1f\x01\x00\xef\xe1\x1e\x02\x00\xef\xe1\x1c\x02\x00\xef\xe1\x18\x02\x00\xef\xe1\x10\x02\x00\xef\xe1\x00\x02\x00\xef'
2020-07-10 00:01:53.745869, cycle count 1074, gpio values 712760, 0, 0, 36090, status messages:  b'\xe1\x10\x01\x00\xef\xe1\x18\x01\x00\xef\xe1\x1c\x01\x00\xef\xe1\x1e\x01\x00\xef\xe1\x1f\x01\x00\xef\xe1\x1e\x02\x00\xef\xe1\x1c\x02\x00\xef\xe1\x18\x02\x00\xef\xe1\x10\x02\x00\xef\xe1\x00\x02\x00\xef'
2020-07-10 00:02:10.204048, cycle count 1075, gpio values 713426, 0, 0, 36126, status messages:  b'\xe1\x10\x01\x00\xef\xe1\x18\x01\x00\xef\xe1\x1c\x01\x00\xef\xe1\x1e\x01\x00\xef\xe1\x1f\x01\x00\xef\xe1\x1e\x02\x00\xef\xe1\x1c\x02\x00\xef\xe1\x18\x02\x00\xef\xe1\x10\x02\x00\xef\xe1\x00\x02\x00\xef'
2020-07-10 00:02:26.694101, cycle count 1076, gpio values 714092, 0, 0, 36162, status messages:  b'\xe1\x10\x01\x00\xef\xe1\x18\x01\x00\xef\xe1\x1c\x01\x00\xef\xe1\x1e\x01\x00\xef\xe1\x1f\x01\x00\xef\xe1\x1e\x02\x00\xef\xe1\x1c\x02\x00\xef\xe1\x18\x02\x00\xef\xe1\x10\x02\x00\xef\xe1\x00\x02\x00\xef'
2020-07-10 00:02:43.006948, cycle count 1077, gpio values 714758, 0, 0, 36198, status messages:  b'\xe1\x10\x01\x00\xef\xe1\x18\x01\x00\xef\xe1\x1c\x01\x00\xef\xe1\x1e\x01\x00\xef\xe1\x1f\x01\x00\xef\xe1\x1e\x02\x00\xef\xe1\x1c\x02\x00\xef\xe1\x18\x02\x00\xef\xe1\x10\x02\x00\xef\xe1\x00\x02\x00\xef'
2020-07-10 00:02:59.480804, cycle count 1078, gpio values 715424, 0, 0, 36234, status messages:  b'\xe1\x10\x01\x00\xef\xe1\x18\x01\x00\xef\xe1\x1c\x01\x00\xef\xe1\x1e\x01\x00\xef\xe1\x1f\x01\x00\xef\xe1\x1e\x02\x00\xef\xe1\x1c\x02\x00\xef\xe1\x18\x02\x00\xef\xe1\x10\x02\x00\xef\xe1\x00\x02\x00\xef'
2020-07-10 00:03:15.955978, cycle count 1079, gpio values 716090, 0, 0, 36270, status messages:  b'\xe1\x10\x01\x00\xef\xe1\x18\x01\x00\xef\xe1\x1c\x01\x00\xef\xe1\x1e\x01\x00\xef\xe1\x1f\x01\x00\xef\xe1\x1e\x02\x00\xef\xe1\x1c\x02\x00\xef\xe1\x18\x02\x00\xef\xe1\x10\x02\x00\xef\xe1\x00\x02\x00\xef'
2020-07-10 00:03:32.430979, cycle count 1080, gpio values 716756, 0, 0, 36306, status messages:  b'\xe1\x10\x01\x00\xef\xe1\x18\x01\x00\xef\xe1\x1c\x01\x00\xef\xe1\x1e\x01\x00\xef\xe1\x1f\x01\x00\xef\xe1\x1e\x02\x00\xef\xe1\x1c\x02\x00\xef\xe1\x18\x02\x00\xef\xe1\x10\x02\x00\xef\xe1\x00\x02\x00\xef'
2020-07-10 00:03:48.937530, cycle count 1081, gpio values 717422, 0, 0, 36342, status messages:  b'\xe1\x10\x01\x00\xef\xe1\x18\x01\x00\xef\xe1\x1c\x01\x00\xef\xe1\x1e\x01\x00\xef\xe1\x1f\x01\x00\xef\xe1\x1e\x02\x00\xef\xe1\x1c\x02\x00\xef\xe1\x18\x02\x00\xef\xe1\x10\x02\x00\xef\xe1\x00\x02\x00\xef'
2020-07-10 00:04:05.251126, cycle count 1082, gpio values 718052, 0, 0, 36378, status messages:  b'\xe1\x10\x01\x00\xef\xe1\x18\x01\x00\xef\xe1\x1c\x01\x00\xef\xe1\x1e\x01\x00\xef\xe1\x1f\x01\x00\xef\xe1\x1e\x02\x00\xef\xe1\x1c\x02\x00\xef\xe1\x18\x02\x00\xef\xe1\x10\x02\x00\xef\xe1\x00\x02\x00\xef'
2020-07-10 00:04:21.709283, cycle count 1083, gpio values 718718, 0, 0, 36414, status messages:  b'\xe1\x10\x01\x00\xef\xe1\x18\x01\x00\xef\xe1\x1c\x01\x00\xef\xe1\x1e\x01\x00\xef\xe1\x1f\x01\x00\xef\xe1\x1e\x02\x00\xef\xe1\x1c\x02\x00\xef\xe1\x18\x02\x00\xef\xe1\x10\x02\x00\xef\xe1\x00\x02\x00\xef'
2020-07-10 00:04:37.908295, cycle count 1084, gpio values 719384, 0, 0, 36442, status messages:  b'\xe1\x10\x01\x00\xef\xe1\x18\x01\x00\xef\xe1\x1c\x01\x00\xef\xe1\x1e\x01\x00\xef\xe1\x1f\x01\x00\xef\xe1\x1e\x02\x00\xef\xe1\x1c\x02\x00\xef\xe1\x18\x02\x00\xef\xe1\x10\x02\x00\xef\xe1\x00\x02\x00\xef'
2020-07-10 00:04:54.107316, cycle count 1085, gpio values 720014, 0, 0, 36478, status messages:  b'\xe1\x10\x01\x00\xef\xe1\x18\x01\x00\xef\xe1\x1c\x01\x00\xef\xe1\x1e\x01\x00\xef\xe1\x1f\x01\x00\xef\xe1\x1e\x02\x00\xef\xe1\x1c\x02\x00\xef\xe1\x18\x02\x00\xef\xe1\x10\x02\x00\xef\xe1\x00\x02\x00\xef'
2020-07-10 00:05:10.419870, cycle count 1086, gpio values 720644, 0, 0, 36514, status messages:  b'\xe1\x10\x01\x00\xef\xe1\x18\x01\x00\xef\xe1\x1c\x01\x00\xef\xe1\x1e\x01\x00\xef\xe1\x1f\x01\x00\xef\xe1\x1e\x02\x00\xef\xe1\x1c\x02\x00\xef\xe1\x18\x02\x00\xef\xe1\x10\x02\x00\xef\xe1\x00\x02\x00\xef'
2020-07-10 00:05:26.359653, cycle count 1087, gpio values 721274, 0, 0, 36542, status messages:  b'\xe1\x10\x01\x00\xef\xe1\x18\x01\x00\xef\xe1\x1c\x01\x00\xef\xe1\x1e\x01\x00\xef\xe1\x1f\x01\x00\xef\xe1\x1e\x02\x00\xef\xe1\x1c\x02\x00\xef\xe1\x18\x02\x00\xef\xe1\x10\x02\x00\xef\xe1\x00\x02\x00\xef'
2020-07-10 00:05:42.575616, cycle count 1088, gpio values 721904, 0, 0, 36578, status messages:  b'\xe1\x10\x01\x00\xef\xe1\x18\x01\x00\xef\xe1\x1c\x01\x00\xef\xe1\x1e\x01\x00\xef\xe1\x1f\x01\x00\xef\xe1\x1e\x02\x00\xef\xe1\x1c\x02\x00\xef\xe1\x18\x02\x00\xef\xe1\x10\x02\x00\xef\xe1\x00\x02\x00\xef'
2020-07-10 00:05:58.774393, cycle count 1089, gpio values 722534, 0, 0, 36614, status messages:  b'\xe1\x10\x01\x00\xef\xe1\x18\x01\x00\xef\xe1\x1c\x01\x00\xef\xe1\x1e\x01\x00\xef\xe1\x1f\x01\x00\xef\xe1\x1e\x02\x00\xef\xe1\x1c\x02\x00\xef\xe1\x18\x02\x00\xef\xe1\x10\x02\x00\xef\xe1\x00\x02\x00\xef'
2020-07-10 00:06:15.266156, cycle count 1090, gpio values 723200, 0, 0, 36650, status messages:  b'\xe1\x10\x01\x00\xef\xe1\x18\x01\x00\xef\xe1\x1c\x01\x00\xef\xe1\x1e\x01\x00\xef\xe1\x1f\x01\x00\xef\xe1\x1e\x02\x00\xef\xe1\x1c\x02\x00\xef\xe1\x18\x02\x00\xef\xe1\x10\x02\x00\xef\xe1\x00\x02\x00\xef'
2020-07-10 00:06:31.221918, cycle count 1091, gpio values 723830, 0, 0, 36678, status messages:  b'\xe1\x10\x01\x00\xef\xe1\x18\x01\x00\xef\xe1\x1c\x01\x00\xef\xe1\x1e\x01\x00\xef\xe1\x1f\x01\x00\xef\xe1\x1e\x02\x00\xef\xe1\x1c\x02\x00\xef\xe1\x18\x02\x00\xef\xe1\x10\x02\x00\xef\xe1\x00\x02\x00\xef'
2020-07-10 00:06:47.421070, cycle count 1092, gpio values 724460, 0, 0, 36714, status messages:  b'\xe1\x10\x01\x00\xef\xe1\x18\x01\x00\xef\xe1\x1c\x01\x00\xef\xe1\x1e\x01\x00\xef\xe1\x1f\x01\x00\xef\xe1\x1e\x02\x00\xef\xe1\x1c\x02\x00\xef\xe1\x18\x02\x00\xef\xe1\x10\x02\x00\xef\xe1\x00\x02\x00\xef'
2020-07-10 00:07:03.879580, cycle count 1093, gpio values 725126, 0, 0, 36750, status messages:  b'\xe1\x10\x01\x00\xef\xe1\x18\x01\x00\xef\xe1\x1c\x01\x00\xef\xe1\x1e\x01\x00\xef\xe1\x1f\x01\x00\xef\xe1\x1e\x02\x00\xef\xe1\x1c\x02\x00\xef\xe1\x18\x02\x00\xef\xe1\x10\x02\x00\xef\xe1\x00\x02\x00\xef'
2020-07-10 00:07:20.078619, cycle count 1094, gpio values 725756, 0, 0, 36786, status messages:  b'\xe1\x10\x01\x00\xef\xe1\x18\x01\x00\xef\xe1\x1c\x01\x00\xef\xe1\x1e\x01\x00\xef\xe1\x1f\x01\x00\xef\xe1\x1e\x02\x00\xef\xe1\x1c\x02\x00\xef\xe1\x18\x02\x00\xef\xe1\x10\x02\x00\xef\xe1\x00\x02\x00\xef'
2020-07-10 00:07:36.536962, cycle count 1095, gpio values 726422, 0, 0, 36822, status messages:  b'\xe1\x10\x01\x00\xef\xe1\x18\x01\x00\xef\xe1\x1c\x01\x00\xef\xe1\x1e\x01\x00\xef\xe1\x1f\x01\x00\xef\xe1\x1e\x02\x00\xef\xe1\x1c\x02\x00\xef\xe1\x18\x02\x00\xef\xe1\x10\x02\x00\xef\xe1\x00\x02\x00\xef'
2020-07-10 00:07:53.043611, cycle count 1096, gpio values 727088, 0, 0, 36858, status messages:  b'\xe1\x10\x01\x00\xef\xe1\x18\x01\x00\xef\xe1\x1c\x01\x00\xef\xe1\x1e\x01\x00\xef\xe1\x1f\x01\x00\xef\xe1\x1e\x02\x00\xef\xe1\x1c\x02\x00\xef\xe1\x18\x02\x00\xef\xe1\x10\x02\x00\xef\xe1\x00\x02\x00\xef'
2020-07-10 00:08:09.275541, cycle count 1097, gpio values 727718, 0, 0, 36894, status messages:  b'\xe1\x10\x01\x00\xef\xe1\x18\x01\x00\xef\xe1\x1c\x01\x00\xef\xe1\x1e\x01\x00\xef\xe1\x1f\x01\x00\xef\xe1\x1e\x02\x00\xef\xe1\x1c\x02\x00\xef\xe1\x18\x02\x00\xef\xe1\x10\x02\x00\xef\xe1\x00\x02\x00\xef'
2020-07-10 00:08:25.539798, cycle count 1098, gpio values 728348, 0, 0, 36930, status messages:  b'\xe1\x10\x01\x00\xef\xe1\x18\x01\x00\xef\xe1\x1c\x01\x00\xef\xe1\x1e\x01\x00\xef\xe1\x1f\x01\x00\xef\xe1\x1e\x02\x00\xef\xe1\x1c\x02\x00\xef\xe1\x18\x02\x00\xef\xe1\x10\x02\x00\xef\xe1\x00\x02\x00\xef'
2020-07-10 00:08:41.788574, cycle count 1099, gpio values 728978, 0, 0, 36966, status messages:  b'\xe1\x10\x01\x00\xef\xe1\x18\x01\x00\xef\xe1\x1c\x01\x00\xef\xe1\x1e\x01\x00\xef\xe1\x1f\x01\x00\xef\xe1\x1e\x02\x00\xef\xe1\x1c\x02\x00\xef\xe1\x18\x02\x00\xef\xe1\x10\x02\x00\xef\xe1\x00\x02\x00\xef'
2020-07-10 00:08:58.246832, cycle count 1100, gpio values 729644, 0, 0, 37002, status messages:  b'\xe1\x10\x01\x00\xef\xe1\x18\x01\x00\xef\xe1\x1c\x01\x00\xef\xe1\x1e\x01\x00\xef\xe1\x1f\x01\x00\xef\xe1\x1e\x02\x00\xef\xe1\x1c\x02\x00\xef\xe1\x18\x02\x00\xef\xe1\x10\x02\x00\xef\xe1\x00\x02\x00\xef'
2020-07-10 00:09:14.478233, cycle count 1101, gpio values 730274, 0, 0, 37038, status messages:  b'\xe1\x10\x01\x00\xef\xe1\x18\x01\x00\xef\xe1\x1c\x01\x00\xef\xe1\x1e\x01\x00\xef\xe1\x1f\x01\x00\xef\xe1\x1e\x02\x00\xef\xe1\x1c\x02\x00\xef\xe1\x18\x02\x00\xef\xe1\x10\x02\x00\xef\xe1\x00\x02\x00\xef'
2020-07-10 00:09:30.952090, cycle count 1102, gpio values 730940, 0, 0, 37074, status messages:  b'\xe1\x10\x01\x00\xef\xe1\x18\x01\x00\xef\xe1\x1c\x01\x00\xef\xe1\x1e\x01\x00\xef\xe1\x1f\x01\x00\xef\xe1\x1e\x02\x00\xef\xe1\x1c\x02\x00\xef\xe1\x18\x02\x00\xef\xe1\x10\x02\x00\xef\xe1\x00\x02\x00\xef'
2020-07-10 00:09:47.265934, cycle count 1103, gpio values 731570, 0, 0, 37110, status messages:  b'\xe1\x10\x01\x00\xef\xe1\x18\x01\x00\xef\xe1\x1c\x01\x00\xef\xe1\x1e\x01\x00\xef\xe1\x1f\x01\x00\xef\xe1\x1e\x02\x00\xef\xe1\x1c\x02\x00\xef\xe1\x18\x02\x00\xef\xe1\x10\x02\x00\xef\xe1\x00\x02\x00\xef'
2020-07-10 00:10:03.496239, cycle count 1104, gpio values 732200, 0, 0, 37146, status messages:  b'\xe1\x10\x01\x00\xef\xe1\x18\x01\x00\xef\xe1\x1c\x01\x00\xef\xe1\x1e\x01\x00\xef\xe1\x1f\x01\x00\xef\xe1\x1e\x02\x00\xef\xe1\x1c\x02\x00\xef\xe1\x18\x02\x00\xef\xe1\x10\x02\x00\xef\xe1\x00\x02\x00\xef'
2020-07-10 00:10:19.695765, cycle count 1105, gpio values 732866, 0, 0, 37174, status messages:  b'\xe1\x10\x01\x00\xef\xe1\x18\x01\x00\xef\xe1\x1c\x01\x00\xef\xe1\x1e\x01\x00\xef\xe1\x1f\x01\x00\xef\xe1\x1e\x02\x00\xef\xe1\x1c\x02\x00\xef\xe1\x18\x02\x00\xef\xe1\x10\x02\x00\xef\xe1\x00\x02\x00\xef'
2020-07-10 00:10:36.154694, cycle count 1106, gpio values 733532, 0, 0, 37210, status messages:  b'\xe1\x10\x01\x00\xef\xe1\x18\x01\x00\xef\xe1\x1c\x01\x00\xef\xe1\x1e\x01\x00\xef\xe1\x1f\x01\x00\xef\xe1\x1e\x02\x00\xef\xe1\x1c\x02\x00\xef\xe1\x18\x02\x00\xef\xe1\x10\x02\x00\xef\xe1\x00\x02\x00\xef'
2020-07-10 00:10:52.628725, cycle count 1107, gpio values 734198, 0, 0, 37246, status messages:  b'\xe1\x10\x01\x00\xef\xe1\x18\x01\x00\xef\xe1\x1c\x01\x00\xef\xe1\x1e\x01\x00\xef\xe1\x1f\x01\x00\xef\xe1\x1e\x02\x00\xef\xe1\x1c\x02\x00\xef\xe1\x18\x02\x00\xef\xe1\x10\x02\x00\xef\xe1\x00\x02\x00\xef'
2020-07-10 00:11:08.568169, cycle count 1108, gpio values 734828, 0, 0, 37274, status messages:  b'\xe1\x10\x01\x00\xef\xe1\x18\x01\x00\xef\xe1\x1c\x01\x00\xef\xe1\x1e\x01\x00\xef\xe1\x1f\x01\x00\xef\xe1\x1e\x02\x00\xef\xe1\x1c\x02\x00\xef\xe1\x18\x02\x00\xef\xe1\x10\x02\x00\xef\xe1\x00\x02\x00\xef'
2020-07-10 00:11:24.767435, cycle count 1109, gpio values 735458, 0, 0, 37310, status messages:  b'\xe1\x10\x01\x00\xef\xe1\x18\x01\x00\xef\xe1\x1c\x01\x00\xef\xe1\x1e\x01\x00\xef\xe1\x1f\x01\x00\xef\xe1\x1e\x02\x00\xef\xe1\x1c\x02\x00\xef\xe1\x18\x02\x00\xef\xe1\x10\x02\x00\xef\xe1\x00\x02\x00\xef'
2020-07-10 00:11:41.241985, cycle count 1110, gpio values 736124, 0, 0, 37346, status messages:  b'\xe1\x10\x01\x00\xef\xe1\x18\x01\x00\xef\xe1\x1c\x01\x00\xef\xe1\x1e\x01\x00\xef\xe1\x1f\x01\x00\xef\xe1\x1e\x02\x00\xef\xe1\x1c\x02\x00\xef\xe1\x18\x02\x00\xef\xe1\x10\x02\x00\xef\xe1\x00\x02\x00\xef'
2020-07-10 00:11:57.539171, cycle count 1111, gpio values 736754, 0, 0, 37382, status messages:  b'\xe1\x10\x01\x00\xef\xe1\x18\x01\x00\xef\xe1\x1c\x01\x00\xef\xe1\x1e\x01\x00\xef\xe1\x1f\x01\x00\xef\xe1\x1e\x02\x00\xef\xe1\x1c\x02\x00\xef\xe1\x18\x02\x00\xef\xe1\x10\x02\x00\xef\xe1\x00\x02\x00\xef'
2020-07-10 00:12:13.769628, cycle count 1112, gpio values 737384, 0, 0, 37418, status messages:  b'\xe1\x10\x01\x00\xef\xe1\x18\x01\x00\xef\xe1\x1c\x01\x00\xef\xe1\x1e\x01\x00\xef\xe1\x1f\x01\x00\xef\xe1\x1e\x02\x00\xef\xe1\x1c\x02\x00\xef\xe1\x18\x02\x00\xef\xe1\x10\x02\x00\xef\xe1\x00\x02\x00\xef'
2020-07-10 00:12:30.228528, cycle count 1113, gpio values 738050, 0, 0, 37454, status messages:  b'\xe1\x10\x01\x00\xef\xe1\x18\x01\x00\xef\xe1\x1c\x01\x00\xef\xe1\x1e\x01\x00\xef\xe1\x1f\x01\x00\xef\xe1\x1e\x02\x00\xef\xe1\x1c\x02\x00\xef\xe1\x18\x02\x00\xef\xe1\x10\x02\x00\xef\xe1\x00\x02\x00\xef'
2020-07-10 00:12:46.298788, cycle count 1114, gpio values 738680, 0, 0, 37482, status messages:  b'\xe1\x10\x01\x00\xef\xe1\x18\x01\x00\xef\xe1\x1c\x01\x00\xef\xe1\x1e\x01\x00\xef\xe1\x1f\x01\x00\xef\xe1\x1e\x02\x00\xef\xe1\x1c\x02\x00\xef\xe1\x18\x02\x00\xef\xe1\x10\x02\x00\xef\xe1\x00\x02\x00\xef'
2020-07-10 00:13:02.253786, cycle count 1115, gpio values 739310, 0, 0, 37510, status messages:  b'\xe1\x10\x01\x00\xef\xe1\x18\x01\x00\xef\xe1\x1c\x01\x00\xef\xe1\x1e\x01\x00\xef\xe1\x1f\x01\x00\xef\xe1\x1e\x02\x00\xef\xe1\x1c\x02\x00\xef\xe1\x18\x02\x00\xef\xe1\x10\x02\x00\xef\xe1\x00\x02\x00\xef'
2020-07-10 00:13:18.502642, cycle count 1116, gpio values 739940, 0, 0, 37546, status messages:  b'\xe1\x10\x01\x00\xef\xe1\x18\x01\x00\xef\xe1\x1c\x01\x00\xef\xe1\x1e\x01\x00\xef\xe1\x1f\x01\x00\xef\xe1\x1e\x02\x00\xef\xe1\x1c\x02\x00\xef\xe1\x18\x02\x00\xef\xe1\x10\x02\x00\xef\xe1\x00\x02\x00\xef'
2020-07-10 00:13:34.701320, cycle count 1117, gpio values 740570, 0, 0, 37582, status messages:  b'\xe1\x10\x01\x00\xef\xe1\x18\x01\x00\xef\xe1\x1c\x01\x00\xef\xe1\x1e\x01\x00\xef\xe1\x1f\x01\x00\xef\xe1\x1e\x02\x00\xef\xe1\x1c\x02\x00\xef\xe1\x18\x02\x00\xef\xe1\x10\x02\x00\xef\xe1\x00\x02\x00\xef'
2020-07-10 00:13:51.192770, cycle count 1118, gpio values 741236, 0, 0, 37618, status messages:  b'\xe1\x10\x01\x00\xef\xe1\x18\x01\x00\xef\xe1\x1c\x01\x00\xef\xe1\x1e\x01\x00\xef\xe1\x1f\x01\x00\xef\xe1\x1e\x02\x00\xef\xe1\x1c\x02\x00\xef\xe1\x18\x02\x00\xef\xe1\x10\x02\x00\xef\xe1\x00\x02\x00\xef'
2020-07-10 00:14:07.406726, cycle count 1119, gpio values 741866, 0, 0, 37654, status messages:  b'\xe1\x10\x01\x00\xef\xe1\x18\x01\x00\xef\xe1\x1c\x01\x00\xef\xe1\x1e\x01\x00\xef\xe1\x1f\x01\x00\xef\xe1\x1e\x02\x00\xef\xe1\x1c\x02\x00\xef\xe1\x18\x02\x00\xef\xe1\x10\x02\x00\xef\xe1\x00\x02\x00\xef'
2020-07-10 00:14:23.865648, cycle count 1120, gpio values 742532, 0, 0, 37690, status messages:  b'\xe1\x10\x01\x00\xef\xe1\x18\x01\x00\xef\xe1\x1c\x01\x00\xef\xe1\x1e\x01\x00\xef\xe1\x1f\x01\x00\xef\xe1\x1e\x02\x00\xef\xe1\x1c\x02\x00\xef\xe1\x18\x02\x00\xef\xe1\x10\x02\x00\xef\xe1\x00\x02\x00\xef'
2020-07-10 00:14:40.324890, cycle count 1121, gpio values 743198, 0, 0, 37726, status messages:  b'\xe1\x10\x01\x00\xef\xe1\x18\x01\x00\xef\xe1\x1c\x01\x00\xef\xe1\x1e\x01\x00\xef\xe1\x1f\x01\x00\xef\xe1\x1e\x02\x00\xef\xe1\x1c\x02\x00\xef\xe1\x18\x02\x00\xef\xe1\x10\x02\x00\xef\xe1\x00\x02\x00\xef'
2020-07-10 00:14:56.782531, cycle count 1122, gpio values 743864, 0, 0, 37762, status messages:  b'\xe1\x10\x01\x00\xef\xe1\x18\x01\x00\xef\xe1\x1c\x01\x00\xef\xe1\x1e\x01\x00\xef\xe1\x1f\x01\x00\xef\xe1\x1e\x02\x00\xef\xe1\x1c\x02\x00\xef\xe1\x18\x02\x00\xef\xe1\x10\x02\x00\xef\xe1\x00\x02\x00\xef'
2020-07-10 00:15:13.030324, cycle count 1123, gpio values 744494, 0, 0, 37798, status messages:  b'\xe1\x10\x01\x00\xef\xe1\x18\x01\x00\xef\xe1\x1c\x01\x00\xef\xe1\x1e\x01\x00\xef\xe1\x1f\x01\x00\xef\xe1\x1e\x02\x00\xef\xe1\x1c\x02\x00\xef\xe1\x18\x02\x00\xef\xe1\x10\x02\x00\xef\xe1\x00\x02\x00\xef'
2020-07-10 00:15:29.277546, cycle count 1124, gpio values 745124, 0, 0, 37834, status messages:  b'\xe1\x10\x01\x00\xef\xe1\x18\x01\x00\xef\xe1\x1c\x01\x00\xef\xe1\x1e\x01\x00\xef\xe1\x1f\x01\x00\xef\xe1\x1e\x02\x00\xef\xe1\x1c\x02\x00\xef\xe1\x18\x02\x00\xef\xe1\x10\x02\x00\xef\xe1\x00\x02\x00\xef'
2020-07-10 00:15:45.493451, cycle count 1125, gpio values 745754, 0, 0, 37870, status messages:  b'\xe1\x10\x01\x00\xef\xe1\x18\x01\x00\xef\xe1\x1c\x01\x00\xef\xe1\x1e\x01\x00\xef\xe1\x1f\x01\x00\xef\xe1\x1e\x02\x00\xef\xe1\x1c\x02\x00\xef\xe1\x18\x02\x00\xef\xe1\x10\x02\x00\xef\xe1\x00\x02\x00\xef'
2020-07-10 00:16:01.952681, cycle count 1126, gpio values 746420, 0, 0, 37906, status messages:  b'\xe1\x10\x01\x00\xef\xe1\x18\x01\x00\xef\xe1\x1c\x01\x00\xef\xe1\x1e\x01\x00\xef\xe1\x1f\x01\x00\xef\xe1\x1e\x02\x00\xef\xe1\x1c\x02\x00\xef\xe1\x18\x02\x00\xef\xe1\x10\x02\x00\xef\xe1\x00\x02\x00\xef'
2020-07-10 00:16:18.410109, cycle count 1127, gpio values 747086, 0, 0, 37942, status messages:  b'\xe1\x10\x01\x00\xef\xe1\x18\x01\x00\xef\xe1\x1c\x01\x00\xef\xe1\x1e\x01\x00\xef\xe1\x1f\x01\x00\xef\xe1\x1e\x02\x00\xef\xe1\x1c\x02\x00\xef\xe1\x18\x02\x00\xef\xe1\x10\x02\x00\xef\xe1\x00\x02\x00\xef'
2020-07-10 00:16:34.868142, cycle count 1128, gpio values 747752, 0, 0, 37978, status messages:  b'\xe1\x10\x01\x00\xef\xe1\x18\x01\x00\xef\xe1\x1c\x01\x00\xef\xe1\x1e\x01\x00\xef\xe1\x1f\x01\x00\xef\xe1\x1e\x02\x00\xef\xe1\x1c\x02\x00\xef\xe1\x18\x02\x00\xef\xe1\x10\x02\x00\xef\xe1\x00\x02\x00\xef'
2020-07-10 00:16:51.327164, cycle count 1129, gpio values 748418, 0, 0, 38014, status messages:  b'\xe1\x10\x01\x00\xef\xe1\x18\x01\x00\xef\xe1\x1c\x01\x00\xef\xe1\x1e\x01\x00\xef\xe1\x1f\x01\x00\xef\xe1\x1e\x02\x00\xef\xe1\x1c\x02\x00\xef\xe1\x18\x02\x00\xef\xe1\x10\x02\x00\xef\xe1\x00\x02\x00\xef'
2020-07-10 00:17:07.525872, cycle count 1130, gpio values 749084, 0, 0, 38042, status messages:  b'\xe1\x10\x01\x00\xef\xe1\x18\x01\x00\xef\xe1\x1c\x01\x00\xef\xe1\x1e\x01\x00\xef\xe1\x1f\x01\x00\xef\xe1\x1e\x02\x00\xef\xe1\x1c\x02\x00\xef\xe1\x18\x02\x00\xef\xe1\x10\x02\x00\xef\xe1\x00\x02\x00\xef'
2020-07-10 00:17:23.725236, cycle count 1131, gpio values 749714, 0, 0, 38078, status messages:  b'\xe1\x10\x01\x00\xef\xe1\x18\x01\x00\xef\xe1\x1c\x01\x00\xef\xe1\x1e\x01\x00\xef\xe1\x1f\x01\x00\xef\xe1\x1e\x02\x00\xef\xe1\x1c\x02\x00\xef\xe1\x18\x02\x00\xef\xe1\x10\x02\x00\xef\xe1\x00\x02\x00\xef'
2020-07-10 00:17:39.940863, cycle count 1132, gpio values 750344, 0, 0, 38114, status messages:  b'\xe1\x10\x01\x00\xef\xe1\x18\x01\x00\xef\xe1\x1c\x01\x00\xef\xe1\x1e\x01\x00\xef\xe1\x1f\x01\x00\xef\xe1\x1e\x02\x00\xef\xe1\x1c\x02\x00\xef\xe1\x18\x02\x00\xef\xe1\x10\x02\x00\xef\xe1\x00\x02\x00\xef'
2020-07-10 00:17:56.156238, cycle count 1133, gpio values 750974, 0, 0, 38150, status messages:  b'\xe1\x10\x01\x00\xef\xe1\x18\x01\x00\xef\xe1\x1c\x01\x00\xef\xe1\x1e\x01\x00\xef\xe1\x1f\x01\x00\xef\xe1\x1e\x02\x00\xef\xe1\x1c\x02\x00\xef\xe1\x18\x02\x00\xef\xe1\x10\x02\x00\xef\xe1\x00\x02\x00\xef'
2020-07-10 00:18:12.631474, cycle count 1134, gpio values 751640, 0, 0, 38186, status messages:  b'\xe1\x10\x01\x00\xef\xe1\x18\x01\x00\xef\xe1\x1c\x01\x00\xef\xe1\x1e\x01\x00\xef\xe1\x1f\x01\x00\xef\xe1\x1e\x02\x00\xef\xe1\x1c\x02\x00\xef\xe1\x18\x02\x00\xef\xe1\x10\x02\x00\xef\xe1\x00\x02\x00\xef'
2020-07-10 00:18:29.089608, cycle count 1135, gpio values 752306, 0, 0, 38222, status messages:  b'\xe1\x10\x01\x00\xef\xe1\x18\x01\x00\xef\xe1\x1c\x01\x00\xef\xe1\x1e\x01\x00\xef\xe1\x1f\x01\x00\xef\xe1\x1e\x02\x00\xef\xe1\x1c\x02\x00\xef\xe1\x18\x02\x00\xef\xe1\x10\x02\x00\xef\xe1\x00\x02\x00\xef'
2020-07-10 00:18:45.320130, cycle count 1136, gpio values 752936, 0, 0, 38258, status messages:  b'\xe1\x10\x01\x00\xef\xe1\x18\x01\x00\xef\xe1\x1c\x01\x00\xef\xe1\x1e\x01\x00\xef\xe1\x1f\x01\x00\xef\xe1\x1e\x02\x00\xef\xe1\x1c\x02\x00\xef\xe1\x18\x02\x00\xef\xe1\x10\x02\x00\xef\xe1\x00\x02\x00\xef'
2020-07-10 00:19:01.292411, cycle count 1137, gpio values 753566, 0, 0, 38286, status messages:  b'\xe1\x10\x01\x00\xef\xe1\x18\x01\x00\xef\xe1\x1c\x01\x00\xef\xe1\x1e\x01\x00\xef\xe1\x1f\x01\x00\xef\xe1\x1e\x02\x00\xef\xe1\x1c\x02\x00\xef\xe1\x18\x02\x00\xef\xe1\x10\x02\x00\xef\xe1\x00\x02\x00\xef'
2020-07-10 00:19:17.233523, cycle count 1138, gpio values 754196, 0, 0, 38314, status messages:  b'\xe1\x10\x01\x00\xef\xe1\x18\x01\x00\xef\xe1\x1c\x01\x00\xef\xe1\x1e\x01\x00\xef\xe1\x1f\x01\x00\xef\xe1\x1e\x02\x00\xef\xe1\x1c\x02\x00\xef\xe1\x18\x02\x00\xef\xe1\x10\x02\x00\xef\xe1\x00\x02\x00\xef'
2020-07-10 00:19:33.432400, cycle count 1139, gpio values 754826, 0, 0, 38350, status messages:  b'\xe1\x10\x01\x00\xef\xe1\x18\x01\x00\xef\xe1\x1c\x01\x00\xef\xe1\x1e\x01\x00\xef\xe1\x1f\x01\x00\xef\xe1\x1e\x02\x00\xef\xe1\x1c\x02\x00\xef\xe1\x18\x02\x00\xef\xe1\x10\x02\x00\xef\xe1\x00\x02\x00\xef'
2020-07-10 00:19:49.534320, cycle count 1140, gpio values 755456, 0, 0, 38378, status messages:  b'\xe1\x10\x01\x00\xef\xe1\x18\x01\x00\xef\xe1\x1c\x01\x00\xef\xe1\x1e\x01\x00\xef\xe1\x1f\x01\x00\xef\xe1\x1e\x02\x00\xef\xe1\x1c\x02\x00\xef\xe1\x18\x02\x00\xef\xe1\x10\x02\x00\xef\xe1\x00\x02\x00\xef'
2020-07-10 00:20:05.490445, cycle count 1141, gpio values 756086, 0, 0, 38406, status messages:  b'\xe1\x10\x01\x00\xef\xe1\x18\x01\x00\xef\xe1\x1c\x01\x00\xef\xe1\x1e\x01\x00\xef\xe1\x1f\x01\x00\xef\xe1\x1e\x02\x00\xef\xe1\x1c\x02\x00\xef\xe1\x18\x02\x00\xef\xe1\x10\x02\x00\xef\xe1\x00\x02\x00\xef'
2020-07-10 00:20:21.689861, cycle count 1142, gpio values 756716, 0, 0, 38442, status messages:  b'\xe1\x10\x01\x00\xef\xe1\x18\x01\x00\xef\xe1\x1c\x01\x00\xef\xe1\x1e\x01\x00\xef\xe1\x1f\x01\x00\xef\xe1\x1e\x02\x00\xef\xe1\x1c\x02\x00\xef\xe1\x18\x02\x00\xef\xe1\x10\x02\x00\xef\xe1\x00\x02\x00\xef'
2020-07-10 00:20:37.646105, cycle count 1143, gpio values 757346, 0, 0, 38470, status messages:  b'\xe1\x10\x01\x00\xef\xe1\x18\x01\x00\xef\xe1\x1c\x01\x00\xef\xe1\x1e\x01\x00\xef\xe1\x1f\x01\x00\xef\xe1\x1e\x02\x00\xef\xe1\x1c\x02\x00\xef\xe1\x18\x02\x00\xef\xe1\x10\x02\x00\xef\xe1\x00\x02\x00\xef'
2020-07-10 00:20:53.845500, cycle count 1144, gpio values 757976, 0, 0, 38506, status messages:  b'\xe1\x10\x01\x00\xef\xe1\x18\x01\x00\xef\xe1\x1c\x01\x00\xef\xe1\x1e\x01\x00\xef\xe1\x1f\x01\x00\xef\xe1\x1e\x02\x00\xef\xe1\x1c\x02\x00\xef\xe1\x18\x02\x00\xef\xe1\x10\x02\x00\xef\xe1\x00\x02\x00\xef'
2020-07-10 00:21:10.126128, cycle count 1145, gpio values 758606, 0, 0, 38542, status messages:  b'\xe1\x10\x01\x00\xef\xe1\x18\x01\x00\xef\xe1\x1c\x01\x00\xef\xe1\x1e\x01\x00\xef\xe1\x1f\x01\x00\xef\xe1\x1e\x02\x00\xef\xe1\x1c\x02\x00\xef\xe1\x18\x02\x00\xef\xe1\x10\x02\x00\xef\xe1\x00\x02\x00\xef'
2020-07-10 00:21:26.407281, cycle count 1146, gpio values 759236, 0, 0, 38578, status messages:  b'\xe1\x10\x01\x00\xef\xe1\x18\x01\x00\xef\xe1\x1c\x01\x00\xef\xe1\x1e\x01\x00\xef\xe1\x1f\x01\x00\xef\xe1\x1e\x02\x00\xef\xe1\x1c\x02\x00\xef\xe1\x18\x02\x00\xef\xe1\x10\x02\x00\xef\xe1\x00\x02\x00\xef'
2020-07-10 00:21:42.493432, cycle count 1147, gpio values 759866, 0, 0, 38606, status messages:  b'\xe1\x10\x01\x00\xef\xe1\x18\x01\x00\xef\xe1\x1c\x01\x00\xef\xe1\x1e\x01\x00\xef\xe1\x1f\x01\x00\xef\xe1\x1e\x02\x00\xef\xe1\x1c\x02\x00\xef\xe1\x18\x02\x00\xef\xe1\x10\x02\x00\xef\xe1\x00\x02\x00\xef'
2020-07-10 00:21:58.433267, cycle count 1148, gpio values 760496, 0, 0, 38634, status messages:  b'\xe1\x10\x01\x00\xef\xe1\x18\x01\x00\xef\xe1\x1c\x01\x00\xef\xe1\x1e\x01\x00\xef\xe1\x1f\x01\x00\xef\xe1\x1e\x02\x00\xef\xe1\x1c\x02\x00\xef\xe1\x18\x02\x00\xef\xe1\x10\x02\x00\xef\xe1\x00\x02\x00\xef'
2020-07-10 00:22:14.372929, cycle count 1149, gpio values 761126, 0, 0, 38662, status messages:  b'\xe1\x10\x01\x00\xef\xe1\x18\x01\x00\xef\xe1\x1c\x01\x00\xef\xe1\x1e\x01\x00\xef\xe1\x1f\x01\x00\xef\xe1\x1e\x02\x00\xef\xe1\x1c\x02\x00\xef\xe1\x18\x02\x00\xef\xe1\x10\x02\x00\xef\xe1\x00\x02\x00\xef'
2020-07-10 00:22:30.572841, cycle count 1150, gpio values 761756, 0, 0, 38698, status messages:  b'\xe1\x10\x01\x00\xef\xe1\x18\x01\x00\xef\xe1\x1c\x01\x00\xef\xe1\x1e\x01\x00\xef\xe1\x1f\x01\x00\xef\xe1\x1e\x02\x00\xef\xe1\x1c\x02\x00\xef\xe1\x18\x02\x00\xef\xe1\x10\x02\x00\xef\xe1\x00\x02\x00\xef'
2020-07-10 00:22:46.788892, cycle count 1151, gpio values 762386, 0, 0, 38734, status messages:  b'\xe1\x10\x01\x00\xef\xe1\x18\x01\x00\xef\xe1\x1c\x01\x00\xef\xe1\x1e\x01\x00\xef\xe1\x1f\x01\x00\xef\xe1\x1e\x02\x00\xef\xe1\x1c\x02\x00\xef\xe1\x18\x02\x00\xef\xe1\x10\x02\x00\xef\xe1\x00\x02\x00\xef'
2020-07-10 00:23:02.727767, cycle count 1152, gpio values 763016, 0, 0, 38762, status messages:  b'\xe1\x10\x01\x00\xef\xe1\x18\x01\x00\xef\xe1\x1c\x01\x00\xef\xe1\x1e\x01\x00\xef\xe1\x1f\x01\x00\xef\xe1\x1e\x02\x00\xef\xe1\x1c\x02\x00\xef\xe1\x18\x02\x00\xef\xe1\x10\x02\x00\xef\xe1\x00\x02\x00\xef'
2020-07-10 00:23:18.668278, cycle count 1153, gpio values 763646, 0, 0, 38790, status messages:  b'\xe1\x10\x01\x00\xef\xe1\x18\x01\x00\xef\xe1\x1c\x01\x00\xef\xe1\x1e\x01\x00\xef\xe1\x1f\x01\x00\xef\xe1\x1e\x02\x00\xef\xe1\x1c\x02\x00\xef\xe1\x18\x02\x00\xef\xe1\x10\x02\x00\xef\xe1\x00\x02\x00\xef'
2020-07-10 00:23:34.609156, cycle count 1154, gpio values 764276, 0, 0, 38818, status messages:  b'\xe1\x10\x01\x00\xef\xe1\x18\x01\x00\xef\xe1\x1c\x01\x00\xef\xe1\x1e\x01\x00\xef\xe1\x1f\x01\x00\xef\xe1\x1e\x02\x00\xef\xe1\x1c\x02\x00\xef\xe1\x18\x02\x00\xef\xe1\x10\x02\x00\xef\xe1\x00\x02\x00\xef'
2020-07-10 00:23:50.808505, cycle count 1155, gpio values 764906, 0, 0, 38854, status messages:  b'\xe1\x10\x01\x00\xef\xe1\x18\x01\x00\xef\xe1\x1c\x01\x00\xef\xe1\x1e\x01\x00\xef\xe1\x1f\x01\x00\xef\xe1\x1e\x02\x00\xef\xe1\x1c\x02\x00\xef\xe1\x18\x02\x00\xef\xe1\x10\x02\x00\xef\xe1\x00\x02\x00\xef'
2020-07-10 00:24:07.023827, cycle count 1156, gpio values 765572, 0, 0, 38890, status messages:  b'\xe1\x10\x01\x00\xef\xe1\x18\x01\x00\xef\xe1\x1c\x01\x00\xef\xe1\x1e\x01\x00\xef\xe1\x1f\x01\x00\xef\xe1\x1e\x02\x00\xef\xe1\x1c\x02\x00\xef\xe1\x18\x02\x00\xef\xe1\x10\x02\x00\xef\xe1\x00\x02\x00\xef'
2020-07-10 00:24:22.964834, cycle count 1157, gpio values 766202, 0, 0, 38918, status messages:  b'\xe1\x10\x01\x00\xef\xe1\x18\x01\x00\xef\xe1\x1c\x01\x00\xef\xe1\x1e\x01\x00\xef\xe1\x1f\x01\x00\xef\xe1\x1e\x02\x00\xef\xe1\x1c\x02\x00\xef\xe1\x18\x02\x00\xef\xe1\x10\x02\x00\xef\xe1\x00\x02\x00\xef'
2020-07-10 00:24:38.920215, cycle count 1158, gpio values 766832, 0, 0, 38946, status messages:  b'\xe1\x10\x01\x00\xef\xe1\x18\x01\x00\xef\xe1\x1c\x01\x00\xef\xe1\x1e\x01\x00\xef\xe1\x1f\x01\x00\xef\xe1\x1e\x02\x00\xef\xe1\x1c\x02\x00\xef\xe1\x18\x02\x00\xef\xe1\x10\x02\x00\xef\xe1\x00\x02\x00\xef'
2020-07-10 00:24:54.974555, cycle count 1159, gpio values 767462, 0, 0, 38974, status messages:  b'\xe1\x10\x01\x00\xef\xe1\x18\x01\x00\xef\xe1\x1c\x01\x00\xef\xe1\x1e\x01\x00\xef\xe1\x1f\x01\x00\xef\xe1\x1e\x02\x00\xef\xe1\x1c\x02\x00\xef\xe1\x18\x02\x00\xef\xe1\x10\x02\x00\xef\xe1\x00\x02\x00\xef'
2020-07-10 00:25:10.913991, cycle count 1160, gpio values 768092, 0, 0, 39002, status messages:  b'\xe1\x10\x01\x00\xef\xe1\x18\x01\x00\xef\xe1\x1c\x01\x00\xef\xe1\x1e\x01\x00\xef\xe1\x1f\x01\x00\xef\xe1\x1e\x02\x00\xef\xe1\x1c\x02\x00\xef\xe1\x18\x02\x00\xef\xe1\x10\x02\x00\xef\xe1\x00\x02\x00\xef'
2020-07-10 00:25:26.871140, cycle count 1161, gpio values 768722, 0, 0, 39030, status messages:  b'\xe1\x10\x01\x00\xef\xe1\x18\x01\x00\xef\xe1\x1c\x01\x00\xef\xe1\x1e\x01\x00\xef\xe1\x1f\x01\x00\xef\xe1\x1e\x02\x00\xef\xe1\x1c\x02\x00\xef\xe1\x18\x02\x00\xef\xe1\x10\x02\x00\xef\xe1\x00\x02\x00\xef'
2020-07-10 00:25:43.070716, cycle count 1162, gpio values 769352, 0, 0, 39066, status messages:  b'\xe1\x10\x01\x00\xef\xe1\x18\x01\x00\xef\xe1\x1c\x01\x00\xef\xe1\x1e\x01\x00\xef\xe1\x1f\x01\x00\xef\xe1\x1e\x02\x00\xef\xe1\x1c\x02\x00\xef\xe1\x18\x02\x00\xef\xe1\x10\x02\x00\xef\xe1\x00\x02\x00\xef'
2020-07-10 00:25:59.010660, cycle count 1163, gpio values 769982, 0, 0, 39094, status messages:  b'\xe1\x10\x01\x00\xef\xe1\x18\x01\x00\xef\xe1\x1c\x01\x00\xef\xe1\x1e\x01\x00\xef\xe1\x1f\x01\x00\xef\xe1\x1e\x02\x00\xef\xe1\x1c\x02\x00\xef\xe1\x18\x02\x00\xef\xe1\x10\x02\x00\xef\xe1\x00\x02\x00\xef'
2020-07-10 00:26:14.950277, cycle count 1164, gpio values 770612, 0, 0, 39122, status messages:  b'\xe1\x10\x01\x00\xef\xe1\x18\x01\x00\xef\xe1\x1c\x01\x00\xef\xe1\x1e\x01\x00\xef\xe1\x1f\x01\x00\xef\xe1\x1e\x02\x00\xef\xe1\x1c\x02\x00\xef\xe1\x18\x02\x00\xef\xe1\x10\x02\x00\xef\xe1\x00\x02\x00\xef'
2020-07-10 00:26:30.891358, cycle count 1165, gpio values 771242, 0, 0, 39158, status messages:  b'\xe1\x10\x01\x00\xef\xe1\x18\x01\x00\xef\xe1\x1c\x01\x00\xef\xe1\x1e\x01\x00\xef\xe1\x1f\x01\x00\xef\xe1\x1e\x02\x00\xef\xe1\x1c\x02\x00\xef\xe1\x18\x02\x00\xef\xe1\x10\x02\x00\xef\xe1\x00\x02\x00\xef'
2020-07-10 00:26:47.106180, cycle count 1166, gpio values 771872, 0, 0, 39194, status messages:  b'\xe1\x10\x01\x00\xef\xe1\x18\x01\x00\xef\xe1\x1c\x01\x00\xef\xe1\x1e\x01\x00\xef\xe1\x1f\x01\x00\xef\xe1\x1e\x02\x00\xef\xe1\x1c\x02\x00\xef\xe1\x18\x02\x00\xef\xe1\x10\x02\x00\xef\xe1\x00\x02\x00\xef'
2020-07-10 00:27:03.321392, cycle count 1167, gpio values 772502, 0, 0, 39230, status messages:  b'\xe1\x10\x01\x00\xef\xe1\x18\x01\x00\xef\xe1\x1c\x01\x00\xef\xe1\x1e\x01\x00\xef\xe1\x1f\x01\x00\xef\xe1\x1e\x02\x00\xef\xe1\x1c\x02\x00\xef\xe1\x18\x02\x00\xef\xe1\x10\x02\x00\xef\xe1\x00\x02\x00\xef'
2020-07-10 00:27:19.520895, cycle count 1168, gpio values 773132, 0, 0, 39266, status messages:  b'\xe1\x10\x01\x00\xef\xe1\x18\x01\x00\xef\xe1\x1c\x01\x00\xef\xe1\x1e\x01\x00\xef\xe1\x1f\x01\x00\xef\xe1\x1e\x02\x00\xef\xe1\x1c\x02\x00\xef\xe1\x18\x02\x00\xef\xe1\x10\x02\x00\xef\xe1\x00\x02\x00\xef'
2020-07-10 00:27:35.995733, cycle count 1169, gpio values 773798, 0, 0, 39302, status messages:  b'\xe1\x10\x01\x00\xef\xe1\x18\x01\x00\xef\xe1\x1c\x01\x00\xef\xe1\x1e\x01\x00\xef\xe1\x1f\x01\x00\xef\xe1\x1e\x02\x00\xef\xe1\x1c\x02\x00\xef\xe1\x18\x02\x00\xef\xe1\x10\x02\x00\xef\xe1\x00\x02\x00\xef'
2020-07-10 00:27:52.453635, cycle count 1170, gpio values 774464, 0, 0, 39338, status messages:  b'\xe1\x10\x01\x00\xef\xe1\x18\x01\x00\xef\xe1\x1c\x01\x00\xef\xe1\x1e\x01\x00\xef\xe1\x1f\x01\x00\xef\xe1\x1e\x02\x00\xef\xe1\x1c\x02\x00\xef\xe1\x18\x02\x00\xef\xe1\x10\x02\x00\xef\xe1\x00\x02\x00\xef'
2020-07-10 00:28:08.652973, cycle count 1171, gpio values 775094, 0, 0, 39374, status messages:  b'\xe1\x10\x01\x00\xef\xe1\x18\x01\x00\xef\xe1\x1c\x01\x00\xef\xe1\x1e\x01\x00\xef\xe1\x1f\x01\x00\xef\xe1\x1e\x02\x00\xef\xe1\x1c\x02\x00\xef\xe1\x18\x02\x00\xef\xe1\x10\x02\x00\xef\xe1\x00\x02\x00\xef'
2020-07-10 00:28:24.884677, cycle count 1172, gpio values 775724, 0, 0, 39410, status messages:  b'\xe1\x10\x01\x00\xef\xe1\x18\x01\x00\xef\xe1\x1c\x01\x00\xef\xe1\x1e\x01\x00\xef\xe1\x1f\x01\x00\xef\xe1\x1e\x02\x00\xef\xe1\x1c\x02\x00\xef\xe1\x18\x02\x00\xef\xe1\x10\x02\x00\xef\xe1\x00\x02\x00\xef'
2020-07-10 00:28:41.099762, cycle count 1173, gpio values 776354, 0, 0, 39446, status messages:  b'\xe1\x10\x01\x00\xef\xe1\x18\x01\x00\xef\xe1\x1c\x01\x00\xef\xe1\x1e\x01\x00\xef\xe1\x1f\x01\x00\xef\xe1\x1e\x02\x00\xef\xe1\x1c\x02\x00\xef\xe1\x18\x02\x00\xef\xe1\x10\x02\x00\xef\xe1\x00\x02\x00\xef'
2020-07-10 00:28:57.299909, cycle count 1174, gpio values 776984, 0, 0, 39482, status messages:  b'\xe1\x10\x01\x00\xef\xe1\x18\x01\x00\xef\xe1\x1c\x01\x00\xef\xe1\x1e\x01\x00\xef\xe1\x1f\x01\x00\xef\xe1\x1e\x02\x00\xef\xe1\x1c\x02\x00\xef\xe1\x18\x02\x00\xef\xe1\x10\x02\x00\xef\xe1\x00\x02\x00\xef'
2020-07-10 00:29:13.757304, cycle count 1175, gpio values 777650, 0, 0, 39518, status messages:  b'\xe1\x10\x01\x00\xef\xe1\x18\x01\x00\xef\xe1\x1c\x01\x00\xef\xe1\x1e\x01\x00\xef\xe1\x1f\x01\x00\xef\xe1\x1e\x02\x00\xef\xe1\x1c\x02\x00\xef\xe1\x18\x02\x00\xef\xe1\x10\x02\x00\xef\xe1\x00\x02\x00\xef'
2020-07-10 00:29:30.216639, cycle count 1176, gpio values 778316, 0, 0, 39554, status messages:  b'\xe1\x10\x01\x00\xef\xe1\x18\x01\x00\xef\xe1\x1c\x01\x00\xef\xe1\x1e\x01\x00\xef\xe1\x1f\x01\x00\xef\xe1\x1e\x02\x00\xef\xe1\x1c\x02\x00\xef\xe1\x18\x02\x00\xef\xe1\x10\x02\x00\xef\xe1\x00\x02\x00\xef'
2020-07-10 00:29:46.432834, cycle count 1177, gpio values 778946, 0, 0, 39590, status messages:  b'\xe1\x10\x01\x00\xef\xe1\x18\x01\x00\xef\xe1\x1c\x01\x00\xef\xe1\x1e\x01\x00\xef\xe1\x1f\x01\x00\xef\xe1\x1e\x02\x00\xef\xe1\x1c\x02\x00\xef\xe1\x18\x02\x00\xef\xe1\x10\x02\x00\xef\xe1\x00\x02\x00\xef'
2020-07-10 00:30:02.632908, cycle count 1178, gpio values 779576, 0, 0, 39626, status messages:  b'\xe1\x10\x01\x00\xef\xe1\x18\x01\x00\xef\xe1\x1c\x01\x00\xef\xe1\x1e\x01\x00\xef\xe1\x1f\x01\x00\xef\xe1\x1e\x02\x00\xef\xe1\x1c\x02\x00\xef\xe1\x18\x02\x00\xef\xe1\x10\x02\x00\xef\xe1\x00\x02\x00\xef'
2020-07-10 00:30:18.848971, cycle count 1179, gpio values 780206, 0, 0, 39662, status messages:  b'\xe1\x10\x01\x00\xef\xe1\x18\x01\x00\xef\xe1\x1c\x01\x00\xef\xe1\x1e\x01\x00\xef\xe1\x1f\x01\x00\xef\xe1\x1e\x02\x00\xef\xe1\x1c\x02\x00\xef\xe1\x18\x02\x00\xef\xe1\x10\x02\x00\xef\xe1\x00\x02\x00\xef'
2020-07-10 00:30:35.095725, cycle count 1180, gpio values 780836, 0, 0, 39698, status messages:  b'\xe1\x10\x01\x00\xef\xe1\x18\x01\x00\xef\xe1\x1c\x01\x00\xef\xe1\x1e\x01\x00\xef\xe1\x1f\x01\x00\xef\xe1\x1e\x02\x00\xef\xe1\x1c\x02\x00\xef\xe1\x18\x02\x00\xef\xe1\x10\x02\x00\xef\xe1\x00\x02\x00\xef'
2020-07-10 00:30:51.035849, cycle count 1181, gpio values 781466, 0, 0, 39726, status messages:  b'\xe1\x10\x01\x00\xef\xe1\x18\x01\x00\xef\xe1\x1c\x01\x00\xef\xe1\x1e\x01\x00\xef\xe1\x1f\x01\x00\xef\xe1\x1e\x02\x00\xef\xe1\x1c\x02\x00\xef\xe1\x18\x02\x00\xef\xe1\x10\x02\x00\xef\xe1\x00\x02\x00\xef'
2020-07-10 00:31:06.977185, cycle count 1182, gpio values 782096, 0, 0, 39754, status messages:  b'\xe1\x10\x01\x00\xef\xe1\x18\x01\x00\xef\xe1\x1c\x01\x00\xef\xe1\x1e\x01\x00\xef\xe1\x1f\x01\x00\xef\xe1\x1e\x02\x00\xef\xe1\x1c\x02\x00\xef\xe1\x18\x02\x00\xef\xe1\x10\x02\x00\xef\xe1\x00\x02\x00\xef'
2020-07-10 00:31:22.916653, cycle count 1183, gpio values 782726, 0, 0, 39782, status messages:  b'\xe1\x10\x01\x00\xef\xe1\x18\x01\x00\xef\xe1\x1c\x01\x00\xef\xe1\x1e\x01\x00\xef\xe1\x1f\x01\x00\xef\xe1\x1e\x02\x00\xef\xe1\x1c\x02\x00\xef\xe1\x18\x02\x00\xef\xe1\x10\x02\x00\xef\xe1\x00\x02\x00\xef'
2020-07-10 00:31:39.116324, cycle count 1184, gpio values 783356, 0, 0, 39818, status messages:  b'\xe1\x10\x01\x00\xef\xe1\x18\x01\x00\xef\xe1\x1c\x01\x00\xef\xe1\x1e\x01\x00\xef\xe1\x1f\x01\x00\xef\xe1\x1e\x02\x00\xef\xe1\x1c\x02\x00\xef\xe1\x18\x02\x00\xef\xe1\x10\x02\x00\xef\xe1\x00\x02\x00\xef'
2020-07-10 00:31:55.056631, cycle count 1185, gpio values 783986, 0, 0, 39846, status messages:  b'\xe1\x10\x01\x00\xef\xe1\x18\x01\x00\xef\xe1\x1c\x01\x00\xef\xe1\x1e\x01\x00\xef\xe1\x1f\x01\x00\xef\xe1\x1e\x02\x00\xef\xe1\x1c\x02\x00\xef\xe1\x18\x02\x00\xef\xe1\x10\x02\x00\xef\xe1\x00\x02\x00\xef'
2020-07-10 00:32:10.997831, cycle count 1186, gpio values 784616, 0, 0, 39882, status messages:  b'\xe1\x10\x01\x00\xef\xe1\x18\x01\x00\xef\xe1\x1c\x01\x00\xef\xe1\x1e\x01\x00\xef\xe1\x1f\x01\x00\xef\xe1\x1e\x02\x00\xef\xe1\x1c\x02\x00\xef\xe1\x18\x02\x00\xef\xe1\x10\x02\x00\xef\xe1\x00\x02\x00\xef'
2020-07-10 00:32:27.197129, cycle count 1187, gpio values 785246, 0, 0, 39918, status messages:  b'\xe1\x10\x01\x00\xef\xe1\x18\x01\x00\xef\xe1\x1c\x01\x00\xef\xe1\x1e\x01\x00\xef\xe1\x1f\x01\x00\xef\xe1\x1e\x02\x00\xef\xe1\x1c\x02\x00\xef\xe1\x18\x02\x00\xef\xe1\x10\x02\x00\xef\xe1\x00\x02\x00\xef'
2020-07-10 00:32:43.186532, cycle count 1188, gpio values 785876, 0, 0, 39946, status messages:  b'\xe1\x10\x01\x00\xef\xe1\x18\x01\x00\xef\xe1\x1c\x01\x00\xef\xe1\x1e\x01\x00\xef\xe1\x1f\x01\x00\xef\xe1\x1e\x02\x00\xef\xe1\x1c\x02\x00\xef\xe1\x18\x02\x00\xef\xe1\x10\x02\x00\xef\xe1\x00\x02\x00\xef'
2020-07-10 00:32:59.126200, cycle count 1189, gpio values 786506, 0, 0, 39974, status messages:  b'\xe1\x10\x01\x00\xef\xe1\x18\x01\x00\xef\xe1\x1c\x01\x00\xef\xe1\x1e\x01\x00\xef\xe1\x1f\x01\x00\xef\xe1\x1e\x02\x00\xef\xe1\x1c\x02\x00\xef\xe1\x18\x02\x00\xef\xe1\x10\x02\x00\xef\xe1\x00\x02\x00\xef'
2020-07-10 00:33:15.082716, cycle count 1190, gpio values 787136, 0, 0, 40002, status messages:  b'\xe1\x10\x01\x00\xef\xe1\x18\x01\x00\xef\xe1\x1c\x01\x00\xef\xe1\x1e\x01\x00\xef\xe1\x1f\x01\x00\xef\xe1\x1e\x02\x00\xef\xe1\x1c\x02\x00\xef\xe1\x18\x02\x00\xef\xe1\x10\x02\x00\xef\xe1\x00\x02\x00\xef'
2020-07-10 00:33:31.542212, cycle count 1191, gpio values 787802, 0, 0, 40038, status messages:  b'\xe1\x10\x01\x00\xef\xe1\x18\x01\x00\xef\xe1\x1c\x01\x00\xef\xe1\x1e\x01\x00\xef\xe1\x1f\x01\x00\xef\xe1\x1e\x02\x00\xef\xe1\x1c\x02\x00\xef\xe1\x18\x02\x00\xef\xe1\x10\x02\x00\xef\xe1\x00\x02\x00\xef'
2020-07-10 00:33:47.757569, cycle count 1192, gpio values 788432, 0, 0, 40074, status messages:  b'\xe1\x10\x01\x00\xef\xe1\x18\x01\x00\xef\xe1\x1c\x01\x00\xef\xe1\x1e\x01\x00\xef\xe1\x1f\x01\x00\xef\xe1\x1e\x02\x00\xef\xe1\x1c\x02\x00\xef\xe1\x18\x02\x00\xef\xe1\x10\x02\x00\xef\xe1\x00\x02\x00\xef'
2020-07-10 00:34:03.713417, cycle count 1193, gpio values 789062, 0, 0, 40102, status messages:  b'\xe1\x10\x01\x00\xef\xe1\x18\x01\x00\xef\xe1\x1c\x01\x00\xef\xe1\x1e\x01\x00\xef\xe1\x1f\x01\x00\xef\xe1\x1e\x02\x00\xef\xe1\x1c\x02\x00\xef\xe1\x18\x02\x00\xef\xe1\x10\x02\x00\xef\xe1\x00\x02\x00\xef'
2020-07-10 00:34:19.928146, cycle count 1194, gpio values 789692, 0, 0, 40138, status messages:  b'\xe1\x10\x01\x00\xef\xe1\x18\x01\x00\xef\xe1\x1c\x01\x00\xef\xe1\x1e\x01\x00\xef\xe1\x1f\x01\x00\xef\xe1\x1e\x02\x00\xef\xe1\x1c\x02\x00\xef\xe1\x18\x02\x00\xef\xe1\x10\x02\x00\xef\xe1\x00\x02\x00\xef'
2020-07-10 00:34:36.386182, cycle count 1195, gpio values 790358, 0, 0, 40174, status messages:  b'\xe1\x10\x01\x00\xef\xe1\x18\x01\x00\xef\xe1\x1c\x01\x00\xef\xe1\x1e\x01\x00\xef\xe1\x1f\x01\x00\xef\xe1\x1e\x02\x00\xef\xe1\x1c\x02\x00\xef\xe1\x18\x02\x00\xef\xe1\x10\x02\x00\xef\xe1\x00\x02\x00\xef'
2020-07-10 00:34:52.602251, cycle count 1196, gpio values 790988, 0, 0, 40210, status messages:  b'\xe1\x10\x01\x00\xef\xe1\x18\x01\x00\xef\xe1\x1c\x01\x00\xef\xe1\x1e\x01\x00\xef\xe1\x1f\x01\x00\xef\xe1\x1e\x02\x00\xef\xe1\x1c\x02\x00\xef\xe1\x18\x02\x00\xef\xe1\x10\x02\x00\xef\xe1\x00\x02\x00\xef'
2020-07-10 00:35:08.542953, cycle count 1197, gpio values 791618, 0, 0, 40238, status messages:  b'\xe1\x10\x01\x00\xef\xe1\x18\x01\x00\xef\xe1\x1c\x01\x00\xef\xe1\x1e\x01\x00\xef\xe1\x1f\x01\x00\xef\xe1\x1e\x02\x00\xef\xe1\x1c\x02\x00\xef\xe1\x18\x02\x00\xef\xe1\x10\x02\x00\xef\xe1\x00\x02\x00\xef'
2020-07-10 00:35:24.741343, cycle count 1198, gpio values 792248, 0, 0, 40274, status messages:  b'\xe1\x10\x01\x00\xef\xe1\x18\x01\x00\xef\xe1\x1c\x01\x00\xef\xe1\x1e\x01\x00\xef\xe1\x1f\x01\x00\xef\xe1\x1e\x02\x00\xef\xe1\x1c\x02\x00\xef\xe1\x18\x02\x00\xef\xe1\x10\x02\x00\xef\xe1\x00\x02\x00\xef'
2020-07-10 00:35:40.729454, cycle count 1199, gpio values 792878, 0, 0, 40302, status messages:  b'\xe1\x10\x01\x00\xef\xe1\x18\x01\x00\xef\xe1\x1c\x01\x00\xef\xe1\x1e\x01\x00\xef\xe1\x1f\x01\x00\xef\xe1\x1e\x02\x00\xef\xe1\x1c\x02\x00\xef\xe1\x18\x02\x00\xef\xe1\x10\x02\x00\xef\xe1\x00\x02\x00\xef'
2020-07-10 00:35:56.993449, cycle count 1200, gpio values 793508, 0, 0, 40338, status messages:  b'\xe1\x10\x01\x00\xef\xe1\x18\x01\x00\xef\xe1\x1c\x01\x00\xef\xe1\x1e\x01\x00\xef\xe1\x1f\x01\x00\xef\xe1\x1e\x02\x00\xef\xe1\x1c\x02\x00\xef\xe1\x18\x02\x00\xef\xe1\x10\x02\x00\xef\xe1\x00\x02\x00\xef'
2020-07-10 00:36:13.224780, cycle count 1201, gpio values 794138, 0, 0, 40374, status messages:  b'\xe1\x10\x01\x00\xef\xe1\x18\x01\x00\xef\xe1\x1c\x01\x00\xef\xe1\x1e\x01\x00\xef\xe1\x1f\x01\x00\xef\xe1\x1e\x02\x00\xef\xe1\x1c\x02\x00\xef\xe1\x18\x02\x00\xef\xe1\x10\x02\x00\xef\xe1\x00\x02\x00\xef'
2020-07-10 00:36:29.181675, cycle count 1202, gpio values 794768, 0, 0, 40402, status messages:  b'\xe1\x10\x01\x00\xef\xe1\x18\x01\x00\xef\xe1\x1c\x01\x00\xef\xe1\x1e\x01\x00\xef\xe1\x1f\x01\x00\xef\xe1\x1e\x02\x00\xef\xe1\x1c\x02\x00\xef\xe1\x18\x02\x00\xef\xe1\x10\x02\x00\xef\xe1\x00\x02\x00\xef'
2020-07-10 00:36:45.430466, cycle count 1203, gpio values 795398, 0, 0, 40438, status messages:  b'\xe1\x10\x01\x00\xef\xe1\x18\x01\x00\xef\xe1\x1c\x01\x00\xef\xe1\x1e\x01\x00\xef\xe1\x1f\x01\x00\xef\xe1\x1e\x02\x00\xef\xe1\x1c\x02\x00\xef\xe1\x18\x02\x00\xef\xe1\x10\x02\x00\xef\xe1\x00\x02\x00\xef'
2020-07-10 00:37:01.726835, cycle count 1204, gpio values 796028, 0, 0, 40474, status messages:  b'\xe1\x10\x01\x00\xef\xe1\x18\x01\x00\xef\xe1\x1c\x01\x00\xef\xe1\x1e\x01\x00\xef\xe1\x1f\x01\x00\xef\xe1\x1e\x02\x00\xef\xe1\x1c\x02\x00\xef\xe1\x18\x02\x00\xef\xe1\x10\x02\x00\xef\xe1\x00\x02\x00\xef'
2020-07-10 00:37:17.925239, cycle count 1205, gpio values 796658, 0, 0, 40510, status messages:  b'\xe1\x10\x01\x00\xef\xe1\x18\x01\x00\xef\xe1\x1c\x01\x00\xef\xe1\x1e\x01\x00\xef\xe1\x1f\x01\x00\xef\xe1\x1e\x02\x00\xef\xe1\x1c\x02\x00\xef\xe1\x18\x02\x00\xef\xe1\x10\x02\x00\xef\xe1\x00\x02\x00\xef'
2020-07-10 00:37:33.865879, cycle count 1206, gpio values 797288, 0, 0, 40538, status messages:  b'\xe1\x10\x01\x00\xef\xe1\x18\x01\x00\xef\xe1\x1c\x01\x00\xef\xe1\x1e\x01\x00\xef\xe1\x1f\x01\x00\xef\xe1\x1e\x02\x00\xef\xe1\x1c\x02\x00\xef\xe1\x18\x02\x00\xef\xe1\x10\x02\x00\xef\xe1\x00\x02\x00\xef'
2020-07-10 00:37:50.065732, cycle count 1207, gpio values 797954, 0, 0, 40574, status messages:  b'\xe1\x10\x01\x00\xef\xe1\x18\x01\x00\xef\xe1\x1c\x01\x00\xef\xe1\x1e\x01\x00\xef\xe1\x1f\x01\x00\xef\xe1\x1e\x02\x00\xef\xe1\x1c\x02\x00\xef\xe1\x18\x02\x00\xef\xe1\x10\x02\x00\xef\xe1\x00\x02\x00\xef'
2020-07-10 00:38:06.054018, cycle count 1208, gpio values 798584, 0, 0, 40602, status messages:  b'\xe1\x10\x01\x00\xef\xe1\x18\x01\x00\xef\xe1\x1c\x01\x00\xef\xe1\x1e\x01\x00\xef\xe1\x1f\x01\x00\xef\xe1\x1e\x02\x00\xef\xe1\x1c\x02\x00\xef\xe1\x18\x02\x00\xef\xe1\x10\x02\x00\xef\xe1\x00\x02\x00\xef'
2020-07-10 00:38:22.286119, cycle count 1209, gpio values 799214, 0, 0, 40638, status messages:  b'\xe1\x10\x01\x00\xef\xe1\x18\x01\x00\xef\xe1\x1c\x01\x00\xef\xe1\x1e\x01\x00\xef\xe1\x1f\x01\x00\xef\xe1\x1e\x02\x00\xef\xe1\x1c\x02\x00\xef\xe1\x18\x02\x00\xef\xe1\x10\x02\x00\xef\xe1\x00\x02\x00\xef'
2020-07-10 00:38:38.535086, cycle count 1210, gpio values 799844, 0, 0, 40674, status messages:  b'\xe1\x10\x01\x00\xef\xe1\x18\x01\x00\xef\xe1\x1c\x01\x00\xef\xe1\x1e\x01\x00\xef\xe1\x1f\x01\x00\xef\xe1\x1e\x02\x00\xef\xe1\x1c\x02\x00\xef\xe1\x18\x02\x00\xef\xe1\x10\x02\x00\xef\xe1\x00\x02\x00\xef'
2020-07-10 00:38:55.008967, cycle count 1211, gpio values 800510, 0, 0, 40710, status messages:  b'\xe1\x10\x01\x00\xef\xe1\x18\x01\x00\xef\xe1\x1c\x01\x00\xef\xe1\x1e\x01\x00\xef\xe1\x1f\x01\x00\xef\xe1\x1e\x02\x00\xef\xe1\x1c\x02\x00\xef\xe1\x18\x02\x00\xef\xe1\x10\x02\x00\xef\xe1\x00\x02\x00\xef'
2020-07-10 00:39:11.467590, cycle count 1212, gpio values 801176, 0, 0, 40746, status messages:  b'\xe1\x10\x01\x00\xef\xe1\x18\x01\x00\xef\xe1\x1c\x01\x00\xef\xe1\x1e\x01\x00\xef\xe1\x1f\x01\x00\xef\xe1\x1e\x02\x00\xef\xe1\x1c\x02\x00\xef\xe1\x18\x02\x00\xef\xe1\x10\x02\x00\xef\xe1\x00\x02\x00\xef'
2020-07-10 00:39:27.715589, cycle count 1213, gpio values 801806, 0, 0, 40782, status messages:  b'\xe1\x10\x01\x00\xef\xe1\x18\x01\x00\xef\xe1\x1c\x01\x00\xef\xe1\x1e\x01\x00\xef\xe1\x1f\x01\x00\xef\xe1\x1e\x02\x00\xef\xe1\x1c\x02\x00\xef\xe1\x18\x02\x00\xef\xe1\x10\x02\x00\xef\xe1\x00\x02\x00\xef'
2020-07-10 00:39:43.979375, cycle count 1214, gpio values 802436, 0, 0, 40818, status messages:  b'\xe1\x10\x01\x00\xef\xe1\x18\x01\x00\xef\xe1\x1c\x01\x00\xef\xe1\x1e\x01\x00\xef\xe1\x1f\x01\x00\xef\xe1\x1e\x02\x00\xef\xe1\x1c\x02\x00\xef\xe1\x18\x02\x00\xef\xe1\x10\x02\x00\xef\xe1\x00\x02\x00\xef'
2020-07-10 00:40:00.570225, cycle count 1215, gpio values 803139, 0, 0, 40854, status messages:  b'\xe1\x10\x01\x00\xef\xe1\x18\x01\x00\xef\xe1\x1c\x01\x00\xef\xe1\x1e\x01\x00\xef\xe1\x1f\x01\x00\xef\xe1\x1e\x02\x00\xef\xe1\x1c\x02\x00\xef\xe1\x18\x02\x00\xef\xe1\x10\x02\x00\xef\xe1\x00\x02\x00\xef'
2020-07-10 00:40:16.883499, cycle count 1216, gpio values 803769, 0, 0, 40890, status messages:  b'\xe1\x10\x01\x00\xef\xe1\x18\x01\x00\xef\xe1\x1c\x01\x00\xef\xe1\x1e\x01\x00\xef\xe1\x1f\x01\x00\xef\xe1\x1e\x02\x00\xef\xe1\x1c\x02\x00\xef\xe1\x18\x02\x00\xef\xe1\x10\x02\x00\xef\xe1\x00\x02\x00\xef'
2020-07-10 00:40:33.083012, cycle count 1217, gpio values 804399, 0, 0, 40926, status messages:  b'\xe1\x10\x01\x00\xef\xe1\x18\x01\x00\xef\xe1\x1c\x01\x00\xef\xe1\x1e\x01\x00\xef\xe1\x1f\x01\x00\xef\xe1\x1e\x02\x00\xef\xe1\x1c\x02\x00\xef\xe1\x18\x02\x00\xef\xe1\x10\x02\x00\xef\xe1\x00\x02\x00\xef'
2020-07-10 00:40:49.282167, cycle count 1218, gpio values 805029, 0, 0, 40962, status messages:  b'\xe1\x10\x01\x00\xef\xe1\x18\x01\x00\xef\xe1\x1c\x01\x00\xef\xe1\x1e\x01\x00\xef\xe1\x1f\x01\x00\xef\xe1\x1e\x02\x00\xef\xe1\x1c\x02\x00\xef\xe1\x18\x02\x00\xef\xe1\x10\x02\x00\xef\xe1\x00\x02\x00\xef'
2020-07-10 00:41:05.740916, cycle count 1219, gpio values 805695, 0, 0, 40998, status messages:  b'\xe1\x10\x01\x00\xef\xe1\x18\x01\x00\xef\xe1\x1c\x01\x00\xef\xe1\x1e\x01\x00\xef\xe1\x1f\x01\x00\xef\xe1\x1e\x02\x00\xef\xe1\x1c\x02\x00\xef\xe1\x18\x02\x00\xef\xe1\x10\x02\x00\xef\xe1\x00\x02\x00\xef'
2020-07-10 00:41:21.973049, cycle count 1220, gpio values 806361, 0, 0, 41026, status messages:  b'\xe1\x10\x01\x00\xef\xe1\x18\x01\x00\xef\xe1\x1c\x01\x00\xef\xe1\x1e\x01\x00\xef\xe1\x1f\x01\x00\xef\xe1\x1e\x02\x00\xef\xe1\x1c\x02\x00\xef\xe1\x18\x02\x00\xef\xe1\x10\x02\x00\xef\xe1\x00\x02\x00\xef'
2020-07-10 00:41:38.431187, cycle count 1221, gpio values 807027, 0, 0, 41062, status messages:  b'\xe1\x10\x01\x00\xef\xe1\x18\x01\x00\xef\xe1\x1c\x01\x00\xef\xe1\x1e\x01\x00\xef\xe1\x1f\x01\x00\xef\xe1\x1e\x02\x00\xef\xe1\x1c\x02\x00\xef\xe1\x18\x02\x00\xef\xe1\x10\x02\x00\xef\xe1\x00\x02\x00\xef'
2020-07-10 00:41:54.890461, cycle count 1222, gpio values 807693, 0, 0, 41098, status messages:  b'\xe1\x10\x01\x00\xef\xe1\x18\x01\x00\xef\xe1\x1c\x01\x00\xef\xe1\x1e\x01\x00\xef\xe1\x1f\x01\x00\xef\xe1\x1e\x02\x00\xef\xe1\x1c\x02\x00\xef\xe1\x18\x02\x00\xef\xe1\x10\x02\x00\xef\xe1\x00\x02\x00\xef'
2020-07-10 00:42:11.348405, cycle count 1223, gpio values 808359, 0, 0, 41134, status messages:  b'\xe1\x10\x01\x00\xef\xe1\x18\x01\x00\xef\xe1\x1c\x01\x00\xef\xe1\x1e\x01\x00\xef\xe1\x1f\x01\x00\xef\xe1\x1e\x02\x00\xef\xe1\x1c\x02\x00\xef\xe1\x18\x02\x00\xef\xe1\x10\x02\x00\xef\xe1\x00\x02\x00\xef'
2020-07-10 00:42:27.547743, cycle count 1224, gpio values 808989, 0, 0, 41170, status messages:  b'\xe1\x10\x01\x00\xef\xe1\x18\x01\x00\xef\xe1\x1c\x01\x00\xef\xe1\x1e\x01\x00\xef\xe1\x1f\x01\x00\xef\xe1\x1e\x02\x00\xef\xe1\x1c\x02\x00\xef\xe1\x18\x02\x00\xef\xe1\x10\x02\x00\xef\xe1\x00\x02\x00\xef'
2020-07-10 00:42:43.746132, cycle count 1225, gpio values 809619, 0, 0, 41206, status messages:  b'\xe1\x10\x01\x00\xef\xe1\x18\x01\x00\xef\xe1\x1c\x01\x00\xef\xe1\x1e\x01\x00\xef\xe1\x1f\x01\x00\xef\xe1\x1e\x02\x00\xef\xe1\x1c\x02\x00\xef\xe1\x18\x02\x00\xef\xe1\x10\x02\x00\xef\xe1\x00\x02\x00\xef'
2020-07-10 00:42:59.978501, cycle count 1226, gpio values 810249, 0, 0, 41242, status messages:  b'\xe1\x10\x01\x00\xef\xe1\x18\x01\x00\xef\xe1\x1c\x01\x00\xef\xe1\x1e\x01\x00\xef\xe1\x1f\x01\x00\xef\xe1\x1e\x02\x00\xef\xe1\x1c\x02\x00\xef\xe1\x18\x02\x00\xef\xe1\x10\x02\x00\xef\xe1\x00\x02\x00\xef'
2020-07-10 00:43:16.210442, cycle count 1227, gpio values 810879, 0, 0, 41278, status messages:  b'\xe1\x10\x01\x00\xef\xe1\x18\x01\x00\xef\xe1\x1c\x01\x00\xef\xe1\x1e\x01\x00\xef\xe1\x1f\x01\x00\xef\xe1\x1e\x02\x00\xef\xe1\x1c\x02\x00\xef\xe1\x18\x02\x00\xef\xe1\x10\x02\x00\xef\xe1\x00\x02\x00\xef'
2020-07-10 00:43:32.538715, cycle count 1228, gpio values 811509, 0, 0, 41314, status messages:  b'\xe1\x10\x01\x00\xef\xe1\x18\x01\x00\xef\xe1\x1c\x01\x00\xef\xe1\x1e\x01\x00\xef\xe1\x1f\x01\x00\xef\xe1\x1e\x02\x00\xef\xe1\x1c\x02\x00\xef\xe1\x18\x02\x00\xef\xe1\x10\x02\x00\xef\xe1\x00\x02\x00\xef'
2020-07-10 00:43:48.770715, cycle count 1229, gpio values 812139, 0, 0, 41350, status messages:  b'\xe1\x10\x01\x00\xef\xe1\x18\x01\x00\xef\xe1\x1c\x01\x00\xef\xe1\x1e\x01\x00\xef\xe1\x1f\x01\x00\xef\xe1\x1e\x02\x00\xef\xe1\x1c\x02\x00\xef\xe1\x18\x02\x00\xef\xe1\x10\x02\x00\xef\xe1\x00\x02\x00\xef'
2020-07-10 00:44:04.710354, cycle count 1230, gpio values 812769, 0, 0, 41378, status messages:  b'\xe1\x10\x01\x00\xef\xe1\x18\x01\x00\xef\xe1\x1c\x01\x00\xef\xe1\x1e\x01\x00\xef\xe1\x1f\x01\x00\xef\xe1\x1e\x02\x00\xef\xe1\x1c\x02\x00\xef\xe1\x18\x02\x00\xef\xe1\x10\x02\x00\xef\xe1\x00\x02\x00\xef'
2020-07-10 00:44:21.172459, cycle count 1231, gpio values 813435, 0, 0, 41414, status messages:  b'\xe1\x10\x01\x00\xef\xe1\x18\x01\x00\xef\xe1\x1c\x01\x00\xef\xe1\x1e\x01\x00\xef\xe1\x1f\x01\x00\xef\xe1\x1e\x02\x00\xef\xe1\x1c\x02\x00\xef\xe1\x18\x02\x00\xef\xe1\x10\x02\x00\xef\xe1\x00\x02\x00\xef'
2020-07-10 00:44:37.367480, cycle count 1232, gpio values 814065, 0, 0, 41450, status messages:  b'\xe1\x10\x01\x00\xef\xe1\x18\x01\x00\xef\xe1\x1c\x01\x00\xef\xe1\x1e\x01\x00\xef\xe1\x1f\x01\x00\xef\xe1\x1e\x02\x00\xef\xe1\x1c\x02\x00\xef\xe1\x18\x02\x00\xef\xe1\x10\x02\x00\xef\xe1\x00\x02\x00\xef'
2020-07-10 00:44:53.648014, cycle count 1233, gpio values 814695, 0, 0, 41486, status messages:  b'\xe1\x10\x01\x00\xef\xe1\x18\x01\x00\xef\xe1\x1c\x01\x00\xef\xe1\x1e\x01\x00\xef\xe1\x1f\x01\x00\xef\xe1\x1e\x02\x00\xef\xe1\x1c\x02\x00\xef\xe1\x18\x02\x00\xef\xe1\x10\x02\x00\xef\xe1\x00\x02\x00\xef'
2020-07-10 00:45:09.589168, cycle count 1234, gpio values 815325, 0, 0, 41514, status messages:  b'\xe1\x10\x01\x00\xef\xe1\x18\x01\x00\xef\xe1\x1c\x01\x00\xef\xe1\x1e\x01\x00\xef\xe1\x1f\x01\x00\xef\xe1\x1e\x02\x00\xef\xe1\x1c\x02\x00\xef\xe1\x18\x02\x00\xef\xe1\x10\x02\x00\xef\xe1\x00\x02\x00\xef'
2020-07-10 00:45:25.804332, cycle count 1235, gpio values 815955, 0, 0, 41550, status messages:  b'\xe1\x10\x01\x00\xef\xe1\x18\x01\x00\xef\xe1\x1c\x01\x00\xef\xe1\x1e\x01\x00\xef\xe1\x1f\x01\x00\xef\xe1\x1e\x02\x00\xef\xe1\x1c\x02\x00\xef\xe1\x18\x02\x00\xef\xe1\x10\x02\x00\xef\xe1\x00\x02\x00\xef'
2020-07-10 00:45:41.745479, cycle count 1236, gpio values 816585, 0, 0, 41578, status messages:  b'\xe1\x10\x01\x00\xef\xe1\x18\x01\x00\xef\xe1\x1c\x01\x00\xef\xe1\x1e\x01\x00\xef\xe1\x1f\x01\x00\xef\xe1\x1e\x02\x00\xef\xe1\x1c\x02\x00\xef\xe1\x18\x02\x00\xef\xe1\x10\x02\x00\xef\xe1\x00\x02\x00\xef'
2020-07-10 00:45:57.943946, cycle count 1237, gpio values 817215, 0, 0, 41614, status messages:  b'\xe1\x10\x01\x00\xef\xe1\x18\x01\x00\xef\xe1\x1c\x01\x00\xef\xe1\x1e\x01\x00\xef\xe1\x1f\x01\x00\xef\xe1\x1e\x02\x00\xef\xe1\x1c\x02\x00\xef\xe1\x18\x02\x00\xef\xe1\x10\x02\x00\xef\xe1\x00\x02\x00\xef'
2020-07-10 00:46:14.402812, cycle count 1238, gpio values 817881, 0, 0, 41650, status messages:  b'\xe1\x10\x01\x00\xef\xe1\x18\x01\x00\xef\xe1\x1c\x01\x00\xef\xe1\x1e\x01\x00\xef\xe1\x1f\x01\x00\xef\xe1\x1e\x02\x00\xef\xe1\x1c\x02\x00\xef\xe1\x18\x02\x00\xef\xe1\x10\x02\x00\xef\xe1\x00\x02\x00\xef'
2020-07-10 00:46:30.876242, cycle count 1239, gpio values 818547, 0, 0, 41686, status messages:  b'\xe1\x10\x01\x00\xef\xe1\x18\x01\x00\xef\xe1\x1c\x01\x00\xef\xe1\x1e\x01\x00\xef\xe1\x1f\x01\x00\xef\xe1\x1e\x02\x00\xef\xe1\x1c\x02\x00\xef\xe1\x18\x02\x00\xef\xe1\x10\x02\x00\xef\xe1\x00\x02\x00\xef'
2020-07-10 00:46:46.962900, cycle count 1240, gpio values 819177, 0, 0, 41714, status messages:  b'\xe1\x10\x01\x00\xef\xe1\x18\x01\x00\xef\xe1\x1c\x01\x00\xef\xe1\x1e\x01\x00\xef\xe1\x1f\x01\x00\xef\xe1\x1e\x02\x00\xef\xe1\x1c\x02\x00\xef\xe1\x18\x02\x00\xef\xe1\x10\x02\x00\xef\xe1\x00\x02\x00\xef'
2020-07-10 00:47:03.178760, cycle count 1241, gpio values 819807, 0, 0, 41750, status messages:  b'\xe1\x10\x01\x00\xef\xe1\x18\x01\x00\xef\xe1\x1c\x01\x00\xef\xe1\x1e\x01\x00\xef\xe1\x1f\x01\x00\xef\xe1\x1e\x02\x00\xef\xe1\x1c\x02\x00\xef\xe1\x18\x02\x00\xef\xe1\x10\x02\x00\xef\xe1\x00\x02\x00\xef'
2020-07-10 00:47:19.118290, cycle count 1242, gpio values 820437, 0, 0, 41778, status messages:  b'\xe1\x10\x01\x00\xef\xe1\x18\x01\x00\xef\xe1\x1c\x01\x00\xef\xe1\x1e\x01\x00\xef\xe1\x1f\x01\x00\xef\xe1\x1e\x02\x00\xef\xe1\x1c\x02\x00\xef\xe1\x18\x02\x00\xef\xe1\x10\x02\x00\xef\xe1\x00\x02\x00\xef'
2020-07-10 00:47:35.576785, cycle count 1243, gpio values 821103, 0, 0, 41814, status messages:  b'\xe1\x10\x01\x00\xef\xe1\x18\x01\x00\xef\xe1\x1c\x01\x00\xef\xe1\x1e\x01\x00\xef\xe1\x1f\x01\x00\xef\xe1\x1e\x02\x00\xef\xe1\x1c\x02\x00\xef\xe1\x18\x02\x00\xef\xe1\x10\x02\x00\xef\xe1\x00\x02\x00\xef'
2020-07-10 00:47:51.517427, cycle count 1244, gpio values 821733, 0, 0, 41842, status messages:  b'\xe1\x10\x01\x00\xef\xe1\x18\x01\x00\xef\xe1\x1c\x01\x00\xef\xe1\x1e\x01\x00\xef\xe1\x1f\x01\x00\xef\xe1\x1e\x02\x00\xef\xe1\x1c\x02\x00\xef\xe1\x18\x02\x00\xef\xe1\x10\x02\x00\xef\xe1\x00\x02\x00\xef'
2020-07-10 00:48:07.716100, cycle count 1245, gpio values 822363, 0, 0, 41878, status messages:  b'\xe1\x10\x01\x00\xef\xe1\x18\x01\x00\xef\xe1\x1c\x01\x00\xef\xe1\x1e\x01\x00\xef\xe1\x1f\x01\x00\xef\xe1\x1e\x02\x00\xef\xe1\x1c\x02\x00\xef\xe1\x18\x02\x00\xef\xe1\x10\x02\x00\xef\xe1\x00\x02\x00\xef'
2020-07-10 00:48:23.915132, cycle count 1246, gpio values 823029, 0, 0, 41906, status messages:  b'\xe1\x10\x01\x00\xef\xe1\x18\x01\x00\xef\xe1\x1c\x01\x00\xef\xe1\x1e\x01\x00\xef\xe1\x1f\x01\x00\xef\xe1\x1e\x02\x00\xef\xe1\x1c\x02\x00\xef\xe1\x18\x02\x00\xef\xe1\x10\x02\x00\xef\xe1\x00\x02\x00\xef'
2020-07-10 00:48:40.130856, cycle count 1247, gpio values 823659, 0, 0, 41942, status messages:  b'\xe1\x10\x01\x00\xef\xe1\x18\x01\x00\xef\xe1\x1c\x01\x00\xef\xe1\x1e\x01\x00\xef\xe1\x1f\x01\x00\xef\xe1\x1e\x02\x00\xef\xe1\x1c\x02\x00\xef\xe1\x18\x02\x00\xef\xe1\x10\x02\x00\xef\xe1\x00\x02\x00\xef'
2020-07-10 00:48:56.328886, cycle count 1248, gpio values 824289, 0, 0, 41978, status messages:  b'\xe1\x10\x01\x00\xef\xe1\x18\x01\x00\xef\xe1\x1c\x01\x00\xef\xe1\x1e\x01\x00\xef\xe1\x1f\x01\x00\xef\xe1\x1e\x02\x00\xef\xe1\x1c\x02\x00\xef\xe1\x18\x02\x00\xef\xe1\x10\x02\x00\xef\xe1\x00\x02\x00\xef'
2020-07-10 00:49:12.577246, cycle count 1249, gpio values 824919, 0, 0, 42014, status messages:  b'\xe1\x10\x01\x00\xef\xe1\x18\x01\x00\xef\xe1\x1c\x01\x00\xef\xe1\x1e\x01\x00\xef\xe1\x1f\x01\x00\xef\xe1\x1e\x02\x00\xef\xe1\x1c\x02\x00\xef\xe1\x18\x02\x00\xef\xe1\x10\x02\x00\xef\xe1\x00\x02\x00\xef'
2020-07-10 00:49:29.035126, cycle count 1250, gpio values 825585, 0, 0, 42050, status messages:  b'\xe1\x10\x01\x00\xef\xe1\x18\x01\x00\xef\xe1\x1c\x01\x00\xef\xe1\x1e\x01\x00\xef\xe1\x1f\x01\x00\xef\xe1\x1e\x02\x00\xef\xe1\x1c\x02\x00\xef\xe1\x18\x02\x00\xef\xe1\x10\x02\x00\xef\xe1\x00\x02\x00\xef'
2020-07-10 00:49:45.493528, cycle count 1251, gpio values 826251, 0, 0, 42086, status messages:  b'\xe1\x10\x01\x00\xef\xe1\x18\x01\x00\xef\xe1\x1c\x01\x00\xef\xe1\x1e\x01\x00\xef\xe1\x1f\x01\x00\xef\xe1\x1e\x02\x00\xef\xe1\x1c\x02\x00\xef\xe1\x18\x02\x00\xef\xe1\x10\x02\x00\xef\xe1\x00\x02\x00\xef'
2020-07-10 00:50:01.692933, cycle count 1252, gpio values 826881, 0, 0, 42122, status messages:  b'\xe1\x10\x01\x00\xef\xe1\x18\x01\x00\xef\xe1\x1c\x01\x00\xef\xe1\x1e\x01\x00\xef\xe1\x1f\x01\x00\xef\xe1\x1e\x02\x00\xef\xe1\x1c\x02\x00\xef\xe1\x18\x02\x00\xef\xe1\x10\x02\x00\xef\xe1\x00\x02\x00\xef'
2020-07-10 00:50:18.167581, cycle count 1253, gpio values 827547, 0, 0, 42158, status messages:  b'\xe1\x10\x01\x00\xef\xe1\x18\x01\x00\xef\xe1\x1c\x01\x00\xef\xe1\x1e\x01\x00\xef\xe1\x1f\x01\x00\xef\xe1\x1e\x02\x00\xef\xe1\x1c\x02\x00\xef\xe1\x18\x02\x00\xef\xe1\x10\x02\x00\xef\xe1\x00\x02\x00\xef'
2020-07-10 00:50:34.626081, cycle count 1254, gpio values 828213, 0, 0, 42194, status messages:  b'\xe1\x10\x01\x00\xef\xe1\x18\x01\x00\xef\xe1\x1c\x01\x00\xef\xe1\x1e\x01\x00\xef\xe1\x1f\x01\x00\xef\xe1\x1e\x02\x00\xef\xe1\x1c\x02\x00\xef\xe1\x18\x02\x00\xef\xe1\x10\x02\x00\xef\xe1\x00\x02\x00\xef'
2020-07-10 00:50:51.084472, cycle count 1255, gpio values 828879, 0, 0, 42230, status messages:  b'\xe1\x10\x01\x00\xef\xe1\x18\x01\x00\xef\xe1\x1c\x01\x00\xef\xe1\x1e\x01\x00\xef\xe1\x1f\x01\x00\xef\xe1\x1e\x02\x00\xef\xe1\x1c\x02\x00\xef\xe1\x18\x02\x00\xef\xe1\x10\x02\x00\xef\xe1\x00\x02\x00\xef'
2020-07-10 00:51:07.543274, cycle count 1256, gpio values 829545, 0, 0, 42266, status messages:  b'\xe1\x10\x01\x00\xef\xe1\x18\x01\x00\xef\xe1\x1c\x01\x00\xef\xe1\x1e\x01\x00\xef\xe1\x1f\x01\x00\xef\xe1\x1e\x02\x00\xef\xe1\x1c\x02\x00\xef\xe1\x18\x02\x00\xef\xe1\x10\x02\x00\xef\xe1\x00\x02\x00\xef'
2020-07-10 00:51:23.824633, cycle count 1257, gpio values 830175, 0, 0, 42302, status messages:  b'\xe1\x10\x01\x00\xef\xe1\x18\x01\x00\xef\xe1\x1c\x01\x00\xef\xe1\x1e\x01\x00\xef\xe1\x1f\x01\x00\xef\xe1\x1e\x02\x00\xef\xe1\x1c\x02\x00\xef\xe1\x18\x02\x00\xef\xe1\x10\x02\x00\xef\xe1\x00\x02\x00\xef'
2020-07-10 00:51:40.039493, cycle count 1258, gpio values 830805, 0, 0, 42338, status messages:  b'\xe1\x10\x01\x00\xef\xe1\x18\x01\x00\xef\xe1\x1c\x01\x00\xef\xe1\x1e\x01\x00\xef\xe1\x1f\x01\x00\xef\xe1\x1e\x02\x00\xef\xe1\x1c\x02\x00\xef\xe1\x18\x02\x00\xef\xe1\x10\x02\x00\xef\xe1\x00\x02\x00\xef'
2020-07-10 00:51:56.497645, cycle count 1259, gpio values 831471, 0, 0, 42374, status messages:  b'\xe1\x10\x01\x00\xef\xe1\x18\x01\x00\xef\xe1\x1c\x01\x00\xef\xe1\x1e\x01\x00\xef\xe1\x1f\x01\x00\xef\xe1\x1e\x02\x00\xef\xe1\x1c\x02\x00\xef\xe1\x18\x02\x00\xef\xe1\x10\x02\x00\xef\xe1\x00\x02\x00\xef'
2020-07-10 00:52:12.956594, cycle count 1260, gpio values 832137, 0, 0, 42410, status messages:  b'\xe1\x10\x01\x00\xef\xe1\x18\x01\x00\xef\xe1\x1c\x01\x00\xef\xe1\x1e\x01\x00\xef\xe1\x1f\x01\x00\xef\xe1\x1e\x02\x00\xef\xe1\x1c\x02\x00\xef\xe1\x18\x02\x00\xef\xe1\x10\x02\x00\xef\xe1\x00\x02\x00\xef'
2020-07-10 00:52:28.896466, cycle count 1261, gpio values 832767, 0, 0, 42438, status messages:  b'\xe1\x10\x01\x00\xef\xe1\x18\x01\x00\xef\xe1\x1c\x01\x00\xef\xe1\x1e\x01\x00\xef\xe1\x1f\x01\x00\xef\xe1\x1e\x02\x00\xef\xe1\x1c\x02\x00\xef\xe1\x18\x02\x00\xef\xe1\x10\x02\x00\xef\xe1\x00\x02\x00\xef'
2020-07-10 00:52:45.111830, cycle count 1262, gpio values 833397, 0, 0, 42474, status messages:  b'\xe1\x10\x01\x00\xef\xe1\x18\x01\x00\xef\xe1\x1c\x01\x00\xef\xe1\x1e\x01\x00\xef\xe1\x1f\x01\x00\xef\xe1\x1e\x02\x00\xef\xe1\x1c\x02\x00\xef\xe1\x18\x02\x00\xef\xe1\x10\x02\x00\xef\xe1\x00\x02\x00\xef'
2020-07-10 00:53:01.052809, cycle count 1263, gpio values 834027, 0, 0, 42502, status messages:  b'\xe1\x10\x01\x00\xef\xe1\x18\x01\x00\xef\xe1\x1c\x01\x00\xef\xe1\x1e\x01\x00\xef\xe1\x1f\x01\x00\xef\xe1\x1e\x02\x00\xef\xe1\x1c\x02\x00\xef\xe1\x18\x02\x00\xef\xe1\x10\x02\x00\xef\xe1\x00\x02\x00\xef'
2020-07-10 00:53:17.024505, cycle count 1264, gpio values 834657, 0, 0, 42538, status messages:  b'\xe1\x10\x01\x00\xef\xe1\x18\x01\x00\xef\xe1\x1c\x01\x00\xef\xe1\x1e\x01\x00\xef\xe1\x1f\x01\x00\xef\xe1\x1e\x02\x00\xef\xe1\x1c\x02\x00\xef\xe1\x18\x02\x00\xef\xe1\x10\x02\x00\xef\xe1\x00\x02\x00\xef'
2020-07-10 00:53:32.965617, cycle count 1265, gpio values 835287, 0, 0, 42574, status messages:  b'\xe1\x10\x01\x00\xef\xe1\x18\x01\x00\xef\xe1\x1c\x01\x00\xef\xe1\x1e\x01\x00\xef\xe1\x1f\x01\x00\xef\xe1\x1e\x02\x00\xef\xe1\x1c\x02\x00\xef\xe1\x18\x02\x00\xef\xe1\x10\x02\x00\xef\xe1\x00\x02\x00\xef'
2020-07-10 00:53:48.905531, cycle count 1266, gpio values 835917, 0, 0, 42610, status messages:  b'\xe1\x10\x01\x00\xef\xe1\x18\x01\x00\xef\xe1\x1c\x01\x00\xef\xe1\x1e\x01\x00\xef\xe1\x1f\x01\x00\xef\xe1\x1e\x02\x00\xef\xe1\x1c\x02\x00\xef\xe1\x18\x02\x00\xef\xe1\x10\x02\x00\xef\xe1\x00\x02\x00\xef'
2020-07-10 00:54:05.169439, cycle count 1267, gpio values 836547, 0, 0, 42646, status messages:  b'\xe1\x10\x01\x00\xef\xe1\x18\x01\x00\xef\xe1\x1c\x01\x00\xef\xe1\x1e\x01\x00\xef\xe1\x1f\x01\x00\xef\xe1\x1e\x02\x00\xef\xe1\x1c\x02\x00\xef\xe1\x18\x02\x00\xef\xe1\x10\x02\x00\xef\xe1\x00\x02\x00\xef'
2020-07-10 00:54:21.242492, cycle count 1268, gpio values 837177, 0, 0, 42682, status messages:  b'\xe1\x10\x01\x00\xef\xe1\x18\x01\x00\xef\xe1\x1c\x01\x00\xef\xe1\x1e\x01\x00\xef\xe1\x1f\x01\x00\xef\xe1\x1e\x02\x00\xef\xe1\x1c\x02\x00\xef\xe1\x18\x02\x00\xef\xe1\x10\x02\x00\xef\xe1\x00\x02\x00\xef'
2020-07-10 00:54:36.940350, cycle count 1269, gpio values 837772, 0, 0, 42718, status messages:  b'\xe1\x10\x01\x00\xef\xe1\x18\x01\x00\xef\xe1\x1c\x01\x00\xef\xe1\x1e\x01\x00\xef\xe1\x1f\x01\x00\xef\xe1\x1e\x02\x00\xef\xe1\x1c\x02\x00\xef\xe1\x18\x02\x00\xef\xe1\x10\x02\x00\xef\xe1\x00\x02\x00\xef'
2020-07-10 00:54:52.620872, cycle count 1270, gpio values 838367, 0, 0, 42754, status messages:  b'\xe1\x10\x01\x00\xef\xe1\x18\x01\x00\xef\xe1\x1c\x01\x00\xef\xe1\x1e\x01\x00\xef\xe1\x1f\x01\x00\xef\xe1\x1e\x02\x00\xef\xe1\x1c\x02\x00\xef\xe1\x18\x02\x00\xef\xe1\x10\x02\x00\xef\xe1\x00\x02\x00\xef'
2020-07-10 00:55:08.561020, cycle count 1271, gpio values 838997, 0, 0, 42790, status messages:  b'\xe1\x10\x01\x00\xef\xe1\x18\x01\x00\xef\xe1\x1c\x01\x00\xef\xe1\x1e\x01\x00\xef\xe1\x1f\x01\x00\xef\xe1\x1e\x02\x00\xef\xe1\x1c\x02\x00\xef\xe1\x18\x02\x00\xef\xe1\x10\x02\x00\xef\xe1\x00\x02\x00\xef'
2020-07-10 00:55:24.502014, cycle count 1272, gpio values 839627, 0, 0, 42826, status messages:  b'\xe1\x10\x01\x00\xef\xe1\x18\x01\x00\xef\xe1\x1c\x01\x00\xef\xe1\x1e\x01\x00\xef\xe1\x1f\x01\x00\xef\xe1\x1e\x02\x00\xef\xe1\x1c\x02\x00\xef\xe1\x18\x02\x00\xef\xe1\x10\x02\x00\xef\xe1\x00\x02\x00\xef'
2020-07-10 00:55:40.182632, cycle count 1273, gpio values 840222, 0, 0, 42862, status messages:  b'\xe1\x10\x01\x00\xef\xe1\x18\x01\x00\xef\xe1\x1c\x01\x00\xef\xe1\x1e\x01\x00\xef\xe1\x1f\x01\x00\xef\xe1\x1e\x02\x00\xef\xe1\x1c\x02\x00\xef\xe1\x18\x02\x00\xef\xe1\x10\x02\x00\xef\xe1\x00\x02\x00\xef'
2020-07-10 00:55:56.123448, cycle count 1274, gpio values 840852, 0, 0, 42898, status messages:  b'\xe1\x10\x01\x00\xef\xe1\x18\x01\x00\xef\xe1\x1c\x01\x00\xef\xe1\x1e\x01\x00\xef\xe1\x1f\x01\x00\xef\xe1\x1e\x02\x00\xef\xe1\x1c\x02\x00\xef\xe1\x18\x02\x00\xef\xe1\x10\x02\x00\xef\xe1\x00\x02\x00\xef'
2020-07-10 00:56:12.078873, cycle count 1275, gpio values 841482, 0, 0, 42934, status messages:  b'\xe1\x10\x01\x00\xef\xe1\x18\x01\x00\xef\xe1\x1c\x01\x00\xef\xe1\x1e\x01\x00\xef\xe1\x1f\x01\x00\xef\xe1\x1e\x02\x00\xef\xe1\x1c\x02\x00\xef\xe1\x18\x02\x00\xef\xe1\x10\x02\x00\xef\xe1\x00\x02\x00\xef'
2020-07-10 00:56:27.808891, cycle count 1276, gpio values 842077, 0, 0, 42970, status messages:  b'\xe1\x10\x01\x00\xef\xe1\x18\x01\x00\xef\xe1\x1c\x01\x00\xef\xe1\x1e\x01\x00\xef\xe1\x1f\x01\x00\xef\xe1\x1e\x02\x00\xef\xe1\x1c\x02\x00\xef\xe1\x18\x02\x00\xef\xe1\x10\x02\x00\xef\xe1\x00\x02\x00\xef'
2020-07-10 00:56:43.490152, cycle count 1277, gpio values 842672, 0, 0, 43006, status messages:  b'\xe1\x10\x01\x00\xef\xe1\x18\x01\x00\xef\xe1\x1c\x01\x00\xef\xe1\x1e\x01\x00\xef\xe1\x1f\x01\x00\xef\xe1\x1e\x02\x00\xef\xe1\x1c\x02\x00\xef\xe1\x18\x02\x00\xef\xe1\x10\x02\x00\xef\xe1\x00\x02\x00\xef'
2020-07-10 00:56:59.430362, cycle count 1278, gpio values 843302, 0, 0, 43042, status messages:  b'\xe1\x10\x01\x00\xef\xe1\x18\x01\x00\xef\xe1\x1c\x01\x00\xef\xe1\x1e\x01\x00\xef\xe1\x1f\x01\x00\xef\xe1\x1e\x02\x00\xef\xe1\x1c\x02\x00\xef\xe1\x18\x02\x00\xef\xe1\x10\x02\x00\xef\xe1\x00\x02\x00\xef'
2020-07-10 00:57:15.371367, cycle count 1279, gpio values 843932, 0, 0, 43070, status messages:  b'\xe1\x10\x01\x00\xef\xe1\x18\x01\x00\xef\xe1\x1c\x01\x00\xef\xe1\x1e\x01\x00\xef\xe1\x1f\x01\x00\xef\xe1\x1e\x02\x00\xef\xe1\x1c\x02\x00\xef\xe1\x18\x02\x00\xef\xe1\x10\x02\x00\xef\xe1\x00\x02\x00\xef'
2020-07-10 00:57:31.310772, cycle count 1280, gpio values 844562, 0, 0, 43098, status messages:  b'\xe1\x10\x01\x00\xef\xe1\x18\x01\x00\xef\xe1\x1c\x01\x00\xef\xe1\x1e\x01\x00\xef\xe1\x1f\x01\x00\xef\xe1\x1e\x02\x00\xef\xe1\x1c\x02\x00\xef\xe1\x18\x02\x00\xef\xe1\x10\x02\x00\xef\xe1\x00\x02\x00\xef'
2020-07-10 00:57:47.509426, cycle count 1281, gpio values 845192, 0, 0, 43134, status messages:  b'\xe1\x10\x01\x00\xef\xe1\x18\x01\x00\xef\xe1\x1c\x01\x00\xef\xe1\x1e\x01\x00\xef\xe1\x1f\x01\x00\xef\xe1\x1e\x02\x00\xef\xe1\x1c\x02\x00\xef\xe1\x18\x02\x00\xef\xe1\x10\x02\x00\xef\xe1\x00\x02\x00\xef'
2020-07-10 00:58:03.449375, cycle count 1282, gpio values 845822, 0, 0, 43162, status messages:  b'\xe1\x10\x01\x00\xef\xe1\x18\x01\x00\xef\xe1\x1c\x01\x00\xef\xe1\x1e\x01\x00\xef\xe1\x1f\x01\x00\xef\xe1\x1e\x02\x00\xef\xe1\x1c\x02\x00\xef\xe1\x18\x02\x00\xef\xe1\x10\x02\x00\xef\xe1\x00\x02\x00\xef'
2020-07-10 00:58:19.649699, cycle count 1283, gpio values 846452, 0, 0, 43198, status messages:  b'\xe1\x10\x01\x00\xef\xe1\x18\x01\x00\xef\xe1\x1c\x01\x00\xef\xe1\x1e\x01\x00\xef\xe1\x1f\x01\x00\xef\xe1\x1e\x02\x00\xef\xe1\x1c\x02\x00\xef\xe1\x18\x02\x00\xef\xe1\x10\x02\x00\xef\xe1\x00\x02\x00\xef'
2020-07-10 00:58:35.590181, cycle count 1284, gpio values 847082, 0, 0, 43226, status messages:  b'\xe1\x10\x01\x00\xef\xe1\x18\x01\x00\xef\xe1\x1c\x01\x00\xef\xe1\x1e\x01\x00\xef\xe1\x1f\x01\x00\xef\xe1\x1e\x02\x00\xef\xe1\x1c\x02\x00\xef\xe1\x18\x02\x00\xef\xe1\x10\x02\x00\xef\xe1\x00\x02\x00\xef'
2020-07-10 00:58:51.529924, cycle count 1285, gpio values 847712, 0, 0, 43254, status messages:  b'\xe1\x10\x01\x00\xef\xe1\x18\x01\x00\xef\xe1\x1c\x01\x00\xef\xe1\x1e\x01\x00\xef\xe1\x1f\x01\x00\xef\xe1\x1e\x02\x00\xef\xe1\x1c\x02\x00\xef\xe1\x18\x02\x00\xef\xe1\x10\x02\x00\xef\xe1\x00\x02\x00\xef'
2020-07-10 00:59:07.469123, cycle count 1286, gpio values 848342, 0, 0, 43282, status messages:  b'\xe1\x10\x01\x00\xef\xe1\x18\x01\x00\xef\xe1\x1c\x01\x00\xef\xe1\x1e\x01\x00\xef\xe1\x1f\x01\x00\xef\xe1\x1e\x02\x00\xef\xe1\x1c\x02\x00\xef\xe1\x18\x02\x00\xef\xe1\x10\x02\x00\xef\xe1\x00\x02\x00\xef'
2020-07-10 00:59:23.669145, cycle count 1287, gpio values 848972, 0, 0, 43318, status messages:  b'\xe1\x10\x01\x00\xef\xe1\x18\x01\x00\xef\xe1\x1c\x01\x00\xef\xe1\x1e\x01\x00\xef\xe1\x1f\x01\x00\xef\xe1\x1e\x02\x00\xef\xe1\x1c\x02\x00\xef\xe1\x18\x02\x00\xef\xe1\x10\x02\x00\xef\xe1\x00\x02\x00\xef'
2020-07-10 00:59:39.608599, cycle count 1288, gpio values 849602, 0, 0, 43346, status messages:  b'\xe1\x10\x01\x00\xef\xe1\x18\x01\x00\xef\xe1\x1c\x01\x00\xef\xe1\x1e\x01\x00\xef\xe1\x1f\x01\x00\xef\xe1\x1e\x02\x00\xef\xe1\x1c\x02\x00\xef\xe1\x18\x02\x00\xef\xe1\x10\x02\x00\xef\xe1\x00\x02\x00\xef'
2020-07-10 00:59:55.565930, cycle count 1289, gpio values 850232, 0, 0, 43374, status messages:  b'\xe1\x10\x01\x00\xef\xe1\x18\x01\x00\xef\xe1\x1c\x01\x00\xef\xe1\x1e\x01\x00\xef\xe1\x1f\x01\x00\xef\xe1\x1e\x02\x00\xef\xe1\x1c\x02\x00\xef\xe1\x18\x02\x00\xef\xe1\x10\x02\x00\xef\xe1\x00\x02\x00\xef'
2020-07-10 01:00:11.522195, cycle count 1290, gpio values 850862, 0, 0, 43410, status messages:  b'\xe1\x10\x01\x00\xef\xe1\x18\x01\x00\xef\xe1\x1c\x01\x00\xef\xe1\x1e\x01\x00\xef\xe1\x1f\x01\x00\xef\xe1\x1e\x02\x00\xef\xe1\x1c\x02\x00\xef\xe1\x18\x02\x00\xef\xe1\x10\x02\x00\xef\xe1\x00\x02\x00\xef'
2020-07-10 01:00:27.461909, cycle count 1291, gpio values 851492, 0, 0, 43446, status messages:  b'\xe1\x10\x01\x00\xef\xe1\x18\x01\x00\xef\xe1\x1c\x01\x00\xef\xe1\x1e\x01\x00\xef\xe1\x1f\x01\x00\xef\xe1\x1e\x02\x00\xef\xe1\x1c\x02\x00\xef\xe1\x18\x02\x00\xef\xe1\x10\x02\x00\xef\xe1\x00\x02\x00\xef'
2020-07-10 01:00:43.418149, cycle count 1292, gpio values 852122, 0, 0, 43474, status messages:  b'\xe1\x10\x01\x00\xef\xe1\x18\x01\x00\xef\xe1\x1c\x01\x00\xef\xe1\x1e\x01\x00\xef\xe1\x1f\x01\x00\xef\xe1\x1e\x02\x00\xef\xe1\x1c\x02\x00\xef\xe1\x18\x02\x00\xef\xe1\x10\x02\x00\xef\xe1\x00\x02\x00\xef'
2020-07-10 01:00:59.358807, cycle count 1293, gpio values 852752, 0, 0, 43510, status messages:  b'\xe1\x10\x01\x00\xef\xe1\x18\x01\x00\xef\xe1\x1c\x01\x00\xef\xe1\x1e\x01\x00\xef\xe1\x1f\x01\x00\xef\xe1\x1e\x02\x00\xef\xe1\x1c\x02\x00\xef\xe1\x18\x02\x00\xef\xe1\x10\x02\x00\xef\xe1\x00\x02\x00\xef'
2020-07-10 01:01:15.298434, cycle count 1294, gpio values 853382, 0, 0, 43546, status messages:  b'\xe1\x10\x01\x00\xef\xe1\x18\x01\x00\xef\xe1\x1c\x01\x00\xef\xe1\x1e\x01\x00\xef\xe1\x1f\x01\x00\xef\xe1\x1e\x02\x00\xef\xe1\x1c\x02\x00\xef\xe1\x18\x02\x00\xef\xe1\x10\x02\x00\xef\xe1\x00\x02\x00\xef'
2020-07-10 01:01:31.238606, cycle count 1295, gpio values 854012, 0, 0, 43582, status messages:  b'\xe1\x10\x01\x00\xef\xe1\x18\x01\x00\xef\xe1\x1c\x01\x00\xef\xe1\x1e\x01\x00\xef\xe1\x1f\x01\x00\xef\xe1\x1e\x02\x00\xef\xe1\x1c\x02\x00\xef\xe1\x18\x02\x00\xef\xe1\x10\x02\x00\xef\xe1\x00\x02\x00\xef'
2020-07-10 01:01:47.177660, cycle count 1296, gpio values 854642, 0, 0, 43618, status messages:  b'\xe1\x10\x01\x00\xef\xe1\x18\x01\x00\xef\xe1\x1c\x01\x00\xef\xe1\x1e\x01\x00\xef\xe1\x1f\x01\x00\xef\xe1\x1e\x02\x00\xef\xe1\x1c\x02\x00\xef\xe1\x18\x02\x00\xef\xe1\x10\x02\x00\xef\xe1\x00\x02\x00\xef'
2020-07-10 01:02:03.118492, cycle count 1297, gpio values 855272, 0, 0, 43654, status messages:  b'\xe1\x10\x01\x00\xef\xe1\x18\x01\x00\xef\xe1\x1c\x01\x00\xef\xe1\x1e\x01\x00\xef\xe1\x1f\x01\x00\xef\xe1\x1e\x02\x00\xef\xe1\x1c\x02\x00\xef\xe1\x18\x02\x00\xef\xe1\x10\x02\x00\xef\xe1\x00\x02\x00\xef'
2020-07-10 01:02:19.059258, cycle count 1298, gpio values 855902, 0, 0, 43690, status messages:  b'\xe1\x10\x01\x00\xef\xe1\x18\x01\x00\xef\xe1\x1c\x01\x00\xef\xe1\x1e\x01\x00\xef\xe1\x1f\x01\x00\xef\xe1\x1e\x02\x00\xef\xe1\x1c\x02\x00\xef\xe1\x18\x02\x00\xef\xe1\x10\x02\x00\xef\xe1\x00\x02\x00\xef'
2020-07-10 01:02:34.998812, cycle count 1299, gpio values 856532, 0, 0, 43726, status messages:  b'\xe1\x10\x01\x00\xef\xe1\x18\x01\x00\xef\xe1\x1c\x01\x00\xef\xe1\x1e\x01\x00\xef\xe1\x1f\x01\x00\xef\xe1\x1e\x02\x00\xef\xe1\x1c\x02\x00\xef\xe1\x18\x02\x00\xef\xe1\x10\x02\x00\xef\xe1\x00\x02\x00\xef'
2020-07-10 01:02:50.939348, cycle count 1300, gpio values 857162, 0, 0, 43754, status messages:  b'\xe1\x10\x01\x00\xef\xe1\x18\x01\x00\xef\xe1\x1c\x01\x00\xef\xe1\x1e\x01\x00\xef\xe1\x1f\x01\x00\xef\xe1\x1e\x02\x00\xef\xe1\x1c\x02\x00\xef\xe1\x18\x02\x00\xef\xe1\x10\x02\x00\xef\xe1\x00\x02\x00\xef'
2020-07-10 01:03:06.895558, cycle count 1301, gpio values 857792, 0, 0, 43790, status messages:  b'\xe1\x10\x01\x00\xef\xe1\x18\x01\x00\xef\xe1\x1c\x01\x00\xef\xe1\x1e\x01\x00\xef\xe1\x1f\x01\x00\xef\xe1\x1e\x02\x00\xef\xe1\x1c\x02\x00\xef\xe1\x18\x02\x00\xef\xe1\x10\x02\x00\xef\xe1\x00\x02\x00\xef'
2020-07-10 01:03:22.835807, cycle count 1302, gpio values 858422, 0, 0, 43826, status messages:  b'\xe1\x10\x01\x00\xef\xe1\x18\x01\x00\xef\xe1\x1c\x01\x00\xef\xe1\x1e\x01\x00\xef\xe1\x1f\x01\x00\xef\xe1\x1e\x02\x00\xef\xe1\x1c\x02\x00\xef\xe1\x18\x02\x00\xef\xe1\x10\x02\x00\xef\xe1\x00\x02\x00\xef'
2020-07-10 01:03:38.775734, cycle count 1303, gpio values 859052, 0, 0, 43854, status messages:  b'\xe1\x10\x01\x00\xef\xe1\x18\x01\x00\xef\xe1\x1c\x01\x00\xef\xe1\x1e\x01\x00\xef\xe1\x1f\x01\x00\xef\xe1\x1e\x02\x00\xef\xe1\x1c\x02\x00\xef\xe1\x18\x02\x00\xef\xe1\x10\x02\x00\xef\xe1\x00\x02\x00\xef'
2020-07-10 01:03:54.893515, cycle count 1304, gpio values 859682, 0, 0, 43890, status messages:  b'\xe1\x10\x01\x00\xef\xe1\x18\x01\x00\xef\xe1\x1c\x01\x00\xef\xe1\x1e\x01\x00\xef\xe1\x1f\x01\x00\xef\xe1\x1e\x02\x00\xef\xe1\x1c\x02\x00\xef\xe1\x18\x02\x00\xef\xe1\x10\x02\x00\xef\xe1\x00\x02\x00\xef'
2020-07-10 01:04:10.834141, cycle count 1305, gpio values 860312, 0, 0, 43918, status messages:  b'\xe1\x10\x01\x00\xef\xe1\x18\x01\x00\xef\xe1\x1c\x01\x00\xef\xe1\x1e\x01\x00\xef\xe1\x1f\x01\x00\xef\xe1\x1e\x02\x00\xef\xe1\x1c\x02\x00\xef\xe1\x18\x02\x00\xef\xe1\x10\x02\x00\xef\xe1\x00\x02\x00\xef'
2020-07-10 01:04:26.773533, cycle count 1306, gpio values 860942, 0, 0, 43946, status messages:  b'\xe1\x10\x01\x00\xef\xe1\x18\x01\x00\xef\xe1\x1c\x01\x00\xef\xe1\x1e\x01\x00\xef\xe1\x1f\x01\x00\xef\xe1\x1e\x02\x00\xef\xe1\x1c\x02\x00\xef\xe1\x18\x02\x00\xef\xe1\x10\x02\x00\xef\xe1\x00\x02\x00\xef'
2020-07-10 01:04:42.503103, cycle count 1307, gpio values 861537, 0, 0, 43974, status messages:  b'\xe1\x10\x01\x00\xef\xe1\x18\x01\x00\xef\xe1\x1c\x01\x00\xef\xe1\x1e\x01\x00\xef\xe1\x1f\x01\x00\xef\xe1\x1e\x02\x00\xef\xe1\x1c\x02\x00\xef\xe1\x18\x02\x00\xef\xe1\x10\x02\x00\xef\xe1\x00\x02\x00\xef'
2020-07-10 01:04:58.443394, cycle count 1308, gpio values 862167, 0, 0, 44002, status messages:  b'\xe1\x10\x01\x00\xef\xe1\x18\x01\x00\xef\xe1\x1c\x01\x00\xef\xe1\x1e\x01\x00\xef\xe1\x1f\x01\x00\xef\xe1\x1e\x02\x00\xef\xe1\x1c\x02\x00\xef\xe1\x18\x02\x00\xef\xe1\x10\x02\x00\xef\xe1\x00\x02\x00\xef'
2020-07-10 01:05:14.691327, cycle count 1309, gpio values 862797, 0, 0, 44038, status messages:  b'\xe1\x10\x01\x00\xef\xe1\x18\x01\x00\xef\xe1\x1c\x01\x00\xef\xe1\x1e\x01\x00\xef\xe1\x1f\x01\x00\xef\xe1\x1e\x02\x00\xef\xe1\x1c\x02\x00\xef\xe1\x18\x02\x00\xef\xe1\x10\x02\x00\xef\xe1\x00\x02\x00\xef'
2020-07-10 01:05:30.631106, cycle count 1310, gpio values 863427, 0, 0, 44066, status messages:  b'\xe1\x10\x01\x00\xef\xe1\x18\x01\x00\xef\xe1\x1c\x01\x00\xef\xe1\x1e\x01\x00\xef\xe1\x1f\x01\x00\xef\xe1\x1e\x02\x00\xef\xe1\x1c\x02\x00\xef\xe1\x18\x02\x00\xef\xe1\x10\x02\x00\xef\xe1\x00\x02\x00\xef'
2020-07-10 01:05:46.572292, cycle count 1311, gpio values 864057, 0, 0, 44094, status messages:  b'\xe1\x10\x01\x00\xef\xe1\x18\x01\x00\xef\xe1\x1c\x01\x00\xef\xe1\x1e\x01\x00\xef\xe1\x1f\x01\x00\xef\xe1\x1e\x02\x00\xef\xe1\x1c\x02\x00\xef\xe1\x18\x02\x00\xef\xe1\x10\x02\x00\xef\xe1\x00\x02\x00\xef'
2020-07-10 01:06:02.528705, cycle count 1312, gpio values 864687, 0, 0, 44122, status messages:  b'\xe1\x10\x01\x00\xef\xe1\x18\x01\x00\xef\xe1\x1c\x01\x00\xef\xe1\x1e\x01\x00\xef\xe1\x1f\x01\x00\xef\xe1\x1e\x02\x00\xef\xe1\x1c\x02\x00\xef\xe1\x18\x02\x00\xef\xe1\x10\x02\x00\xef\xe1\x00\x02\x00\xef'
2020-07-10 01:06:18.468932, cycle count 1313, gpio values 865317, 0, 0, 44150, status messages:  b'\xe1\x10\x01\x00\xef\xe1\x18\x01\x00\xef\xe1\x1c\x01\x00\xef\xe1\x1e\x01\x00\xef\xe1\x1f\x01\x00\xef\xe1\x1e\x02\x00\xef\xe1\x1c\x02\x00\xef\xe1\x18\x02\x00\xef\xe1\x10\x02\x00\xef\xe1\x00\x02\x00\xef'
2020-07-10 01:06:34.408291, cycle count 1314, gpio values 865947, 0, 0, 44186, status messages:  b'\xe1\x10\x01\x00\xef\xe1\x18\x01\x00\xef\xe1\x1c\x01\x00\xef\xe1\x1e\x01\x00\xef\xe1\x1f\x01\x00\xef\xe1\x1e\x02\x00\xef\xe1\x1c\x02\x00\xef\xe1\x18\x02\x00\xef\xe1\x10\x02\x00\xef\xe1\x00\x02\x00\xef'
2020-07-10 01:06:50.349180, cycle count 1315, gpio values 866577, 0, 0, 44222, status messages:  b'\xe1\x10\x01\x00\xef\xe1\x18\x01\x00\xef\xe1\x1c\x01\x00\xef\xe1\x1e\x01\x00\xef\xe1\x1f\x01\x00\xef\xe1\x1e\x02\x00\xef\xe1\x1c\x02\x00\xef\xe1\x18\x02\x00\xef\xe1\x10\x02\x00\xef\xe1\x00\x02\x00\xef'
2020-07-10 01:07:06.354197, cycle count 1316, gpio values 867207, 0, 0, 44250, status messages:  b'\xe1\x10\x01\x00\xef\xe1\x18\x01\x00\xef\xe1\x1c\x01\x00\xef\xe1\x1e\x01\x00\xef\xe1\x1f\x01\x00\xef\xe1\x1e\x02\x00\xef\xe1\x1c\x02\x00\xef\xe1\x18\x02\x00\xef\xe1\x10\x02\x00\xef\xe1\x00\x02\x00\xef'
2020-07-10 01:07:22.294497, cycle count 1317, gpio values 867837, 0, 0, 44286, status messages:  b'\xe1\x10\x01\x00\xef\xe1\x18\x01\x00\xef\xe1\x1c\x01\x00\xef\xe1\x1e\x01\x00\xef\xe1\x1f\x01\x00\xef\xe1\x1e\x02\x00\xef\xe1\x1c\x02\x00\xef\xe1\x18\x02\x00\xef\xe1\x10\x02\x00\xef\xe1\x00\x02\x00\xef'
2020-07-10 01:07:38.302290, cycle count 1318, gpio values 868467, 0, 0, 44314, status messages:  b'\xe1\x10\x01\x00\xef\xe1\x18\x01\x00\xef\xe1\x1c\x01\x00\xef\xe1\x1e\x01\x00\xef\xe1\x1f\x01\x00\xef\xe1\x1e\x02\x00\xef\xe1\x1c\x02\x00\xef\xe1\x18\x02\x00\xef\xe1\x10\x02\x00\xef\xe1\x00\x02\x00\xef'
2020-07-10 01:07:54.241780, cycle count 1319, gpio values 869097, 0, 0, 44350, status messages:  b'\xe1\x10\x01\x00\xef\xe1\x18\x01\x00\xef\xe1\x1c\x01\x00\xef\xe1\x1e\x01\x00\xef\xe1\x1f\x01\x00\xef\xe1\x1e\x02\x00\xef\xe1\x1c\x02\x00\xef\xe1\x18\x02\x00\xef\xe1\x10\x02\x00\xef\xe1\x00\x02\x00\xef'
2020-07-10 01:08:09.955047, cycle count 1320, gpio values 869692, 0, 0, 44386, status messages:  b'\xe1\x10\x01\x00\xef\xe1\x18\x01\x00\xef\xe1\x1c\x01\x00\xef\xe1\x1e\x01\x00\xef\xe1\x1f\x01\x00\xef\xe1\x1e\x02\x00\xef\xe1\x1c\x02\x00\xef\xe1\x18\x02\x00\xef\xe1\x10\x02\x00\xef\xe1\x00\x02\x00\xef'
2020-07-10 01:08:25.702103, cycle count 1321, gpio values 870287, 0, 0, 44422, status messages:  b'\xe1\x10\x01\x00\xef\xe1\x18\x01\x00\xef\xe1\x1c\x01\x00\xef\xe1\x1e\x01\x00\xef\xe1\x1f\x01\x00\xef\xe1\x1e\x02\x00\xef\xe1\x1c\x02\x00\xef\xe1\x18\x02\x00\xef\xe1\x10\x02\x00\xef\xe1\x00\x02\x00\xef'
2020-07-10 01:08:41.641954, cycle count 1322, gpio values 870917, 0, 0, 44458, status messages:  b'\xe1\x10\x01\x00\xef\xe1\x18\x01\x00\xef\xe1\x1c\x01\x00\xef\xe1\x1e\x01\x00\xef\xe1\x1f\x01\x00\xef\xe1\x1e\x02\x00\xef\xe1\x1c\x02\x00\xef\xe1\x18\x02\x00\xef\xe1\x10\x02\x00\xef\xe1\x00\x02\x00\xef'
2020-07-10 01:08:57.598629, cycle count 1323, gpio values 871547, 0, 0, 44494, status messages:  b'\xe1\x10\x01\x00\xef\xe1\x18\x01\x00\xef\xe1\x1c\x01\x00\xef\xe1\x1e\x01\x00\xef\xe1\x1f\x01\x00\xef\xe1\x1e\x02\x00\xef\xe1\x1c\x02\x00\xef\xe1\x18\x02\x00\xef\xe1\x10\x02\x00\xef\xe1\x00\x02\x00\xef'
2020-07-10 01:09:13.571761, cycle count 1324, gpio values 872177, 0, 0, 44530, status messages:  b'\xe1\x10\x01\x00\xef\xe1\x18\x01\x00\xef\xe1\x1c\x01\x00\xef\xe1\x1e\x01\x00\xef\xe1\x1f\x01\x00\xef\xe1\x1e\x02\x00\xef\xe1\x1c\x02\x00\xef\xe1\x18\x02\x00\xef\xe1\x10\x02\x00\xef\xe1\x00\x02\x00\xef'
2020-07-10 01:09:29.528267, cycle count 1325, gpio values 872807, 0, 0, 44566, status messages:  b'\xe1\x10\x01\x00\xef\xe1\x18\x01\x00\xef\xe1\x1c\x01\x00\xef\xe1\x1e\x01\x00\xef\xe1\x1f\x01\x00\xef\xe1\x1e\x02\x00\xef\xe1\x1c\x02\x00\xef\xe1\x18\x02\x00\xef\xe1\x10\x02\x00\xef\xe1\x00\x02\x00\xef'
2020-07-10 01:09:45.225125, cycle count 1326, gpio values 873402, 0, 0, 44602, status messages:  b'\xe1\x10\x01\x00\xef\xe1\x18\x01\x00\xef\xe1\x1c\x01\x00\xef\xe1\x1e\x01\x00\xef\xe1\x1f\x01\x00\xef\xe1\x1e\x02\x00\xef\xe1\x1c\x02\x00\xef\xe1\x18\x02\x00\xef\xe1\x10\x02\x00\xef\xe1\x00\x02\x00\xef'
2020-07-10 01:10:01.165243, cycle count 1327, gpio values 874032, 0, 0, 44638, status messages:  b'\xe1\x10\x01\x00\xef\xe1\x18\x01\x00\xef\xe1\x1c\x01\x00\xef\xe1\x1e\x01\x00\xef\xe1\x1f\x01\x00\xef\xe1\x1e\x02\x00\xef\xe1\x1c\x02\x00\xef\xe1\x18\x02\x00\xef\xe1\x10\x02\x00\xef\xe1\x00\x02\x00\xef'
2020-07-10 01:10:16.845140, cycle count 1328, gpio values 874627, 0, 0, 44674, status messages:  b'\xe1\x10\x01\x00\xef\xe1\x18\x01\x00\xef\xe1\x1c\x01\x00\xef\xe1\x1e\x01\x00\xef\xe1\x1f\x01\x00\xef\xe1\x1e\x02\x00\xef\xe1\x1c\x02\x00\xef\xe1\x18\x02\x00\xef\xe1\x10\x02\x00\xef\xe1\x00\x02\x00\xef'
2020-07-10 01:10:32.785975, cycle count 1329, gpio values 875257, 0, 0, 44710, status messages:  b'\xe1\x10\x01\x00\xef\xe1\x18\x01\x00\xef\xe1\x1c\x01\x00\xef\xe1\x1e\x01\x00\xef\xe1\x1f\x01\x00\xef\xe1\x1e\x02\x00\xef\xe1\x1c\x02\x00\xef\xe1\x18\x02\x00\xef\xe1\x10\x02\x00\xef\xe1\x00\x02\x00\xef'
2020-07-10 01:10:48.726274, cycle count 1330, gpio values 875887, 0, 0, 44746, status messages:  b'\xe1\x10\x01\x00\xef\xe1\x18\x01\x00\xef\xe1\x1c\x01\x00\xef\xe1\x1e\x01\x00\xef\xe1\x1f\x01\x00\xef\xe1\x1e\x02\x00\xef\xe1\x1c\x02\x00\xef\xe1\x18\x02\x00\xef\xe1\x10\x02\x00\xef\xe1\x00\x02\x00\xef'
2020-07-10 01:11:04.666036, cycle count 1331, gpio values 876517, 0, 0, 44782, status messages:  b'\xe1\x10\x01\x00\xef\xe1\x18\x01\x00\xef\xe1\x1c\x01\x00\xef\xe1\x1e\x01\x00\xef\xe1\x1f\x01\x00\xef\xe1\x1e\x02\x00\xef\xe1\x1c\x02\x00\xef\xe1\x18\x02\x00\xef\xe1\x10\x02\x00\xef\xe1\x00\x02\x00\xef'
2020-07-10 01:11:20.607045, cycle count 1332, gpio values 877147, 0, 0, 44818, status messages:  b'\xe1\x10\x01\x00\xef\xe1\x18\x01\x00\xef\xe1\x1c\x01\x00\xef\xe1\x1e\x01\x00\xef\xe1\x1f\x01\x00\xef\xe1\x1e\x02\x00\xef\xe1\x1c\x02\x00\xef\xe1\x18\x02\x00\xef\xe1\x10\x02\x00\xef\xe1\x00\x02\x00\xef'
2020-07-10 01:11:36.547401, cycle count 1333, gpio values 877777, 0, 0, 44854, status messages:  b'\xe1\x10\x01\x00\xef\xe1\x18\x01\x00\xef\xe1\x1c\x01\x00\xef\xe1\x1e\x01\x00\xef\xe1\x1f\x01\x00\xef\xe1\x1e\x02\x00\xef\xe1\x1c\x02\x00\xef\xe1\x18\x02\x00\xef\xe1\x10\x02\x00\xef\xe1\x00\x02\x00\xef'
2020-07-10 01:11:52.486203, cycle count 1334, gpio values 878407, 0, 0, 44890, status messages:  b'\xe1\x10\x01\x00\xef\xe1\x18\x01\x00\xef\xe1\x1c\x01\x00\xef\xe1\x1e\x01\x00\xef\xe1\x1f\x01\x00\xef\xe1\x1e\x02\x00\xef\xe1\x1c\x02\x00\xef\xe1\x18\x02\x00\xef\xe1\x10\x02\x00\xef\xe1\x00\x02\x00\xef'
2020-07-10 01:12:08.427142, cycle count 1335, gpio values 879037, 0, 0, 44926, status messages:  b'\xe1\x10\x01\x00\xef\xe1\x18\x01\x00\xef\xe1\x1c\x01\x00\xef\xe1\x1e\x01\x00\xef\xe1\x1f\x01\x00\xef\xe1\x1e\x02\x00\xef\xe1\x1c\x02\x00\xef\xe1\x18\x02\x00\xef\xe1\x10\x02\x00\xef\xe1\x00\x02\x00\xef'
2020-07-10 01:12:24.124642, cycle count 1336, gpio values 879632, 0, 0, 44962, status messages:  b'\xe1\x10\x01\x00\xef\xe1\x18\x01\x00\xef\xe1\x1c\x01\x00\xef\xe1\x1e\x01\x00\xef\xe1\x1f\x01\x00\xef\xe1\x1e\x02\x00\xef\xe1\x1c\x02\x00\xef\xe1\x18\x02\x00\xef\xe1\x10\x02\x00\xef\xe1\x00\x02\x00\xef'
2020-07-10 01:12:40.080539, cycle count 1337, gpio values 880262, 0, 0, 44990, status messages:  b'\xe1\x10\x01\x00\xef\xe1\x18\x01\x00\xef\xe1\x1c\x01\x00\xef\xe1\x1e\x01\x00\xef\xe1\x1f\x01\x00\xef\xe1\x1e\x02\x00\xef\xe1\x1c\x02\x00\xef\xe1\x18\x02\x00\xef\xe1\x10\x02\x00\xef\xe1\x00\x02\x00\xef'
2020-07-10 01:12:56.037536, cycle count 1338, gpio values 880892, 0, 0, 45018, status messages:  b'\xe1\x10\x01\x00\xef\xe1\x18\x01\x00\xef\xe1\x1c\x01\x00\xef\xe1\x1e\x01\x00\xef\xe1\x1f\x01\x00\xef\xe1\x1e\x02\x00\xef\xe1\x1c\x02\x00\xef\xe1\x18\x02\x00\xef\xe1\x10\x02\x00\xef\xe1\x00\x02\x00\xef'
2020-07-10 01:13:12.236655, cycle count 1339, gpio values 881522, 0, 0, 45063, status messages:  b'\xe1\x10\x01\x00\xef\xe1\x18\x01\x00\xef\xe1\x1c\x01\x00\xef\xe1\x1e\x01\x00\xef\xe1\x1f\x01\x00\xef\xe1\x1e\x02\x00\xef\xe1\x1c\x02\x00\xef\xe1\x18\x02\x00\xef\xe1\x10\x02\x00\xef\xe1\x00\x02\x00\xef'
2020-07-10 01:13:28.177269, cycle count 1340, gpio values 882152, 0, 0, 45091, status messages:  b'\xe1\x10\x01\x00\xef\xe1\x18\x01\x00\xef\xe1\x1c\x01\x00\xef\xe1\x1e\x01\x00\xef\xe1\x1f\x01\x00\xef\xe1\x1e\x02\x00\xef\xe1\x1c\x02\x00\xef\xe1\x18\x02\x00\xef\xe1\x10\x02\x00\xef\xe1\x00\x02\x00\xef'
2020-07-10 01:13:44.117361, cycle count 1341, gpio values 882782, 0, 0, 45119, status messages:  b'\xe1\x10\x01\x00\xef\xe1\x18\x01\x00\xef\xe1\x1c\x01\x00\xef\xe1\x1e\x01\x00\xef\xe1\x1f\x01\x00\xef\xe1\x1e\x02\x00\xef\xe1\x1c\x02\x00\xef\xe1\x18\x02\x00\xef\xe1\x10\x02\x00\xef\xe1\x00\x02\x00\xef'
2020-07-10 01:14:00.333216, cycle count 1342, gpio values 883412, 0, 0, 45155, status messages:  b'\xe1\x10\x01\x00\xef\xe1\x18\x01\x00\xef\xe1\x1c\x01\x00\xef\xe1\x1e\x01\x00\xef\xe1\x1f\x01\x00\xef\xe1\x1e\x02\x00\xef\xe1\x1c\x02\x00\xef\xe1\x18\x02\x00\xef\xe1\x10\x02\x00\xef\xe1\x00\x02\x00\xef'
2020-07-10 01:14:16.273152, cycle count 1343, gpio values 884042, 0, 0, 45183, status messages:  b'\xe1\x10\x01\x00\xef\xe1\x18\x01\x00\xef\xe1\x1c\x01\x00\xef\xe1\x1e\x01\x00\xef\xe1\x1f\x01\x00\xef\xe1\x1e\x02\x00\xef\xe1\x1c\x02\x00\xef\xe1\x18\x02\x00\xef\xe1\x10\x02\x00\xef\xe1\x00\x02\x00\xef'
2020-07-10 01:14:32.213768, cycle count 1344, gpio values 884672, 0, 0, 45211, status messages:  b'\xe1\x10\x01\x00\xef\xe1\x18\x01\x00\xef\xe1\x1c\x01\x00\xef\xe1\x1e\x01\x00\xef\xe1\x1f\x01\x00\xef\xe1\x1e\x02\x00\xef\xe1\x1c\x02\x00\xef\xe1\x18\x02\x00\xef\xe1\x10\x02\x00\xef\xe1\x00\x02\x00\xef'
2020-07-10 01:14:48.412139, cycle count 1345, gpio values 885302, 0, 0, 45247, status messages:  b'\xe1\x10\x01\x00\xef\xe1\x18\x01\x00\xef\xe1\x1c\x01\x00\xef\xe1\x1e\x01\x00\xef\xe1\x1f\x01\x00\xef\xe1\x1e\x02\x00\xef\xe1\x1c\x02\x00\xef\xe1\x18\x02\x00\xef\xe1\x10\x02\x00\xef\xe1\x00\x02\x00\xef'
2020-07-10 01:15:04.352704, cycle count 1346, gpio values 885932, 0, 0, 45275, status messages:  b'\xe1\x10\x01\x00\xef\xe1\x18\x01\x00\xef\xe1\x1c\x01\x00\xef\xe1\x1e\x01\x00\xef\xe1\x1f\x01\x00\xef\xe1\x1e\x02\x00\xef\xe1\x1c\x02\x00\xef\xe1\x18\x02\x00\xef\xe1\x10\x02\x00\xef\xe1\x00\x02\x00\xef'
2020-07-10 01:15:20.293007, cycle count 1347, gpio values 886562, 0, 0, 45303, status messages:  b'\xe1\x10\x01\x00\xef\xe1\x18\x01\x00\xef\xe1\x1c\x01\x00\xef\xe1\x1e\x01\x00\xef\xe1\x1f\x01\x00\xef\xe1\x1e\x02\x00\xef\xe1\x1c\x02\x00\xef\xe1\x18\x02\x00\xef\xe1\x10\x02\x00\xef\xe1\x00\x02\x00\xef'
2020-07-10 01:15:36.233523, cycle count 1348, gpio values 887192, 0, 0, 45331, status messages:  b'\xe1\x10\x01\x00\xef\xe1\x18\x01\x00\xef\xe1\x1c\x01\x00\xef\xe1\x1e\x01\x00\xef\xe1\x1f\x01\x00\xef\xe1\x1e\x02\x00\xef\xe1\x1c\x02\x00\xef\xe1\x18\x02\x00\xef\xe1\x10\x02\x00\xef\xe1\x00\x02\x00\xef'
2020-07-10 01:15:52.174142, cycle count 1349, gpio values 887822, 0, 0, 45367, status messages:  b'\xe1\x10\x01\x00\xef\xe1\x18\x01\x00\xef\xe1\x1c\x01\x00\xef\xe1\x1e\x01\x00\xef\xe1\x1f\x01\x00\xef\xe1\x1e\x02\x00\xef\xe1\x1c\x02\x00\xef\xe1\x18\x02\x00\xef\xe1\x10\x02\x00\xef\xe1\x00\x02\x00\xef'
2020-07-10 01:16:08.113753, cycle count 1350, gpio values 888452, 0, 0, 45395, status messages:  b'\xe1\x10\x01\x00\xef\xe1\x18\x01\x00\xef\xe1\x1c\x01\x00\xef\xe1\x1e\x01\x00\xef\xe1\x1f\x01\x00\xef\xe1\x1e\x02\x00\xef\xe1\x1c\x02\x00\xef\xe1\x18\x02\x00\xef\xe1\x10\x02\x00\xef\xe1\x00\x02\x00\xef'
2020-07-10 01:16:24.054090, cycle count 1351, gpio values 889082, 0, 0, 45431, status messages:  b'\xe1\x10\x01\x00\xef\xe1\x18\x01\x00\xef\xe1\x1c\x01\x00\xef\xe1\x1e\x01\x00\xef\xe1\x1f\x01\x00\xef\xe1\x1e\x02\x00\xef\xe1\x1c\x02\x00\xef\xe1\x18\x02\x00\xef\xe1\x10\x02\x00\xef\xe1\x00\x02\x00\xef'
2020-07-10 01:16:40.074741, cycle count 1352, gpio values 889712, 0, 0, 45459, status messages:  b'\xe1\x10\x01\x00\xef\xe1\x18\x01\x00\xef\xe1\x1c\x01\x00\xef\xe1\x1e\x01\x00\xef\xe1\x1f\x01\x00\xef\xe1\x1e\x02\x00\xef\xe1\x1c\x02\x00\xef\xe1\x18\x02\x00\xef\xe1\x10\x02\x00\xef\xe1\x00\x02\x00\xef'
2020-07-10 01:16:56.046564, cycle count 1353, gpio values 890342, 0, 0, 45487, status messages:  b'\xe1\x10\x01\x00\xef\xe1\x18\x01\x00\xef\xe1\x1c\x01\x00\xef\xe1\x1e\x01\x00\xef\xe1\x1f\x01\x00\xef\xe1\x1e\x02\x00\xef\xe1\x1c\x02\x00\xef\xe1\x18\x02\x00\xef\xe1\x10\x02\x00\xef\xe1\x00\x02\x00\xef'
2020-07-10 01:17:12.295517, cycle count 1354, gpio values 890972, 0, 0, 45523, status messages:  b'\xe1\x10\x01\x00\xef\xe1\x18\x01\x00\xef\xe1\x1c\x01\x00\xef\xe1\x1e\x01\x00\xef\xe1\x1f\x01\x00\xef\xe1\x1e\x02\x00\xef\xe1\x1c\x02\x00\xef\xe1\x18\x02\x00\xef\xe1\x10\x02\x00\xef\xe1\x00\x02\x00\xef'
2020-07-10 01:17:28.526584, cycle count 1355, gpio values 891602, 0, 0, 45559, status messages:  b'\xe1\x10\x01\x00\xef\xe1\x18\x01\x00\xef\xe1\x1c\x01\x00\xef\xe1\x1e\x01\x00\xef\xe1\x1f\x01\x00\xef\xe1\x1e\x02\x00\xef\xe1\x1c\x02\x00\xef\xe1\x18\x02\x00\xef\xe1\x10\x02\x00\xef\xe1\x00\x02\x00\xef'
2020-07-10 01:17:44.742150, cycle count 1356, gpio values 892268, 0, 0, 45595, status messages:  b'\xe1\x10\x01\x00\xef\xe1\x18\x01\x00\xef\xe1\x1c\x01\x00\xef\xe1\x1e\x01\x00\xef\xe1\x1f\x01\x00\xef\xe1\x1e\x02\x00\xef\xe1\x1c\x02\x00\xef\xe1\x18\x02\x00\xef\xe1\x10\x02\x00\xef\xe1\x00\x02\x00\xef'
2020-07-10 01:18:00.941866, cycle count 1357, gpio values 892898, 0, 0, 45631, status messages:  b'\xe1\x10\x01\x00\xef\xe1\x18\x01\x00\xef\xe1\x1c\x01\x00\xef\xe1\x1e\x01\x00\xef\xe1\x1f\x01\x00\xef\xe1\x1e\x02\x00\xef\xe1\x1c\x02\x00\xef\xe1\x18\x02\x00\xef\xe1\x10\x02\x00\xef\xe1\x00\x02\x00\xef'
2020-07-10 01:18:17.156947, cycle count 1358, gpio values 893528, 0, 0, 45667, status messages:  b'\xe1\x10\x01\x00\xef\xe1\x18\x01\x00\xef\xe1\x1c\x01\x00\xef\xe1\x1e\x01\x00\xef\xe1\x1f\x01\x00\xef\xe1\x1e\x02\x00\xef\xe1\x1c\x02\x00\xef\xe1\x18\x02\x00\xef\xe1\x10\x02\x00\xef\xe1\x00\x02\x00\xef'
2020-07-10 01:18:33.356767, cycle count 1359, gpio values 894158, 0, 0, 45703, status messages:  b'\xe1\x10\x01\x00\xef\xe1\x18\x01\x00\xef\xe1\x1c\x01\x00\xef\xe1\x1e\x01\x00\xef\xe1\x1f\x01\x00\xef\xe1\x1e\x02\x00\xef\xe1\x1c\x02\x00\xef\xe1\x18\x02\x00\xef\xe1\x10\x02\x00\xef\xe1\x00\x02\x00\xef'
2020-07-10 01:18:49.296736, cycle count 1360, gpio values 894788, 0, 0, 45731, status messages:  b'\xe1\x10\x01\x00\xef\xe1\x18\x01\x00\xef\xe1\x1c\x01\x00\xef\xe1\x1e\x01\x00\xef\xe1\x1f\x01\x00\xef\xe1\x1e\x02\x00\xef\xe1\x1c\x02\x00\xef\xe1\x18\x02\x00\xef\xe1\x10\x02\x00\xef\xe1\x00\x02\x00\xef'
2020-07-10 01:19:05.644185, cycle count 1361, gpio values 895418, 0, 0, 45767, status messages:  b'\xe1\x10\x01\x00\xef\xe1\x18\x01\x00\xef\xe1\x1c\x01\x00\xef\xe1\x1e\x01\x00\xef\xe1\x1f\x01\x00\xef\xe1\x1e\x02\x00\xef\xe1\x1c\x02\x00\xef\xe1\x18\x02\x00\xef\xe1\x10\x02\x00\xef\xe1\x00\x02\x00\xef'
2020-07-10 01:19:22.119223, cycle count 1362, gpio values 896084, 0, 0, 45803, status messages:  b'\xe1\x10\x01\x00\xef\xe1\x18\x01\x00\xef\xe1\x1c\x01\x00\xef\xe1\x1e\x01\x00\xef\xe1\x1f\x01\x00\xef\xe1\x1e\x02\x00\xef\xe1\x1c\x02\x00\xef\xe1\x18\x02\x00\xef\xe1\x10\x02\x00\xef\xe1\x00\x02\x00\xef'
2020-07-10 01:19:38.074932, cycle count 1363, gpio values 896714, 0, 0, 45831, status messages:  b'\xe1\x10\x01\x00\xef\xe1\x18\x01\x00\xef\xe1\x1c\x01\x00\xef\xe1\x1e\x01\x00\xef\xe1\x1f\x01\x00\xef\xe1\x1e\x02\x00\xef\xe1\x1c\x02\x00\xef\xe1\x18\x02\x00\xef\xe1\x10\x02\x00\xef\xe1\x00\x02\x00\xef'
2020-07-10 01:19:54.274450, cycle count 1364, gpio values 897344, 0, 0, 45867, status messages:  b'\xe1\x10\x01\x00\xef\xe1\x18\x01\x00\xef\xe1\x1c\x01\x00\xef\xe1\x1e\x01\x00\xef\xe1\x1f\x01\x00\xef\xe1\x1e\x02\x00\xef\xe1\x1c\x02\x00\xef\xe1\x18\x02\x00\xef\xe1\x10\x02\x00\xef\xe1\x00\x02\x00\xef'
2020-07-10 01:20:10.602682, cycle count 1365, gpio values 897974, 0, 0, 45903, status messages:  b'\xe1\x10\x01\x00\xef\xe1\x18\x01\x00\xef\xe1\x1c\x01\x00\xef\xe1\x1e\x01\x00\xef\xe1\x1f\x01\x00\xef\xe1\x1e\x02\x00\xef\xe1\x1c\x02\x00\xef\xe1\x18\x02\x00\xef\xe1\x10\x02\x00\xef\xe1\x00\x02\x00\xef'
2020-07-10 01:20:26.801580, cycle count 1366, gpio values 898604, 0, 0, 45939, status messages:  b'\xe1\x10\x01\x00\xef\xe1\x18\x01\x00\xef\xe1\x1c\x01\x00\xef\xe1\x1e\x01\x00\xef\xe1\x1f\x01\x00\xef\xe1\x1e\x02\x00\xef\xe1\x1c\x02\x00\xef\xe1\x18\x02\x00\xef\xe1\x10\x02\x00\xef\xe1\x00\x02\x00\xef'
2020-07-10 01:20:42.775065, cycle count 1367, gpio values 899234, 0, 0, 45967, status messages:  b'\xe1\x10\x01\x00\xef\xe1\x18\x01\x00\xef\xe1\x1c\x01\x00\xef\xe1\x1e\x01\x00\xef\xe1\x1f\x01\x00\xef\xe1\x1e\x02\x00\xef\xe1\x1c\x02\x00\xef\xe1\x18\x02\x00\xef\xe1\x10\x02\x00\xef\xe1\x00\x02\x00\xef'
2020-07-10 01:20:58.974360, cycle count 1368, gpio values 899864, 0, 0, 46003, status messages:  b'\xe1\x10\x01\x00\xef\xe1\x18\x01\x00\xef\xe1\x1c\x01\x00\xef\xe1\x1e\x01\x00\xef\xe1\x1f\x01\x00\xef\xe1\x1e\x02\x00\xef\xe1\x1c\x02\x00\xef\xe1\x18\x02\x00\xef\xe1\x10\x02\x00\xef\xe1\x00\x02\x00\xef'
2020-07-10 01:21:15.449341, cycle count 1369, gpio values 900530, 0, 0, 46039, status messages:  b'\xe1\x10\x01\x00\xef\xe1\x18\x01\x00\xef\xe1\x1c\x01\x00\xef\xe1\x1e\x01\x00\xef\xe1\x1f\x01\x00\xef\xe1\x1e\x02\x00\xef\xe1\x1c\x02\x00\xef\xe1\x18\x02\x00\xef\xe1\x10\x02\x00\xef\xe1\x00\x02\x00\xef'
2020-07-10 01:21:31.665109, cycle count 1370, gpio values 901160, 0, 0, 46075, status messages:  b'\xe1\x10\x01\x00\xef\xe1\x18\x01\x00\xef\xe1\x1c\x01\x00\xef\xe1\x1e\x01\x00\xef\xe1\x1f\x01\x00\xef\xe1\x1e\x02\x00\xef\xe1\x1c\x02\x00\xef\xe1\x18\x02\x00\xef\xe1\x10\x02\x00\xef\xe1\x00\x02\x00\xef'
2020-07-10 01:21:48.122217, cycle count 1371, gpio values 901826, 0, 0, 46111, status messages:  b'\xe1\x10\x01\x00\xef\xe1\x18\x01\x00\xef\xe1\x1c\x01\x00\xef\xe1\x1e\x01\x00\xef\xe1\x1f\x01\x00\xef\xe1\x1e\x02\x00\xef\xe1\x1c\x02\x00\xef\xe1\x18\x02\x00\xef\xe1\x10\x02\x00\xef\xe1\x00\x02\x00\xef'
2020-07-10 01:22:04.581389, cycle count 1372, gpio values 902492, 0, 0, 46147, status messages:  b'\xe1\x10\x01\x00\xef\xe1\x18\x01\x00\xef\xe1\x1c\x01\x00\xef\xe1\x1e\x01\x00\xef\xe1\x1f\x01\x00\xef\xe1\x1e\x02\x00\xef\xe1\x1c\x02\x00\xef\xe1\x18\x02\x00\xef\xe1\x10\x02\x00\xef\xe1\x00\x02\x00\xef'
2020-07-10 01:22:20.796141, cycle count 1373, gpio values 903122, 0, 0, 46183, status messages:  b'\xe1\x10\x01\x00\xef\xe1\x18\x01\x00\xef\xe1\x1c\x01\x00\xef\xe1\x1e\x01\x00\xef\xe1\x1f\x01\x00\xef\xe1\x1e\x02\x00\xef\xe1\x1c\x02\x00\xef\xe1\x18\x02\x00\xef\xe1\x10\x02\x00\xef\xe1\x00\x02\x00\xef'
2020-07-10 01:22:37.254124, cycle count 1374, gpio values 903788, 0, 0, 46219, status messages:  b'\xe1\x10\x01\x00\xef\xe1\x18\x01\x00\xef\xe1\x1c\x01\x00\xef\xe1\x1e\x01\x00\xef\xe1\x1f\x01\x00\xef\xe1\x1e\x02\x00\xef\xe1\x1c\x02\x00\xef\xe1\x18\x02\x00\xef\xe1\x10\x02\x00\xef\xe1\x00\x02\x00\xef'
2020-07-10 01:22:53.713053, cycle count 1375, gpio values 904454, 0, 0, 46255, status messages:  b'\xe1\x10\x01\x00\xef\xe1\x18\x01\x00\xef\xe1\x1c\x01\x00\xef\xe1\x1e\x01\x00\xef\xe1\x1f\x01\x00\xef\xe1\x1e\x02\x00\xef\xe1\x1c\x02\x00\xef\xe1\x18\x02\x00\xef\xe1\x10\x02\x00\xef\xe1\x00\x02\x00\xef'
2020-07-10 01:23:10.170547, cycle count 1376, gpio values 905120, 0, 0, 46291, status messages:  b'\xe1\x10\x01\x00\xef\xe1\x18\x01\x00\xef\xe1\x1c\x01\x00\xef\xe1\x1e\x01\x00\xef\xe1\x1f\x01\x00\xef\xe1\x1e\x02\x00\xef\xe1\x1c\x02\x00\xef\xe1\x18\x02\x00\xef\xe1\x10\x02\x00\xef\xe1\x00\x02\x00\xef'
2020-07-10 01:23:26.645109, cycle count 1377, gpio values 905786, 0, 0, 46327, status messages:  b'\xe1\x10\x01\x00\xef\xe1\x18\x01\x00\xef\xe1\x1c\x01\x00\xef\xe1\x1e\x01\x00\xef\xe1\x1f\x01\x00\xef\xe1\x1e\x02\x00\xef\xe1\x1c\x02\x00\xef\xe1\x18\x02\x00\xef\xe1\x10\x02\x00\xef\xe1\x00\x02\x00\xef'
2020-07-10 01:23:42.600334, cycle count 1378, gpio values 906416, 0, 0, 46355, status messages:  b'\xe1\x10\x01\x00\xef\xe1\x18\x01\x00\xef\xe1\x1c\x01\x00\xef\xe1\x1e\x01\x00\xef\xe1\x1f\x01\x00\xef\xe1\x1e\x02\x00\xef\xe1\x1c\x02\x00\xef\xe1\x18\x02\x00\xef\xe1\x10\x02\x00\xef\xe1\x00\x02\x00\xef'
2020-07-10 01:23:58.800392, cycle count 1379, gpio values 907046, 0, 0, 46391, status messages:  b'\xe1\x10\x01\x00\xef\xe1\x18\x01\x00\xef\xe1\x1c\x01\x00\xef\xe1\x1e\x01\x00\xef\xe1\x1f\x01\x00\xef\xe1\x1e\x02\x00\xef\xe1\x1c\x02\x00\xef\xe1\x18\x02\x00\xef\xe1\x10\x02\x00\xef\xe1\x00\x02\x00\xef'
2020-07-10 01:24:14.773139, cycle count 1380, gpio values 907676, 0, 0, 46419, status messages:  b'\xe1\x10\x01\x00\xef\xe1\x18\x01\x00\xef\xe1\x1c\x01\x00\xef\xe1\x1e\x01\x00\xef\xe1\x1f\x01\x00\xef\xe1\x1e\x02\x00\xef\xe1\x1c\x02\x00\xef\xe1\x18\x02\x00\xef\xe1\x10\x02\x00\xef\xe1\x00\x02\x00\xef'
2020-07-10 01:24:30.972548, cycle count 1381, gpio values 908306, 0, 0, 46455, status messages:  b'\xe1\x10\x01\x00\xef\xe1\x18\x01\x00\xef\xe1\x1c\x01\x00\xef\xe1\x1e\x01\x00\xef\xe1\x1f\x01\x00\xef\xe1\x1e\x02\x00\xef\xe1\x1c\x02\x00\xef\xe1\x18\x02\x00\xef\xe1\x10\x02\x00\xef\xe1\x00\x02\x00\xef'
2020-07-10 01:24:47.268004, cycle count 1382, gpio values 908936, 0, 0, 46491, status messages:  b'\xe1\x10\x01\x00\xef\xe1\x18\x01\x00\xef\xe1\x1c\x01\x00\xef\xe1\x1e\x01\x00\xef\xe1\x1f\x01\x00\xef\xe1\x1e\x02\x00\xef\xe1\x1c\x02\x00\xef\xe1\x18\x02\x00\xef\xe1\x10\x02\x00\xef\xe1\x00\x02\x00\xef'
2020-07-10 01:25:03.468457, cycle count 1383, gpio values 909566, 0, 0, 46527, status messages:  b'\xe1\x10\x01\x00\xef\xe1\x18\x01\x00\xef\xe1\x1c\x01\x00\xef\xe1\x1e\x01\x00\xef\xe1\x1f\x01\x00\xef\xe1\x1e\x02\x00\xef\xe1\x1c\x02\x00\xef\xe1\x18\x02\x00\xef\xe1\x10\x02\x00\xef\xe1\x00\x02\x00\xef'
2020-07-10 01:25:19.925426, cycle count 1384, gpio values 910232, 0, 0, 46563, status messages:  b'\xe1\x10\x01\x00\xef\xe1\x18\x01\x00\xef\xe1\x1c\x01\x00\xef\xe1\x1e\x01\x00\xef\xe1\x1f\x01\x00\xef\xe1\x1e\x02\x00\xef\xe1\x1c\x02\x00\xef\xe1\x18\x02\x00\xef\xe1\x10\x02\x00\xef\xe1\x00\x02\x00\xef'
2020-07-10 01:25:36.141838, cycle count 1385, gpio values 910862, 0, 0, 46599, status messages:  b'\xe1\x10\x01\x00\xef\xe1\x18\x01\x00\xef\xe1\x1c\x01\x00\xef\xe1\x1e\x01\x00\xef\xe1\x1f\x01\x00\xef\xe1\x1e\x02\x00\xef\xe1\x1c\x02\x00\xef\xe1\x18\x02\x00\xef\xe1\x10\x02\x00\xef\xe1\x00\x02\x00\xef'
2020-07-10 01:25:52.600072, cycle count 1386, gpio values 911528, 0, 0, 46635, status messages:  b'\xe1\x10\x01\x00\xef\xe1\x18\x01\x00\xef\xe1\x1c\x01\x00\xef\xe1\x1e\x01\x00\xef\xe1\x1f\x01\x00\xef\xe1\x1e\x02\x00\xef\xe1\x1c\x02\x00\xef\xe1\x18\x02\x00\xef\xe1\x10\x02\x00\xef\xe1\x00\x02\x00\xef'
2020-07-10 01:26:09.106280, cycle count 1387, gpio values 912194, 0, 0, 46671, status messages:  b'\xe1\x10\x01\x00\xef\xe1\x18\x01\x00\xef\xe1\x1c\x01\x00\xef\xe1\x1e\x01\x00\xef\xe1\x1f\x01\x00\xef\xe1\x1e\x02\x00\xef\xe1\x1c\x02\x00\xef\xe1\x18\x02\x00\xef\xe1\x10\x02\x00\xef\xe1\x00\x02\x00\xef'
2020-07-10 01:26:25.565819, cycle count 1388, gpio values 912860, 0, 0, 46707, status messages:  b'\xe1\x10\x01\x00\xef\xe1\x18\x01\x00\xef\xe1\x1c\x01\x00\xef\xe1\x1e\x01\x00\xef\xe1\x1f\x01\x00\xef\xe1\x1e\x02\x00\xef\xe1\x1c\x02\x00\xef\xe1\x18\x02\x00\xef\xe1\x10\x02\x00\xef\xe1\x00\x02\x00\xef'
2020-07-10 01:26:41.780431, cycle count 1389, gpio values 913490, 0, 0, 46743, status messages:  b'\xe1\x10\x01\x00\xef\xe1\x18\x01\x00\xef\xe1\x1c\x01\x00\xef\xe1\x1e\x01\x00\xef\xe1\x1f\x01\x00\xef\xe1\x1e\x02\x00\xef\xe1\x1c\x02\x00\xef\xe1\x18\x02\x00\xef\xe1\x10\x02\x00\xef\xe1\x00\x02\x00\xef'
2020-07-10 01:26:58.239060, cycle count 1390, gpio values 914156, 0, 0, 46779, status messages:  b'\xe1\x10\x01\x00\xef\xe1\x18\x01\x00\xef\xe1\x1c\x01\x00\xef\xe1\x1e\x01\x00\xef\xe1\x1f\x01\x00\xef\xe1\x1e\x02\x00\xef\xe1\x1c\x02\x00\xef\xe1\x18\x02\x00\xef\xe1\x10\x02\x00\xef\xe1\x00\x02\x00\xef'
2020-07-10 01:27:14.454330, cycle count 1391, gpio values 914786, 0, 0, 46815, status messages:  b'\xe1\x10\x01\x00\xef\xe1\x18\x01\x00\xef\xe1\x1c\x01\x00\xef\xe1\x1e\x01\x00\xef\xe1\x1f\x01\x00\xef\xe1\x1e\x02\x00\xef\xe1\x1c\x02\x00\xef\xe1\x18\x02\x00\xef\xe1\x10\x02\x00\xef\xe1\x00\x02\x00\xef'
2020-07-10 01:27:30.912218, cycle count 1392, gpio values 915452, 0, 0, 46851, status messages:  b'\xe1\x10\x01\x00\xef\xe1\x18\x01\x00\xef\xe1\x1c\x01\x00\xef\xe1\x1e\x01\x00\xef\xe1\x1f\x01\x00\xef\xe1\x1e\x02\x00\xef\xe1\x1c\x02\x00\xef\xe1\x18\x02\x00\xef\xe1\x10\x02\x00\xef\xe1\x00\x02\x00\xef'
2020-07-10 01:27:47.387415, cycle count 1393, gpio values 916118, 0, 0, 46887, status messages:  b'\xe1\x10\x01\x00\xef\xe1\x18\x01\x00\xef\xe1\x1c\x01\x00\xef\xe1\x1e\x01\x00\xef\xe1\x1f\x01\x00\xef\xe1\x1e\x02\x00\xef\xe1\x1c\x02\x00\xef\xe1\x18\x02\x00\xef\xe1\x10\x02\x00\xef\xe1\x00\x02\x00\xef'
2020-07-10 01:28:03.601440, cycle count 1394, gpio values 916748, 0, 0, 46923, status messages:  b'\xe1\x10\x01\x00\xef\xe1\x18\x01\x00\xef\xe1\x1c\x01\x00\xef\xe1\x1e\x01\x00\xef\xe1\x1f\x01\x00\xef\xe1\x1e\x02\x00\xef\xe1\x1c\x02\x00\xef\xe1\x18\x02\x00\xef\xe1\x10\x02\x00\xef\xe1\x00\x02\x00\xef'
2020-07-10 01:28:20.060561, cycle count 1395, gpio values 917414, 0, 0, 46959, status messages:  b'\xe1\x10\x01\x00\xef\xe1\x18\x01\x00\xef\xe1\x1c\x01\x00\xef\xe1\x1e\x01\x00\xef\xe1\x1f\x01\x00\xef\xe1\x1e\x02\x00\xef\xe1\x1c\x02\x00\xef\xe1\x18\x02\x00\xef\xe1\x10\x02\x00\xef\xe1\x00\x02\x00\xef'
2020-07-10 01:28:36.518251, cycle count 1396, gpio values 918080, 0, 0, 46995, status messages:  b'\xe1\x10\x01\x00\xef\xe1\x18\x01\x00\xef\xe1\x1c\x01\x00\xef\xe1\x1e\x01\x00\xef\xe1\x1f\x01\x00\xef\xe1\x1e\x02\x00\xef\xe1\x1c\x02\x00\xef\xe1\x18\x02\x00\xef\xe1\x10\x02\x00\xef\xe1\x00\x02\x00\xef'
2020-07-10 01:28:52.718162, cycle count 1397, gpio values 918710, 0, 0, 47031, status messages:  b'\xe1\x10\x01\x00\xef\xe1\x18\x01\x00\xef\xe1\x1c\x01\x00\xef\xe1\x1e\x01\x00\xef\xe1\x1f\x01\x00\xef\xe1\x1e\x02\x00\xef\xe1\x1c\x02\x00\xef\xe1\x18\x02\x00\xef\xe1\x10\x02\x00\xef\xe1\x00\x02\x00\xef'
2020-07-10 01:29:09.175790, cycle count 1398, gpio values 919376, 0, 0, 47067, status messages:  b'\xe1\x10\x01\x00\xef\xe1\x18\x01\x00\xef\xe1\x1c\x01\x00\xef\xe1\x1e\x01\x00\xef\xe1\x1f\x01\x00\xef\xe1\x1e\x02\x00\xef\xe1\x1c\x02\x00\xef\xe1\x18\x02\x00\xef\xe1\x10\x02\x00\xef\xe1\x00\x02\x00\xef'
2020-07-10 01:29:25.633505, cycle count 1399, gpio values 920042, 0, 0, 47103, status messages:  b'\xe1\x10\x01\x00\xef\xe1\x18\x01\x00\xef\xe1\x1c\x01\x00\xef\xe1\x1e\x01\x00\xef\xe1\x1f\x01\x00\xef\xe1\x1e\x02\x00\xef\xe1\x1c\x02\x00\xef\xe1\x18\x02\x00\xef\xe1\x10\x02\x00\xef\xe1\x00\x02\x00\xef'
2020-07-10 01:29:42.107936, cycle count 1400, gpio values 920708, 0, 0, 47139, status messages:  b'\xe1\x10\x01\x00\xef\xe1\x18\x01\x00\xef\xe1\x1c\x01\x00\xef\xe1\x1e\x01\x00\xef\xe1\x1f\x01\x00\xef\xe1\x1e\x02\x00\xef\xe1\x1c\x02\x00\xef\xe1\x18\x02\x00\xef\xe1\x10\x02\x00\xef\xe1\x00\x02\x00\xef'
2020-07-10 01:29:58.583495, cycle count 1401, gpio values 921374, 0, 0, 47175, status messages:  b'\xe1\x10\x01\x00\xef\xe1\x18\x01\x00\xef\xe1\x1c\x01\x00\xef\xe1\x1e\x01\x00\xef\xe1\x1f\x01\x00\xef\xe1\x1e\x02\x00\xef\xe1\x1c\x02\x00\xef\xe1\x18\x02\x00\xef\xe1\x10\x02\x00\xef\xe1\x00\x02\x00\xef'
2020-07-10 01:30:14.782937, cycle count 1402, gpio values 922004, 0, 0, 47211, status messages:  b'\xe1\x10\x01\x00\xef\xe1\x18\x01\x00\xef\xe1\x1c\x01\x00\xef\xe1\x1e\x01\x00\xef\xe1\x1f\x01\x00\xef\xe1\x1e\x02\x00\xef\xe1\x1c\x02\x00\xef\xe1\x18\x02\x00\xef\xe1\x10\x02\x00\xef\xe1\x00\x02\x00\xef'
2020-07-10 01:30:31.240521, cycle count 1403, gpio values 922670, 0, 0, 47247, status messages:  b'\xe1\x10\x01\x00\xef\xe1\x18\x01\x00\xef\xe1\x1c\x01\x00\xef\xe1\x1e\x01\x00\xef\xe1\x1f\x01\x00\xef\xe1\x1e\x02\x00\xef\xe1\x1c\x02\x00\xef\xe1\x18\x02\x00\xef\xe1\x10\x02\x00\xef\xe1\x00\x02\x00\xef'
2020-07-10 01:30:47.699448, cycle count 1404, gpio values 923336, 0, 0, 47283, status messages:  b'\xe1\x10\x01\x00\xef\xe1\x18\x01\x00\xef\xe1\x1c\x01\x00\xef\xe1\x1e\x01\x00\xef\xe1\x1f\x01\x00\xef\xe1\x1e\x02\x00\xef\xe1\x1c\x02\x00\xef\xe1\x18\x02\x00\xef\xe1\x10\x02\x00\xef\xe1\x00\x02\x00\xef'
2020-07-10 01:31:04.156964, cycle count 1405, gpio values 924002, 0, 0, 47319, status messages:  b'\xe1\x10\x01\x00\xef\xe1\x18\x01\x00\xef\xe1\x1c\x01\x00\xef\xe1\x1e\x01\x00\xef\xe1\x1f\x01\x00\xef\xe1\x1e\x02\x00\xef\xe1\x1c\x02\x00\xef\xe1\x18\x02\x00\xef\xe1\x10\x02\x00\xef\xe1\x00\x02\x00\xef'
2020-07-10 01:31:20.615029, cycle count 1406, gpio values 924668, 0, 0, 47347, status messages:  b'\xe1\x10\x01\x00\xef\xe1\x18\x01\x00\xef\xe1\x1c\x01\x00\xef\xe1\x1e\x01\x00\xef\xe1\x1f\x01\x00\xef\xe1\x1e\x02\x00\xef\xe1\x1c\x02\x00\xef\xe1\x18\x02\x00\xef\xe1\x10\x02\x00\xef\xe1\x00\x02\x00\xef'
2020-07-10 01:31:37.073836, cycle count 1407, gpio values 925334, 0, 0, 47383, status messages:  b'\xe1\x10\x01\x00\xef\xe1\x18\x01\x00\xef\xe1\x1c\x01\x00\xef\xe1\x1e\x01\x00\xef\xe1\x1f\x01\x00\xef\xe1\x1e\x02\x00\xef\xe1\x1c\x02\x00\xef\xe1\x18\x02\x00\xef\xe1\x10\x02\x00\xef\xe1\x00\x02\x00\xef'
2020-07-10 01:31:53.548143, cycle count 1408, gpio values 926037, 0, 0, 47419, status messages:  b'\xe1\x10\x01\x00\xef\xe1\x18\x01\x00\xef\xe1\x1c\x01\x00\xef\xe1\x1e\x01\x00\xef\xe1\x1f\x01\x00\xef\xe1\x1e\x02\x00\xef\xe1\x1c\x02\x00\xef\xe1\x18\x02\x00\xef\xe1\x10\x02\x00\xef\xe1\x00\x02\x00\xef'
2020-07-10 01:32:09.762833, cycle count 1409, gpio values 926667, 0, 0, 47455, status messages:  b'\xe1\x10\x01\x00\xef\xe1\x18\x01\x00\xef\xe1\x1c\x01\x00\xef\xe1\x1e\x01\x00\xef\xe1\x1f\x01\x00\xef\xe1\x1e\x02\x00\xef\xe1\x1c\x02\x00\xef\xe1\x18\x02\x00\xef\xe1\x10\x02\x00\xef\xe1\x00\x02\x00\xef'
2020-07-10 01:32:25.978779, cycle count 1410, gpio values 927297, 0, 0, 47491, status messages:  b'\xe1\x10\x01\x00\xef\xe1\x18\x01\x00\xef\xe1\x1c\x01\x00\xef\xe1\x1e\x01\x00\xef\xe1\x1f\x01\x00\xef\xe1\x1e\x02\x00\xef\xe1\x1c\x02\x00\xef\xe1\x18\x02\x00\xef\xe1\x10\x02\x00\xef\xe1\x00\x02\x00\xef'
2020-07-10 01:32:42.437075, cycle count 1411, gpio values 927963, 0, 0, 47527, status messages:  b'\xe1\x10\x01\x00\xef\xe1\x18\x01\x00\xef\xe1\x1c\x01\x00\xef\xe1\x1e\x01\x00\xef\xe1\x1f\x01\x00\xef\xe1\x1e\x02\x00\xef\xe1\x1c\x02\x00\xef\xe1\x18\x02\x00\xef\xe1\x10\x02\x00\xef\xe1\x00\x02\x00\xef'
2020-07-10 01:32:58.896292, cycle count 1412, gpio values 928629, 0, 0, 47563, status messages:  b'\xe1\x10\x01\x00\xef\xe1\x18\x01\x00\xef\xe1\x1c\x01\x00\xef\xe1\x1e\x01\x00\xef\xe1\x1f\x01\x00\xef\xe1\x1e\x02\x00\xef\xe1\x1c\x02\x00\xef\xe1\x18\x02\x00\xef\xe1\x10\x02\x00\xef\xe1\x00\x02\x00\xef'
2020-07-10 01:33:15.354990, cycle count 1413, gpio values 929295, 0, 0, 47599, status messages:  b'\xe1\x10\x01\x00\xef\xe1\x18\x01\x00\xef\xe1\x1c\x01\x00\xef\xe1\x1e\x01\x00\xef\xe1\x1f\x01\x00\xef\xe1\x1e\x02\x00\xef\xe1\x1c\x02\x00\xef\xe1\x18\x02\x00\xef\xe1\x10\x02\x00\xef\xe1\x00\x02\x00\xef'
2020-07-10 01:33:31.699636, cycle count 1414, gpio values 929925, 0, 0, 47635, status messages:  b'\xe1\x10\x01\x00\xef\xe1\x18\x01\x00\xef\xe1\x1c\x01\x00\xef\xe1\x1e\x01\x00\xef\xe1\x1f\x01\x00\xef\xe1\x1e\x02\x00\xef\xe1\x1c\x02\x00\xef\xe1\x18\x02\x00\xef\xe1\x10\x02\x00\xef\xe1\x00\x02\x00\xef'
2020-07-10 01:33:48.159104, cycle count 1415, gpio values 930591, 0, 0, 47671, status messages:  b'\xe1\x10\x01\x00\xef\xe1\x18\x01\x00\xef\xe1\x1c\x01\x00\xef\xe1\x1e\x01\x00\xef\xe1\x1f\x01\x00\xef\xe1\x1e\x02\x00\xef\xe1\x1c\x02\x00\xef\xe1\x18\x02\x00\xef\xe1\x10\x02\x00\xef\xe1\x00\x02\x00\xef'
2020-07-10 01:34:04.616912, cycle count 1416, gpio values 931257, 0, 0, 47707, status messages:  b'\xe1\x10\x01\x00\xef\xe1\x18\x01\x00\xef\xe1\x1c\x01\x00\xef\xe1\x1e\x01\x00\xef\xe1\x1f\x01\x00\xef\xe1\x1e\x02\x00\xef\xe1\x1c\x02\x00\xef\xe1\x18\x02\x00\xef\xe1\x10\x02\x00\xef\xe1\x00\x02\x00\xef'
2020-07-10 01:34:21.107951, cycle count 1417, gpio values 931923, 0, 0, 47743, status messages:  b'\xe1\x10\x01\x00\xef\xe1\x18\x01\x00\xef\xe1\x1c\x01\x00\xef\xe1\x1e\x01\x00\xef\xe1\x1f\x01\x00\xef\xe1\x1e\x02\x00\xef\xe1\x1c\x02\x00\xef\xe1\x18\x02\x00\xef\xe1\x10\x02\x00\xef\xe1\x00\x02\x00\xef'
2020-07-10 01:34:37.307021, cycle count 1418, gpio values 932553, 0, 0, 47779, status messages:  b'\xe1\x10\x01\x00\xef\xe1\x18\x01\x00\xef\xe1\x1c\x01\x00\xef\xe1\x1e\x01\x00\xef\xe1\x1f\x01\x00\xef\xe1\x1e\x02\x00\xef\xe1\x1c\x02\x00\xef\xe1\x18\x02\x00\xef\xe1\x10\x02\x00\xef\xe1\x00\x02\x00\xef'
2020-07-10 01:34:53.764641, cycle count 1419, gpio values 933219, 0, 0, 47815, status messages:  b'\xe1\x10\x01\x00\xef\xe1\x18\x01\x00\xef\xe1\x1c\x01\x00\xef\xe1\x1e\x01\x00\xef\xe1\x1f\x01\x00\xef\xe1\x1e\x02\x00\xef\xe1\x1c\x02\x00\xef\xe1\x18\x02\x00\xef\xe1\x10\x02\x00\xef\xe1\x00\x02\x00\xef'
2020-07-10 01:35:10.222915, cycle count 1420, gpio values 933885, 0, 0, 47851, status messages:  b'\xe1\x10\x01\x00\xef\xe1\x18\x01\x00\xef\xe1\x1c\x01\x00\xef\xe1\x1e\x01\x00\xef\xe1\x1f\x01\x00\xef\xe1\x1e\x02\x00\xef\xe1\x1c\x02\x00\xef\xe1\x18\x02\x00\xef\xe1\x10\x02\x00\xef\xe1\x00\x02\x00\xef'
2020-07-10 01:35:26.697552, cycle count 1421, gpio values 934551, 0, 0, 47887, status messages:  b'\xe1\x10\x01\x00\xef\xe1\x18\x01\x00\xef\xe1\x1c\x01\x00\xef\xe1\x1e\x01\x00\xef\xe1\x1f\x01\x00\xef\xe1\x1e\x02\x00\xef\xe1\x1c\x02\x00\xef\xe1\x18\x02\x00\xef\xe1\x10\x02\x00\xef\xe1\x00\x02\x00\xef'
2020-07-10 01:35:43.155357, cycle count 1422, gpio values 935217, 0, 0, 47923, status messages:  b'\xe1\x10\x01\x00\xef\xe1\x18\x01\x00\xef\xe1\x1c\x01\x00\xef\xe1\x1e\x01\x00\xef\xe1\x1f\x01\x00\xef\xe1\x1e\x02\x00\xef\xe1\x1c\x02\x00\xef\xe1\x18\x02\x00\xef\xe1\x10\x02\x00\xef\xe1\x00\x02\x00\xef'
2020-07-10 01:35:59.371262, cycle count 1423, gpio values 935847, 0, 0, 47959, status messages:  b'\xe1\x10\x01\x00\xef\xe1\x18\x01\x00\xef\xe1\x1c\x01\x00\xef\xe1\x1e\x01\x00\xef\xe1\x1f\x01\x00\xef\xe1\x1e\x02\x00\xef\xe1\x1c\x02\x00\xef\xe1\x18\x02\x00\xef\xe1\x10\x02\x00\xef\xe1\x00\x02\x00\xef'
2020-07-10 01:36:15.846608, cycle count 1424, gpio values 936513, 0, 0, 47995, status messages:  b'\xe1\x10\x01\x00\xef\xe1\x18\x01\x00\xef\xe1\x1c\x01\x00\xef\xe1\x1e\x01\x00\xef\xe1\x1f\x01\x00\xef\xe1\x1e\x02\x00\xef\xe1\x1c\x02\x00\xef\xe1\x18\x02\x00\xef\xe1\x10\x02\x00\xef\xe1\x00\x02\x00\xef'
2020-07-10 01:36:32.045247, cycle count 1425, gpio values 937143, 0, 0, 48031, status messages:  b'\xe1\x10\x01\x00\xef\xe1\x18\x01\x00\xef\xe1\x1c\x01\x00\xef\xe1\x1e\x01\x00\xef\xe1\x1f\x01\x00\xef\xe1\x1e\x02\x00\xef\xe1\x1c\x02\x00\xef\xe1\x18\x02\x00\xef\xe1\x10\x02\x00\xef\xe1\x00\x02\x00\xef'
2020-07-10 01:36:48.502955, cycle count 1426, gpio values 937809, 0, 0, 48067, status messages:  b'\xe1\x10\x01\x00\xef\xe1\x18\x01\x00\xef\xe1\x1c\x01\x00\xef\xe1\x1e\x01\x00\xef\xe1\x1f\x01\x00\xef\xe1\x1e\x02\x00\xef\xe1\x1c\x02\x00\xef\xe1\x18\x02\x00\xef\xe1\x10\x02\x00\xef\xe1\x00\x02\x00\xef'
2020-07-10 01:37:04.961556, cycle count 1427, gpio values 938475, 0, 0, 48103, status messages:  b'\xe1\x10\x01\x00\xef\xe1\x18\x01\x00\xef\xe1\x1c\x01\x00\xef\xe1\x1e\x01\x00\xef\xe1\x1f\x01\x00\xef\xe1\x1e\x02\x00\xef\xe1\x1c\x02\x00\xef\xe1\x18\x02\x00\xef\xe1\x10\x02\x00\xef\xe1\x00\x02\x00\xef'
2020-07-10 01:37:21.419088, cycle count 1428, gpio values 939178, 0, 0, 48139, status messages:  b'\xe1\x10\x01\x00\xef\xe1\x18\x01\x00\xef\xe1\x1c\x01\x00\xef\xe1\x1e\x01\x00\xef\xe1\x1f\x01\x00\xef\xe1\x1e\x02\x00\xef\xe1\x1c\x02\x00\xef\xe1\x18\x02\x00\xef\xe1\x10\x02\x00\xef\xe1\x00\x02\x00\xef'
2020-07-10 01:37:37.877686, cycle count 1429, gpio values 939844, 0, 0, 48175, status messages:  b'\xe1\x10\x01\x00\xef\xe1\x18\x01\x00\xef\xe1\x1c\x01\x00\xef\xe1\x1e\x01\x00\xef\xe1\x1f\x01\x00\xef\xe1\x1e\x02\x00\xef\xe1\x1c\x02\x00\xef\xe1\x18\x02\x00\xef\xe1\x10\x02\x00\xef\xe1\x00\x02\x00\xef'
2020-07-10 01:37:54.335699, cycle count 1430, gpio values 940510, 0, 0, 48211, status messages:  b'\xe1\x10\x01\x00\xef\xe1\x18\x01\x00\xef\xe1\x1c\x01\x00\xef\xe1\x1e\x01\x00\xef\xe1\x1f\x01\x00\xef\xe1\x1e\x02\x00\xef\xe1\x1c\x02\x00\xef\xe1\x18\x02\x00\xef\xe1\x10\x02\x00\xef\xe1\x00\x02\x00\xef'
2020-07-10 01:38:10.535230, cycle count 1431, gpio values 941140, 0, 0, 48239, status messages:  b'\xe1\x10\x01\x00\xef\xe1\x18\x01\x00\xef\xe1\x1c\x01\x00\xef\xe1\x1e\x01\x00\xef\xe1\x1f\x01\x00\xef\xe1\x1e\x02\x00\xef\xe1\x1c\x02\x00\xef\xe1\x18\x02\x00\xef\xe1\x10\x02\x00\xef\xe1\x00\x02\x00\xef'
2020-07-10 01:38:26.993590, cycle count 1432, gpio values 941806, 0, 0, 48275, status messages:  b'\xe1\x10\x01\x00\xef\xe1\x18\x01\x00\xef\xe1\x1c\x01\x00\xef\xe1\x1e\x01\x00\xef\xe1\x1f\x01\x00\xef\xe1\x1e\x02\x00\xef\xe1\x1c\x02\x00\xef\xe1\x18\x02\x00\xef\xe1\x10\x02\x00\xef\xe1\x00\x02\x00\xef'
2020-07-10 01:38:43.452479, cycle count 1433, gpio values 942472, 0, 0, 48303, status messages:  b'\xe1\x10\x01\x00\xef\xe1\x18\x01\x00\xef\xe1\x1c\x01\x00\xef\xe1\x1e\x01\x00\xef\xe1\x1f\x01\x00\xef\xe1\x1e\x02\x00\xef\xe1\x1c\x02\x00\xef\xe1\x18\x02\x00\xef\xe1\x10\x02\x00\xef\xe1\x00\x02\x00\xef'
2020-07-10 01:38:59.652271, cycle count 1434, gpio values 943138, 0, 0, 48331, status messages:  b'\xe1\x10\x01\x00\xef\xe1\x18\x01\x00\xef\xe1\x1c\x01\x00\xef\xe1\x1e\x01\x00\xef\xe1\x1f\x01\x00\xef\xe1\x1e\x02\x00\xef\xe1\x1c\x02\x00\xef\xe1\x18\x02\x00\xef\xe1\x10\x02\x00\xef\xe1\x00\x02\x00\xef'
2020-07-10 01:39:16.110160, cycle count 1435, gpio values 943841, 0, 0, 48359, status messages:  b'\xe1\x10\x01\x00\xef\xe1\x18\x01\x00\xef\xe1\x1c\x01\x00\xef\xe1\x1e\x01\x00\xef\xe1\x1f\x01\x00\xef\xe1\x1e\x02\x00\xef\xe1\x1c\x02\x00\xef\xe1\x18\x02\x00\xef\xe1\x10\x02\x00\xef\xe1\x00\x02\x00\xef'
2020-07-10 01:39:32.569715, cycle count 1436, gpio values 944544, 0, 0, 48395, status messages:  b'\xe1\x10\x01\x00\xef\xe1\x18\x01\x00\xef\xe1\x1c\x01\x00\xef\xe1\x1e\x01\x00\xef\xe1\x1f\x01\x00\xef\xe1\x1e\x02\x00\xef\xe1\x1c\x02\x00\xef\xe1\x18\x02\x00\xef\xe1\x10\x02\x00\xef\xe1\x00\x02\x00\xef'
2020-07-10 01:39:49.044288, cycle count 1437, gpio values 945210, 0, 0, 48423, status messages:  b'\xe1\x10\x01\x00\xef\xe1\x18\x01\x00\xef\xe1\x1c\x01\x00\xef\xe1\x1e\x01\x00\xef\xe1\x1f\x01\x00\xef\xe1\x1e\x02\x00\xef\xe1\x1c\x02\x00\xef\xe1\x18\x02\x00\xef\xe1\x10\x02\x00\xef\xe1\x00\x02\x00\xef'
2020-07-10 01:40:05.501934, cycle count 1438, gpio values 945876, 0, 0, 48459, status messages:  b'\xe1\x10\x01\x00\xef\xe1\x18\x01\x00\xef\xe1\x1c\x01\x00\xef\xe1\x1e\x01\x00\xef\xe1\x1f\x01\x00\xef\xe1\x1e\x02\x00\xef\xe1\x1c\x02\x00\xef\xe1\x18\x02\x00\xef\xe1\x10\x02\x00\xef\xe1\x00\x02\x00\xef'
2020-07-10 01:40:21.960233, cycle count 1439, gpio values 946579, 0, 0, 48495, status messages:  b'\xe1\x10\x01\x00\xef\xe1\x18\x01\x00\xef\xe1\x1c\x01\x00\xef\xe1\x1e\x01\x00\xef\xe1\x1f\x01\x00\xef\xe1\x1e\x02\x00\xef\xe1\x1c\x02\x00\xef\xe1\x18\x02\x00\xef\xe1\x10\x02\x00\xef\xe1\x00\x02\x00\xef'
2020-07-10 01:40:38.159721, cycle count 1440, gpio values 947209, 0, 0, 48531, status messages:  b'\xe1\x10\x01\x00\xef\xe1\x18\x01\x00\xef\xe1\x1c\x01\x00\xef\xe1\x1e\x01\x00\xef\xe1\x1f\x01\x00\xef\xe1\x1e\x02\x00\xef\xe1\x1c\x02\x00\xef\xe1\x18\x02\x00\xef\xe1\x10\x02\x00\xef\xe1\x00\x02\x00\xef'
2020-07-10 01:40:54.618700, cycle count 1441, gpio values 947875, 0, 0, 48559, status messages:  b'\xe1\x10\x01\x00\xef\xe1\x18\x01\x00\xef\xe1\x1c\x01\x00\xef\xe1\x1e\x01\x00\xef\xe1\x1f\x01\x00\xef\xe1\x1e\x02\x00\xef\xe1\x1c\x02\x00\xef\xe1\x18\x02\x00\xef\xe1\x10\x02\x00\xef\xe1\x00\x02\x00\xef'
2020-07-10 01:41:11.076424, cycle count 1442, gpio values 948578, 0, 0, 48587, status messages:  b'\xe1\x10\x01\x00\xef\xe1\x18\x01\x00\xef\xe1\x1c\x01\x00\xef\xe1\x1e\x01\x00\xef\xe1\x1f\x01\x00\xef\xe1\x1e\x02\x00\xef\xe1\x1c\x02\x00\xef\xe1\x18\x02\x00\xef\xe1\x10\x02\x00\xef\xe1\x00\x02\x00\xef'
2020-07-10 01:41:27.534816, cycle count 1443, gpio values 949244, 0, 0, 48623, status messages:  b'\xe1\x10\x01\x00\xef\xe1\x18\x01\x00\xef\xe1\x1c\x01\x00\xef\xe1\x1e\x01\x00\xef\xe1\x1f\x01\x00\xef\xe1\x1e\x02\x00\xef\xe1\x1c\x02\x00\xef\xe1\x18\x02\x00\xef\xe1\x10\x02\x00\xef\xe1\x00\x02\x00\xef'
2020-07-10 01:41:43.993633, cycle count 1444, gpio values 949910, 0, 0, 48659, status messages:  b'\xe1\x10\x01\x00\xef\xe1\x18\x01\x00\xef\xe1\x1c\x01\x00\xef\xe1\x1e\x01\x00\xef\xe1\x1f\x01\x00\xef\xe1\x1e\x02\x00\xef\xe1\x1c\x02\x00\xef\xe1\x18\x02\x00\xef\xe1\x10\x02\x00\xef\xe1\x00\x02\x00\xef'
2020-07-10 01:42:00.207997, cycle count 1445, gpio values 950540, 0, 0, 48695, status messages:  b'\xe1\x10\x01\x00\xef\xe1\x18\x01\x00\xef\xe1\x1c\x01\x00\xef\xe1\x1e\x01\x00\xef\xe1\x1f\x01\x00\xef\xe1\x1e\x02\x00\xef\xe1\x1c\x02\x00\xef\xe1\x18\x02\x00\xef\xe1\x10\x02\x00\xef\xe1\x00\x02\x00\xef'
2020-07-10 01:42:16.666272, cycle count 1446, gpio values 951206, 0, 0, 48731, status messages:  b'\xe1\x10\x01\x00\xef\xe1\x18\x01\x00\xef\xe1\x1c\x01\x00\xef\xe1\x1e\x01\x00\xef\xe1\x1f\x01\x00\xef\xe1\x1e\x02\x00\xef\xe1\x1c\x02\x00\xef\xe1\x18\x02\x00\xef\xe1\x10\x02\x00\xef\xe1\x00\x02\x00\xef'
2020-07-10 01:42:33.140476, cycle count 1447, gpio values 951872, 0, 0, 48767, status messages:  b'\xe1\x10\x01\x00\xef\xe1\x18\x01\x00\xef\xe1\x1c\x01\x00\xef\xe1\x1e\x01\x00\xef\xe1\x1f\x01\x00\xef\xe1\x1e\x02\x00\xef\xe1\x1c\x02\x00\xef\xe1\x18\x02\x00\xef\xe1\x10\x02\x00\xef\xe1\x00\x02\x00\xef'
2020-07-10 01:42:49.420575, cycle count 1448, gpio values 952502, 0, 0, 48803, status messages:  b'\xe1\x10\x01\x00\xef\xe1\x18\x01\x00\xef\xe1\x1c\x01\x00\xef\xe1\x1e\x01\x00\xef\xe1\x1f\x01\x00\xef\xe1\x1e\x02\x00\xef\xe1\x1c\x02\x00\xef\xe1\x18\x02\x00\xef\xe1\x10\x02\x00\xef\xe1\x00\x02\x00\xef'
2020-07-10 01:43:05.619721, cycle count 1449, gpio values 953132, 0, 0, 48839, status messages:  b'\xe1\x10\x01\x00\xef\xe1\x18\x01\x00\xef\xe1\x1c\x01\x00\xef\xe1\x1e\x01\x00\xef\xe1\x1f\x01\x00\xef\xe1\x1e\x02\x00\xef\xe1\x1c\x02\x00\xef\xe1\x18\x02\x00\xef\xe1\x10\x02\x00\xef\xe1\x00\x02\x00\xef'
2020-07-10 01:43:22.077561, cycle count 1450, gpio values 953798, 0, 0, 48875, status messages:  b'\xe1\x10\x01\x00\xef\xe1\x18\x01\x00\xef\xe1\x1c\x01\x00\xef\xe1\x1e\x01\x00\xef\xe1\x1f\x01\x00\xef\xe1\x1e\x02\x00\xef\xe1\x1c\x02\x00\xef\xe1\x18\x02\x00\xef\xe1\x10\x02\x00\xef\xe1\x00\x02\x00\xef'
2020-07-10 01:43:38.390232, cycle count 1451, gpio values 954428, 0, 0, 48911, status messages:  b'\xe1\x10\x01\x00\xef\xe1\x18\x01\x00\xef\xe1\x1c\x01\x00\xef\xe1\x1e\x01\x00\xef\xe1\x1f\x01\x00\xef\xe1\x1e\x02\x00\xef\xe1\x1c\x02\x00\xef\xe1\x18\x02\x00\xef\xe1\x10\x02\x00\xef\xe1\x00\x02\x00\xef'
2020-07-10 01:43:54.622765, cycle count 1452, gpio values 955058, 0, 0, 48947, status messages:  b'\xe1\x10\x01\x00\xef\xe1\x18\x01\x00\xef\xe1\x1c\x01\x00\xef\xe1\x1e\x01\x00\xef\xe1\x1f\x01\x00\xef\xe1\x1e\x02\x00\xef\xe1\x1c\x02\x00\xef\xe1\x18\x02\x00\xef\xe1\x10\x02\x00\xef\xe1\x00\x02\x00\xef'
2020-07-10 01:44:10.837729, cycle count 1453, gpio values 955688, 0, 0, 48983, status messages:  b'\xe1\x10\x01\x00\xef\xe1\x18\x01\x00\xef\xe1\x1c\x01\x00\xef\xe1\x1e\x01\x00\xef\xe1\x1f\x01\x00\xef\xe1\x1e\x02\x00\xef\xe1\x1c\x02\x00\xef\xe1\x18\x02\x00\xef\xe1\x10\x02\x00\xef\xe1\x00\x02\x00\xef'
2020-07-10 01:44:27.313446, cycle count 1454, gpio values 956354, 0, 0, 49019, status messages:  b'\xe1\x10\x01\x00\xef\xe1\x18\x01\x00\xef\xe1\x1c\x01\x00\xef\xe1\x1e\x01\x00\xef\xe1\x1f\x01\x00\xef\xe1\x1e\x02\x00\xef\xe1\x1c\x02\x00\xef\xe1\x18\x02\x00\xef\xe1\x10\x02\x00\xef\xe1\x00\x02\x00\xef'
2020-07-10 01:44:43.770917, cycle count 1455, gpio values 957020, 0, 0, 49055, status messages:  b'\xe1\x10\x01\x00\xef\xe1\x18\x01\x00\xef\xe1\x1c\x01\x00\xef\xe1\x1e\x01\x00\xef\xe1\x1f\x01\x00\xef\xe1\x1e\x02\x00\xef\xe1\x1c\x02\x00\xef\xe1\x18\x02\x00\xef\xe1\x10\x02\x00\xef\xe1\x00\x02\x00\xef'
2020-07-10 01:44:59.971088, cycle count 1456, gpio values 957650, 0, 0, 49091, status messages:  b'\xe1\x10\x01\x00\xef\xe1\x18\x01\x00\xef\xe1\x1c\x01\x00\xef\xe1\x1e\x01\x00\xef\xe1\x1f\x01\x00\xef\xe1\x1e\x02\x00\xef\xe1\x1c\x02\x00\xef\xe1\x18\x02\x00\xef\xe1\x10\x02\x00\xef\xe1\x00\x02\x00\xef'
2020-07-10 01:45:16.429157, cycle count 1457, gpio values 958316, 0, 0, 49127, status messages:  b'\xe1\x10\x01\x00\xef\xe1\x18\x01\x00\xef\xe1\x1c\x01\x00\xef\xe1\x1e\x01\x00\xef\xe1\x1f\x01\x00\xef\xe1\x1e\x02\x00\xef\xe1\x1c\x02\x00\xef\xe1\x18\x02\x00\xef\xe1\x10\x02\x00\xef\xe1\x00\x02\x00\xef'
2020-07-10 01:45:32.660772, cycle count 1458, gpio values 958946, 0, 0, 49163, status messages:  b'\xe1\x10\x01\x00\xef\xe1\x18\x01\x00\xef\xe1\x1c\x01\x00\xef\xe1\x1e\x01\x00\xef\xe1\x1f\x01\x00\xef\xe1\x1e\x02\x00\xef\xe1\x1c\x02\x00\xef\xe1\x18\x02\x00\xef\xe1\x10\x02\x00\xef\xe1\x00\x02\x00\xef'
2020-07-10 01:45:48.860251, cycle count 1459, gpio values 959576, 0, 0, 49199, status messages:  b'\xe1\x10\x01\x00\xef\xe1\x18\x01\x00\xef\xe1\x1c\x01\x00\xef\xe1\x1e\x01\x00\xef\xe1\x1f\x01\x00\xef\xe1\x1e\x02\x00\xef\xe1\x1c\x02\x00\xef\xe1\x18\x02\x00\xef\xe1\x10\x02\x00\xef\xe1\x00\x02\x00\xef'
2020-07-10 01:46:05.060023, cycle count 1460, gpio values 960206, 0, 0, 49235, status messages:  b'\xe1\x10\x01\x00\xef\xe1\x18\x01\x00\xef\xe1\x1c\x01\x00\xef\xe1\x1e\x01\x00\xef\xe1\x1f\x01\x00\xef\xe1\x1e\x02\x00\xef\xe1\x1c\x02\x00\xef\xe1\x18\x02\x00\xef\xe1\x10\x02\x00\xef\xe1\x00\x02\x00\xef'
2020-07-10 01:46:21.356036, cycle count 1461, gpio values 960836, 0, 0, 49271, status messages:  b'\xe1\x10\x01\x00\xef\xe1\x18\x01\x00\xef\xe1\x1c\x01\x00\xef\xe1\x1e\x01\x00\xef\xe1\x1f\x01\x00\xef\xe1\x1e\x02\x00\xef\xe1\x1c\x02\x00\xef\xe1\x18\x02\x00\xef\xe1\x10\x02\x00\xef\xe1\x00\x02\x00\xef'
2020-07-10 01:46:37.296750, cycle count 1462, gpio values 961466, 0, 0, 49299, status messages:  b'\xe1\x10\x01\x00\xef\xe1\x18\x01\x00\xef\xe1\x1c\x01\x00\xef\xe1\x1e\x01\x00\xef\xe1\x1f\x01\x00\xef\xe1\x1e\x02\x00\xef\xe1\x1c\x02\x00\xef\xe1\x18\x02\x00\xef\xe1\x10\x02\x00\xef\xe1\x00\x02\x00\xef'
2020-07-10 01:46:53.237260, cycle count 1463, gpio values 962096, 0, 0, 49327, status messages:  b'\xe1\x10\x01\x00\xef\xe1\x18\x01\x00\xef\xe1\x1c\x01\x00\xef\xe1\x1e\x01\x00\xef\xe1\x1f\x01\x00\xef\xe1\x1e\x02\x00\xef\xe1\x1c\x02\x00\xef\xe1\x18\x02\x00\xef\xe1\x10\x02\x00\xef\xe1\x00\x02\x00\xef'
2020-07-10 01:47:09.435769, cycle count 1464, gpio values 962726, 0, 0, 49363, status messages:  b'\xe1\x10\x01\x00\xef\xe1\x18\x01\x00\xef\xe1\x1c\x01\x00\xef\xe1\x1e\x01\x00\xef\xe1\x1f\x01\x00\xef\xe1\x1e\x02\x00\xef\xe1\x1c\x02\x00\xef\xe1\x18\x02\x00\xef\xe1\x10\x02\x00\xef\xe1\x00\x02\x00\xef'
2020-07-10 01:47:25.652183, cycle count 1465, gpio values 963356, 0, 0, 49399, status messages:  b'\xe1\x10\x01\x00\xef\xe1\x18\x01\x00\xef\xe1\x1c\x01\x00\xef\xe1\x1e\x01\x00\xef\xe1\x1f\x01\x00\xef\xe1\x1e\x02\x00\xef\xe1\x1c\x02\x00\xef\xe1\x18\x02\x00\xef\xe1\x10\x02\x00\xef\xe1\x00\x02\x00\xef'
2020-07-10 01:47:41.607576, cycle count 1466, gpio values 963986, 0, 0, 49427, status messages:  b'\xe1\x10\x01\x00\xef\xe1\x18\x01\x00\xef\xe1\x1c\x01\x00\xef\xe1\x1e\x01\x00\xef\xe1\x1f\x01\x00\xef\xe1\x1e\x02\x00\xef\xe1\x1c\x02\x00\xef\xe1\x18\x02\x00\xef\xe1\x10\x02\x00\xef\xe1\x00\x02\x00\xef'
2020-07-10 01:47:57.548226, cycle count 1467, gpio values 964616, 0, 0, 49455, status messages:  b'\xe1\x10\x01\x00\xef\xe1\x18\x01\x00\xef\xe1\x1c\x01\x00\xef\xe1\x1e\x01\x00\xef\xe1\x1f\x01\x00\xef\xe1\x1e\x02\x00\xef\xe1\x1c\x02\x00\xef\xe1\x18\x02\x00\xef\xe1\x10\x02\x00\xef\xe1\x00\x02\x00\xef'
2020-07-10 01:48:13.746735, cycle count 1468, gpio values 965246, 0, 0, 49491, status messages:  b'\xe1\x10\x01\x00\xef\xe1\x18\x01\x00\xef\xe1\x1c\x01\x00\xef\xe1\x1e\x01\x00\xef\xe1\x1f\x01\x00\xef\xe1\x1e\x02\x00\xef\xe1\x1c\x02\x00\xef\xe1\x18\x02\x00\xef\xe1\x10\x02\x00\xef\xe1\x00\x02\x00\xef'
2020-07-10 01:48:29.686193, cycle count 1469, gpio values 965876, 0, 0, 49519, status messages:  b'\xe1\x10\x01\x00\xef\xe1\x18\x01\x00\xef\xe1\x1c\x01\x00\xef\xe1\x1e\x01\x00\xef\xe1\x1f\x01\x00\xef\xe1\x1e\x02\x00\xef\xe1\x1c\x02\x00\xef\xe1\x18\x02\x00\xef\xe1\x10\x02\x00\xef\xe1\x00\x02\x00\xef'
2020-07-10 01:48:45.626142, cycle count 1470, gpio values 966506, 0, 0, 49547, status messages:  b'\xe1\x10\x01\x00\xef\xe1\x18\x01\x00\xef\xe1\x1c\x01\x00\xef\xe1\x1e\x01\x00\xef\xe1\x1f\x01\x00\xef\xe1\x1e\x02\x00\xef\xe1\x1c\x02\x00\xef\xe1\x18\x02\x00\xef\xe1\x10\x02\x00\xef\xe1\x00\x02\x00\xef'
2020-07-10 01:49:01.566967, cycle count 1471, gpio values 967136, 0, 0, 49575, status messages:  b'\xe1\x10\x01\x00\xef\xe1\x18\x01\x00\xef\xe1\x1c\x01\x00\xef\xe1\x1e\x01\x00\xef\xe1\x1f\x01\x00\xef\xe1\x1e\x02\x00\xef\xe1\x1c\x02\x00\xef\xe1\x18\x02\x00\xef\xe1\x10\x02\x00\xef\xe1\x00\x02\x00\xef'
2020-07-10 01:49:17.507720, cycle count 1472, gpio values 967766, 0, 0, 49603, status messages:  b'\xe1\x10\x01\x00\xef\xe1\x18\x01\x00\xef\xe1\x1c\x01\x00\xef\xe1\x1e\x01\x00\xef\xe1\x1f\x01\x00\xef\xe1\x1e\x02\x00\xef\xe1\x1c\x02\x00\xef\xe1\x18\x02\x00\xef\xe1\x10\x02\x00\xef\xe1\x00\x02\x00\xef'
2020-07-10 01:49:33.705912, cycle count 1473, gpio values 968396, 0, 0, 49639, status messages:  b'\xe1\x10\x01\x00\xef\xe1\x18\x01\x00\xef\xe1\x1c\x01\x00\xef\xe1\x1e\x01\x00\xef\xe1\x1f\x01\x00\xef\xe1\x1e\x02\x00\xef\xe1\x1c\x02\x00\xef\xe1\x18\x02\x00\xef\xe1\x10\x02\x00\xef\xe1\x00\x02\x00\xef'
2020-07-10 01:49:49.905511, cycle count 1474, gpio values 969026, 0, 0, 49675, status messages:  b'\xe1\x10\x01\x00\xef\xe1\x18\x01\x00\xef\xe1\x1c\x01\x00\xef\xe1\x1e\x01\x00\xef\xe1\x1f\x01\x00\xef\xe1\x1e\x02\x00\xef\xe1\x1c\x02\x00\xef\xe1\x18\x02\x00\xef\xe1\x10\x02\x00\xef\xe1\x00\x02\x00\xef'
2020-07-10 01:50:05.845230, cycle count 1475, gpio values 969656, 0, 0, 49703, status messages:  b'\xe1\x10\x01\x00\xef\xe1\x18\x01\x00\xef\xe1\x1c\x01\x00\xef\xe1\x1e\x01\x00\xef\xe1\x1f\x01\x00\xef\xe1\x1e\x02\x00\xef\xe1\x1c\x02\x00\xef\xe1\x18\x02\x00\xef\xe1\x10\x02\x00\xef\xe1\x00\x02\x00\xef'
2020-07-10 01:50:21.542035, cycle count 1476, gpio values 970251, 0, 0, 49731, status messages:  b'\xe1\x10\x01\x00\xef\xe1\x18\x01\x00\xef\xe1\x1c\x01\x00\xef\xe1\x1e\x01\x00\xef\xe1\x1f\x01\x00\xef\xe1\x1e\x02\x00\xef\xe1\x1c\x02\x00\xef\xe1\x18\x02\x00\xef\xe1\x10\x02\x00\xef\xe1\x00\x02\x00\xef'
2020-07-10 01:50:37.499101, cycle count 1477, gpio values 970881, 0, 0, 49759, status messages:  b'\xe1\x10\x01\x00\xef\xe1\x18\x01\x00\xef\xe1\x1c\x01\x00\xef\xe1\x1e\x01\x00\xef\xe1\x1f\x01\x00\xef\xe1\x1e\x02\x00\xef\xe1\x1c\x02\x00\xef\xe1\x18\x02\x00\xef\xe1\x10\x02\x00\xef\xe1\x00\x02\x00\xef'
2020-07-10 01:50:53.181025, cycle count 1478, gpio values 971476, 0, 0, 49787, status messages:  b'\xe1\x10\x01\x00\xef\xe1\x18\x01\x00\xef\xe1\x1c\x01\x00\xef\xe1\x1e\x01\x00\xef\xe1\x1f\x01\x00\xef\xe1\x1e\x02\x00\xef\xe1\x1c\x02\x00\xef\xe1\x18\x02\x00\xef\xe1\x10\x02\x00\xef\xe1\x00\x02\x00\xef'
2020-07-10 01:51:09.120687, cycle count 1479, gpio values 972106, 0, 0, 49815, status messages:  b'\xe1\x10\x01\x00\xef\xe1\x18\x01\x00\xef\xe1\x1c\x01\x00\xef\xe1\x1e\x01\x00\xef\xe1\x1f\x01\x00\xef\xe1\x1e\x02\x00\xef\xe1\x1c\x02\x00\xef\xe1\x18\x02\x00\xef\xe1\x10\x02\x00\xef\xe1\x00\x02\x00\xef'
2020-07-10 01:51:25.061167, cycle count 1480, gpio values 972736, 0, 0, 49843, status messages:  b'\xe1\x10\x01\x00\xef\xe1\x18\x01\x00\xef\xe1\x1c\x01\x00\xef\xe1\x1e\x01\x00\xef\xe1\x1f\x01\x00\xef\xe1\x1e\x02\x00\xef\xe1\x1c\x02\x00\xef\xe1\x18\x02\x00\xef\xe1\x10\x02\x00\xef\xe1\x00\x02\x00\xef'
2020-07-10 01:51:41.052971, cycle count 1481, gpio values 973366, 0, 0, 49879, status messages:  b'\xe1\x10\x01\x00\xef\xe1\x18\x01\x00\xef\xe1\x1c\x01\x00\xef\xe1\x1e\x01\x00\xef\xe1\x1f\x01\x00\xef\xe1\x1e\x02\x00\xef\xe1\x1c\x02\x00\xef\xe1\x18\x02\x00\xef\xe1\x10\x02\x00\xef\xe1\x00\x02\x00\xef'
2020-07-10 01:51:57.249730, cycle count 1482, gpio values 973996, 0, 0, 49915, status messages:  b'\xe1\x10\x01\x00\xef\xe1\x18\x01\x00\xef\xe1\x1c\x01\x00\xef\xe1\x1e\x01\x00\xef\xe1\x1f\x01\x00\xef\xe1\x1e\x02\x00\xef\xe1\x1c\x02\x00\xef\xe1\x18\x02\x00\xef\xe1\x10\x02\x00\xef\xe1\x00\x02\x00\xef'
2020-07-10 01:52:13.449810, cycle count 1483, gpio values 974626, 0, 0, 49951, status messages:  b'\xe1\x10\x01\x00\xef\xe1\x18\x01\x00\xef\xe1\x1c\x01\x00\xef\xe1\x1e\x01\x00\xef\xe1\x1f\x01\x00\xef\xe1\x1e\x02\x00\xef\xe1\x1c\x02\x00\xef\xe1\x18\x02\x00\xef\xe1\x10\x02\x00\xef\xe1\x00\x02\x00\xef'
2020-07-10 01:52:29.405026, cycle count 1484, gpio values 975256, 0, 0, 49979, status messages:  b'\xe1\x10\x01\x00\xef\xe1\x18\x01\x00\xef\xe1\x1c\x01\x00\xef\xe1\x1e\x01\x00\xef\xe1\x1f\x01\x00\xef\xe1\x1e\x02\x00\xef\xe1\x1c\x02\x00\xef\xe1\x18\x02\x00\xef\xe1\x10\x02\x00\xef\xe1\x00\x02\x00\xef'
2020-07-10 01:52:45.604163, cycle count 1485, gpio values 975886, 0, 0, 50015, status messages:  b'\xe1\x10\x01\x00\xef\xe1\x18\x01\x00\xef\xe1\x1c\x01\x00\xef\xe1\x1e\x01\x00\xef\xe1\x1f\x01\x00\xef\xe1\x1e\x02\x00\xef\xe1\x1c\x02\x00\xef\xe1\x18\x02\x00\xef\xe1\x10\x02\x00\xef\xe1\x00\x02\x00\xef'
2020-07-10 01:53:01.544294, cycle count 1486, gpio values 976516, 0, 0, 50043, status messages:  b'\xe1\x10\x01\x00\xef\xe1\x18\x01\x00\xef\xe1\x1c\x01\x00\xef\xe1\x1e\x01\x00\xef\xe1\x1f\x01\x00\xef\xe1\x1e\x02\x00\xef\xe1\x1c\x02\x00\xef\xe1\x18\x02\x00\xef\xe1\x10\x02\x00\xef\xe1\x00\x02\x00\xef'
2020-07-10 01:53:17.484818, cycle count 1487, gpio values 977146, 0, 0, 50071, status messages:  b'\xe1\x10\x01\x00\xef\xe1\x18\x01\x00\xef\xe1\x1c\x01\x00\xef\xe1\x1e\x01\x00\xef\xe1\x1f\x01\x00\xef\xe1\x1e\x02\x00\xef\xe1\x1c\x02\x00\xef\xe1\x18\x02\x00\xef\xe1\x10\x02\x00\xef\xe1\x00\x02\x00\xef'
2020-07-10 01:53:33.699231, cycle count 1488, gpio values 977776, 0, 0, 50107, status messages:  b'\xe1\x10\x01\x00\xef\xe1\x18\x01\x00\xef\xe1\x1c\x01\x00\xef\xe1\x1e\x01\x00\xef\xe1\x1f\x01\x00\xef\xe1\x1e\x02\x00\xef\xe1\x1c\x02\x00\xef\xe1\x18\x02\x00\xef\xe1\x10\x02\x00\xef\xe1\x00\x02\x00\xef'
2020-07-10 01:53:49.639254, cycle count 1489, gpio values 978406, 0, 0, 50135, status messages:  b'\xe1\x10\x01\x00\xef\xe1\x18\x01\x00\xef\xe1\x1c\x01\x00\xef\xe1\x1e\x01\x00\xef\xe1\x1f\x01\x00\xef\xe1\x1e\x02\x00\xef\xe1\x1c\x02\x00\xef\xe1\x18\x02\x00\xef\xe1\x10\x02\x00\xef\xe1\x00\x02\x00\xef'
2020-07-10 01:54:05.887777, cycle count 1490, gpio values 979036, 0, 0, 50171, status messages:  b'\xe1\x10\x01\x00\xef\xe1\x18\x01\x00\xef\xe1\x1c\x01\x00\xef\xe1\x1e\x01\x00\xef\xe1\x1f\x01\x00\xef\xe1\x1e\x02\x00\xef\xe1\x1c\x02\x00\xef\xe1\x18\x02\x00\xef\xe1\x10\x02\x00\xef\xe1\x00\x02\x00\xef'
2020-07-10 01:54:22.103671, cycle count 1491, gpio values 979666, 0, 0, 50207, status messages:  b'\xe1\x10\x01\x00\xef\xe1\x18\x01\x00\xef\xe1\x1c\x01\x00\xef\xe1\x1e\x01\x00\xef\xe1\x1f\x01\x00\xef\xe1\x1e\x02\x00\xef\xe1\x1c\x02\x00\xef\xe1\x18\x02\x00\xef\xe1\x10\x02\x00\xef\xe1\x00\x02\x00\xef'
2020-07-10 01:54:38.043054, cycle count 1492, gpio values 980296, 0, 0, 50235, status messages:  b'\xe1\x10\x01\x00\xef\xe1\x18\x01\x00\xef\xe1\x1c\x01\x00\xef\xe1\x1e\x01\x00\xef\xe1\x1f\x01\x00\xef\xe1\x1e\x02\x00\xef\xe1\x1c\x02\x00\xef\xe1\x18\x02\x00\xef\xe1\x10\x02\x00\xef\xe1\x00\x02\x00\xef'
2020-07-10 01:54:53.984589, cycle count 1493, gpio values 980926, 0, 0, 50263, status messages:  b'\xe1\x10\x01\x00\xef\xe1\x18\x01\x00\xef\xe1\x1c\x01\x00\xef\xe1\x1e\x01\x00\xef\xe1\x1f\x01\x00\xef\xe1\x1e\x02\x00\xef\xe1\x1c\x02\x00\xef\xe1\x18\x02\x00\xef\xe1\x10\x02\x00\xef\xe1\x00\x02\x00\xef'
2020-07-10 01:55:10.199739, cycle count 1494, gpio values 981556, 0, 0, 50299, status messages:  b'\xe1\x10\x01\x00\xef\xe1\x18\x01\x00\xef\xe1\x1c\x01\x00\xef\xe1\x1e\x01\x00\xef\xe1\x1f\x01\x00\xef\xe1\x1e\x02\x00\xef\xe1\x1c\x02\x00\xef\xe1\x18\x02\x00\xef\xe1\x10\x02\x00\xef\xe1\x00\x02\x00\xef'
2020-07-10 01:55:26.155863, cycle count 1495, gpio values 982186, 0, 0, 50327, status messages:  b'\xe1\x10\x01\x00\xef\xe1\x18\x01\x00\xef\xe1\x1c\x01\x00\xef\xe1\x1e\x01\x00\xef\xe1\x1f\x01\x00\xef\xe1\x1e\x02\x00\xef\xe1\x1c\x02\x00\xef\xe1\x18\x02\x00\xef\xe1\x10\x02\x00\xef\xe1\x00\x02\x00\xef'
2020-07-10 01:55:42.355295, cycle count 1496, gpio values 982816, 0, 0, 50363, status messages:  b'\xe1\x10\x01\x00\xef\xe1\x18\x01\x00\xef\xe1\x1c\x01\x00\xef\xe1\x1e\x01\x00\xef\xe1\x1f\x01\x00\xef\xe1\x1e\x02\x00\xef\xe1\x1c\x02\x00\xef\xe1\x18\x02\x00\xef\xe1\x10\x02\x00\xef\xe1\x00\x02\x00\xef'
2020-07-10 01:55:58.554401, cycle count 1497, gpio values 983446, 0, 0, 50399, status messages:  b'\xe1\x10\x01\x00\xef\xe1\x18\x01\x00\xef\xe1\x1c\x01\x00\xef\xe1\x1e\x01\x00\xef\xe1\x1f\x01\x00\xef\xe1\x1e\x02\x00\xef\xe1\x1c\x02\x00\xef\xe1\x18\x02\x00\xef\xe1\x10\x02\x00\xef\xe1\x00\x02\x00\xef'
2020-07-10 01:56:14.769924, cycle count 1498, gpio values 984076, 0, 0, 50435, status messages:  b'\xe1\x10\x01\x00\xef\xe1\x18\x01\x00\xef\xe1\x1c\x01\x00\xef\xe1\x1e\x01\x00\xef\xe1\x1f\x01\x00\xef\xe1\x1e\x02\x00\xef\xe1\x1c\x02\x00\xef\xe1\x18\x02\x00\xef\xe1\x10\x02\x00\xef\xe1\x00\x02\x00\xef'
2020-07-10 01:56:30.726697, cycle count 1499, gpio values 984706, 0, 0, 50463, status messages:  b'\xe1\x10\x01\x00\xef\xe1\x18\x01\x00\xef\xe1\x1c\x01\x00\xef\xe1\x1e\x01\x00\xef\xe1\x1f\x01\x00\xef\xe1\x1e\x02\x00\xef\xe1\x1c\x02\x00\xef\xe1\x18\x02\x00\xef\xe1\x10\x02\x00\xef\xe1\x00\x02\x00\xef'
2020-07-10 01:56:46.716236, cycle count 1500, gpio values 985336, 0, 0, 50491, status messages:  b'\xe1\x10\x01\x00\xef\xe1\x18\x01\x00\xef\xe1\x1c\x01\x00\xef\xe1\x1e\x01\x00\xef\xe1\x1f\x01\x00\xef\xe1\x1e\x02\x00\xef\xe1\x1c\x02\x00\xef\xe1\x18\x02\x00\xef\xe1\x10\x02\x00\xef\xe1\x00\x02\x00\xef'
2020-07-10 01:57:02.657271, cycle count 1501, gpio values 985966, 0, 0, 50519, status messages:  b'\xe1\x10\x01\x00\xef\xe1\x18\x01\x00\xef\xe1\x1c\x01\x00\xef\xe1\x1e\x01\x00\xef\xe1\x1f\x01\x00\xef\xe1\x1e\x02\x00\xef\xe1\x1c\x02\x00\xef\xe1\x18\x02\x00\xef\xe1\x10\x02\x00\xef\xe1\x00\x02\x00\xef'
2020-07-10 01:57:18.872640, cycle count 1502, gpio values 986596, 0, 0, 50555, status messages:  b'\xe1\x10\x01\x00\xef\xe1\x18\x01\x00\xef\xe1\x1c\x01\x00\xef\xe1\x1e\x01\x00\xef\xe1\x1f\x01\x00\xef\xe1\x1e\x02\x00\xef\xe1\x1c\x02\x00\xef\xe1\x18\x02\x00\xef\xe1\x10\x02\x00\xef\xe1\x00\x02\x00\xef'
2020-07-10 01:57:35.071230, cycle count 1503, gpio values 987226, 0, 0, 50591, status messages:  b'\xe1\x10\x01\x00\xef\xe1\x18\x01\x00\xef\xe1\x1c\x01\x00\xef\xe1\x1e\x01\x00\xef\xe1\x1f\x01\x00\xef\xe1\x1e\x02\x00\xef\xe1\x1c\x02\x00\xef\xe1\x18\x02\x00\xef\xe1\x10\x02\x00\xef\xe1\x00\x02\x00\xef'
2020-07-10 01:57:51.271043, cycle count 1504, gpio values 987856, 0, 0, 50627, status messages:  b'\xe1\x10\x01\x00\xef\xe1\x18\x01\x00\xef\xe1\x1c\x01\x00\xef\xe1\x1e\x01\x00\xef\xe1\x1f\x01\x00\xef\xe1\x1e\x02\x00\xef\xe1\x1c\x02\x00\xef\xe1\x18\x02\x00\xef\xe1\x10\x02\x00\xef\xe1\x00\x02\x00\xef'
2020-07-10 01:58:07.487043, cycle count 1505, gpio values 988486, 0, 0, 50663, status messages:  b'\xe1\x10\x01\x00\xef\xe1\x18\x01\x00\xef\xe1\x1c\x01\x00\xef\xe1\x1e\x01\x00\xef\xe1\x1f\x01\x00\xef\xe1\x1e\x02\x00\xef\xe1\x1c\x02\x00\xef\xe1\x18\x02\x00\xef\xe1\x10\x02\x00\xef\xe1\x00\x02\x00\xef'
2020-07-10 01:58:23.425966, cycle count 1506, gpio values 989116, 0, 0, 50691, status messages:  b'\xe1\x10\x01\x00\xef\xe1\x18\x01\x00\xef\xe1\x1c\x01\x00\xef\xe1\x1e\x01\x00\xef\xe1\x1f\x01\x00\xef\xe1\x1e\x02\x00\xef\xe1\x1c\x02\x00\xef\xe1\x18\x02\x00\xef\xe1\x10\x02\x00\xef\xe1\x00\x02\x00\xef'
2020-07-10 01:58:39.366463, cycle count 1507, gpio values 989746, 0, 0, 50719, status messages:  b'\xe1\x10\x01\x00\xef\xe1\x18\x01\x00\xef\xe1\x1c\x01\x00\xef\xe1\x1e\x01\x00\xef\xe1\x1f\x01\x00\xef\xe1\x1e\x02\x00\xef\xe1\x1c\x02\x00\xef\xe1\x18\x02\x00\xef\xe1\x10\x02\x00\xef\xe1\x00\x02\x00\xef'
2020-07-10 01:58:55.307792, cycle count 1508, gpio values 990376, 0, 0, 50747, status messages:  b'\xe1\x10\x01\x00\xef\xe1\x18\x01\x00\xef\xe1\x1c\x01\x00\xef\xe1\x1e\x01\x00\xef\xe1\x1f\x01\x00\xef\xe1\x1e\x02\x00\xef\xe1\x1c\x02\x00\xef\xe1\x18\x02\x00\xef\xe1\x10\x02\x00\xef\xe1\x00\x02\x00\xef'
2020-07-10 01:59:11.248079, cycle count 1509, gpio values 991006, 0, 0, 50775, status messages:  b'\xe1\x10\x01\x00\xef\xe1\x18\x01\x00\xef\xe1\x1c\x01\x00\xef\xe1\x1e\x01\x00\xef\xe1\x1f\x01\x00\xef\xe1\x1e\x02\x00\xef\xe1\x1c\x02\x00\xef\xe1\x18\x02\x00\xef\xe1\x10\x02\x00\xef\xe1\x00\x02\x00\xef'
2020-07-10 01:59:27.188034, cycle count 1510, gpio values 991636, 0, 0, 50811, status messages:  b'\xe1\x10\x01\x00\xef\xe1\x18\x01\x00\xef\xe1\x1c\x01\x00\xef\xe1\x1e\x01\x00\xef\xe1\x1f\x01\x00\xef\xe1\x1e\x02\x00\xef\xe1\x1c\x02\x00\xef\xe1\x18\x02\x00\xef\xe1\x10\x02\x00\xef\xe1\x00\x02\x00\xef'
2020-07-10 01:59:43.127903, cycle count 1511, gpio values 992266, 0, 0, 50839, status messages:  b'\xe1\x10\x01\x00\xef\xe1\x18\x01\x00\xef\xe1\x1c\x01\x00\xef\xe1\x1e\x01\x00\xef\xe1\x1f\x01\x00\xef\xe1\x1e\x02\x00\xef\xe1\x1c\x02\x00\xef\xe1\x18\x02\x00\xef\xe1\x10\x02\x00\xef\xe1\x00\x02\x00\xef'
2020-07-10 01:59:59.068929, cycle count 1512, gpio values 992896, 0, 0, 50867, status messages:  b'\xe1\x10\x01\x00\xef\xe1\x18\x01\x00\xef\xe1\x1c\x01\x00\xef\xe1\x1e\x01\x00\xef\xe1\x1f\x01\x00\xef\xe1\x1e\x02\x00\xef\xe1\x1c\x02\x00\xef\xe1\x18\x02\x00\xef\xe1\x10\x02\x00\xef\xe1\x00\x02\x00\xef'
2020-07-10 02:00:15.008830, cycle count 1513, gpio values 993526, 0, 0, 50895, status messages:  b'\xe1\x10\x01\x00\xef\xe1\x18\x01\x00\xef\xe1\x1c\x01\x00\xef\xe1\x1e\x01\x00\xef\xe1\x1f\x01\x00\xef\xe1\x1e\x02\x00\xef\xe1\x1c\x02\x00\xef\xe1\x18\x02\x00\xef\xe1\x10\x02\x00\xef\xe1\x00\x02\x00\xef'
2020-07-10 02:00:31.029439, cycle count 1514, gpio values 994156, 0, 0, 50923, status messages:  b'\xe1\x10\x01\x00\xef\xe1\x18\x01\x00\xef\xe1\x1c\x01\x00\xef\xe1\x1e\x01\x00\xef\xe1\x1f\x01\x00\xef\xe1\x1e\x02\x00\xef\xe1\x1c\x02\x00\xef\xe1\x18\x02\x00\xef\xe1\x10\x02\x00\xef\xe1\x00\x02\x00\xef'
2020-07-10 02:00:46.969617, cycle count 1515, gpio values 994786, 0, 0, 50951, status messages:  b'\xe1\x10\x01\x00\xef\xe1\x18\x01\x00\xef\xe1\x1c\x01\x00\xef\xe1\x1e\x01\x00\xef\xe1\x1f\x01\x00\xef\xe1\x1e\x02\x00\xef\xe1\x1c\x02\x00\xef\xe1\x18\x02\x00\xef\xe1\x10\x02\x00\xef\xe1\x00\x02\x00\xef'
2020-07-10 02:01:02.910799, cycle count 1516, gpio values 995416, 0, 0, 50979, status messages:  b'\xe1\x10\x01\x00\xef\xe1\x18\x01\x00\xef\xe1\x1c\x01\x00\xef\xe1\x1e\x01\x00\xef\xe1\x1f\x01\x00\xef\xe1\x1e\x02\x00\xef\xe1\x1c\x02\x00\xef\xe1\x18\x02\x00\xef\xe1\x10\x02\x00\xef\xe1\x00\x02\x00\xef'
2020-07-10 02:01:18.590982, cycle count 1517, gpio values 996011, 0, 0, 51007, status messages:  b'\xe1\x10\x01\x00\xef\xe1\x18\x01\x00\xef\xe1\x1c\x01\x00\xef\xe1\x1e\x01\x00\xef\xe1\x1f\x01\x00\xef\xe1\x1e\x02\x00\xef\xe1\x1c\x02\x00\xef\xe1\x18\x02\x00\xef\xe1\x10\x02\x00\xef\xe1\x00\x02\x00\xef'
2020-07-10 02:01:34.939393, cycle count 1518, gpio values 996641, 0, 0, 51043, status messages:  b'\xe1\x10\x01\x00\xef\xe1\x18\x01\x00\xef\xe1\x1c\x01\x00\xef\xe1\x1e\x01\x00\xef\xe1\x1f\x01\x00\xef\xe1\x1e\x02\x00\xef\xe1\x1c\x02\x00\xef\xe1\x18\x02\x00\xef\xe1\x10\x02\x00\xef\xe1\x00\x02\x00\xef'
2020-07-10 02:01:50.896337, cycle count 1519, gpio values 997271, 0, 0, 51071, status messages:  b'\xe1\x10\x01\x00\xef\xe1\x18\x01\x00\xef\xe1\x1c\x01\x00\xef\xe1\x1e\x01\x00\xef\xe1\x1f\x01\x00\xef\xe1\x1e\x02\x00\xef\xe1\x1c\x02\x00\xef\xe1\x18\x02\x00\xef\xe1\x10\x02\x00\xef\xe1\x00\x02\x00\xef'
2020-07-10 02:02:07.160189, cycle count 1520, gpio values 997901, 0, 0, 51107, status messages:  b'\xe1\x10\x01\x00\xef\xe1\x18\x01\x00\xef\xe1\x1c\x01\x00\xef\xe1\x1e\x01\x00\xef\xe1\x1f\x01\x00\xef\xe1\x1e\x02\x00\xef\xe1\x1c\x02\x00\xef\xe1\x18\x02\x00\xef\xe1\x10\x02\x00\xef\xe1\x00\x02\x00\xef'
2020-07-10 02:02:23.375987, cycle count 1521, gpio values 998531, 0, 0, 51143, status messages:  b'\xe1\x10\x01\x00\xef\xe1\x18\x01\x00\xef\xe1\x1c\x01\x00\xef\xe1\x1e\x01\x00\xef\xe1\x1f\x01\x00\xef\xe1\x1e\x02\x00\xef\xe1\x1c\x02\x00\xef\xe1\x18\x02\x00\xef\xe1\x10\x02\x00\xef\xe1\x00\x02\x00\xef'
2020-07-10 02:02:39.332063, cycle count 1522, gpio values 999161, 0, 0, 51171, status messages:  b'\xe1\x10\x01\x00\xef\xe1\x18\x01\x00\xef\xe1\x1c\x01\x00\xef\xe1\x1e\x01\x00\xef\xe1\x1f\x01\x00\xef\xe1\x1e\x02\x00\xef\xe1\x1c\x02\x00\xef\xe1\x18\x02\x00\xef\xe1\x10\x02\x00\xef\xe1\x00\x02\x00\xef'
2020-07-10 02:02:55.272460, cycle count 1523, gpio values 999791, 0, 0, 51199, status messages:  b'\xe1\x10\x01\x00\xef\xe1\x18\x01\x00\xef\xe1\x1c\x01\x00\xef\xe1\x1e\x01\x00\xef\xe1\x1f\x01\x00\xef\xe1\x1e\x02\x00\xef\xe1\x1c\x02\x00\xef\xe1\x18\x02\x00\xef\xe1\x10\x02\x00\xef\xe1\x00\x02\x00\xef'
2020-07-10 02:03:11.212984, cycle count 1524, gpio values 1000421, 0, 0, 51227, status messages:  b'\xe1\x10\x01\x00\xef\xe1\x18\x01\x00\xef\xe1\x1c\x01\x00\xef\xe1\x1e\x01\x00\xef\xe1\x1f\x01\x00\xef\xe1\x1e\x02\x00\xef\xe1\x1c\x02\x00\xef\xe1\x18\x02\x00\xef\xe1\x10\x02\x00\xef\xe1\x00\x02\x00\xef'
2020-07-10 02:03:27.411514, cycle count 1525, gpio values 1001051, 0, 0, 51263, status messages:  b'\xe1\x10\x01\x00\xef\xe1\x18\x01\x00\xef\xe1\x1c\x01\x00\xef\xe1\x1e\x01\x00\xef\xe1\x1f\x01\x00\xef\xe1\x1e\x02\x00\xef\xe1\x1c\x02\x00\xef\xe1\x18\x02\x00\xef\xe1\x10\x02\x00\xef\xe1\x00\x02\x00\xef'
2020-07-10 02:03:43.626486, cycle count 1526, gpio values 1001681, 0, 0, 51299, status messages:  b'\xe1\x10\x01\x00\xef\xe1\x18\x01\x00\xef\xe1\x1c\x01\x00\xef\xe1\x1e\x01\x00\xef\xe1\x1f\x01\x00\xef\xe1\x1e\x02\x00\xef\xe1\x1c\x02\x00\xef\xe1\x18\x02\x00\xef\xe1\x10\x02\x00\xef\xe1\x00\x02\x00\xef'
2020-07-10 02:04:00.083996, cycle count 1527, gpio values 1002347, 0, 0, 51335, status messages:  b'\xe1\x10\x01\x00\xef\xe1\x18\x01\x00\xef\xe1\x1c\x01\x00\xef\xe1\x1e\x01\x00\xef\xe1\x1f\x01\x00\xef\xe1\x1e\x02\x00\xef\xe1\x1c\x02\x00\xef\xe1\x18\x02\x00\xef\xe1\x10\x02\x00\xef\xe1\x00\x02\x00\xef'
2020-07-10 02:04:16.040345, cycle count 1528, gpio values 1002977, 0, 0, 51363, status messages:  b'\xe1\x10\x01\x00\xef\xe1\x18\x01\x00\xef\xe1\x1c\x01\x00\xef\xe1\x1e\x01\x00\xef\xe1\x1f\x01\x00\xef\xe1\x1e\x02\x00\xef\xe1\x1c\x02\x00\xef\xe1\x18\x02\x00\xef\xe1\x10\x02\x00\xef\xe1\x00\x02\x00\xef'
2020-07-10 02:04:32.094028, cycle count 1529, gpio values 1003607, 0, 0, 51391, status messages:  b'\xe1\x10\x01\x00\xef\xe1\x18\x01\x00\xef\xe1\x1c\x01\x00\xef\xe1\x1e\x01\x00\xef\xe1\x1f\x01\x00\xef\xe1\x1e\x02\x00\xef\xe1\x1c\x02\x00\xef\xe1\x18\x02\x00\xef\xe1\x10\x02\x00\xef\xe1\x00\x02\x00\xef'
2020-07-10 02:04:48.036620, cycle count 1530, gpio values 1004237, 0, 0, 51419, status messages:  b'\xe1\x10\x01\x00\xef\xe1\x18\x01\x00\xef\xe1\x1c\x01\x00\xef\xe1\x1e\x01\x00\xef\xe1\x1f\x01\x00\xef\xe1\x1e\x02\x00\xef\xe1\x1c\x02\x00\xef\xe1\x18\x02\x00\xef\xe1\x10\x02\x00\xef\xe1\x00\x02\x00\xef'
2020-07-10 02:05:03.974129, cycle count 1531, gpio values 1004867, 0, 0, 51447, status messages:  b'\xe1\x10\x01\x00\xef\xe1\x18\x01\x00\xef\xe1\x1c\x01\x00\xef\xe1\x1e\x01\x00\xef\xe1\x1f\x01\x00\xef\xe1\x1e\x02\x00\xef\xe1\x1c\x02\x00\xef\xe1\x18\x02\x00\xef\xe1\x10\x02\x00\xef\xe1\x00\x02\x00\xef'
2020-07-10 02:05:20.174237, cycle count 1532, gpio values 1005497, 0, 0, 51483, status messages:  b'\xe1\x10\x01\x00\xef\xe1\x18\x01\x00\xef\xe1\x1c\x01\x00\xef\xe1\x1e\x01\x00\xef\xe1\x1f\x01\x00\xef\xe1\x1e\x02\x00\xef\xe1\x1c\x02\x00\xef\xe1\x18\x02\x00\xef\xe1\x10\x02\x00\xef\xe1\x00\x02\x00\xef'
2020-07-10 02:05:36.114342, cycle count 1533, gpio values 1006127, 0, 0, 51511, status messages:  b'\xe1\x10\x01\x00\xef\xe1\x18\x01\x00\xef\xe1\x1c\x01\x00\xef\xe1\x1e\x01\x00\xef\xe1\x1f\x01\x00\xef\xe1\x1e\x02\x00\xef\xe1\x1c\x02\x00\xef\xe1\x18\x02\x00\xef\xe1\x10\x02\x00\xef\xe1\x00\x02\x00\xef'
2020-07-10 02:05:52.054327, cycle count 1534, gpio values 1006757, 0, 0, 51539, status messages:  b'\xe1\x10\x01\x00\xef\xe1\x18\x01\x00\xef\xe1\x1c\x01\x00\xef\xe1\x1e\x01\x00\xef\xe1\x1f\x01\x00\xef\xe1\x1e\x02\x00\xef\xe1\x1c\x02\x00\xef\xe1\x18\x02\x00\xef\xe1\x10\x02\x00\xef\xe1\x00\x02\x00\xef'
2020-07-10 02:06:08.253887, cycle count 1535, gpio values 1007387, 0, 0, 51575, status messages:  b'\xe1\x10\x01\x00\xef\xe1\x18\x01\x00\xef\xe1\x1c\x01\x00\xef\xe1\x1e\x01\x00\xef\xe1\x1f\x01\x00\xef\xe1\x1e\x02\x00\xef\xe1\x1c\x02\x00\xef\xe1\x18\x02\x00\xef\xe1\x10\x02\x00\xef\xe1\x00\x02\x00\xef'
2020-07-10 02:06:24.195150, cycle count 1536, gpio values 1008017, 0, 0, 51603, status messages:  b'\xe1\x10\x01\x00\xef\xe1\x18\x01\x00\xef\xe1\x1c\x01\x00\xef\xe1\x1e\x01\x00\xef\xe1\x1f\x01\x00\xef\xe1\x1e\x02\x00\xef\xe1\x1c\x02\x00\xef\xe1\x18\x02\x00\xef\xe1\x10\x02\x00\xef\xe1\x00\x02\x00\xef'
2020-07-10 02:06:40.151452, cycle count 1537, gpio values 1008647, 0, 0, 51631, status messages:  b'\xe1\x10\x01\x00\xef\xe1\x18\x01\x00\xef\xe1\x1c\x01\x00\xef\xe1\x1e\x01\x00\xef\xe1\x1f\x01\x00\xef\xe1\x1e\x02\x00\xef\xe1\x1c\x02\x00\xef\xe1\x18\x02\x00\xef\xe1\x10\x02\x00\xef\xe1\x00\x02\x00\xef'
2020-07-10 02:06:56.350843, cycle count 1538, gpio values 1009277, 0, 0, 51667, status messages:  b'\xe1\x10\x01\x00\xef\xe1\x18\x01\x00\xef\xe1\x1c\x01\x00\xef\xe1\x1e\x01\x00\xef\xe1\x1f\x01\x00\xef\xe1\x1e\x02\x00\xef\xe1\x1c\x02\x00\xef\xe1\x18\x02\x00\xef\xe1\x10\x02\x00\xef\xe1\x00\x02\x00\xef'
2020-07-10 02:07:12.290083, cycle count 1539, gpio values 1009907, 0, 0, 51695, status messages:  b'\xe1\x10\x01\x00\xef\xe1\x18\x01\x00\xef\xe1\x1c\x01\x00\xef\xe1\x1e\x01\x00\xef\xe1\x1f\x01\x00\xef\xe1\x1e\x02\x00\xef\xe1\x1c\x02\x00\xef\xe1\x18\x02\x00\xef\xe1\x10\x02\x00\xef\xe1\x00\x02\x00\xef'
2020-07-10 02:07:28.230110, cycle count 1540, gpio values 1010537, 0, 0, 51723, status messages:  b'\xe1\x10\x01\x00\xef\xe1\x18\x01\x00\xef\xe1\x1c\x01\x00\xef\xe1\x1e\x01\x00\xef\xe1\x1f\x01\x00\xef\xe1\x1e\x02\x00\xef\xe1\x1c\x02\x00\xef\xe1\x18\x02\x00\xef\xe1\x10\x02\x00\xef\xe1\x00\x02\x00\xef'
2020-07-10 02:07:44.429581, cycle count 1541, gpio values 1011167, 0, 0, 51759, status messages:  b'\xe1\x10\x01\x00\xef\xe1\x18\x01\x00\xef\xe1\x1c\x01\x00\xef\xe1\x1e\x01\x00\xef\xe1\x1f\x01\x00\xef\xe1\x1e\x02\x00\xef\xe1\x1c\x02\x00\xef\xe1\x18\x02\x00\xef\xe1\x10\x02\x00\xef\xe1\x00\x02\x00\xef'
2020-07-10 02:08:00.370450, cycle count 1542, gpio values 1011797, 0, 0, 51787, status messages:  b'\xe1\x10\x01\x00\xef\xe1\x18\x01\x00\xef\xe1\x1c\x01\x00\xef\xe1\x1e\x01\x00\xef\xe1\x1f\x01\x00\xef\xe1\x1e\x02\x00\xef\xe1\x1c\x02\x00\xef\xe1\x18\x02\x00\xef\xe1\x10\x02\x00\xef\xe1\x00\x02\x00\xef'
2020-07-10 02:08:16.309727, cycle count 1543, gpio values 1012427, 0, 0, 51815, status messages:  b'\xe1\x10\x01\x00\xef\xe1\x18\x01\x00\xef\xe1\x1c\x01\x00\xef\xe1\x1e\x01\x00\xef\xe1\x1f\x01\x00\xef\xe1\x1e\x02\x00\xef\xe1\x1c\x02\x00\xef\xe1\x18\x02\x00\xef\xe1\x10\x02\x00\xef\xe1\x00\x02\x00\xef'
2020-07-10 02:08:32.249503, cycle count 1544, gpio values 1013057, 0, 0, 51843, status messages:  b'\xe1\x10\x01\x00\xef\xe1\x18\x01\x00\xef\xe1\x1c\x01\x00\xef\xe1\x1e\x01\x00\xef\xe1\x1f\x01\x00\xef\xe1\x1e\x02\x00\xef\xe1\x1c\x02\x00\xef\xe1\x18\x02\x00\xef\xe1\x10\x02\x00\xef\xe1\x00\x02\x00\xef'
2020-07-10 02:08:48.190763, cycle count 1545, gpio values 1013687, 0, 0, 51871, status messages:  b'\xe1\x10\x01\x00\xef\xe1\x18\x01\x00\xef\xe1\x1c\x01\x00\xef\xe1\x1e\x01\x00\xef\xe1\x1f\x01\x00\xef\xe1\x1e\x02\x00\xef\xe1\x1c\x02\x00\xef\xe1\x18\x02\x00\xef\xe1\x10\x02\x00\xef\xe1\x00\x02\x00\xef'
2020-07-10 02:09:04.147288, cycle count 1546, gpio values 1014317, 0, 0, 51899, status messages:  b'\xe1\x10\x01\x00\xef\xe1\x18\x01\x00\xef\xe1\x1c\x01\x00\xef\xe1\x1e\x01\x00\xef\xe1\x1f\x01\x00\xef\xe1\x1e\x02\x00\xef\xe1\x1c\x02\x00\xef\xe1\x18\x02\x00\xef\xe1\x10\x02\x00\xef\xe1\x00\x02\x00\xef'
2020-07-10 02:09:20.086630, cycle count 1547, gpio values 1014947, 0, 0, 51927, status messages:  b'\xe1\x10\x01\x00\xef\xe1\x18\x01\x00\xef\xe1\x1c\x01\x00\xef\xe1\x1e\x01\x00\xef\xe1\x1f\x01\x00\xef\xe1\x1e\x02\x00\xef\xe1\x1c\x02\x00\xef\xe1\x18\x02\x00\xef\xe1\x10\x02\x00\xef\xe1\x00\x02\x00\xef'
2020-07-10 02:09:36.029313, cycle count 1548, gpio values 1015577, 0, 0, 51955, status messages:  b'\xe1\x10\x01\x00\xef\xe1\x18\x01\x00\xef\xe1\x1c\x01\x00\xef\xe1\x1e\x01\x00\xef\xe1\x1f\x01\x00\xef\xe1\x1e\x02\x00\xef\xe1\x1c\x02\x00\xef\xe1\x18\x02\x00\xef\xe1\x10\x02\x00\xef\xe1\x00\x02\x00\xef'
2020-07-10 02:09:52.258340, cycle count 1549, gpio values 1016207, 0, 0, 51991, status messages:  b'\xe1\x10\x01\x00\xef\xe1\x18\x01\x00\xef\xe1\x1c\x01\x00\xef\xe1\x1e\x01\x00\xef\xe1\x1f\x01\x00\xef\xe1\x1e\x02\x00\xef\xe1\x1c\x02\x00\xef\xe1\x18\x02\x00\xef\xe1\x10\x02\x00\xef\xe1\x00\x02\x00\xef'
2020-07-10 02:10:08.198559, cycle count 1550, gpio values 1016837, 0, 0, 52019, status messages:  b'\xe1\x10\x01\x00\xef\xe1\x18\x01\x00\xef\xe1\x1c\x01\x00\xef\xe1\x1e\x01\x00\xef\xe1\x1f\x01\x00\xef\xe1\x1e\x02\x00\xef\xe1\x1c\x02\x00\xef\xe1\x18\x02\x00\xef\xe1\x10\x02\x00\xef\xe1\x00\x02\x00\xef'
2020-07-10 02:10:24.397924, cycle count 1551, gpio values 1017467, 0, 0, 52055, status messages:  b'\xe1\x10\x01\x00\xef\xe1\x18\x01\x00\xef\xe1\x1c\x01\x00\xef\xe1\x1e\x01\x00\xef\xe1\x1f\x01\x00\xef\xe1\x1e\x02\x00\xef\xe1\x1c\x02\x00\xef\xe1\x18\x02\x00\xef\xe1\x10\x02\x00\xef\xe1\x00\x02\x00\xef'
2020-07-10 02:10:40.112094, cycle count 1552, gpio values 1018062, 0, 0, 52083, status messages:  b'\xe1\x10\x01\x00\xef\xe1\x18\x01\x00\xef\xe1\x1c\x01\x00\xef\xe1\x1e\x01\x00\xef\xe1\x1f\x01\x00\xef\xe1\x1e\x02\x00\xef\xe1\x1c\x02\x00\xef\xe1\x18\x02\x00\xef\xe1\x10\x02\x00\xef\xe1\x00\x02\x00\xef'
2020-07-10 02:10:56.151094, cycle count 1553, gpio values 1018692, 0, 0, 52111, status messages:  b'\xe1\x10\x01\x00\xef\xe1\x18\x01\x00\xef\xe1\x1c\x01\x00\xef\xe1\x1e\x01\x00\xef\xe1\x1f\x01\x00\xef\xe1\x1e\x02\x00\xef\xe1\x1c\x02\x00\xef\xe1\x18\x02\x00\xef\xe1\x10\x02\x00\xef\xe1\x00\x02\x00\xef'
2020-07-10 02:11:11.833098, cycle count 1554, gpio values 1019287, 0, 0, 52139, status messages:  b'\xe1\x10\x01\x00\xef\xe1\x18\x01\x00\xef\xe1\x1c\x01\x00\xef\xe1\x1e\x01\x00\xef\xe1\x1f\x01\x00\xef\xe1\x1e\x02\x00\xef\xe1\x1c\x02\x00\xef\xe1\x18\x02\x00\xef\xe1\x10\x02\x00\xef\xe1\x00\x02\x00\xef'
2020-07-10 02:11:27.773087, cycle count 1555, gpio values 1019917, 0, 0, 52167, status messages:  b'\xe1\x10\x01\x00\xef\xe1\x18\x01\x00\xef\xe1\x1c\x01\x00\xef\xe1\x1e\x01\x00\xef\xe1\x1f\x01\x00\xef\xe1\x1e\x02\x00\xef\xe1\x1c\x02\x00\xef\xe1\x18\x02\x00\xef\xe1\x10\x02\x00\xef\xe1\x00\x02\x00\xef'
2020-07-10 02:11:43.712345, cycle count 1556, gpio values 1020547, 0, 0, 52195, status messages:  b'\xe1\x10\x01\x00\xef\xe1\x18\x01\x00\xef\xe1\x1c\x01\x00\xef\xe1\x1e\x01\x00\xef\xe1\x1f\x01\x00\xef\xe1\x1e\x02\x00\xef\xe1\x1c\x02\x00\xef\xe1\x18\x02\x00\xef\xe1\x10\x02\x00\xef\xe1\x00\x02\x00\xef'
2020-07-10 02:11:59.652764, cycle count 1557, gpio values 1021177, 0, 0, 52223, status messages:  b'\xe1\x10\x01\x00\xef\xe1\x18\x01\x00\xef\xe1\x1c\x01\x00\xef\xe1\x1e\x01\x00\xef\xe1\x1f\x01\x00\xef\xe1\x1e\x02\x00\xef\xe1\x1c\x02\x00\xef\xe1\x18\x02\x00\xef\xe1\x10\x02\x00\xef\xe1\x00\x02\x00\xef'
2020-07-10 02:12:15.867396, cycle count 1558, gpio values 1021807, 0, 0, 52259, status messages:  b'\xe1\x10\x01\x00\xef\xe1\x18\x01\x00\xef\xe1\x1c\x01\x00\xef\xe1\x1e\x01\x00\xef\xe1\x1f\x01\x00\xef\xe1\x1e\x02\x00\xef\xe1\x1c\x02\x00\xef\xe1\x18\x02\x00\xef\xe1\x10\x02\x00\xef\xe1\x00\x02\x00\xef'
2020-07-10 02:12:31.808412, cycle count 1559, gpio values 1022402, 0, 0, 52295, status messages:  b'\xe1\x10\x01\x00\xef\xe1\x18\x01\x00\xef\xe1\x1c\x01\x00\xef\xe1\x1e\x01\x00\xef\xe1\x1f\x01\x00\xef\xe1\x1e\x02\x00\xef\xe1\x1c\x02\x00\xef\xe1\x18\x02\x00\xef\xe1\x10\x02\x00\xef\xe1\x00\x02\x00\xef'
2020-07-10 02:12:47.489407, cycle count 1560, gpio values 1022997, 0, 0, 52323, status messages:  b'\xe1\x10\x01\x00\xef\xe1\x18\x01\x00\xef\xe1\x1c\x01\x00\xef\xe1\x1e\x01\x00\xef\xe1\x1f\x01\x00\xef\xe1\x1e\x02\x00\xef\xe1\x1c\x02\x00\xef\xe1\x18\x02\x00\xef\xe1\x10\x02\x00\xef\xe1\x00\x02\x00\xef'
2020-07-10 02:13:03.428927, cycle count 1561, gpio values 1023627, 0, 0, 52351, status messages:  b'\xe1\x10\x01\x00\xef\xe1\x18\x01\x00\xef\xe1\x1c\x01\x00\xef\xe1\x1e\x01\x00\xef\xe1\x1f\x01\x00\xef\xe1\x1e\x02\x00\xef\xe1\x1c\x02\x00\xef\xe1\x18\x02\x00\xef\xe1\x10\x02\x00\xef\xe1\x00\x02\x00\xef'
2020-07-10 02:13:19.369660, cycle count 1562, gpio values 1024257, 0, 0, 52387, status messages:  b'\xe1\x10\x01\x00\xef\xe1\x18\x01\x00\xef\xe1\x1c\x01\x00\xef\xe1\x1e\x01\x00\xef\xe1\x1f\x01\x00\xef\xe1\x1e\x02\x00\xef\xe1\x1c\x02\x00\xef\xe1\x18\x02\x00\xef\xe1\x10\x02\x00\xef\xe1\x00\x02\x00\xef'
2020-07-10 02:13:35.309170, cycle count 1563, gpio values 1024887, 0, 0, 52415, status messages:  b'\xe1\x10\x01\x00\xef\xe1\x18\x01\x00\xef\xe1\x1c\x01\x00\xef\xe1\x1e\x01\x00\xef\xe1\x1f\x01\x00\xef\xe1\x1e\x02\x00\xef\xe1\x1c\x02\x00\xef\xe1\x18\x02\x00\xef\xe1\x10\x02\x00\xef\xe1\x00\x02\x00\xef'
2020-07-10 02:13:51.507940, cycle count 1564, gpio values 1025517, 0, 0, 52451, status messages:  b'\xe1\x10\x01\x00\xef\xe1\x18\x01\x00\xef\xe1\x1c\x01\x00\xef\xe1\x1e\x01\x00\xef\xe1\x1f\x01\x00\xef\xe1\x1e\x02\x00\xef\xe1\x1c\x02\x00\xef\xe1\x18\x02\x00\xef\xe1\x10\x02\x00\xef\xe1\x00\x02\x00\xef'
2020-07-10 02:14:07.464960, cycle count 1565, gpio values 1026147, 0, 0, 52487, status messages:  b'\xe1\x10\x01\x00\xef\xe1\x18\x01\x00\xef\xe1\x1c\x01\x00\xef\xe1\x1e\x01\x00\xef\xe1\x1f\x01\x00\xef\xe1\x1e\x02\x00\xef\xe1\x1c\x02\x00\xef\xe1\x18\x02\x00\xef\xe1\x10\x02\x00\xef\xe1\x00\x02\x00\xef'
2020-07-10 02:14:23.404764, cycle count 1566, gpio values 1026777, 0, 0, 52515, status messages:  b'\xe1\x10\x01\x00\xef\xe1\x18\x01\x00\xef\xe1\x1c\x01\x00\xef\xe1\x1e\x01\x00\xef\xe1\x1f\x01\x00\xef\xe1\x1e\x02\x00\xef\xe1\x1c\x02\x00\xef\xe1\x18\x02\x00\xef\xe1\x10\x02\x00\xef\xe1\x00\x02\x00\xef'
2020-07-10 02:14:39.345226, cycle count 1567, gpio values 1027407, 0, 0, 52543, status messages:  b'\xe1\x10\x01\x00\xef\xe1\x18\x01\x00\xef\xe1\x1c\x01\x00\xef\xe1\x1e\x01\x00\xef\xe1\x1f\x01\x00\xef\xe1\x1e\x02\x00\xef\xe1\x1c\x02\x00\xef\xe1\x18\x02\x00\xef\xe1\x10\x02\x00\xef\xe1\x00\x02\x00\xef'
2020-07-10 02:14:55.285619, cycle count 1568, gpio values 1028037, 0, 0, 52571, status messages:  b'\xe1\x10\x01\x00\xef\xe1\x18\x01\x00\xef\xe1\x1c\x01\x00\xef\xe1\x1e\x01\x00\xef\xe1\x1f\x01\x00\xef\xe1\x1e\x02\x00\xef\xe1\x1c\x02\x00\xef\xe1\x18\x02\x00\xef\xe1\x10\x02\x00\xef\xe1\x00\x02\x00\xef'
2020-07-10 02:15:11.519858, cycle count 1569, gpio values 1028667, 0, 0, 52607, status messages:  b'\xe1\x10\x01\x00\xef\xe1\x18\x01\x00\xef\xe1\x1c\x01\x00\xef\xe1\x1e\x01\x00\xef\xe1\x1f\x01\x00\xef\xe1\x1e\x02\x00\xef\xe1\x1c\x02\x00\xef\xe1\x18\x02\x00\xef\xe1\x10\x02\x00\xef\xe1\x00\x02\x00\xef'
2020-07-10 02:15:27.459764, cycle count 1570, gpio values 1029297, 0, 0, 52635, status messages:  b'\xe1\x10\x01\x00\xef\xe1\x18\x01\x00\xef\xe1\x1c\x01\x00\xef\xe1\x1e\x01\x00\xef\xe1\x1f\x01\x00\xef\xe1\x1e\x02\x00\xef\xe1\x1c\x02\x00\xef\xe1\x18\x02\x00\xef\xe1\x10\x02\x00\xef\xe1\x00\x02\x00\xef'
2020-07-10 02:15:43.659027, cycle count 1571, gpio values 1029927, 0, 0, 52671, status messages:  b'\xe1\x10\x01\x00\xef\xe1\x18\x01\x00\xef\xe1\x1c\x01\x00\xef\xe1\x1e\x01\x00\xef\xe1\x1f\x01\x00\xef\xe1\x1e\x02\x00\xef\xe1\x1c\x02\x00\xef\xe1\x18\x02\x00\xef\xe1\x10\x02\x00\xef\xe1\x00\x02\x00\xef'
2020-07-10 02:15:59.599500, cycle count 1572, gpio values 1030557, 0, 0, 52699, status messages:  b'\xe1\x10\x01\x00\xef\xe1\x18\x01\x00\xef\xe1\x1c\x01\x00\xef\xe1\x1e\x01\x00\xef\xe1\x1f\x01\x00\xef\xe1\x1e\x02\x00\xef\xe1\x1c\x02\x00\xef\xe1\x18\x02\x00\xef\xe1\x10\x02\x00\xef\xe1\x00\x02\x00\xef'
2020-07-10 02:16:15.538377, cycle count 1573, gpio values 1031187, 0, 0, 52727, status messages:  b'\xe1\x10\x01\x00\xef\xe1\x18\x01\x00\xef\xe1\x1c\x01\x00\xef\xe1\x1e\x01\x00\xef\xe1\x1f\x01\x00\xef\xe1\x1e\x02\x00\xef\xe1\x1c\x02\x00\xef\xe1\x18\x02\x00\xef\xe1\x10\x02\x00\xef\xe1\x00\x02\x00\xef'
2020-07-10 02:16:31.738085, cycle count 1574, gpio values 1031817, 0, 0, 52763, status messages:  b'\xe1\x10\x01\x00\xef\xe1\x18\x01\x00\xef\xe1\x1c\x01\x00\xef\xe1\x1e\x01\x00\xef\xe1\x1f\x01\x00\xef\xe1\x1e\x02\x00\xef\xe1\x1c\x02\x00\xef\xe1\x18\x02\x00\xef\xe1\x10\x02\x00\xef\xe1\x00\x02\x00\xef'
2020-07-10 02:16:47.937362, cycle count 1575, gpio values 1032447, 0, 0, 52799, status messages:  b'\xe1\x10\x01\x00\xef\xe1\x18\x01\x00\xef\xe1\x1c\x01\x00\xef\xe1\x1e\x01\x00\xef\xe1\x1f\x01\x00\xef\xe1\x1e\x02\x00\xef\xe1\x1c\x02\x00\xef\xe1\x18\x02\x00\xef\xe1\x10\x02\x00\xef\xe1\x00\x02\x00\xef'
2020-07-10 02:17:04.136758, cycle count 1576, gpio values 1033077, 0, 0, 52835, status messages:  b'\xe1\x10\x01\x00\xef\xe1\x18\x01\x00\xef\xe1\x1c\x01\x00\xef\xe1\x1e\x01\x00\xef\xe1\x1f\x01\x00\xef\xe1\x1e\x02\x00\xef\xe1\x1c\x02\x00\xef\xe1\x18\x02\x00\xef\xe1\x10\x02\x00\xef\xe1\x00\x02\x00\xef'
2020-07-10 02:17:20.077143, cycle count 1577, gpio values 1033707, 0, 0, 52863, status messages:  b'\xe1\x10\x01\x00\xef\xe1\x18\x01\x00\xef\xe1\x1c\x01\x00\xef\xe1\x1e\x01\x00\xef\xe1\x1f\x01\x00\xef\xe1\x1e\x02\x00\xef\xe1\x1c\x02\x00\xef\xe1\x18\x02\x00\xef\xe1\x10\x02\x00\xef\xe1\x00\x02\x00\xef'
2020-07-10 02:17:36.309811, cycle count 1578, gpio values 1034337, 0, 0, 52899, status messages:  b'\xe1\x10\x01\x00\xef\xe1\x18\x01\x00\xef\xe1\x1c\x01\x00\xef\xe1\x1e\x01\x00\xef\xe1\x1f\x01\x00\xef\xe1\x1e\x02\x00\xef\xe1\x1c\x02\x00\xef\xe1\x18\x02\x00\xef\xe1\x10\x02\x00\xef\xe1\x00\x02\x00\xef'
2020-07-10 02:17:52.541864, cycle count 1579, gpio values 1034967, 0, 0, 52935, status messages:  b'\xe1\x10\x01\x00\xef\xe1\x18\x01\x00\xef\xe1\x1c\x01\x00\xef\xe1\x1e\x01\x00\xef\xe1\x1f\x01\x00\xef\xe1\x1e\x02\x00\xef\xe1\x1c\x02\x00\xef\xe1\x18\x02\x00\xef\xe1\x10\x02\x00\xef\xe1\x00\x02\x00\xef'
2020-07-10 02:18:08.481786, cycle count 1580, gpio values 1035597, 0, 0, 52963, status messages:  b'\xe1\x10\x01\x00\xef\xe1\x18\x01\x00\xef\xe1\x1c\x01\x00\xef\xe1\x1e\x01\x00\xef\xe1\x1f\x01\x00\xef\xe1\x1e\x02\x00\xef\xe1\x1c\x02\x00\xef\xe1\x18\x02\x00\xef\xe1\x10\x02\x00\xef\xe1\x00\x02\x00\xef'
2020-07-10 02:18:24.680054, cycle count 1581, gpio values 1036227, 0, 0, 52999, status messages:  b'\xe1\x10\x01\x00\xef\xe1\x18\x01\x00\xef\xe1\x1c\x01\x00\xef\xe1\x1e\x01\x00\xef\xe1\x1f\x01\x00\xef\xe1\x1e\x02\x00\xef\xe1\x1c\x02\x00\xef\xe1\x18\x02\x00\xef\xe1\x10\x02\x00\xef\xe1\x00\x02\x00\xef'
2020-07-10 02:18:40.637629, cycle count 1582, gpio values 1036857, 0, 0, 53027, status messages:  b'\xe1\x10\x01\x00\xef\xe1\x18\x01\x00\xef\xe1\x1c\x01\x00\xef\xe1\x1e\x01\x00\xef\xe1\x1f\x01\x00\xef\xe1\x1e\x02\x00\xef\xe1\x1c\x02\x00\xef\xe1\x18\x02\x00\xef\xe1\x10\x02\x00\xef\xe1\x00\x02\x00\xef'
2020-07-10 02:18:56.835444, cycle count 1583, gpio values 1037487, 0, 0, 53063, status messages:  b'\xe1\x10\x01\x00\xef\xe1\x18\x01\x00\xef\xe1\x1c\x01\x00\xef\xe1\x1e\x01\x00\xef\xe1\x1f\x01\x00\xef\xe1\x1e\x02\x00\xef\xe1\x1c\x02\x00\xef\xe1\x18\x02\x00\xef\xe1\x10\x02\x00\xef\xe1\x00\x02\x00\xef'
2020-07-10 02:19:13.293568, cycle count 1584, gpio values 1038153, 0, 0, 53099, status messages:  b'\xe1\x10\x01\x00\xef\xe1\x18\x01\x00\xef\xe1\x1c\x01\x00\xef\xe1\x1e\x01\x00\xef\xe1\x1f\x01\x00\xef\xe1\x1e\x02\x00\xef\xe1\x1c\x02\x00\xef\xe1\x18\x02\x00\xef\xe1\x10\x02\x00\xef\xe1\x00\x02\x00\xef'
2020-07-10 02:19:29.753046, cycle count 1585, gpio values 1038819, 0, 0, 53135, status messages:  b'\xe1\x10\x01\x00\xef\xe1\x18\x01\x00\xef\xe1\x1c\x01\x00\xef\xe1\x1e\x01\x00\xef\xe1\x1f\x01\x00\xef\xe1\x1e\x02\x00\xef\xe1\x1c\x02\x00\xef\xe1\x18\x02\x00\xef\xe1\x10\x02\x00\xef\xe1\x00\x02\x00\xef'
2020-07-10 02:19:45.967713, cycle count 1586, gpio values 1039449, 0, 0, 53171, status messages:  b'\xe1\x10\x01\x00\xef\xe1\x18\x01\x00\xef\xe1\x1c\x01\x00\xef\xe1\x1e\x01\x00\xef\xe1\x1f\x01\x00\xef\xe1\x1e\x02\x00\xef\xe1\x1c\x02\x00\xef\xe1\x18\x02\x00\xef\xe1\x10\x02\x00\xef\xe1\x00\x02\x00\xef'
2020-07-10 02:20:01.923977, cycle count 1587, gpio values 1040079, 0, 0, 53199, status messages:  b'\xe1\x10\x01\x00\xef\xe1\x18\x01\x00\xef\xe1\x1c\x01\x00\xef\xe1\x1e\x01\x00\xef\xe1\x1f\x01\x00\xef\xe1\x1e\x02\x00\xef\xe1\x1c\x02\x00\xef\xe1\x18\x02\x00\xef\xe1\x10\x02\x00\xef\xe1\x00\x02\x00\xef'
2020-07-10 02:20:18.188146, cycle count 1588, gpio values 1040709, 0, 0, 53235, status messages:  b'\xe1\x10\x01\x00\xef\xe1\x18\x01\x00\xef\xe1\x1c\x01\x00\xef\xe1\x1e\x01\x00\xef\xe1\x1f\x01\x00\xef\xe1\x1e\x02\x00\xef\xe1\x1c\x02\x00\xef\xe1\x18\x02\x00\xef\xe1\x10\x02\x00\xef\xe1\x00\x02\x00\xef'
2020-07-10 02:20:34.128402, cycle count 1589, gpio values 1041339, 0, 0, 53263, status messages:  b'\xe1\x10\x01\x00\xef\xe1\x18\x01\x00\xef\xe1\x1c\x01\x00\xef\xe1\x1e\x01\x00\xef\xe1\x1f\x01\x00\xef\xe1\x1e\x02\x00\xef\xe1\x1c\x02\x00\xef\xe1\x18\x02\x00\xef\xe1\x10\x02\x00\xef\xe1\x00\x02\x00\xef'
2020-07-10 02:20:50.067922, cycle count 1590, gpio values 1041969, 0, 0, 53291, status messages:  b'\xe1\x10\x01\x00\xef\xe1\x18\x01\x00\xef\xe1\x1c\x01\x00\xef\xe1\x1e\x01\x00\xef\xe1\x1f\x01\x00\xef\xe1\x1e\x02\x00\xef\xe1\x1c\x02\x00\xef\xe1\x18\x02\x00\xef\xe1\x10\x02\x00\xef\xe1\x00\x02\x00\xef'
2020-07-10 02:21:06.284164, cycle count 1591, gpio values 1042599, 0, 0, 53327, status messages:  b'\xe1\x10\x01\x00\xef\xe1\x18\x01\x00\xef\xe1\x1c\x01\x00\xef\xe1\x1e\x01\x00\xef\xe1\x1f\x01\x00\xef\xe1\x1e\x02\x00\xef\xe1\x1c\x02\x00\xef\xe1\x18\x02\x00\xef\xe1\x10\x02\x00\xef\xe1\x00\x02\x00\xef'
2020-07-10 02:21:22.240403, cycle count 1592, gpio values 1043229, 0, 0, 53355, status messages:  b'\xe1\x10\x01\x00\xef\xe1\x18\x01\x00\xef\xe1\x1c\x01\x00\xef\xe1\x1e\x01\x00\xef\xe1\x1f\x01\x00\xef\xe1\x1e\x02\x00\xef\xe1\x1c\x02\x00\xef\xe1\x18\x02\x00\xef\xe1\x10\x02\x00\xef\xe1\x00\x02\x00\xef'
2020-07-10 02:21:38.439855, cycle count 1593, gpio values 1043859, 0, 0, 53391, status messages:  b'\xe1\x10\x01\x00\xef\xe1\x18\x01\x00\xef\xe1\x1c\x01\x00\xef\xe1\x1e\x01\x00\xef\xe1\x1f\x01\x00\xef\xe1\x1e\x02\x00\xef\xe1\x1c\x02\x00\xef\xe1\x18\x02\x00\xef\xe1\x10\x02\x00\xef\xe1\x00\x02\x00\xef'
2020-07-10 02:21:54.720213, cycle count 1594, gpio values 1044489, 0, 0, 53427, status messages:  b'\xe1\x10\x01\x00\xef\xe1\x18\x01\x00\xef\xe1\x1c\x01\x00\xef\xe1\x1e\x01\x00\xef\xe1\x1f\x01\x00\xef\xe1\x1e\x02\x00\xef\xe1\x1c\x02\x00\xef\xe1\x18\x02\x00\xef\xe1\x10\x02\x00\xef\xe1\x00\x02\x00\xef'
2020-07-10 02:22:11.179582, cycle count 1595, gpio values 1045155, 0, 0, 53463, status messages:  b'\xe1\x10\x01\x00\xef\xe1\x18\x01\x00\xef\xe1\x1c\x01\x00\xef\xe1\x1e\x01\x00\xef\xe1\x1f\x01\x00\xef\xe1\x1e\x02\x00\xef\xe1\x1c\x02\x00\xef\xe1\x18\x02\x00\xef\xe1\x10\x02\x00\xef\xe1\x00\x02\x00\xef'
2020-07-10 02:22:27.394952, cycle count 1596, gpio values 1045785, 0, 0, 53499, status messages:  b'\xe1\x10\x01\x00\xef\xe1\x18\x01\x00\xef\xe1\x1c\x01\x00\xef\xe1\x1e\x01\x00\xef\xe1\x1f\x01\x00\xef\xe1\x1e\x02\x00\xef\xe1\x1c\x02\x00\xef\xe1\x18\x02\x00\xef\xe1\x10\x02\x00\xef\xe1\x00\x02\x00\xef'
2020-07-10 02:22:43.350617, cycle count 1597, gpio values 1046415, 0, 0, 53527, status messages:  b'\xe1\x10\x01\x00\xef\xe1\x18\x01\x00\xef\xe1\x1c\x01\x00\xef\xe1\x1e\x01\x00\xef\xe1\x1f\x01\x00\xef\xe1\x1e\x02\x00\xef\xe1\x1c\x02\x00\xef\xe1\x18\x02\x00\xef\xe1\x10\x02\x00\xef\xe1\x00\x02\x00\xef'
2020-07-10 02:22:59.550894, cycle count 1598, gpio values 1047045, 0, 0, 53563, status messages:  b'\xe1\x10\x01\x00\xef\xe1\x18\x01\x00\xef\xe1\x1c\x01\x00\xef\xe1\x1e\x01\x00\xef\xe1\x1f\x01\x00\xef\xe1\x1e\x02\x00\xef\xe1\x1c\x02\x00\xef\xe1\x18\x02\x00\xef\xe1\x10\x02\x00\xef\xe1\x00\x02\x00\xef'
2020-07-10 02:23:16.008514, cycle count 1599, gpio values 1047711, 0, 0, 53599, status messages:  b'\xe1\x10\x01\x00\xef\xe1\x18\x01\x00\xef\xe1\x1c\x01\x00\xef\xe1\x1e\x01\x00\xef\xe1\x1f\x01\x00\xef\xe1\x1e\x02\x00\xef\xe1\x1c\x02\x00\xef\xe1\x18\x02\x00\xef\xe1\x10\x02\x00\xef\xe1\x00\x02\x00\xef'
2020-07-10 02:23:32.466808, cycle count 1600, gpio values 1048377, 0, 0, 53635, status messages:  b'\xe1\x10\x01\x00\xef\xe1\x18\x01\x00\xef\xe1\x1c\x01\x00\xef\xe1\x1e\x01\x00\xef\xe1\x1f\x01\x00\xef\xe1\x1e\x02\x00\xef\xe1\x1c\x02\x00\xef\xe1\x18\x02\x00\xef\xe1\x10\x02\x00\xef\xe1\x00\x02\x00\xef'
2020-07-10 02:23:49.058602, cycle count 1601, gpio values 1049080, 0, 0, 53663, status messages:  b'\xe1\x10\x01\x00\xef\xe1\x18\x01\x00\xef\xe1\x1c\x01\x00\xef\xe1\x1e\x01\x00\xef\xe1\x1f\x01\x00\xef\xe1\x1e\x02\x00\xef\xe1\x1c\x02\x00\xef\xe1\x18\x02\x00\xef\xe1\x10\x02\x00\xef\xe1\x00\x02\x00\xef'
2020-07-10 02:24:05.257954, cycle count 1602, gpio values 1049710, 0, 0, 53699, status messages:  b'\xe1\x10\x01\x00\xef\xe1\x18\x01\x00\xef\xe1\x1c\x01\x00\xef\xe1\x1e\x01\x00\xef\xe1\x1f\x01\x00\xef\xe1\x1e\x02\x00\xef\xe1\x1c\x02\x00\xef\xe1\x18\x02\x00\xef\xe1\x10\x02\x00\xef\xe1\x00\x02\x00\xef'
2020-07-10 02:24:21.457379, cycle count 1603, gpio values 1050340, 0, 0, 53735, status messages:  b'\xe1\x10\x01\x00\xef\xe1\x18\x01\x00\xef\xe1\x1c\x01\x00\xef\xe1\x1e\x01\x00\xef\xe1\x1f\x01\x00\xef\xe1\x1e\x02\x00\xef\xe1\x1c\x02\x00\xef\xe1\x18\x02\x00\xef\xe1\x10\x02\x00\xef\xe1\x00\x02\x00\xef'
2020-07-10 02:24:37.655747, cycle count 1604, gpio values 1050970, 0, 0, 53771, status messages:  b'\xe1\x10\x01\x00\xef\xe1\x18\x01\x00\xef\xe1\x1c\x01\x00\xef\xe1\x1e\x01\x00\xef\xe1\x1f\x01\x00\xef\xe1\x1e\x02\x00\xef\xe1\x1c\x02\x00\xef\xe1\x18\x02\x00\xef\xe1\x10\x02\x00\xef\xe1\x00\x02\x00\xef'
2020-07-10 02:24:53.854724, cycle count 1605, gpio values 1051600, 0, 0, 53807, status messages:  b'\xe1\x10\x01\x00\xef\xe1\x18\x01\x00\xef\xe1\x1c\x01\x00\xef\xe1\x1e\x01\x00\xef\xe1\x1f\x01\x00\xef\xe1\x1e\x02\x00\xef\xe1\x1c\x02\x00\xef\xe1\x18\x02\x00\xef\xe1\x10\x02\x00\xef\xe1\x00\x02\x00\xef'
2020-07-10 02:25:10.313606, cycle count 1606, gpio values 1052266, 0, 0, 53843, status messages:  b'\xe1\x10\x01\x00\xef\xe1\x18\x01\x00\xef\xe1\x1c\x01\x00\xef\xe1\x1e\x01\x00\xef\xe1\x1f\x01\x00\xef\xe1\x1e\x02\x00\xef\xe1\x1c\x02\x00\xef\xe1\x18\x02\x00\xef\xe1\x10\x02\x00\xef\xe1\x00\x02\x00\xef'
2020-07-10 02:25:26.771181, cycle count 1607, gpio values 1052932, 0, 0, 53879, status messages:  b'\xe1\x10\x01\x00\xef\xe1\x18\x01\x00\xef\xe1\x1c\x01\x00\xef\xe1\x1e\x01\x00\xef\xe1\x1f\x01\x00\xef\xe1\x1e\x02\x00\xef\xe1\x1c\x02\x00\xef\xe1\x18\x02\x00\xef\xe1\x10\x02\x00\xef\xe1\x00\x02\x00\xef'
2020-07-10 02:25:43.229910, cycle count 1608, gpio values 1053598, 0, 0, 53915, status messages:  b'\xe1\x10\x01\x00\xef\xe1\x18\x01\x00\xef\xe1\x1c\x01\x00\xef\xe1\x1e\x01\x00\xef\xe1\x1f\x01\x00\xef\xe1\x1e\x02\x00\xef\xe1\x1c\x02\x00\xef\xe1\x18\x02\x00\xef\xe1\x10\x02\x00\xef\xe1\x00\x02\x00\xef'
2020-07-10 02:25:59.445543, cycle count 1609, gpio values 1054228, 0, 0, 53951, status messages:  b'\xe1\x10\x01\x00\xef\xe1\x18\x01\x00\xef\xe1\x1c\x01\x00\xef\xe1\x1e\x01\x00\xef\xe1\x1f\x01\x00\xef\xe1\x1e\x02\x00\xef\xe1\x1c\x02\x00\xef\xe1\x18\x02\x00\xef\xe1\x10\x02\x00\xef\xe1\x00\x02\x00\xef'
2020-07-10 02:26:15.903903, cycle count 1610, gpio values 1054894, 0, 0, 53987, status messages:  b'\xe1\x10\x01\x00\xef\xe1\x18\x01\x00\xef\xe1\x1c\x01\x00\xef\xe1\x1e\x01\x00\xef\xe1\x1f\x01\x00\xef\xe1\x1e\x02\x00\xef\xe1\x1c\x02\x00\xef\xe1\x18\x02\x00\xef\xe1\x10\x02\x00\xef\xe1\x00\x02\x00\xef'
2020-07-10 02:26:32.361534, cycle count 1611, gpio values 1055560, 0, 0, 54023, status messages:  b'\xe1\x10\x01\x00\xef\xe1\x18\x01\x00\xef\xe1\x1c\x01\x00\xef\xe1\x1e\x01\x00\xef\xe1\x1f\x01\x00\xef\xe1\x1e\x02\x00\xef\xe1\x1c\x02\x00\xef\xe1\x18\x02\x00\xef\xe1\x10\x02\x00\xef\xe1\x00\x02\x00\xef'
2020-07-10 02:26:48.820509, cycle count 1612, gpio values 1056226, 0, 0, 54059, status messages:  b'\xe1\x10\x01\x00\xef\xe1\x18\x01\x00\xef\xe1\x1c\x01\x00\xef\xe1\x1e\x01\x00\xef\xe1\x1f\x01\x00\xef\xe1\x1e\x02\x00\xef\xe1\x1c\x02\x00\xef\xe1\x18\x02\x00\xef\xe1\x10\x02\x00\xef\xe1\x00\x02\x00\xef'
2020-07-10 02:27:05.278673, cycle count 1613, gpio values 1056892, 0, 0, 54095, status messages:  b'\xe1\x10\x01\x00\xef\xe1\x18\x01\x00\xef\xe1\x1c\x01\x00\xef\xe1\x1e\x01\x00\xef\xe1\x1f\x01\x00\xef\xe1\x1e\x02\x00\xef\xe1\x1c\x02\x00\xef\xe1\x18\x02\x00\xef\xe1\x10\x02\x00\xef\xe1\x00\x02\x00\xef'
2020-07-10 02:27:21.640575, cycle count 1614, gpio values 1057522, 0, 0, 54123, status messages:  b'\xe1\x10\x01\x00\xef\xe1\x18\x01\x00\xef\xe1\x1c\x01\x00\xef\xe1\x1e\x01\x00\xef\xe1\x1f\x01\x00\xef\xe1\x1e\x02\x00\xef\xe1\x1c\x02\x00\xef\xe1\x18\x02\x00\xef\xe1\x10\x02\x00\xef\xe1\x00\x02\x00\xef'
2020-07-10 02:27:38.097569, cycle count 1615, gpio values 1058188, 0, 0, 54159, status messages:  b'\xe1\x10\x01\x00\xef\xe1\x18\x01\x00\xef\xe1\x1c\x01\x00\xef\xe1\x1e\x01\x00\xef\xe1\x1f\x01\x00\xef\xe1\x1e\x02\x00\xef\xe1\x1c\x02\x00\xef\xe1\x18\x02\x00\xef\xe1\x10\x02\x00\xef\xe1\x00\x02\x00\xef'
2020-07-10 02:27:54.555832, cycle count 1616, gpio values 1058854, 0, 0, 54195, status messages:  b'\xe1\x10\x01\x00\xef\xe1\x18\x01\x00\xef\xe1\x1c\x01\x00\xef\xe1\x1e\x01\x00\xef\xe1\x1f\x01\x00\xef\xe1\x1e\x02\x00\xef\xe1\x1c\x02\x00\xef\xe1\x18\x02\x00\xef\xe1\x10\x02\x00\xef\xe1\x00\x02\x00\xef'
2020-07-10 02:28:11.015186, cycle count 1617, gpio values 1059520, 0, 0, 54231, status messages:  b'\xe1\x10\x01\x00\xef\xe1\x18\x01\x00\xef\xe1\x1c\x01\x00\xef\xe1\x1e\x01\x00\xef\xe1\x1f\x01\x00\xef\xe1\x1e\x02\x00\xef\xe1\x1c\x02\x00\xef\xe1\x18\x02\x00\xef\xe1\x10\x02\x00\xef\xe1\x00\x02\x00\xef'
2020-07-10 02:28:27.472713, cycle count 1618, gpio values 1060186, 0, 0, 54267, status messages:  b'\xe1\x10\x01\x00\xef\xe1\x18\x01\x00\xef\xe1\x1c\x01\x00\xef\xe1\x1e\x01\x00\xef\xe1\x1f\x01\x00\xef\xe1\x1e\x02\x00\xef\xe1\x1c\x02\x00\xef\xe1\x18\x02\x00\xef\xe1\x10\x02\x00\xef\xe1\x00\x02\x00\xef'
2020-07-10 02:28:43.672375, cycle count 1619, gpio values 1060816, 0, 0, 54303, status messages:  b'\xe1\x10\x01\x00\xef\xe1\x18\x01\x00\xef\xe1\x1c\x01\x00\xef\xe1\x1e\x01\x00\xef\xe1\x1f\x01\x00\xef\xe1\x1e\x02\x00\xef\xe1\x1c\x02\x00\xef\xe1\x18\x02\x00\xef\xe1\x10\x02\x00\xef\xe1\x00\x02\x00\xef'
2020-07-10 02:28:59.871528, cycle count 1620, gpio values 1061482, 0, 0, 54331, status messages:  b'\xe1\x10\x01\x00\xef\xe1\x18\x01\x00\xef\xe1\x1c\x01\x00\xef\xe1\x1e\x01\x00\xef\xe1\x1f\x01\x00\xef\xe1\x1e\x02\x00\xef\xe1\x1c\x02\x00\xef\xe1\x18\x02\x00\xef\xe1\x10\x02\x00\xef\xe1\x00\x02\x00\xef'
2020-07-10 02:29:16.071875, cycle count 1621, gpio values 1062112, 0, 0, 54367, status messages:  b'\xe1\x10\x01\x00\xef\xe1\x18\x01\x00\xef\xe1\x1c\x01\x00\xef\xe1\x1e\x01\x00\xef\xe1\x1f\x01\x00\xef\xe1\x1e\x02\x00\xef\xe1\x1c\x02\x00\xef\xe1\x18\x02\x00\xef\xe1\x10\x02\x00\xef\xe1\x00\x02\x00\xef'
2020-07-10 02:29:32.530085, cycle count 1622, gpio values 1062778, 0, 0, 54403, status messages:  b'\xe1\x10\x01\x00\xef\xe1\x18\x01\x00\xef\xe1\x1c\x01\x00\xef\xe1\x1e\x01\x00\xef\xe1\x1f\x01\x00\xef\xe1\x1e\x02\x00\xef\xe1\x1c\x02\x00\xef\xe1\x18\x02\x00\xef\xe1\x10\x02\x00\xef\xe1\x00\x02\x00\xef'
2020-07-10 02:29:48.988297, cycle count 1623, gpio values 1063444, 0, 0, 54439, status messages:  b'\xe1\x10\x01\x00\xef\xe1\x18\x01\x00\xef\xe1\x1c\x01\x00\xef\xe1\x1e\x01\x00\xef\xe1\x1f\x01\x00\xef\xe1\x1e\x02\x00\xef\xe1\x1c\x02\x00\xef\xe1\x18\x02\x00\xef\xe1\x10\x02\x00\xef\xe1\x00\x02\x00\xef'
2020-07-10 02:30:05.447095, cycle count 1624, gpio values 1064110, 0, 0, 54475, status messages:  b'\xe1\x10\x01\x00\xef\xe1\x18\x01\x00\xef\xe1\x1c\x01\x00\xef\xe1\x1e\x01\x00\xef\xe1\x1f\x01\x00\xef\xe1\x1e\x02\x00\xef\xe1\x1c\x02\x00\xef\xe1\x18\x02\x00\xef\xe1\x10\x02\x00\xef\xe1\x00\x02\x00\xef'
2020-07-10 02:30:21.775198, cycle count 1625, gpio values 1064740, 0, 0, 54511, status messages:  b'\xe1\x10\x01\x00\xef\xe1\x18\x01\x00\xef\xe1\x1c\x01\x00\xef\xe1\x1e\x01\x00\xef\xe1\x1f\x01\x00\xef\xe1\x1e\x02\x00\xef\xe1\x1c\x02\x00\xef\xe1\x18\x02\x00\xef\xe1\x10\x02\x00\xef\xe1\x00\x02\x00\xef'
2020-07-10 02:30:38.039069, cycle count 1626, gpio values 1065370, 0, 0, 54547, status messages:  b'\xe1\x10\x01\x00\xef\xe1\x18\x01\x00\xef\xe1\x1c\x01\x00\xef\xe1\x1e\x01\x00\xef\xe1\x1f\x01\x00\xef\xe1\x1e\x02\x00\xef\xe1\x1c\x02\x00\xef\xe1\x18\x02\x00\xef\xe1\x10\x02\x00\xef\xe1\x00\x02\x00\xef'
2020-07-10 02:30:54.255659, cycle count 1627, gpio values 1066000, 0, 0, 54583, status messages:  b'\xe1\x10\x01\x00\xef\xe1\x18\x01\x00\xef\xe1\x1c\x01\x00\xef\xe1\x1e\x01\x00\xef\xe1\x1f\x01\x00\xef\xe1\x1e\x02\x00\xef\xe1\x1c\x02\x00\xef\xe1\x18\x02\x00\xef\xe1\x10\x02\x00\xef\xe1\x00\x02\x00\xef'
2020-07-10 02:31:10.454305, cycle count 1628, gpio values 1066630, 0, 0, 54619, status messages:  b'\xe1\x10\x01\x00\xef\xe1\x18\x01\x00\xef\xe1\x1c\x01\x00\xef\xe1\x1e\x01\x00\xef\xe1\x1f\x01\x00\xef\xe1\x1e\x02\x00\xef\xe1\x1c\x02\x00\xef\xe1\x18\x02\x00\xef\xe1\x10\x02\x00\xef\xe1\x00\x02\x00\xef'
2020-07-10 02:31:26.912430, cycle count 1629, gpio values 1067296, 0, 0, 54655, status messages:  b'\xe1\x10\x01\x00\xef\xe1\x18\x01\x00\xef\xe1\x1c\x01\x00\xef\xe1\x1e\x01\x00\xef\xe1\x1f\x01\x00\xef\xe1\x1e\x02\x00\xef\xe1\x1c\x02\x00\xef\xe1\x18\x02\x00\xef\xe1\x10\x02\x00\xef\xe1\x00\x02\x00\xef'
2020-07-10 02:31:43.225557, cycle count 1630, gpio values 1067926, 0, 0, 54691, status messages:  b'\xe1\x10\x01\x00\xef\xe1\x18\x01\x00\xef\xe1\x1c\x01\x00\xef\xe1\x1e\x01\x00\xef\xe1\x1f\x01\x00\xef\xe1\x1e\x02\x00\xef\xe1\x1c\x02\x00\xef\xe1\x18\x02\x00\xef\xe1\x10\x02\x00\xef\xe1\x00\x02\x00\xef'
2020-07-10 02:31:59.424324, cycle count 1631, gpio values 1068556, 0, 0, 54727, status messages:  b'\xe1\x10\x01\x00\xef\xe1\x18\x01\x00\xef\xe1\x1c\x01\x00\xef\xe1\x1e\x01\x00\xef\xe1\x1f\x01\x00\xef\xe1\x1e\x02\x00\xef\xe1\x1c\x02\x00\xef\xe1\x18\x02\x00\xef\xe1\x10\x02\x00\xef\xe1\x00\x02\x00\xef'
2020-07-10 02:32:15.364187, cycle count 1632, gpio values 1069186, 0, 0, 54755, status messages:  b'\xe1\x10\x01\x00\xef\xe1\x18\x01\x00\xef\xe1\x1c\x01\x00\xef\xe1\x1e\x01\x00\xef\xe1\x1f\x01\x00\xef\xe1\x1e\x02\x00\xef\xe1\x1c\x02\x00\xef\xe1\x18\x02\x00\xef\xe1\x10\x02\x00\xef\xe1\x00\x02\x00\xef'
2020-07-10 02:32:31.562927, cycle count 1633, gpio values 1069816, 0, 0, 54791, status messages:  b'\xe1\x10\x01\x00\xef\xe1\x18\x01\x00\xef\xe1\x1c\x01\x00\xef\xe1\x1e\x01\x00\xef\xe1\x1f\x01\x00\xef\xe1\x1e\x02\x00\xef\xe1\x1c\x02\x00\xef\xe1\x18\x02\x00\xef\xe1\x10\x02\x00\xef\xe1\x00\x02\x00\xef'
2020-07-10 02:32:47.761403, cycle count 1634, gpio values 1070446, 0, 0, 54827, status messages:  b'\xe1\x10\x01\x00\xef\xe1\x18\x01\x00\xef\xe1\x1c\x01\x00\xef\xe1\x1e\x01\x00\xef\xe1\x1f\x01\x00\xef\xe1\x1e\x02\x00\xef\xe1\x1c\x02\x00\xef\xe1\x18\x02\x00\xef\xe1\x10\x02\x00\xef\xe1\x00\x02\x00\xef'
2020-07-10 02:33:03.961693, cycle count 1635, gpio values 1071076, 0, 0, 54863, status messages:  b'\xe1\x10\x01\x00\xef\xe1\x18\x01\x00\xef\xe1\x1c\x01\x00\xef\xe1\x1e\x01\x00\xef\xe1\x1f\x01\x00\xef\xe1\x1e\x02\x00\xef\xe1\x1c\x02\x00\xef\xe1\x18\x02\x00\xef\xe1\x10\x02\x00\xef\xe1\x00\x02\x00\xef'
2020-07-10 02:33:19.901252, cycle count 1636, gpio values 1071706, 0, 0, 54891, status messages:  b'\xe1\x10\x01\x00\xef\xe1\x18\x01\x00\xef\xe1\x1c\x01\x00\xef\xe1\x1e\x01\x00\xef\xe1\x1f\x01\x00\xef\xe1\x1e\x02\x00\xef\xe1\x1c\x02\x00\xef\xe1\x18\x02\x00\xef\xe1\x10\x02\x00\xef\xe1\x00\x02\x00\xef'
2020-07-10 02:33:36.101204, cycle count 1637, gpio values 1072336, 0, 0, 54927, status messages:  b'\xe1\x10\x01\x00\xef\xe1\x18\x01\x00\xef\xe1\x1c\x01\x00\xef\xe1\x1e\x01\x00\xef\xe1\x1f\x01\x00\xef\xe1\x1e\x02\x00\xef\xe1\x1c\x02\x00\xef\xe1\x18\x02\x00\xef\xe1\x10\x02\x00\xef\xe1\x00\x02\x00\xef'
2020-07-10 02:33:52.397655, cycle count 1638, gpio values 1072966, 0, 0, 54963, status messages:  b'\xe1\x10\x01\x00\xef\xe1\x18\x01\x00\xef\xe1\x1c\x01\x00\xef\xe1\x1e\x01\x00\xef\xe1\x1f\x01\x00\xef\xe1\x1e\x02\x00\xef\xe1\x1c\x02\x00\xef\xe1\x18\x02\x00\xef\xe1\x10\x02\x00\xef\xe1\x00\x02\x00\xef'
2020-07-10 02:34:08.612386, cycle count 1639, gpio values 1073596, 0, 0, 54999, status messages:  b'\xe1\x10\x01\x00\xef\xe1\x18\x01\x00\xef\xe1\x1c\x01\x00\xef\xe1\x1e\x01\x00\xef\xe1\x1f\x01\x00\xef\xe1\x1e\x02\x00\xef\xe1\x1c\x02\x00\xef\xe1\x18\x02\x00\xef\xe1\x10\x02\x00\xef\xe1\x00\x02\x00\xef'
2020-07-10 02:34:24.811051, cycle count 1640, gpio values 1074226, 0, 0, 55035, status messages:  b'\xe1\x10\x01\x00\xef\xe1\x18\x01\x00\xef\xe1\x1c\x01\x00\xef\xe1\x1e\x01\x00\xef\xe1\x1f\x01\x00\xef\xe1\x1e\x02\x00\xef\xe1\x1c\x02\x00\xef\xe1\x18\x02\x00\xef\xe1\x10\x02\x00\xef\xe1\x00\x02\x00\xef'
2020-07-10 02:34:41.010680, cycle count 1641, gpio values 1074856, 0, 0, 55071, status messages:  b'\xe1\x10\x01\x00\xef\xe1\x18\x01\x00\xef\xe1\x1c\x01\x00\xef\xe1\x1e\x01\x00\xef\xe1\x1f\x01\x00\xef\xe1\x1e\x02\x00\xef\xe1\x1c\x02\x00\xef\xe1\x18\x02\x00\xef\xe1\x10\x02\x00\xef\xe1\x00\x02\x00\xef'
2020-07-10 02:34:56.951300, cycle count 1642, gpio values 1075486, 0, 0, 55099, status messages:  b'\xe1\x10\x01\x00\xef\xe1\x18\x01\x00\xef\xe1\x1c\x01\x00\xef\xe1\x1e\x01\x00\xef\xe1\x1f\x01\x00\xef\xe1\x1e\x02\x00\xef\xe1\x1c\x02\x00\xef\xe1\x18\x02\x00\xef\xe1\x10\x02\x00\xef\xe1\x00\x02\x00\xef'
2020-07-10 02:35:12.891766, cycle count 1643, gpio values 1076116, 0, 0, 55127, status messages:  b'\xe1\x10\x01\x00\xef\xe1\x18\x01\x00\xef\xe1\x1c\x01\x00\xef\xe1\x1e\x01\x00\xef\xe1\x1f\x01\x00\xef\xe1\x1e\x02\x00\xef\xe1\x1c\x02\x00\xef\xe1\x18\x02\x00\xef\xe1\x10\x02\x00\xef\xe1\x00\x02\x00\xef'
2020-07-10 02:35:29.090448, cycle count 1644, gpio values 1076746, 0, 0, 55163, status messages:  b'\xe1\x10\x01\x00\xef\xe1\x18\x01\x00\xef\xe1\x1c\x01\x00\xef\xe1\x1e\x01\x00\xef\xe1\x1f\x01\x00\xef\xe1\x1e\x02\x00\xef\xe1\x1c\x02\x00\xef\xe1\x18\x02\x00\xef\xe1\x10\x02\x00\xef\xe1\x00\x02\x00\xef'
2020-07-10 02:35:45.549099, cycle count 1645, gpio values 1077412, 0, 0, 55199, status messages:  b'\xe1\x10\x01\x00\xef\xe1\x18\x01\x00\xef\xe1\x1c\x01\x00\xef\xe1\x1e\x01\x00\xef\xe1\x1f\x01\x00\xef\xe1\x1e\x02\x00\xef\xe1\x1c\x02\x00\xef\xe1\x18\x02\x00\xef\xe1\x10\x02\x00\xef\xe1\x00\x02\x00\xef'
2020-07-10 02:36:01.490029, cycle count 1646, gpio values 1078042, 0, 0, 55227, status messages:  b'\xe1\x10\x01\x00\xef\xe1\x18\x01\x00\xef\xe1\x1c\x01\x00\xef\xe1\x1e\x01\x00\xef\xe1\x1f\x01\x00\xef\xe1\x1e\x02\x00\xef\xe1\x1c\x02\x00\xef\xe1\x18\x02\x00\xef\xe1\x10\x02\x00\xef\xe1\x00\x02\x00\xef'
2020-07-10 02:36:17.430039, cycle count 1647, gpio values 1078672, 0, 0, 55255, status messages:  b'\xe1\x10\x01\x00\xef\xe1\x18\x01\x00\xef\xe1\x1c\x01\x00\xef\xe1\x1e\x01\x00\xef\xe1\x1f\x01\x00\xef\xe1\x1e\x02\x00\xef\xe1\x1c\x02\x00\xef\xe1\x18\x02\x00\xef\xe1\x10\x02\x00\xef\xe1\x00\x02\x00\xef'
2020-07-10 02:36:33.369690, cycle count 1648, gpio values 1079302, 0, 0, 55283, status messages:  b'\xe1\x10\x01\x00\xef\xe1\x18\x01\x00\xef\xe1\x1c\x01\x00\xef\xe1\x1e\x01\x00\xef\xe1\x1f\x01\x00\xef\xe1\x1e\x02\x00\xef\xe1\x1c\x02\x00\xef\xe1\x18\x02\x00\xef\xe1\x10\x02\x00\xef\xe1\x00\x02\x00\xef'
2020-07-10 02:36:49.309999, cycle count 1649, gpio values 1079932, 0, 0, 55311, status messages:  b'\xe1\x10\x01\x00\xef\xe1\x18\x01\x00\xef\xe1\x1c\x01\x00\xef\xe1\x1e\x01\x00\xef\xe1\x1f\x01\x00\xef\xe1\x1e\x02\x00\xef\xe1\x1c\x02\x00\xef\xe1\x18\x02\x00\xef\xe1\x10\x02\x00\xef\xe1\x00\x02\x00\xef'
2020-07-10 02:37:05.249394, cycle count 1650, gpio values 1080562, 0, 0, 55339, status messages:  b'\xe1\x10\x01\x00\xef\xe1\x18\x01\x00\xef\xe1\x1c\x01\x00\xef\xe1\x1e\x01\x00\xef\xe1\x1f\x01\x00\xef\xe1\x1e\x02\x00\xef\xe1\x1c\x02\x00\xef\xe1\x18\x02\x00\xef\xe1\x10\x02\x00\xef\xe1\x00\x02\x00\xef'
2020-07-10 02:37:20.930987, cycle count 1651, gpio values 1081157, 0, 0, 55367, status messages:  b'\xe1\x10\x01\x00\xef\xe1\x18\x01\x00\xef\xe1\x1c\x01\x00\xef\xe1\x1e\x01\x00\xef\xe1\x1f\x01\x00\xef\xe1\x1e\x02\x00\xef\xe1\x1c\x02\x00\xef\xe1\x18\x02\x00\xef\xe1\x10\x02\x00\xef\xe1\x00\x02\x00\xef'
2020-07-10 02:37:36.870524, cycle count 1652, gpio values 1081787, 0, 0, 55395, status messages:  b'\xe1\x10\x01\x00\xef\xe1\x18\x01\x00\xef\xe1\x1c\x01\x00\xef\xe1\x1e\x01\x00\xef\xe1\x1f\x01\x00\xef\xe1\x1e\x02\x00\xef\xe1\x1c\x02\x00\xef\xe1\x18\x02\x00\xef\xe1\x10\x02\x00\xef\xe1\x00\x02\x00\xef'
2020-07-10 02:37:52.810568, cycle count 1653, gpio values 1082417, 0, 0, 55431, status messages:  b'\xe1\x10\x01\x00\xef\xe1\x18\x01\x00\xef\xe1\x1c\x01\x00\xef\xe1\x1e\x01\x00\xef\xe1\x1f\x01\x00\xef\xe1\x1e\x02\x00\xef\xe1\x1c\x02\x00\xef\xe1\x18\x02\x00\xef\xe1\x10\x02\x00\xef\xe1\x00\x02\x00\xef'
2020-07-10 02:38:08.492126, cycle count 1654, gpio values 1083012, 0, 0, 55459, status messages:  b'\xe1\x10\x01\x00\xef\xe1\x18\x01\x00\xef\xe1\x1c\x01\x00\xef\xe1\x1e\x01\x00\xef\xe1\x1f\x01\x00\xef\xe1\x1e\x02\x00\xef\xe1\x1c\x02\x00\xef\xe1\x18\x02\x00\xef\xe1\x10\x02\x00\xef\xe1\x00\x02\x00\xef'
2020-07-10 02:38:24.431932, cycle count 1655, gpio values 1083642, 0, 0, 55495, status messages:  b'\xe1\x10\x01\x00\xef\xe1\x18\x01\x00\xef\xe1\x1c\x01\x00\xef\xe1\x1e\x01\x00\xef\xe1\x1f\x01\x00\xef\xe1\x1e\x02\x00\xef\xe1\x1c\x02\x00\xef\xe1\x18\x02\x00\xef\xe1\x10\x02\x00\xef\xe1\x00\x02\x00\xef'
2020-07-10 02:38:40.373425, cycle count 1656, gpio values 1084272, 0, 0, 55523, status messages:  b'\xe1\x10\x01\x00\xef\xe1\x18\x01\x00\xef\xe1\x1c\x01\x00\xef\xe1\x1e\x01\x00\xef\xe1\x1f\x01\x00\xef\xe1\x1e\x02\x00\xef\xe1\x1c\x02\x00\xef\xe1\x18\x02\x00\xef\xe1\x10\x02\x00\xef\xe1\x00\x02\x00\xef'
2020-07-10 02:38:56.070292, cycle count 1657, gpio values 1084867, 0, 0, 55551, status messages:  b'\xe1\x10\x01\x00\xef\xe1\x18\x01\x00\xef\xe1\x1c\x01\x00\xef\xe1\x1e\x01\x00\xef\xe1\x1f\x01\x00\xef\xe1\x1e\x02\x00\xef\xe1\x1c\x02\x00\xef\xe1\x18\x02\x00\xef\xe1\x10\x02\x00\xef\xe1\x00\x02\x00\xef'
2020-07-10 02:39:12.009658, cycle count 1658, gpio values 1085497, 0, 0, 55579, status messages:  b'\xe1\x10\x01\x00\xef\xe1\x18\x01\x00\xef\xe1\x1c\x01\x00\xef\xe1\x1e\x01\x00\xef\xe1\x1f\x01\x00\xef\xe1\x1e\x02\x00\xef\xe1\x1c\x02\x00\xef\xe1\x18\x02\x00\xef\xe1\x10\x02\x00\xef\xe1\x00\x02\x00\xef'
2020-07-10 02:39:27.707700, cycle count 1659, gpio values 1086092, 0, 0, 55607, status messages:  b'\xe1\x10\x01\x00\xef\xe1\x18\x01\x00\xef\xe1\x1c\x01\x00\xef\xe1\x1e\x01\x00\xef\xe1\x1f\x01\x00\xef\xe1\x1e\x02\x00\xef\xe1\x1c\x02\x00\xef\xe1\x18\x02\x00\xef\xe1\x10\x02\x00\xef\xe1\x00\x02\x00\xef'
2020-07-10 02:39:43.388151, cycle count 1660, gpio values 1086687, 0, 0, 55635, status messages:  b'\xe1\x10\x01\x00\xef\xe1\x18\x01\x00\xef\xe1\x1c\x01\x00\xef\xe1\x1e\x01\x00\xef\xe1\x1f\x01\x00\xef\xe1\x1e\x02\x00\xef\xe1\x1c\x02\x00\xef\xe1\x18\x02\x00\xef\xe1\x10\x02\x00\xef\xe1\x00\x02\x00\xef'
2020-07-10 02:39:59.587473, cycle count 1661, gpio values 1087317, 0, 0, 55671, status messages:  b'\xe1\x10\x01\x00\xef\xe1\x18\x01\x00\xef\xe1\x1c\x01\x00\xef\xe1\x1e\x01\x00\xef\xe1\x1f\x01\x00\xef\xe1\x1e\x02\x00\xef\xe1\x1c\x02\x00\xef\xe1\x18\x02\x00\xef\xe1\x10\x02\x00\xef\xe1\x00\x02\x00\xef'
2020-07-10 02:40:15.528128, cycle count 1662, gpio values 1087947, 0, 0, 55699, status messages:  b'\xe1\x10\x01\x00\xef\xe1\x18\x01\x00\xef\xe1\x1c\x01\x00\xef\xe1\x1e\x01\x00\xef\xe1\x1f\x01\x00\xef\xe1\x1e\x02\x00\xef\xe1\x1c\x02\x00\xef\xe1\x18\x02\x00\xef\xe1\x10\x02\x00\xef\xe1\x00\x02\x00\xef'
2020-07-10 02:40:31.727347, cycle count 1663, gpio values 1088577, 0, 0, 55735, status messages:  b'\xe1\x10\x01\x00\xef\xe1\x18\x01\x00\xef\xe1\x1c\x01\x00\xef\xe1\x1e\x01\x00\xef\xe1\x1f\x01\x00\xef\xe1\x1e\x02\x00\xef\xe1\x1c\x02\x00\xef\xe1\x18\x02\x00\xef\xe1\x10\x02\x00\xef\xe1\x00\x02\x00\xef'
2020-07-10 02:40:47.942282, cycle count 1664, gpio values 1089207, 0, 0, 55771, status messages:  b'\xe1\x10\x01\x00\xef\xe1\x18\x01\x00\xef\xe1\x1c\x01\x00\xef\xe1\x1e\x01\x00\xef\xe1\x1f\x01\x00\xef\xe1\x1e\x02\x00\xef\xe1\x1c\x02\x00\xef\xe1\x18\x02\x00\xef\xe1\x10\x02\x00\xef\xe1\x00\x02\x00\xef'
2020-07-10 02:41:03.881861, cycle count 1665, gpio values 1089837, 0, 0, 55799, status messages:  b'\xe1\x10\x01\x00\xef\xe1\x18\x01\x00\xef\xe1\x1c\x01\x00\xef\xe1\x1e\x01\x00\xef\xe1\x1f\x01\x00\xef\xe1\x1e\x02\x00\xef\xe1\x1c\x02\x00\xef\xe1\x18\x02\x00\xef\xe1\x10\x02\x00\xef\xe1\x00\x02\x00\xef'
2020-07-10 02:41:19.838429, cycle count 1666, gpio values 1090467, 0, 0, 55827, status messages:  b'\xe1\x10\x01\x00\xef\xe1\x18\x01\x00\xef\xe1\x1c\x01\x00\xef\xe1\x1e\x01\x00\xef\xe1\x1f\x01\x00\xef\xe1\x1e\x02\x00\xef\xe1\x1c\x02\x00\xef\xe1\x18\x02\x00\xef\xe1\x10\x02\x00\xef\xe1\x00\x02\x00\xef'
2020-07-10 02:41:36.037768, cycle count 1667, gpio values 1091097, 0, 0, 55863, status messages:  b'\xe1\x10\x01\x00\xef\xe1\x18\x01\x00\xef\xe1\x1c\x01\x00\xef\xe1\x1e\x01\x00\xef\xe1\x1f\x01\x00\xef\xe1\x1e\x02\x00\xef\xe1\x1c\x02\x00\xef\xe1\x18\x02\x00\xef\xe1\x10\x02\x00\xef\xe1\x00\x02\x00\xef'
2020-07-10 02:41:52.497069, cycle count 1668, gpio values 1091763, 0, 0, 55899, status messages:  b'\xe1\x10\x01\x00\xef\xe1\x18\x01\x00\xef\xe1\x1c\x01\x00\xef\xe1\x1e\x01\x00\xef\xe1\x1f\x01\x00\xef\xe1\x1e\x02\x00\xef\xe1\x1c\x02\x00\xef\xe1\x18\x02\x00\xef\xe1\x10\x02\x00\xef\xe1\x00\x02\x00\xef'
2020-07-10 02:42:08.436309, cycle count 1669, gpio values 1092393, 0, 0, 55927, status messages:  b'\xe1\x10\x01\x00\xef\xe1\x18\x01\x00\xef\xe1\x1c\x01\x00\xef\xe1\x1e\x01\x00\xef\xe1\x1f\x01\x00\xef\xe1\x1e\x02\x00\xef\xe1\x1c\x02\x00\xef\xe1\x18\x02\x00\xef\xe1\x10\x02\x00\xef\xe1\x00\x02\x00\xef'
2020-07-10 02:42:24.635598, cycle count 1670, gpio values 1093023, 0, 0, 55963, status messages:  b'\xe1\x10\x01\x00\xef\xe1\x18\x01\x00\xef\xe1\x1c\x01\x00\xef\xe1\x1e\x01\x00\xef\xe1\x1f\x01\x00\xef\xe1\x1e\x02\x00\xef\xe1\x1c\x02\x00\xef\xe1\x18\x02\x00\xef\xe1\x10\x02\x00\xef\xe1\x00\x02\x00\xef'
2020-07-10 02:42:40.575564, cycle count 1671, gpio values 1093653, 0, 0, 55991, status messages:  b'\xe1\x10\x01\x00\xef\xe1\x18\x01\x00\xef\xe1\x1c\x01\x00\xef\xe1\x1e\x01\x00\xef\xe1\x1f\x01\x00\xef\xe1\x1e\x02\x00\xef\xe1\x1c\x02\x00\xef\xe1\x18\x02\x00\xef\xe1\x10\x02\x00\xef\xe1\x00\x02\x00\xef'
2020-07-10 02:42:56.515888, cycle count 1672, gpio values 1094283, 0, 0, 56019, status messages:  b'\xe1\x10\x01\x00\xef\xe1\x18\x01\x00\xef\xe1\x1c\x01\x00\xef\xe1\x1e\x01\x00\xef\xe1\x1f\x01\x00\xef\xe1\x1e\x02\x00\xef\xe1\x1c\x02\x00\xef\xe1\x18\x02\x00\xef\xe1\x10\x02\x00\xef\xe1\x00\x02\x00\xef'
2020-07-10 02:43:12.714496, cycle count 1673, gpio values 1094913, 0, 0, 56055, status messages:  b'\xe1\x10\x01\x00\xef\xe1\x18\x01\x00\xef\xe1\x1c\x01\x00\xef\xe1\x1e\x01\x00\xef\xe1\x1f\x01\x00\xef\xe1\x1e\x02\x00\xef\xe1\x1c\x02\x00\xef\xe1\x18\x02\x00\xef\xe1\x10\x02\x00\xef\xe1\x00\x02\x00\xef'
2020-07-10 02:43:28.655084, cycle count 1674, gpio values 1095543, 0, 0, 56091, status messages:  b'\xe1\x10\x01\x00\xef\xe1\x18\x01\x00\xef\xe1\x1c\x01\x00\xef\xe1\x1e\x01\x00\xef\xe1\x1f\x01\x00\xef\xe1\x1e\x02\x00\xef\xe1\x1c\x02\x00\xef\xe1\x18\x02\x00\xef\xe1\x10\x02\x00\xef\xe1\x00\x02\x00\xef'
2020-07-10 02:43:44.595270, cycle count 1675, gpio values 1096173, 0, 0, 56119, status messages:  b'\xe1\x10\x01\x00\xef\xe1\x18\x01\x00\xef\xe1\x1c\x01\x00\xef\xe1\x1e\x01\x00\xef\xe1\x1f\x01\x00\xef\xe1\x1e\x02\x00\xef\xe1\x1c\x02\x00\xef\xe1\x18\x02\x00\xef\xe1\x10\x02\x00\xef\xe1\x00\x02\x00\xef'
2020-07-10 02:44:00.535275, cycle count 1676, gpio values 1096803, 0, 0, 56147, status messages:  b'\xe1\x10\x01\x00\xef\xe1\x18\x01\x00\xef\xe1\x1c\x01\x00\xef\xe1\x1e\x01\x00\xef\xe1\x1f\x01\x00\xef\xe1\x1e\x02\x00\xef\xe1\x1c\x02\x00\xef\xe1\x18\x02\x00\xef\xe1\x10\x02\x00\xef\xe1\x00\x02\x00\xef'
2020-07-10 02:44:16.750169, cycle count 1677, gpio values 1097433, 0, 0, 56183, status messages:  b'\xe1\x10\x01\x00\xef\xe1\x18\x01\x00\xef\xe1\x1c\x01\x00\xef\xe1\x1e\x01\x00\xef\xe1\x1f\x01\x00\xef\xe1\x1e\x02\x00\xef\xe1\x1c\x02\x00\xef\xe1\x18\x02\x00\xef\xe1\x10\x02\x00\xef\xe1\x00\x02\x00\xef'
2020-07-10 02:44:32.447072, cycle count 1678, gpio values 1098028, 0, 0, 56211, status messages:  b'\xe1\x10\x01\x00\xef\xe1\x18\x01\x00\xef\xe1\x1c\x01\x00\xef\xe1\x1e\x01\x00\xef\xe1\x1f\x01\x00\xef\xe1\x1e\x02\x00\xef\xe1\x1c\x02\x00\xef\xe1\x18\x02\x00\xef\xe1\x10\x02\x00\xef\xe1\x00\x02\x00\xef'
2020-07-10 02:44:48.402911, cycle count 1679, gpio values 1098658, 0, 0, 56239, status messages:  b'\xe1\x10\x01\x00\xef\xe1\x18\x01\x00\xef\xe1\x1c\x01\x00\xef\xe1\x1e\x01\x00\xef\xe1\x1f\x01\x00\xef\xe1\x1e\x02\x00\xef\xe1\x1c\x02\x00\xef\xe1\x18\x02\x00\xef\xe1\x10\x02\x00\xef\xe1\x00\x02\x00\xef'
2020-07-10 02:45:04.343324, cycle count 1680, gpio values 1099288, 0, 0, 56267, status messages:  b'\xe1\x10\x01\x00\xef\xe1\x18\x01\x00\xef\xe1\x1c\x01\x00\xef\xe1\x1e\x01\x00\xef\xe1\x1f\x01\x00\xef\xe1\x1e\x02\x00\xef\xe1\x1c\x02\x00\xef\xe1\x18\x02\x00\xef\xe1\x10\x02\x00\xef\xe1\x00\x02\x00\xef'
2020-07-10 02:45:20.283436, cycle count 1681, gpio values 1099918, 0, 0, 56295, status messages:  b'\xe1\x10\x01\x00\xef\xe1\x18\x01\x00\xef\xe1\x1c\x01\x00\xef\xe1\x1e\x01\x00\xef\xe1\x1f\x01\x00\xef\xe1\x1e\x02\x00\xef\xe1\x1c\x02\x00\xef\xe1\x18\x02\x00\xef\xe1\x10\x02\x00\xef\xe1\x00\x02\x00\xef'
2020-07-10 02:45:36.482650, cycle count 1682, gpio values 1100548, 0, 0, 56331, status messages:  b'\xe1\x10\x01\x00\xef\xe1\x18\x01\x00\xef\xe1\x1c\x01\x00\xef\xe1\x1e\x01\x00\xef\xe1\x1f\x01\x00\xef\xe1\x1e\x02\x00\xef\xe1\x1c\x02\x00\xef\xe1\x18\x02\x00\xef\xe1\x10\x02\x00\xef\xe1\x00\x02\x00\xef'
2020-07-10 02:45:52.164104, cycle count 1683, gpio values 1101143, 0, 0, 56359, status messages:  b'\xe1\x10\x01\x00\xef\xe1\x18\x01\x00\xef\xe1\x1c\x01\x00\xef\xe1\x1e\x01\x00\xef\xe1\x1f\x01\x00\xef\xe1\x1e\x02\x00\xef\xe1\x1c\x02\x00\xef\xe1\x18\x02\x00\xef\xe1\x10\x02\x00\xef\xe1\x00\x02\x00\xef'
2020-07-10 02:46:08.119962, cycle count 1684, gpio values 1101773, 0, 0, 56395, status messages:  b'\xe1\x10\x01\x00\xef\xe1\x18\x01\x00\xef\xe1\x1c\x01\x00\xef\xe1\x1e\x01\x00\xef\xe1\x1f\x01\x00\xef\xe1\x1e\x02\x00\xef\xe1\x1c\x02\x00\xef\xe1\x18\x02\x00\xef\xe1\x10\x02\x00\xef\xe1\x00\x02\x00\xef'
2020-07-10 02:46:23.801947, cycle count 1685, gpio values 1102368, 0, 0, 56423, status messages:  b'\xe1\x10\x01\x00\xef\xe1\x18\x01\x00\xef\xe1\x1c\x01\x00\xef\xe1\x1e\x01\x00\xef\xe1\x1f\x01\x00\xef\xe1\x1e\x02\x00\xef\xe1\x1c\x02\x00\xef\xe1\x18\x02\x00\xef\xe1\x10\x02\x00\xef\xe1\x00\x02\x00\xef'
2020-07-10 02:46:39.741680, cycle count 1686, gpio values 1102998, 0, 0, 56459, status messages:  b'\xe1\x10\x01\x00\xef\xe1\x18\x01\x00\xef\xe1\x1c\x01\x00\xef\xe1\x1e\x01\x00\xef\xe1\x1f\x01\x00\xef\xe1\x1e\x02\x00\xef\xe1\x1c\x02\x00\xef\xe1\x18\x02\x00\xef\xe1\x10\x02\x00\xef\xe1\x00\x02\x00\xef'
2020-07-10 02:46:55.422075, cycle count 1687, gpio values 1103593, 0, 0, 56495, status messages:  b'\xe1\x10\x01\x00\xef\xe1\x18\x01\x00\xef\xe1\x1c\x01\x00\xef\xe1\x1e\x01\x00\xef\xe1\x1f\x01\x00\xef\xe1\x1e\x02\x00\xef\xe1\x1c\x02\x00\xef\xe1\x18\x02\x00\xef\xe1\x10\x02\x00\xef\xe1\x00\x02\x00\xef'
2020-07-10 02:47:11.361922, cycle count 1688, gpio values 1104223, 0, 0, 56531, status messages:  b'\xe1\x10\x01\x00\xef\xe1\x18\x01\x00\xef\xe1\x1c\x01\x00\xef\xe1\x1e\x01\x00\xef\xe1\x1f\x01\x00\xef\xe1\x1e\x02\x00\xef\xe1\x1c\x02\x00\xef\xe1\x18\x02\x00\xef\xe1\x10\x02\x00\xef\xe1\x00\x02\x00\xef'
2020-07-10 02:47:27.042857, cycle count 1689, gpio values 1104818, 0, 0, 56559, status messages:  b'\xe1\x10\x01\x00\xef\xe1\x18\x01\x00\xef\xe1\x1c\x01\x00\xef\xe1\x1e\x01\x00\xef\xe1\x1f\x01\x00\xef\xe1\x1e\x02\x00\xef\xe1\x1c\x02\x00\xef\xe1\x18\x02\x00\xef\xe1\x10\x02\x00\xef\xe1\x00\x02\x00\xef'
2020-07-10 02:47:42.982849, cycle count 1690, gpio values 1105448, 0, 0, 56595, status messages:  b'\xe1\x10\x01\x00\xef\xe1\x18\x01\x00\xef\xe1\x1c\x01\x00\xef\xe1\x1e\x01\x00\xef\xe1\x1f\x01\x00\xef\xe1\x1e\x02\x00\xef\xe1\x1c\x02\x00\xef\xe1\x18\x02\x00\xef\xe1\x10\x02\x00\xef\xe1\x00\x02\x00\xef'
2020-07-10 02:47:58.923400, cycle count 1691, gpio values 1106043, 0, 0, 56631, status messages:  b'\xe1\x10\x01\x00\xef\xe1\x18\x01\x00\xef\xe1\x1c\x01\x00\xef\xe1\x1e\x01\x00\xef\xe1\x1f\x01\x00\xef\xe1\x1e\x02\x00\xef\xe1\x1c\x02\x00\xef\xe1\x18\x02\x00\xef\xe1\x10\x02\x00\xef\xe1\x00\x02\x00\xef'
2020-07-10 02:48:14.603856, cycle count 1692, gpio values 1106638, 0, 0, 56667, status messages:  b'\xe1\x10\x01\x00\xef\xe1\x18\x01\x00\xef\xe1\x1c\x01\x00\xef\xe1\x1e\x01\x00\xef\xe1\x1f\x01\x00\xef\xe1\x1e\x02\x00\xef\xe1\x1c\x02\x00\xef\xe1\x18\x02\x00\xef\xe1\x10\x02\x00\xef\xe1\x00\x02\x00\xef'
2020-07-10 02:48:30.301317, cycle count 1693, gpio values 1107233, 0, 0, 56703, status messages:  b'\xe1\x10\x01\x00\xef\xe1\x18\x01\x00\xef\xe1\x1c\x01\x00\xef\xe1\x1e\x01\x00\xef\xe1\x1f\x01\x00\xef\xe1\x1e\x02\x00\xef\xe1\x1c\x02\x00\xef\xe1\x18\x02\x00\xef\xe1\x10\x02\x00\xef\xe1\x00\x02\x00\xef'
2020-07-10 02:48:46.241693, cycle count 1694, gpio values 1107863, 0, 0, 56739, status messages:  b'\xe1\x10\x01\x00\xef\xe1\x18\x01\x00\xef\xe1\x1c\x01\x00\xef\xe1\x1e\x01\x00\xef\xe1\x1f\x01\x00\xef\xe1\x1e\x02\x00\xef\xe1\x1c\x02\x00\xef\xe1\x18\x02\x00\xef\xe1\x10\x02\x00\xef\xe1\x00\x02\x00\xef'
2020-07-10 02:49:01.921375, cycle count 1695, gpio values 1108458, 0, 0, 56775, status messages:  b'\xe1\x10\x01\x00\xef\xe1\x18\x01\x00\xef\xe1\x1c\x01\x00\xef\xe1\x1e\x01\x00\xef\xe1\x1f\x01\x00\xef\xe1\x1e\x02\x00\xef\xe1\x1c\x02\x00\xef\xe1\x18\x02\x00\xef\xe1\x10\x02\x00\xef\xe1\x00\x02\x00\xef'
2020-07-10 02:49:17.602724, cycle count 1696, gpio values 1109088, 0, 0, 56811, status messages:  b'\xe1\x10\x01\x00\xef\xe1\x18\x01\x00\xef\xe1\x1c\x01\x00\xef\xe1\x1e\x01\x00\xef\xe1\x1f\x01\x00\xef\xe1\x1e\x02\x00\xef\xe1\x1c\x02\x00\xef\xe1\x18\x02\x00\xef\xe1\x10\x02\x00\xef\xe1\x00\x02\x00\xef'
2020-07-10 02:49:33.560270, cycle count 1697, gpio values 1109718, 0, 0, 56847, status messages:  b'\xe1\x10\x01\x00\xef\xe1\x18\x01\x00\xef\xe1\x1c\x01\x00\xef\xe1\x1e\x01\x00\xef\xe1\x1f\x01\x00\xef\xe1\x1e\x02\x00\xef\xe1\x1c\x02\x00\xef\xe1\x18\x02\x00\xef\xe1\x10\x02\x00\xef\xe1\x00\x02\x00\xef'
2020-07-10 02:49:49.499889, cycle count 1698, gpio values 1110348, 0, 0, 56883, status messages:  b'\xe1\x10\x01\x00\xef\xe1\x18\x01\x00\xef\xe1\x1c\x01\x00\xef\xe1\x1e\x01\x00\xef\xe1\x1f\x01\x00\xef\xe1\x1e\x02\x00\xef\xe1\x1c\x02\x00\xef\xe1\x18\x02\x00\xef\xe1\x10\x02\x00\xef\xe1\x00\x02\x00\xef'
2020-07-10 02:50:05.439972, cycle count 1699, gpio values 1110978, 0, 0, 56919, status messages:  b'\xe1\x10\x01\x00\xef\xe1\x18\x01\x00\xef\xe1\x1c\x01\x00\xef\xe1\x1e\x01\x00\xef\xe1\x1f\x01\x00\xef\xe1\x1e\x02\x00\xef\xe1\x1c\x02\x00\xef\xe1\x18\x02\x00\xef\xe1\x10\x02\x00\xef\xe1\x00\x02\x00\xef'
2020-07-10 02:50:21.120709, cycle count 1700, gpio values 1111573, 0, 0, 56955, status messages:  b'\xe1\x10\x01\x00\xef\xe1\x18\x01\x00\xef\xe1\x1c\x01\x00\xef\xe1\x1e\x01\x00\xef\xe1\x1f\x01\x00\xef\xe1\x1e\x02\x00\xef\xe1\x1c\x02\x00\xef\xe1\x18\x02\x00\xef\xe1\x10\x02\x00\xef\xe1\x00\x02\x00\xef'
2020-07-10 02:50:37.060330, cycle count 1701, gpio values 1112203, 0, 0, 56991, status messages:  b'\xe1\x10\x01\x00\xef\xe1\x18\x01\x00\xef\xe1\x1c\x01\x00\xef\xe1\x1e\x01\x00\xef\xe1\x1f\x01\x00\xef\xe1\x1e\x02\x00\xef\xe1\x1c\x02\x00\xef\xe1\x18\x02\x00\xef\xe1\x10\x02\x00\xef\xe1\x00\x02\x00\xef'
2020-07-10 02:50:52.741942, cycle count 1702, gpio values 1112798, 0, 0, 57027, status messages:  b'\xe1\x10\x01\x00\xef\xe1\x18\x01\x00\xef\xe1\x1c\x01\x00\xef\xe1\x1e\x01\x00\xef\xe1\x1f\x01\x00\xef\xe1\x1e\x02\x00\xef\xe1\x1c\x02\x00\xef\xe1\x18\x02\x00\xef\xe1\x10\x02\x00\xef\xe1\x00\x02\x00\xef'
2020-07-10 02:51:08.681151, cycle count 1703, gpio values 1113428, 0, 0, 57063, status messages:  b'\xe1\x10\x01\x00\xef\xe1\x18\x01\x00\xef\xe1\x1c\x01\x00\xef\xe1\x1e\x01\x00\xef\xe1\x1f\x01\x00\xef\xe1\x1e\x02\x00\xef\xe1\x1c\x02\x00\xef\xe1\x18\x02\x00\xef\xe1\x10\x02\x00\xef\xe1\x00\x02\x00\xef'
2020-07-10 02:51:24.948392, cycle count 1704, gpio values 1114058, 0, 0, 57099, status messages:  b'\xe1\x10\x01\x00\xef\xe1\x18\x01\x00\xef\xe1\x1c\x01\x00\xef\xe1\x1e\x01\x00\xef\xe1\x1f\x01\x00\xef\xe1\x1e\x02\x00\xef\xe1\x1c\x02\x00\xef\xe1\x18\x02\x00\xef\xe1\x10\x02\x00\xef\xe1\x00\x02\x00\xef'
2020-07-10 02:51:40.629564, cycle count 1705, gpio values 1114653, 0, 0, 57135, status messages:  b'\xe1\x10\x01\x00\xef\xe1\x18\x01\x00\xef\xe1\x1c\x01\x00\xef\xe1\x1e\x01\x00\xef\xe1\x1f\x01\x00\xef\xe1\x1e\x02\x00\xef\xe1\x1c\x02\x00\xef\xe1\x18\x02\x00\xef\xe1\x10\x02\x00\xef\xe1\x00\x02\x00\xef'
2020-07-10 02:51:56.568991, cycle count 1706, gpio values 1115283, 0, 0, 57171, status messages:  b'\xe1\x10\x01\x00\xef\xe1\x18\x01\x00\xef\xe1\x1c\x01\x00\xef\xe1\x1e\x01\x00\xef\xe1\x1f\x01\x00\xef\xe1\x1e\x02\x00\xef\xe1\x1c\x02\x00\xef\xe1\x18\x02\x00\xef\xe1\x10\x02\x00\xef\xe1\x00\x02\x00\xef'
2020-07-10 02:52:12.250821, cycle count 1707, gpio values 1115913, 0, 0, 57207, status messages:  b'\xe1\x10\x01\x00\xef\xe1\x18\x01\x00\xef\xe1\x1c\x01\x00\xef\xe1\x1e\x01\x00\xef\xe1\x1f\x01\x00\xef\xe1\x1e\x02\x00\xef\xe1\x1c\x02\x00\xef\xe1\x18\x02\x00\xef\xe1\x10\x02\x00\xef\xe1\x00\x02\x00\xef'
2020-07-10 02:52:27.933659, cycle count 1708, gpio values 1116543, 0, 0, 57243, status messages:  b'\xe1\x10\x01\x00\xef\xe1\x18\x01\x00\xef\xe1\x1c\x01\x00\xef\xe1\x1e\x01\x00\xef\xe1\x1f\x01\x00\xef\xe1\x1e\x02\x00\xef\xe1\x1c\x02\x00\xef\xe1\x18\x02\x00\xef\xe1\x10\x02\x00\xef\xe1\x00\x02\x00\xef'
2020-07-10 02:52:43.613985, cycle count 1709, gpio values 1117173, 0, 0, 57279, status messages:  b'\xe1\x10\x01\x00\xef\xe1\x18\x01\x00\xef\xe1\x1c\x01\x00\xef\xe1\x1e\x01\x00\xef\xe1\x1f\x01\x00\xef\xe1\x1e\x02\x00\xef\xe1\x1c\x02\x00\xef\xe1\x18\x02\x00\xef\xe1\x10\x02\x00\xef\xe1\x00\x02\x00\xef'
2020-07-10 02:52:59.293804, cycle count 1710, gpio values 1117803, 0, 0, 57315, status messages:  b'\xe1\x10\x01\x00\xef\xe1\x18\x01\x00\xef\xe1\x1c\x01\x00\xef\xe1\x1e\x01\x00\xef\xe1\x1f\x01\x00\xef\xe1\x1e\x02\x00\xef\xe1\x1c\x02\x00\xef\xe1\x18\x02\x00\xef\xe1\x10\x02\x00\xef\xe1\x00\x02\x00\xef'
2020-07-10 02:53:14.975769, cycle count 1711, gpio values 1118398, 0, 0, 57351, status messages:  b'\xe1\x10\x01\x00\xef\xe1\x18\x01\x00\xef\xe1\x1c\x01\x00\xef\xe1\x1e\x01\x00\xef\xe1\x1f\x01\x00\xef\xe1\x1e\x02\x00\xef\xe1\x1c\x02\x00\xef\xe1\x18\x02\x00\xef\xe1\x10\x02\x00\xef\xe1\x00\x02\x00\xef'
2020-07-10 02:53:30.915312, cycle count 1712, gpio values 1119028, 0, 0, 57387, status messages:  b'\xe1\x10\x01\x00\xef\xe1\x18\x01\x00\xef\xe1\x1c\x01\x00\xef\xe1\x1e\x01\x00\xef\xe1\x1f\x01\x00\xef\xe1\x1e\x02\x00\xef\xe1\x1c\x02\x00\xef\xe1\x18\x02\x00\xef\xe1\x10\x02\x00\xef\xe1\x00\x02\x00\xef'
2020-07-10 02:53:46.353645, cycle count 1713, gpio values 1119623, 0, 0, 57415, status messages:  b'\xe1\x10\x01\x00\xef\xe1\x18\x01\x00\xef\xe1\x1c\x01\x00\xef\xe1\x1e\x01\x00\xef\xe1\x1f\x01\x00\xef\xe1\x1e\x02\x00\xef\xe1\x1c\x02\x00\xef\xe1\x18\x02\x00\xef\xe1\x10\x02\x00\xef\xe1\x00\x02\x00\xef'
2020-07-10 02:54:02.035451, cycle count 1714, gpio values 1120218, 0, 0, 57451, status messages:  b'\xe1\x10\x01\x00\xef\xe1\x18\x01\x00\xef\xe1\x1c\x01\x00\xef\xe1\x1e\x01\x00\xef\xe1\x1f\x01\x00\xef\xe1\x1e\x02\x00\xef\xe1\x1c\x02\x00\xef\xe1\x18\x02\x00\xef\xe1\x10\x02\x00\xef\xe1\x00\x02\x00\xef'
2020-07-10 02:54:17.716278, cycle count 1715, gpio values 1120813, 0, 0, 57487, status messages:  b'\xe1\x10\x01\x00\xef\xe1\x18\x01\x00\xef\xe1\x1c\x01\x00\xef\xe1\x1e\x01\x00\xef\xe1\x1f\x01\x00\xef\xe1\x1e\x02\x00\xef\xe1\x1c\x02\x00\xef\xe1\x18\x02\x00\xef\xe1\x10\x02\x00\xef\xe1\x00\x02\x00\xef'
2020-07-10 02:54:33.414028, cycle count 1716, gpio values 1121408, 0, 0, 57523, status messages:  b'\xe1\x10\x01\x00\xef\xe1\x18\x01\x00\xef\xe1\x1c\x01\x00\xef\xe1\x1e\x01\x00\xef\xe1\x1f\x01\x00\xef\xe1\x1e\x02\x00\xef\xe1\x1c\x02\x00\xef\xe1\x18\x02\x00\xef\xe1\x10\x02\x00\xef\xe1\x00\x02\x00\xef'
2020-07-10 02:54:49.110008, cycle count 1717, gpio values 1122003, 0, 0, 57559, status messages:  b'\xe1\x10\x01\x00\xef\xe1\x18\x01\x00\xef\xe1\x1c\x01\x00\xef\xe1\x1e\x01\x00\xef\xe1\x1f\x01\x00\xef\xe1\x1e\x02\x00\xef\xe1\x1c\x02\x00\xef\xe1\x18\x02\x00\xef\xe1\x10\x02\x00\xef\xe1\x00\x02\x00\xef'
2020-07-10 02:55:04.548660, cycle count 1718, gpio values 1122598, 0, 0, 57587, status messages:  b'\xe1\x10\x01\x00\xef\xe1\x18\x01\x00\xef\xe1\x1c\x01\x00\xef\xe1\x1e\x01\x00\xef\xe1\x1f\x01\x00\xef\xe1\x1e\x02\x00\xef\xe1\x1c\x02\x00\xef\xe1\x18\x02\x00\xef\xe1\x10\x02\x00\xef\xe1\x00\x02\x00\xef'
2020-07-10 02:55:20.246102, cycle count 1719, gpio values 1123193, 0, 0, 57623, status messages:  b'\xe1\x10\x01\x00\xef\xe1\x18\x01\x00\xef\xe1\x1c\x01\x00\xef\xe1\x1e\x01\x00\xef\xe1\x1f\x01\x00\xef\xe1\x1e\x02\x00\xef\xe1\x1c\x02\x00\xef\xe1\x18\x02\x00\xef\xe1\x10\x02\x00\xef\xe1\x00\x02\x00\xef'
2020-07-10 02:55:35.683619, cycle count 1720, gpio values 1123788, 0, 0, 57651, status messages:  b'\xe1\x10\x01\x00\xef\xe1\x18\x01\x00\xef\xe1\x1c\x01\x00\xef\xe1\x1e\x01\x00\xef\xe1\x1f\x01\x00\xef\xe1\x1e\x02\x00\xef\xe1\x1c\x02\x00\xef\xe1\x18\x02\x00\xef\xe1\x10\x02\x00\xef\xe1\x00\x02\x00\xef'
2020-07-10 02:55:51.365770, cycle count 1721, gpio values 1124383, 0, 0, 57687, status messages:  b'\xe1\x10\x01\x00\xef\xe1\x18\x01\x00\xef\xe1\x1c\x01\x00\xef\xe1\x1e\x01\x00\xef\xe1\x1f\x01\x00\xef\xe1\x1e\x02\x00\xef\xe1\x1c\x02\x00\xef\xe1\x18\x02\x00\xef\xe1\x10\x02\x00\xef\xe1\x00\x02\x00\xef'
2020-07-10 02:56:07.062253, cycle count 1722, gpio values 1124978, 0, 0, 57723, status messages:  b'\xe1\x10\x01\x00\xef\xe1\x18\x01\x00\xef\xe1\x1c\x01\x00\xef\xe1\x1e\x01\x00\xef\xe1\x1f\x01\x00\xef\xe1\x1e\x02\x00\xef\xe1\x1c\x02\x00\xef\xe1\x18\x02\x00\xef\xe1\x10\x02\x00\xef\xe1\x00\x02\x00\xef'
2020-07-10 02:56:22.500912, cycle count 1723, gpio values 1125573, 0, 0, 57751, status messages:  b'\xe1\x10\x01\x00\xef\xe1\x18\x01\x00\xef\xe1\x1c\x01\x00\xef\xe1\x1e\x01\x00\xef\xe1\x1f\x01\x00\xef\xe1\x1e\x02\x00\xef\xe1\x1c\x02\x00\xef\xe1\x18\x02\x00\xef\xe1\x10\x02\x00\xef\xe1\x00\x02\x00\xef'
2020-07-10 02:56:38.214736, cycle count 1724, gpio values 1126168, 0, 0, 57787, status messages:  b'\xe1\x10\x01\x00\xef\xe1\x18\x01\x00\xef\xe1\x1c\x01\x00\xef\xe1\x1e\x01\x00\xef\xe1\x1f\x01\x00\xef\xe1\x1e\x02\x00\xef\xe1\x1c\x02\x00\xef\xe1\x18\x02\x00\xef\xe1\x10\x02\x00\xef\xe1\x00\x02\x00\xef'
2020-07-10 02:56:53.636227, cycle count 1725, gpio values 1126763, 0, 0, 57815, status messages:  b'\xe1\x10\x01\x00\xef\xe1\x18\x01\x00\xef\xe1\x1c\x01\x00\xef\xe1\x1e\x01\x00\xef\xe1\x1f\x01\x00\xef\xe1\x1e\x02\x00\xef\xe1\x1c\x02\x00\xef\xe1\x18\x02\x00\xef\xe1\x10\x02\x00\xef\xe1\x00\x02\x00\xef'
2020-07-10 02:57:09.333762, cycle count 1726, gpio values 1127358, 0, 0, 57851, status messages:  b'\xe1\x10\x01\x00\xef\xe1\x18\x01\x00\xef\xe1\x1c\x01\x00\xef\xe1\x1e\x01\x00\xef\xe1\x1f\x01\x00\xef\xe1\x1e\x02\x00\xef\xe1\x1c\x02\x00\xef\xe1\x18\x02\x00\xef\xe1\x10\x02\x00\xef\xe1\x00\x02\x00\xef'
2020-07-10 02:57:25.031450, cycle count 1727, gpio values 1127953, 0, 0, 57887, status messages:  b'\xe1\x10\x01\x00\xef\xe1\x18\x01\x00\xef\xe1\x1c\x01\x00\xef\xe1\x1e\x01\x00\xef\xe1\x1f\x01\x00\xef\xe1\x1e\x02\x00\xef\xe1\x1c\x02\x00\xef\xe1\x18\x02\x00\xef\xe1\x10\x02\x00\xef\xe1\x00\x02\x00\xef'
2020-07-10 02:57:40.971111, cycle count 1728, gpio values 1128583, 0, 0, 57923, status messages:  b'\xe1\x10\x01\x00\xef\xe1\x18\x01\x00\xef\xe1\x1c\x01\x00\xef\xe1\x1e\x01\x00\xef\xe1\x1f\x01\x00\xef\xe1\x1e\x02\x00\xef\xe1\x1c\x02\x00\xef\xe1\x18\x02\x00\xef\xe1\x10\x02\x00\xef\xe1\x00\x02\x00\xef'
2020-07-10 02:57:56.653556, cycle count 1729, gpio values 1129178, 0, 0, 57959, status messages:  b'\xe1\x10\x01\x00\xef\xe1\x18\x01\x00\xef\xe1\x1c\x01\x00\xef\xe1\x1e\x01\x00\xef\xe1\x1f\x01\x00\xef\xe1\x1e\x02\x00\xef\xe1\x1c\x02\x00\xef\xe1\x18\x02\x00\xef\xe1\x10\x02\x00\xef\xe1\x00\x02\x00\xef'
2020-07-10 02:58:12.074266, cycle count 1730, gpio values 1129773, 0, 0, 57987, status messages:  b'\xe1\x10\x01\x00\xef\xe1\x18\x01\x00\xef\xe1\x1c\x01\x00\xef\xe1\x1e\x01\x00\xef\xe1\x1f\x01\x00\xef\xe1\x1e\x02\x00\xef\xe1\x1c\x02\x00\xef\xe1\x18\x02\x00\xef\xe1\x10\x02\x00\xef\xe1\x00\x02\x00\xef'
2020-07-10 02:58:27.756302, cycle count 1731, gpio values 1130368, 0, 0, 58023, status messages:  b'\xe1\x10\x01\x00\xef\xe1\x18\x01\x00\xef\xe1\x1c\x01\x00\xef\xe1\x1e\x01\x00\xef\xe1\x1f\x01\x00\xef\xe1\x1e\x02\x00\xef\xe1\x1c\x02\x00\xef\xe1\x18\x02\x00\xef\xe1\x10\x02\x00\xef\xe1\x00\x02\x00\xef'
2020-07-10 02:58:43.178954, cycle count 1732, gpio values 1130963, 0, 0, 58051, status messages:  b'\xe1\x10\x01\x00\xef\xe1\x18\x01\x00\xef\xe1\x1c\x01\x00\xef\xe1\x1e\x01\x00\xef\xe1\x1f\x01\x00\xef\xe1\x1e\x02\x00\xef\xe1\x1c\x02\x00\xef\xe1\x18\x02\x00\xef\xe1\x10\x02\x00\xef\xe1\x00\x02\x00\xef'
2020-07-10 02:58:58.859406, cycle count 1733, gpio values 1131593, 0, 0, 58087, status messages:  b'\xe1\x10\x01\x00\xef\xe1\x18\x01\x00\xef\xe1\x1c\x01\x00\xef\xe1\x1e\x01\x00\xef\xe1\x1f\x01\x00\xef\xe1\x1e\x02\x00\xef\xe1\x1c\x02\x00\xef\xe1\x18\x02\x00\xef\xe1\x10\x02\x00\xef\xe1\x00\x02\x00\xef'
2020-07-10 02:59:14.685808, cycle count 1734, gpio values 1132188, 0, 0, 58123, status messages:  b'\xe1\x10\x01\x00\xef\xe1\x18\x01\x00\xef\xe1\x1c\x01\x00\xef\xe1\x1e\x01\x00\xef\xe1\x1f\x01\x00\xef\xe1\x1e\x02\x00\xef\xe1\x1c\x02\x00\xef\xe1\x18\x02\x00\xef\xe1\x10\x02\x00\xef\xe1\x00\x02\x00\xef'
2020-07-10 02:59:30.366932, cycle count 1735, gpio values 1132818, 0, 0, 58159, status messages:  b'\xe1\x10\x01\x00\xef\xe1\x18\x01\x00\xef\xe1\x1c\x01\x00\xef\xe1\x1e\x01\x00\xef\xe1\x1f\x01\x00\xef\xe1\x1e\x02\x00\xef\xe1\x1c\x02\x00\xef\xe1\x18\x02\x00\xef\xe1\x10\x02\x00\xef\xe1\x00\x02\x00\xef'
2020-07-10 02:59:46.049191, cycle count 1736, gpio values 1133413, 0, 0, 58195, status messages:  b'\xe1\x10\x01\x00\xef\xe1\x18\x01\x00\xef\xe1\x1c\x01\x00\xef\xe1\x1e\x01\x00\xef\xe1\x1f\x01\x00\xef\xe1\x1e\x02\x00\xef\xe1\x1c\x02\x00\xef\xe1\x18\x02\x00\xef\xe1\x10\x02\x00\xef\xe1\x00\x02\x00\xef'
2020-07-10 03:00:01.470658, cycle count 1737, gpio values 1134008, 0, 0, 58223, status messages:  b'\xe1\x10\x01\x00\xef\xe1\x18\x01\x00\xef\xe1\x1c\x01\x00\xef\xe1\x1e\x01\x00\xef\xe1\x1f\x01\x00\xef\xe1\x1e\x02\x00\xef\xe1\x1c\x02\x00\xef\xe1\x18\x02\x00\xef\xe1\x10\x02\x00\xef\xe1\x00\x02\x00\xef'
2020-07-10 03:00:17.152177, cycle count 1738, gpio values 1134603, 0, 0, 58259, status messages:  b'\xe1\x10\x01\x00\xef\xe1\x18\x01\x00\xef\xe1\x1c\x01\x00\xef\xe1\x1e\x01\x00\xef\xe1\x1f\x01\x00\xef\xe1\x1e\x02\x00\xef\xe1\x1c\x02\x00\xef\xe1\x18\x02\x00\xef\xe1\x10\x02\x00\xef\xe1\x00\x02\x00\xef'
2020-07-10 03:00:32.574046, cycle count 1739, gpio values 1135198, 0, 0, 58287, status messages:  b'\xe1\x10\x01\x00\xef\xe1\x18\x01\x00\xef\xe1\x1c\x01\x00\xef\xe1\x1e\x01\x00\xef\xe1\x1f\x01\x00\xef\xe1\x1e\x02\x00\xef\xe1\x1c\x02\x00\xef\xe1\x18\x02\x00\xef\xe1\x10\x02\x00\xef\xe1\x00\x02\x00\xef'
2020-07-10 03:00:48.254526, cycle count 1740, gpio values 1135793, 0, 0, 58323, status messages:  b'\xe1\x10\x01\x00\xef\xe1\x18\x01\x00\xef\xe1\x1c\x01\x00\xef\xe1\x1e\x01\x00\xef\xe1\x1f\x01\x00\xef\xe1\x1e\x02\x00\xef\xe1\x1c\x02\x00\xef\xe1\x18\x02\x00\xef\xe1\x10\x02\x00\xef\xe1\x00\x02\x00\xef'
2020-07-10 03:01:03.677316, cycle count 1741, gpio values 1136388, 0, 0, 58351, status messages:  b'\xe1\x10\x01\x00\xef\xe1\x18\x01\x00\xef\xe1\x1c\x01\x00\xef\xe1\x1e\x01\x00\xef\xe1\x1f\x01\x00\xef\xe1\x1e\x02\x00\xef\xe1\x1c\x02\x00\xef\xe1\x18\x02\x00\xef\xe1\x10\x02\x00\xef\xe1\x00\x02\x00\xef'
2020-07-10 03:01:19.357289, cycle count 1742, gpio values 1136983, 0, 0, 58387, status messages:  b'\xe1\x10\x01\x00\xef\xe1\x18\x01\x00\xef\xe1\x1c\x01\x00\xef\xe1\x1e\x01\x00\xef\xe1\x1f\x01\x00\xef\xe1\x1e\x02\x00\xef\xe1\x1c\x02\x00\xef\xe1\x18\x02\x00\xef\xe1\x10\x02\x00\xef\xe1\x00\x02\x00\xef'
2020-07-10 03:01:34.779033, cycle count 1743, gpio values 1137578, 0, 0, 58415, status messages:  b'\xe1\x10\x01\x00\xef\xe1\x18\x01\x00\xef\xe1\x1c\x01\x00\xef\xe1\x1e\x01\x00\xef\xe1\x1f\x01\x00\xef\xe1\x1e\x02\x00\xef\xe1\x1c\x02\x00\xef\xe1\x18\x02\x00\xef\xe1\x10\x02\x00\xef\xe1\x00\x02\x00\xef'
2020-07-10 03:01:50.460295, cycle count 1744, gpio values 1138173, 0, 0, 58451, status messages:  b'\xe1\x10\x01\x00\xef\xe1\x18\x01\x00\xef\xe1\x1c\x01\x00\xef\xe1\x1e\x01\x00\xef\xe1\x1f\x01\x00\xef\xe1\x1e\x02\x00\xef\xe1\x1c\x02\x00\xef\xe1\x18\x02\x00\xef\xe1\x10\x02\x00\xef\xe1\x00\x02\x00\xef'
2020-07-10 03:02:05.882444, cycle count 1745, gpio values 1138768, 0, 0, 58479, status messages:  b'\xe1\x10\x01\x00\xef\xe1\x18\x01\x00\xef\xe1\x1c\x01\x00\xef\xe1\x1e\x01\x00\xef\xe1\x1f\x01\x00\xef\xe1\x1e\x02\x00\xef\xe1\x1c\x02\x00\xef\xe1\x18\x02\x00\xef\xe1\x10\x02\x00\xef\xe1\x00\x02\x00\xef'
2020-07-10 03:02:21.563506, cycle count 1746, gpio values 1139363, 0, 0, 58515, status messages:  b'\xe1\x10\x01\x00\xef\xe1\x18\x01\x00\xef\xe1\x1c\x01\x00\xef\xe1\x1e\x01\x00\xef\xe1\x1f\x01\x00\xef\xe1\x1e\x02\x00\xef\xe1\x1c\x02\x00\xef\xe1\x18\x02\x00\xef\xe1\x10\x02\x00\xef\xe1\x00\x02\x00\xef'
2020-07-10 03:02:37.260659, cycle count 1747, gpio values 1139958, 0, 0, 58551, status messages:  b'\xe1\x10\x01\x00\xef\xe1\x18\x01\x00\xef\xe1\x1c\x01\x00\xef\xe1\x1e\x01\x00\xef\xe1\x1f\x01\x00\xef\xe1\x1e\x02\x00\xef\xe1\x1c\x02\x00\xef\xe1\x18\x02\x00\xef\xe1\x10\x02\x00\xef\xe1\x00\x02\x00\xef'
2020-07-10 03:02:52.683299, cycle count 1748, gpio values 1140553, 0, 0, 58579, status messages:  b'\xe1\x10\x01\x00\xef\xe1\x18\x01\x00\xef\xe1\x1c\x01\x00\xef\xe1\x1e\x01\x00\xef\xe1\x1f\x01\x00\xef\xe1\x1e\x02\x00\xef\xe1\x1c\x02\x00\xef\xe1\x18\x02\x00\xef\xe1\x10\x02\x00\xef\xe1\x00\x02\x00\xef'
2020-07-10 03:03:08.112319, cycle count 1749, gpio values 1141148, 0, 0, 58607, status messages:  b'\xe1\x10\x01\x00\xef\xe1\x18\x01\x00\xef\xe1\x1c\x01\x00\xef\xe1\x1e\x01\x00\xef\xe1\x1f\x01\x00\xef\xe1\x1e\x02\x00\xef\xe1\x1c\x02\x00\xef\xe1\x18\x02\x00\xef\xe1\x10\x02\x00\xef\xe1\x00\x02\x00\xef'
2020-07-10 03:03:23.785259, cycle count 1750, gpio values 1141743, 0, 0, 58643, status messages:  b'\xe1\x10\x01\x00\xef\xe1\x18\x01\x00\xef\xe1\x1c\x01\x00\xef\xe1\x1e\x01\x00\xef\xe1\x1f\x01\x00\xef\xe1\x1e\x02\x00\xef\xe1\x1c\x02\x00\xef\xe1\x18\x02\x00\xef\xe1\x10\x02\x00\xef\xe1\x00\x02\x00\xef'
2020-07-10 03:03:39.725512, cycle count 1751, gpio values 1142373, 0, 0, 58679, status messages:  b'\xe1\x10\x01\x00\xef\xe1\x18\x01\x00\xef\xe1\x1c\x01\x00\xef\xe1\x1e\x01\x00\xef\xe1\x1f\x01\x00\xef\xe1\x1e\x02\x00\xef\xe1\x1c\x02\x00\xef\xe1\x18\x02\x00\xef\xe1\x10\x02\x00\xef\xe1\x00\x02\x00\xef'
2020-07-10 03:03:55.406671, cycle count 1752, gpio values 1142968, 0, 0, 58715, status messages:  b'\xe1\x10\x01\x00\xef\xe1\x18\x01\x00\xef\xe1\x1c\x01\x00\xef\xe1\x1e\x01\x00\xef\xe1\x1f\x01\x00\xef\xe1\x1e\x02\x00\xef\xe1\x1c\x02\x00\xef\xe1\x18\x02\x00\xef\xe1\x10\x02\x00\xef\xe1\x00\x02\x00\xef'
2020-07-10 03:04:10.828277, cycle count 1753, gpio values 1143563, 0, 0, 58743, status messages:  b'\xe1\x10\x01\x00\xef\xe1\x18\x01\x00\xef\xe1\x1c\x01\x00\xef\xe1\x1e\x01\x00\xef\xe1\x1f\x01\x00\xef\xe1\x1e\x02\x00\xef\xe1\x1c\x02\x00\xef\xe1\x18\x02\x00\xef\xe1\x10\x02\x00\xef\xe1\x00\x02\x00\xef'
2020-07-10 03:04:26.606638, cycle count 1754, gpio values 1144193, 0, 0, 58779, status messages:  b'\xe1\x10\x01\x00\xef\xe1\x18\x01\x00\xef\xe1\x1c\x01\x00\xef\xe1\x1e\x01\x00\xef\xe1\x1f\x01\x00\xef\xe1\x1e\x02\x00\xef\xe1\x1c\x02\x00\xef\xe1\x18\x02\x00\xef\xe1\x10\x02\x00\xef\xe1\x00\x02\x00\xef'
2020-07-10 03:04:42.287668, cycle count 1755, gpio values 1144788, 0, 0, 58815, status messages:  b'\xe1\x10\x01\x00\xef\xe1\x18\x01\x00\xef\xe1\x1c\x01\x00\xef\xe1\x1e\x01\x00\xef\xe1\x1f\x01\x00\xef\xe1\x1e\x02\x00\xef\xe1\x1c\x02\x00\xef\xe1\x18\x02\x00\xef\xe1\x10\x02\x00\xef\xe1\x00\x02\x00\xef'
2020-07-10 03:04:57.984845, cycle count 1756, gpio values 1145383, 0, 0, 58851, status messages:  b'\xe1\x10\x01\x00\xef\xe1\x18\x01\x00\xef\xe1\x1c\x01\x00\xef\xe1\x1e\x01\x00\xef\xe1\x1f\x01\x00\xef\xe1\x1e\x02\x00\xef\xe1\x1c\x02\x00\xef\xe1\x18\x02\x00\xef\xe1\x10\x02\x00\xef\xe1\x00\x02\x00\xef'
2020-07-10 03:05:13.665664, cycle count 1757, gpio values 1145978, 0, 0, 58887, status messages:  b'\xe1\x10\x01\x00\xef\xe1\x18\x01\x00\xef\xe1\x1c\x01\x00\xef\xe1\x1e\x01\x00\xef\xe1\x1f\x01\x00\xef\xe1\x1e\x02\x00\xef\xe1\x1c\x02\x00\xef\xe1\x18\x02\x00\xef\xe1\x10\x02\x00\xef\xe1\x00\x02\x00\xef'
2020-07-10 03:05:29.347804, cycle count 1758, gpio values 1146573, 0, 0, 58923, status messages:  b'\xe1\x10\x01\x00\xef\xe1\x18\x01\x00\xef\xe1\x1c\x01\x00\xef\xe1\x1e\x01\x00\xef\xe1\x1f\x01\x00\xef\xe1\x1e\x02\x00\xef\xe1\x1c\x02\x00\xef\xe1\x18\x02\x00\xef\xe1\x10\x02\x00\xef\xe1\x00\x02\x00\xef'
2020-07-10 03:05:45.044383, cycle count 1759, gpio values 1147168, 0, 0, 58959, status messages:  b'\xe1\x10\x01\x00\xef\xe1\x18\x01\x00\xef\xe1\x1c\x01\x00\xef\xe1\x1e\x01\x00\xef\xe1\x1f\x01\x00\xef\xe1\x1e\x02\x00\xef\xe1\x1c\x02\x00\xef\xe1\x18\x02\x00\xef\xe1\x10\x02\x00\xef\xe1\x00\x02\x00\xef'
2020-07-10 03:06:00.742809, cycle count 1760, gpio values 1147763, 0, 0, 58995, status messages:  b'\xe1\x10\x01\x00\xef\xe1\x18\x01\x00\xef\xe1\x1c\x01\x00\xef\xe1\x1e\x01\x00\xef\xe1\x1f\x01\x00\xef\xe1\x1e\x02\x00\xef\xe1\x1c\x02\x00\xef\xe1\x18\x02\x00\xef\xe1\x10\x02\x00\xef\xe1\x00\x02\x00\xef'
2020-07-10 03:06:16.682117, cycle count 1761, gpio values 1148429, 0, 0, 59031, status messages:  b'\xe1\x10\x01\x00\xef\xe1\x18\x01\x00\xef\xe1\x1c\x01\x00\xef\xe1\x1e\x01\x00\xef\xe1\x1f\x01\x00\xef\xe1\x1e\x02\x00\xef\xe1\x1c\x02\x00\xef\xe1\x18\x02\x00\xef\xe1\x10\x02\x00\xef\xe1\x00\x02\x00\xef'
2020-07-10 03:06:32.362873, cycle count 1762, gpio values 1149059, 0, 0, 59067, status messages:  b'\xe1\x10\x01\x00\xef\xe1\x18\x01\x00\xef\xe1\x1c\x01\x00\xef\xe1\x1e\x01\x00\xef\xe1\x1f\x01\x00\xef\xe1\x1e\x02\x00\xef\xe1\x1c\x02\x00\xef\xe1\x18\x02\x00\xef\xe1\x10\x02\x00\xef\xe1\x00\x02\x00\xef'
2020-07-10 03:06:48.302872, cycle count 1763, gpio values 1149725, 0, 0, 59103, status messages:  b'\xe1\x10\x01\x00\xef\xe1\x18\x01\x00\xef\xe1\x1c\x01\x00\xef\xe1\x1e\x01\x00\xef\xe1\x1f\x01\x00\xef\xe1\x1e\x02\x00\xef\xe1\x1c\x02\x00\xef\xe1\x18\x02\x00\xef\xe1\x10\x02\x00\xef\xe1\x00\x02\x00\xef'
2020-07-10 03:07:04.033746, cycle count 1764, gpio values 1150355, 0, 0, 59139, status messages:  b'\xe1\x10\x01\x00\xef\xe1\x18\x01\x00\xef\xe1\x1c\x01\x00\xef\xe1\x1e\x01\x00\xef\xe1\x1f\x01\x00\xef\xe1\x1e\x02\x00\xef\xe1\x1c\x02\x00\xef\xe1\x18\x02\x00\xef\xe1\x10\x02\x00\xef\xe1\x00\x02\x00\xef'
2020-07-10 03:07:19.974693, cycle count 1765, gpio values 1150985, 0, 0, 59175, status messages:  b'\xe1\x10\x01\x00\xef\xe1\x18\x01\x00\xef\xe1\x1c\x01\x00\xef\xe1\x1e\x01\x00\xef\xe1\x1f\x01\x00\xef\xe1\x1e\x02\x00\xef\xe1\x1c\x02\x00\xef\xe1\x18\x02\x00\xef\xe1\x10\x02\x00\xef\xe1\x00\x02\x00\xef'
2020-07-10 03:07:35.655380, cycle count 1766, gpio values 1151615, 0, 0, 59211, status messages:  b'\xe1\x10\x01\x00\xef\xe1\x18\x01\x00\xef\xe1\x1c\x01\x00\xef\xe1\x1e\x01\x00\xef\xe1\x1f\x01\x00\xef\xe1\x1e\x02\x00\xef\xe1\x1c\x02\x00\xef\xe1\x18\x02\x00\xef\xe1\x10\x02\x00\xef\xe1\x00\x02\x00\xef'
2020-07-10 03:07:51.711881, cycle count 1767, gpio values 1152281, 0, 0, 59247, status messages:  b'\xe1\x10\x01\x00\xef\xe1\x18\x01\x00\xef\xe1\x1c\x01\x00\xef\xe1\x1e\x01\x00\xef\xe1\x1f\x01\x00\xef\xe1\x1e\x02\x00\xef\xe1\x1c\x02\x00\xef\xe1\x18\x02\x00\xef\xe1\x10\x02\x00\xef\xe1\x00\x02\x00\xef'
2020-07-10 03:08:07.392031, cycle count 1768, gpio values 1152911, 0, 0, 59283, status messages:  b'\xe1\x10\x01\x00\xef\xe1\x18\x01\x00\xef\xe1\x1c\x01\x00\xef\xe1\x1e\x01\x00\xef\xe1\x1f\x01\x00\xef\xe1\x1e\x02\x00\xef\xe1\x1c\x02\x00\xef\xe1\x18\x02\x00\xef\xe1\x10\x02\x00\xef\xe1\x00\x02\x00\xef'
2020-07-10 03:08:23.348370, cycle count 1769, gpio values 1153541, 0, 0, 59319, status messages:  b'\xe1\x10\x01\x00\xef\xe1\x18\x01\x00\xef\xe1\x1c\x01\x00\xef\xe1\x1e\x01\x00\xef\xe1\x1f\x01\x00\xef\xe1\x1e\x02\x00\xef\xe1\x1c\x02\x00\xef\xe1\x18\x02\x00\xef\xe1\x10\x02\x00\xef\xe1\x00\x02\x00\xef'
2020-07-10 03:08:39.045493, cycle count 1770, gpio values 1154136, 0, 0, 59355, status messages:  b'\xe1\x10\x01\x00\xef\xe1\x18\x01\x00\xef\xe1\x1c\x01\x00\xef\xe1\x1e\x01\x00\xef\xe1\x1f\x01\x00\xef\xe1\x1e\x02\x00\xef\xe1\x1c\x02\x00\xef\xe1\x18\x02\x00\xef\xe1\x10\x02\x00\xef\xe1\x00\x02\x00\xef'
2020-07-10 03:08:54.467896, cycle count 1771, gpio values 1154731, 0, 0, 59383, status messages:  b'\xe1\x10\x01\x00\xef\xe1\x18\x01\x00\xef\xe1\x1c\x01\x00\xef\xe1\x1e\x01\x00\xef\xe1\x1f\x01\x00\xef\xe1\x1e\x02\x00\xef\xe1\x1c\x02\x00\xef\xe1\x18\x02\x00\xef\xe1\x10\x02\x00\xef\xe1\x00\x02\x00\xef'
2020-07-10 03:09:10.149223, cycle count 1772, gpio values 1155326, 0, 0, 59419, status messages:  b'\xe1\x10\x01\x00\xef\xe1\x18\x01\x00\xef\xe1\x1c\x01\x00\xef\xe1\x1e\x01\x00\xef\xe1\x1f\x01\x00\xef\xe1\x1e\x02\x00\xef\xe1\x1c\x02\x00\xef\xe1\x18\x02\x00\xef\xe1\x10\x02\x00\xef\xe1\x00\x02\x00\xef'
2020-07-10 03:09:25.570378, cycle count 1773, gpio values 1155921, 0, 0, 59447, status messages:  b'\xe1\x10\x01\x00\xef\xe1\x18\x01\x00\xef\xe1\x1c\x01\x00\xef\xe1\x1e\x01\x00\xef\xe1\x1f\x01\x00\xef\xe1\x1e\x02\x00\xef\xe1\x1c\x02\x00\xef\xe1\x18\x02\x00\xef\xe1\x10\x02\x00\xef\xe1\x00\x02\x00\xef'
2020-07-10 03:09:41.251520, cycle count 1774, gpio values 1156516, 0, 0, 59483, status messages:  b'\xe1\x10\x01\x00\xef\xe1\x18\x01\x00\xef\xe1\x1c\x01\x00\xef\xe1\x1e\x01\x00\xef\xe1\x1f\x01\x00\xef\xe1\x1e\x02\x00\xef\xe1\x1c\x02\x00\xef\xe1\x18\x02\x00\xef\xe1\x10\x02\x00\xef\xe1\x00\x02\x00\xef'
2020-07-10 03:09:57.191357, cycle count 1775, gpio values 1157182, 0, 0, 59519, status messages:  b'\xe1\x10\x01\x00\xef\xe1\x18\x01\x00\xef\xe1\x1c\x01\x00\xef\xe1\x1e\x01\x00\xef\xe1\x1f\x01\x00\xef\xe1\x1e\x02\x00\xef\xe1\x1c\x02\x00\xef\xe1\x18\x02\x00\xef\xe1\x10\x02\x00\xef\xe1\x00\x02\x00\xef'
2020-07-10 03:10:12.873117, cycle count 1776, gpio values 1157812, 0, 0, 59555, status messages:  b'\xe1\x10\x01\x00\xef\xe1\x18\x01\x00\xef\xe1\x1c\x01\x00\xef\xe1\x1e\x01\x00\xef\xe1\x1f\x01\x00\xef\xe1\x1e\x02\x00\xef\xe1\x1c\x02\x00\xef\xe1\x18\x02\x00\xef\xe1\x10\x02\x00\xef\xe1\x00\x02\x00\xef'
2020-07-10 03:10:28.813415, cycle count 1777, gpio values 1158478, 0, 0, 59591, status messages:  b'\xe1\x10\x01\x00\xef\xe1\x18\x01\x00\xef\xe1\x1c\x01\x00\xef\xe1\x1e\x01\x00\xef\xe1\x1f\x01\x00\xef\xe1\x1e\x02\x00\xef\xe1\x1c\x02\x00\xef\xe1\x18\x02\x00\xef\xe1\x10\x02\x00\xef\xe1\x00\x02\x00\xef'
2020-07-10 03:10:44.752960, cycle count 1778, gpio values 1159144, 0, 0, 59627, status messages:  b'\xe1\x10\x01\x00\xef\xe1\x18\x01\x00\xef\xe1\x1c\x01\x00\xef\xe1\x1e\x01\x00\xef\xe1\x1f\x01\x00\xef\xe1\x1e\x02\x00\xef\xe1\x1c\x02\x00\xef\xe1\x18\x02\x00\xef\xe1\x10\x02\x00\xef\xe1\x00\x02\x00\xef'
2020-07-10 03:11:00.433914, cycle count 1779, gpio values 1159774, 0, 0, 59663, status messages:  b'\xe1\x10\x01\x00\xef\xe1\x18\x01\x00\xef\xe1\x1c\x01\x00\xef\xe1\x1e\x01\x00\xef\xe1\x1f\x01\x00\xef\xe1\x1e\x02\x00\xef\xe1\x1c\x02\x00\xef\xe1\x18\x02\x00\xef\xe1\x10\x02\x00\xef\xe1\x00\x02\x00\xef'
2020-07-10 03:11:16.373710, cycle count 1780, gpio values 1160440, 0, 0, 59699, status messages:  b'\xe1\x10\x01\x00\xef\xe1\x18\x01\x00\xef\xe1\x1c\x01\x00\xef\xe1\x1e\x01\x00\xef\xe1\x1f\x01\x00\xef\xe1\x1e\x02\x00\xef\xe1\x1c\x02\x00\xef\xe1\x18\x02\x00\xef\xe1\x10\x02\x00\xef\xe1\x00\x02\x00\xef'
2020-07-10 03:11:32.314848, cycle count 1781, gpio values 1161106, 0, 0, 59735, status messages:  b'\xe1\x10\x01\x00\xef\xe1\x18\x01\x00\xef\xe1\x1c\x01\x00\xef\xe1\x1e\x01\x00\xef\xe1\x1f\x01\x00\xef\xe1\x1e\x02\x00\xef\xe1\x1c\x02\x00\xef\xe1\x18\x02\x00\xef\xe1\x10\x02\x00\xef\xe1\x00\x02\x00\xef'
2020-07-10 03:11:47.995184, cycle count 1782, gpio values 1161736, 0, 0, 59771, status messages:  b'\xe1\x10\x01\x00\xef\xe1\x18\x01\x00\xef\xe1\x1c\x01\x00\xef\xe1\x1e\x01\x00\xef\xe1\x1f\x01\x00\xef\xe1\x1e\x02\x00\xef\xe1\x1c\x02\x00\xef\xe1\x18\x02\x00\xef\xe1\x10\x02\x00\xef\xe1\x00\x02\x00\xef'
2020-07-10 03:12:03.935621, cycle count 1783, gpio values 1162366, 0, 0, 59807, status messages:  b'\xe1\x10\x01\x00\xef\xe1\x18\x01\x00\xef\xe1\x1c\x01\x00\xef\xe1\x1e\x01\x00\xef\xe1\x1f\x01\x00\xef\xe1\x1e\x02\x00\xef\xe1\x1c\x02\x00\xef\xe1\x18\x02\x00\xef\xe1\x10\x02\x00\xef\xe1\x00\x02\x00\xef'
2020-07-10 03:12:19.681713, cycle count 1784, gpio values 1162996, 0, 0, 59843, status messages:  b'\xe1\x10\x01\x00\xef\xe1\x18\x01\x00\xef\xe1\x1c\x01\x00\xef\xe1\x1e\x01\x00\xef\xe1\x1f\x01\x00\xef\xe1\x1e\x02\x00\xef\xe1\x1c\x02\x00\xef\xe1\x18\x02\x00\xef\xe1\x10\x02\x00\xef\xe1\x00\x02\x00\xef'
2020-07-10 03:12:35.379122, cycle count 1785, gpio values 1163626, 0, 0, 59879, status messages:  b'\xe1\x10\x01\x00\xef\xe1\x18\x01\x00\xef\xe1\x1c\x01\x00\xef\xe1\x1e\x01\x00\xef\xe1\x1f\x01\x00\xef\xe1\x1e\x02\x00\xef\xe1\x1c\x02\x00\xef\xe1\x18\x02\x00\xef\xe1\x10\x02\x00\xef\xe1\x00\x02\x00\xef'
2020-07-10 03:12:51.318816, cycle count 1786, gpio values 1164292, 0, 0, 59915, status messages:  b'\xe1\x10\x01\x00\xef\xe1\x18\x01\x00\xef\xe1\x1c\x01\x00\xef\xe1\x1e\x01\x00\xef\xe1\x1f\x01\x00\xef\xe1\x1e\x02\x00\xef\xe1\x1c\x02\x00\xef\xe1\x18\x02\x00\xef\xe1\x10\x02\x00\xef\xe1\x00\x02\x00\xef'
2020-07-10 03:13:07.033279, cycle count 1787, gpio values 1164922, 0, 0, 59951, status messages:  b'\xe1\x10\x01\x00\xef\xe1\x18\x01\x00\xef\xe1\x1c\x01\x00\xef\xe1\x1e\x01\x00\xef\xe1\x1f\x01\x00\xef\xe1\x1e\x02\x00\xef\xe1\x1c\x02\x00\xef\xe1\x18\x02\x00\xef\xe1\x10\x02\x00\xef\xe1\x00\x02\x00\xef'
2020-07-10 03:13:22.713592, cycle count 1788, gpio values 1165552, 0, 0, 59987, status messages:  b'\xe1\x10\x01\x00\xef\xe1\x18\x01\x00\xef\xe1\x1c\x01\x00\xef\xe1\x1e\x01\x00\xef\xe1\x1f\x01\x00\xef\xe1\x1e\x02\x00\xef\xe1\x1c\x02\x00\xef\xe1\x18\x02\x00\xef\xe1\x10\x02\x00\xef\xe1\x00\x02\x00\xef'
2020-07-10 03:13:38.654965, cycle count 1789, gpio values 1166218, 0, 0, 60023, status messages:  b'\xe1\x10\x01\x00\xef\xe1\x18\x01\x00\xef\xe1\x1c\x01\x00\xef\xe1\x1e\x01\x00\xef\xe1\x1f\x01\x00\xef\xe1\x1e\x02\x00\xef\xe1\x1c\x02\x00\xef\xe1\x18\x02\x00\xef\xe1\x10\x02\x00\xef\xe1\x00\x02\x00\xef'
2020-07-10 03:13:54.334552, cycle count 1790, gpio values 1166848, 0, 0, 60059, status messages:  b'\xe1\x10\x01\x00\xef\xe1\x18\x01\x00\xef\xe1\x1c\x01\x00\xef\xe1\x1e\x01\x00\xef\xe1\x1f\x01\x00\xef\xe1\x1e\x02\x00\xef\xe1\x1c\x02\x00\xef\xe1\x18\x02\x00\xef\xe1\x10\x02\x00\xef\xe1\x00\x02\x00\xef'
2020-07-10 03:14:10.275164, cycle count 1791, gpio values 1167514, 0, 0, 60095, status messages:  b'\xe1\x10\x01\x00\xef\xe1\x18\x01\x00\xef\xe1\x1c\x01\x00\xef\xe1\x1e\x01\x00\xef\xe1\x1f\x01\x00\xef\xe1\x1e\x02\x00\xef\xe1\x1c\x02\x00\xef\xe1\x18\x02\x00\xef\xe1\x10\x02\x00\xef\xe1\x00\x02\x00\xef'
2020-07-10 03:14:26.232169, cycle count 1792, gpio values 1168180, 0, 0, 60131, status messages:  b'\xe1\x10\x01\x00\xef\xe1\x18\x01\x00\xef\xe1\x1c\x01\x00\xef\xe1\x1e\x01\x00\xef\xe1\x1f\x01\x00\xef\xe1\x1e\x02\x00\xef\xe1\x1c\x02\x00\xef\xe1\x18\x02\x00\xef\xe1\x10\x02\x00\xef\xe1\x00\x02\x00\xef'
2020-07-10 03:14:41.912612, cycle count 1793, gpio values 1168810, 0, 0, 60159, status messages:  b'\xe1\x10\x01\x00\xef\xe1\x18\x01\x00\xef\xe1\x1c\x01\x00\xef\xe1\x1e\x01\x00\xef\xe1\x1f\x01\x00\xef\xe1\x1e\x02\x00\xef\xe1\x1c\x02\x00\xef\xe1\x18\x02\x00\xef\xe1\x10\x02\x00\xef\xe1\x00\x02\x00\xef'
2020-07-10 03:14:57.853224, cycle count 1794, gpio values 1169440, 0, 0, 60187, status messages:  b'\xe1\x10\x01\x00\xef\xe1\x18\x01\x00\xef\xe1\x1c\x01\x00\xef\xe1\x1e\x01\x00\xef\xe1\x1f\x01\x00\xef\xe1\x1e\x02\x00\xef\xe1\x1c\x02\x00\xef\xe1\x18\x02\x00\xef\xe1\x10\x02\x00\xef\xe1\x00\x02\x00\xef'
2020-07-10 03:15:14.201219, cycle count 1795, gpio values 1170070, 0, 0, 60223, status messages:  b'\xe1\x10\x01\x00\xef\xe1\x18\x01\x00\xef\xe1\x1c\x01\x00\xef\xe1\x1e\x01\x00\xef\xe1\x1f\x01\x00\xef\xe1\x1e\x02\x00\xef\xe1\x1c\x02\x00\xef\xe1\x18\x02\x00\xef\xe1\x10\x02\x00\xef\xe1\x00\x02\x00\xef'
2020-07-10 03:15:30.140791, cycle count 1796, gpio values 1170700, 0, 0, 60259, status messages:  b'\xe1\x10\x01\x00\xef\xe1\x18\x01\x00\xef\xe1\x1c\x01\x00\xef\xe1\x1e\x01\x00\xef\xe1\x1f\x01\x00\xef\xe1\x1e\x02\x00\xef\xe1\x1c\x02\x00\xef\xe1\x18\x02\x00\xef\xe1\x10\x02\x00\xef\xe1\x00\x02\x00\xef'
2020-07-10 03:15:46.080994, cycle count 1797, gpio values 1171330, 0, 0, 60287, status messages:  b'\xe1\x10\x01\x00\xef\xe1\x18\x01\x00\xef\xe1\x1c\x01\x00\xef\xe1\x1e\x01\x00\xef\xe1\x1f\x01\x00\xef\xe1\x1e\x02\x00\xef\xe1\x1c\x02\x00\xef\xe1\x18\x02\x00\xef\xe1\x10\x02\x00\xef\xe1\x00\x02\x00\xef'
2020-07-10 03:16:01.762034, cycle count 1798, gpio values 1171925, 0, 0, 60323, status messages:  b'\xe1\x10\x01\x00\xef\xe1\x18\x01\x00\xef\xe1\x1c\x01\x00\xef\xe1\x1e\x01\x00\xef\xe1\x1f\x01\x00\xef\xe1\x1e\x02\x00\xef\xe1\x1c\x02\x00\xef\xe1\x18\x02\x00\xef\xe1\x10\x02\x00\xef\xe1\x00\x02\x00\xef'
2020-07-10 03:16:17.702173, cycle count 1799, gpio values 1172555, 0, 0, 60359, status messages:  b'\xe1\x10\x01\x00\xef\xe1\x18\x01\x00\xef\xe1\x1c\x01\x00\xef\xe1\x1e\x01\x00\xef\xe1\x1f\x01\x00\xef\xe1\x1e\x02\x00\xef\xe1\x1c\x02\x00\xef\xe1\x18\x02\x00\xef\xe1\x10\x02\x00\xef\xe1\x00\x02\x00\xef'
2020-07-10 03:16:33.383044, cycle count 1800, gpio values 1173150, 0, 0, 60395, status messages:  b'\xe1\x10\x01\x00\xef\xe1\x18\x01\x00\xef\xe1\x1c\x01\x00\xef\xe1\x1e\x01\x00\xef\xe1\x1f\x01\x00\xef\xe1\x1e\x02\x00\xef\xe1\x1c\x02\x00\xef\xe1\x18\x02\x00\xef\xe1\x10\x02\x00\xef\xe1\x00\x02\x00\xef'
2020-07-10 03:16:49.322871, cycle count 1801, gpio values 1173780, 0, 0, 60431, status messages:  b'\xe1\x10\x01\x00\xef\xe1\x18\x01\x00\xef\xe1\x1c\x01\x00\xef\xe1\x1e\x01\x00\xef\xe1\x1f\x01\x00\xef\xe1\x1e\x02\x00\xef\xe1\x1c\x02\x00\xef\xe1\x18\x02\x00\xef\xe1\x10\x02\x00\xef\xe1\x00\x02\x00\xef'
2020-07-10 03:17:05.004102, cycle count 1802, gpio values 1174375, 0, 0, 60467, status messages:  b'\xe1\x10\x01\x00\xef\xe1\x18\x01\x00\xef\xe1\x1c\x01\x00\xef\xe1\x1e\x01\x00\xef\xe1\x1f\x01\x00\xef\xe1\x1e\x02\x00\xef\xe1\x1c\x02\x00\xef\xe1\x18\x02\x00\xef\xe1\x10\x02\x00\xef\xe1\x00\x02\x00\xef'
2020-07-10 03:17:20.943961, cycle count 1803, gpio values 1175005, 0, 0, 60503, status messages:  b'\xe1\x10\x01\x00\xef\xe1\x18\x01\x00\xef\xe1\x1c\x01\x00\xef\xe1\x1e\x01\x00\xef\xe1\x1f\x01\x00\xef\xe1\x1e\x02\x00\xef\xe1\x1c\x02\x00\xef\xe1\x18\x02\x00\xef\xe1\x10\x02\x00\xef\xe1\x00\x02\x00\xef'
2020-07-10 03:17:36.884100, cycle count 1804, gpio values 1175635, 0, 0, 60539, status messages:  b'\xe1\x10\x01\x00\xef\xe1\x18\x01\x00\xef\xe1\x1c\x01\x00\xef\xe1\x1e\x01\x00\xef\xe1\x1f\x01\x00\xef\xe1\x1e\x02\x00\xef\xe1\x1c\x02\x00\xef\xe1\x18\x02\x00\xef\xe1\x10\x02\x00\xef\xe1\x00\x02\x00\xef'
2020-07-10 03:17:52.565991, cycle count 1805, gpio values 1176265, 0, 0, 60575, status messages:  b'\xe1\x10\x01\x00\xef\xe1\x18\x01\x00\xef\xe1\x1c\x01\x00\xef\xe1\x1e\x01\x00\xef\xe1\x1f\x01\x00\xef\xe1\x1e\x02\x00\xef\xe1\x1c\x02\x00\xef\xe1\x18\x02\x00\xef\xe1\x10\x02\x00\xef\xe1\x00\x02\x00\xef'
2020-07-10 03:18:08.506294, cycle count 1806, gpio values 1176931, 0, 0, 60611, status messages:  b'\xe1\x10\x01\x00\xef\xe1\x18\x01\x00\xef\xe1\x1c\x01\x00\xef\xe1\x1e\x01\x00\xef\xe1\x1f\x01\x00\xef\xe1\x1e\x02\x00\xef\xe1\x1c\x02\x00\xef\xe1\x18\x02\x00\xef\xe1\x10\x02\x00\xef\xe1\x00\x02\x00\xef'
2020-07-10 03:18:24.186578, cycle count 1807, gpio values 1177561, 0, 0, 60647, status messages:  b'\xe1\x10\x01\x00\xef\xe1\x18\x01\x00\xef\xe1\x1c\x01\x00\xef\xe1\x1e\x01\x00\xef\xe1\x1f\x01\x00\xef\xe1\x1e\x02\x00\xef\xe1\x1c\x02\x00\xef\xe1\x18\x02\x00\xef\xe1\x10\x02\x00\xef\xe1\x00\x02\x00\xef'
2020-07-10 03:18:40.127390, cycle count 1808, gpio values 1178227, 0, 0, 60683, status messages:  b'\xe1\x10\x01\x00\xef\xe1\x18\x01\x00\xef\xe1\x1c\x01\x00\xef\xe1\x1e\x01\x00\xef\xe1\x1f\x01\x00\xef\xe1\x1e\x02\x00\xef\xe1\x1c\x02\x00\xef\xe1\x18\x02\x00\xef\xe1\x10\x02\x00\xef\xe1\x00\x02\x00\xef'
2020-07-10 03:18:56.068040, cycle count 1809, gpio values 1178857, 0, 0, 60719, status messages:  b'\xe1\x10\x01\x00\xef\xe1\x18\x01\x00\xef\xe1\x1c\x01\x00\xef\xe1\x1e\x01\x00\xef\xe1\x1f\x01\x00\xef\xe1\x1e\x02\x00\xef\xe1\x1c\x02\x00\xef\xe1\x18\x02\x00\xef\xe1\x10\x02\x00\xef\xe1\x00\x02\x00\xef'
2020-07-10 03:19:11.749188, cycle count 1810, gpio values 1179452, 0, 0, 60747, status messages:  b'\xe1\x10\x01\x00\xef\xe1\x18\x01\x00\xef\xe1\x1c\x01\x00\xef\xe1\x1e\x01\x00\xef\xe1\x1f\x01\x00\xef\xe1\x1e\x02\x00\xef\xe1\x1c\x02\x00\xef\xe1\x18\x02\x00\xef\xe1\x10\x02\x00\xef\xe1\x00\x02\x00\xef'
2020-07-10 03:19:27.689325, cycle count 1811, gpio values 1180082, 0, 0, 60783, status messages:  b'\xe1\x10\x01\x00\xef\xe1\x18\x01\x00\xef\xe1\x1c\x01\x00\xef\xe1\x1e\x01\x00\xef\xe1\x1f\x01\x00\xef\xe1\x1e\x02\x00\xef\xe1\x1c\x02\x00\xef\xe1\x18\x02\x00\xef\xe1\x10\x02\x00\xef\xe1\x00\x02\x00\xef'
2020-07-10 03:19:43.370046, cycle count 1812, gpio values 1180677, 0, 0, 60819, status messages:  b'\xe1\x10\x01\x00\xef\xe1\x18\x01\x00\xef\xe1\x1c\x01\x00\xef\xe1\x1e\x01\x00\xef\xe1\x1f\x01\x00\xef\xe1\x1e\x02\x00\xef\xe1\x1c\x02\x00\xef\xe1\x18\x02\x00\xef\xe1\x10\x02\x00\xef\xe1\x00\x02\x00\xef'
2020-07-10 03:19:59.309723, cycle count 1813, gpio values 1181307, 0, 0, 60855, status messages:  b'\xe1\x10\x01\x00\xef\xe1\x18\x01\x00\xef\xe1\x1c\x01\x00\xef\xe1\x1e\x01\x00\xef\xe1\x1f\x01\x00\xef\xe1\x1e\x02\x00\xef\xe1\x1c\x02\x00\xef\xe1\x18\x02\x00\xef\xe1\x10\x02\x00\xef\xe1\x00\x02\x00\xef'
2020-07-10 03:20:15.249700, cycle count 1814, gpio values 1181937, 0, 0, 60891, status messages:  b'\xe1\x10\x01\x00\xef\xe1\x18\x01\x00\xef\xe1\x1c\x01\x00\xef\xe1\x1e\x01\x00\xef\xe1\x1f\x01\x00\xef\xe1\x1e\x02\x00\xef\xe1\x1c\x02\x00\xef\xe1\x18\x02\x00\xef\xe1\x10\x02\x00\xef\xe1\x00\x02\x00\xef'
2020-07-10 03:20:30.980129, cycle count 1815, gpio values 1182532, 0, 0, 60927, status messages:  b'\xe1\x10\x01\x00\xef\xe1\x18\x01\x00\xef\xe1\x1c\x01\x00\xef\xe1\x1e\x01\x00\xef\xe1\x1f\x01\x00\xef\xe1\x1e\x02\x00\xef\xe1\x1c\x02\x00\xef\xe1\x18\x02\x00\xef\xe1\x10\x02\x00\xef\xe1\x00\x02\x00\xef'
2020-07-10 03:20:46.660384, cycle count 1816, gpio values 1183127, 0, 0, 60963, status messages:  b'\xe1\x10\x01\x00\xef\xe1\x18\x01\x00\xef\xe1\x1c\x01\x00\xef\xe1\x1e\x01\x00\xef\xe1\x1f\x01\x00\xef\xe1\x1e\x02\x00\xef\xe1\x1c\x02\x00\xef\xe1\x18\x02\x00\xef\xe1\x10\x02\x00\xef\xe1\x00\x02\x00\xef'
2020-07-10 03:21:02.600486, cycle count 1817, gpio values 1183757, 0, 0, 60999, status messages:  b'\xe1\x10\x01\x00\xef\xe1\x18\x01\x00\xef\xe1\x1c\x01\x00\xef\xe1\x1e\x01\x00\xef\xe1\x1f\x01\x00\xef\xe1\x1e\x02\x00\xef\xe1\x1c\x02\x00\xef\xe1\x18\x02\x00\xef\xe1\x10\x02\x00\xef\xe1\x00\x02\x00\xef'
2020-07-10 03:21:18.540775, cycle count 1818, gpio values 1184387, 0, 0, 61035, status messages:  b'\xe1\x10\x01\x00\xef\xe1\x18\x01\x00\xef\xe1\x1c\x01\x00\xef\xe1\x1e\x01\x00\xef\xe1\x1f\x01\x00\xef\xe1\x1e\x02\x00\xef\xe1\x1c\x02\x00\xef\xe1\x18\x02\x00\xef\xe1\x10\x02\x00\xef\xe1\x00\x02\x00\xef'
2020-07-10 03:21:34.237264, cycle count 1819, gpio values 1184982, 0, 0, 61071, status messages:  b'\xe1\x10\x01\x00\xef\xe1\x18\x01\x00\xef\xe1\x1c\x01\x00\xef\xe1\x1e\x01\x00\xef\xe1\x1f\x01\x00\xef\xe1\x1e\x02\x00\xef\xe1\x1c\x02\x00\xef\xe1\x18\x02\x00\xef\xe1\x10\x02\x00\xef\xe1\x00\x02\x00\xef'
2020-07-10 03:21:50.176777, cycle count 1820, gpio values 1185612, 0, 0, 61107, status messages:  b'\xe1\x10\x01\x00\xef\xe1\x18\x01\x00\xef\xe1\x1c\x01\x00\xef\xe1\x1e\x01\x00\xef\xe1\x1f\x01\x00\xef\xe1\x1e\x02\x00\xef\xe1\x1c\x02\x00\xef\xe1\x18\x02\x00\xef\xe1\x10\x02\x00\xef\xe1\x00\x02\x00\xef'
2020-07-10 03:22:05.857675, cycle count 1821, gpio values 1186207, 0, 0, 61143, status messages:  b'\xe1\x10\x01\x00\xef\xe1\x18\x01\x00\xef\xe1\x1c\x01\x00\xef\xe1\x1e\x01\x00\xef\xe1\x1f\x01\x00\xef\xe1\x1e\x02\x00\xef\xe1\x1c\x02\x00\xef\xe1\x18\x02\x00\xef\xe1\x10\x02\x00\xef\xe1\x00\x02\x00\xef'
2020-07-10 03:22:21.815081, cycle count 1822, gpio values 1186837, 0, 0, 61179, status messages:  b'\xe1\x10\x01\x00\xef\xe1\x18\x01\x00\xef\xe1\x1c\x01\x00\xef\xe1\x1e\x01\x00\xef\xe1\x1f\x01\x00\xef\xe1\x1e\x02\x00\xef\xe1\x1c\x02\x00\xef\xe1\x18\x02\x00\xef\xe1\x10\x02\x00\xef\xe1\x00\x02\x00\xef'
2020-07-10 03:22:38.063323, cycle count 1823, gpio values 1187467, 0, 0, 61215, status messages:  b'\xe1\x10\x01\x00\xef\xe1\x18\x01\x00\xef\xe1\x1c\x01\x00\xef\xe1\x1e\x01\x00\xef\xe1\x1f\x01\x00\xef\xe1\x1e\x02\x00\xef\xe1\x1c\x02\x00\xef\xe1\x18\x02\x00\xef\xe1\x10\x02\x00\xef\xe1\x00\x02\x00\xef'
2020-07-10 03:22:54.019615, cycle count 1824, gpio values 1188062, 0, 0, 61251, status messages:  b'\xe1\x10\x01\x00\xef\xe1\x18\x01\x00\xef\xe1\x1c\x01\x00\xef\xe1\x1e\x01\x00\xef\xe1\x1f\x01\x00\xef\xe1\x1e\x02\x00\xef\xe1\x1c\x02\x00\xef\xe1\x18\x02\x00\xef\xe1\x10\x02\x00\xef\xe1\x00\x02\x00\xef'
2020-07-10 03:23:09.700308, cycle count 1825, gpio values 1188657, 0, 0, 61287, status messages:  b'\xe1\x10\x01\x00\xef\xe1\x18\x01\x00\xef\xe1\x1c\x01\x00\xef\xe1\x1e\x01\x00\xef\xe1\x1f\x01\x00\xef\xe1\x1e\x02\x00\xef\xe1\x1c\x02\x00\xef\xe1\x18\x02\x00\xef\xe1\x10\x02\x00\xef\xe1\x00\x02\x00\xef'
2020-07-10 03:23:25.430325, cycle count 1826, gpio values 1189252, 0, 0, 61315, status messages:  b'\xe1\x10\x01\x00\xef\xe1\x18\x01\x00\xef\xe1\x1c\x01\x00\xef\xe1\x1e\x01\x00\xef\xe1\x1f\x01\x00\xef\xe1\x1e\x02\x00\xef\xe1\x1c\x02\x00\xef\xe1\x18\x02\x00\xef\xe1\x10\x02\x00\xef\xe1\x00\x02\x00\xef'
2020-07-10 03:23:41.370824, cycle count 1827, gpio values 1189847, 0, 0, 61351, status messages:  b'\xe1\x10\x01\x00\xef\xe1\x18\x01\x00\xef\xe1\x1c\x01\x00\xef\xe1\x1e\x01\x00\xef\xe1\x1f\x01\x00\xef\xe1\x1e\x02\x00\xef\xe1\x1c\x02\x00\xef\xe1\x18\x02\x00\xef\xe1\x10\x02\x00\xef\xe1\x00\x02\x00\xef'
2020-07-10 03:23:57.051257, cycle count 1828, gpio values 1190442, 0, 0, 61387, status messages:  b'\xe1\x10\x01\x00\xef\xe1\x18\x01\x00\xef\xe1\x1c\x01\x00\xef\xe1\x1e\x01\x00\xef\xe1\x1f\x01\x00\xef\xe1\x1e\x02\x00\xef\xe1\x1c\x02\x00\xef\xe1\x18\x02\x00\xef\xe1\x10\x02\x00\xef\xe1\x00\x02\x00\xef'
2020-07-10 03:24:12.733382, cycle count 1829, gpio values 1191037, 0, 0, 61423, status messages:  b'\xe1\x10\x01\x00\xef\xe1\x18\x01\x00\xef\xe1\x1c\x01\x00\xef\xe1\x1e\x01\x00\xef\xe1\x1f\x01\x00\xef\xe1\x1e\x02\x00\xef\xe1\x1c\x02\x00\xef\xe1\x18\x02\x00\xef\xe1\x10\x02\x00\xef\xe1\x00\x02\x00\xef'
2020-07-10 03:24:28.672137, cycle count 1830, gpio values 1191667, 0, 0, 61459, status messages:  b'\xe1\x10\x01\x00\xef\xe1\x18\x01\x00\xef\xe1\x1c\x01\x00\xef\xe1\x1e\x01\x00\xef\xe1\x1f\x01\x00\xef\xe1\x1e\x02\x00\xef\xe1\x1c\x02\x00\xef\xe1\x18\x02\x00\xef\xe1\x10\x02\x00\xef\xe1\x00\x02\x00\xef'
2020-07-10 03:24:44.612912, cycle count 1831, gpio values 1192297, 0, 0, 61495, status messages:  b'\xe1\x10\x01\x00\xef\xe1\x18\x01\x00\xef\xe1\x1c\x01\x00\xef\xe1\x1e\x01\x00\xef\xe1\x1f\x01\x00\xef\xe1\x1e\x02\x00\xef\xe1\x1c\x02\x00\xef\xe1\x18\x02\x00\xef\xe1\x10\x02\x00\xef\xe1\x00\x02\x00\xef'
2020-07-10 03:25:00.553874, cycle count 1832, gpio values 1192927, 0, 0, 61531, status messages:  b'\xe1\x10\x01\x00\xef\xe1\x18\x01\x00\xef\xe1\x1c\x01\x00\xef\xe1\x1e\x01\x00\xef\xe1\x1f\x01\x00\xef\xe1\x1e\x02\x00\xef\xe1\x1c\x02\x00\xef\xe1\x18\x02\x00\xef\xe1\x10\x02\x00\xef\xe1\x00\x02\x00\xef'
2020-07-10 03:25:16.234368, cycle count 1833, gpio values 1193522, 0, 0, 61567, status messages:  b'\xe1\x10\x01\x00\xef\xe1\x18\x01\x00\xef\xe1\x1c\x01\x00\xef\xe1\x1e\x01\x00\xef\xe1\x1f\x01\x00\xef\xe1\x1e\x02\x00\xef\xe1\x1c\x02\x00\xef\xe1\x18\x02\x00\xef\xe1\x10\x02\x00\xef\xe1\x00\x02\x00\xef'
2020-07-10 03:25:32.174576, cycle count 1834, gpio values 1194152, 0, 0, 61603, status messages:  b'\xe1\x10\x01\x00\xef\xe1\x18\x01\x00\xef\xe1\x1c\x01\x00\xef\xe1\x1e\x01\x00\xef\xe1\x1f\x01\x00\xef\xe1\x1e\x02\x00\xef\xe1\x1c\x02\x00\xef\xe1\x18\x02\x00\xef\xe1\x10\x02\x00\xef\xe1\x00\x02\x00\xef'
2020-07-10 03:25:47.856530, cycle count 1835, gpio values 1194747, 0, 0, 61631, status messages:  b'\xe1\x10\x01\x00\xef\xe1\x18\x01\x00\xef\xe1\x1c\x01\x00\xef\xe1\x1e\x01\x00\xef\xe1\x1f\x01\x00\xef\xe1\x1e\x02\x00\xef\xe1\x1c\x02\x00\xef\xe1\x18\x02\x00\xef\xe1\x10\x02\x00\xef\xe1\x00\x02\x00\xef'
2020-07-10 03:26:03.796925, cycle count 1836, gpio values 1195377, 0, 0, 61667, status messages:  b'\xe1\x10\x01\x00\xef\xe1\x18\x01\x00\xef\xe1\x1c\x01\x00\xef\xe1\x1e\x01\x00\xef\xe1\x1f\x01\x00\xef\xe1\x1e\x02\x00\xef\xe1\x1c\x02\x00\xef\xe1\x18\x02\x00\xef\xe1\x10\x02\x00\xef\xe1\x00\x02\x00\xef'
2020-07-10 03:26:19.477268, cycle count 1837, gpio values 1195972, 0, 0, 61695, status messages:  b'\xe1\x10\x01\x00\xef\xe1\x18\x01\x00\xef\xe1\x1c\x01\x00\xef\xe1\x1e\x01\x00\xef\xe1\x1f\x01\x00\xef\xe1\x1e\x02\x00\xef\xe1\x1c\x02\x00\xef\xe1\x18\x02\x00\xef\xe1\x10\x02\x00\xef\xe1\x00\x02\x00\xef'
2020-07-10 03:26:35.417310, cycle count 1838, gpio values 1196602, 0, 0, 61723, status messages:  b'\xe1\x10\x01\x00\xef\xe1\x18\x01\x00\xef\xe1\x1c\x01\x00\xef\xe1\x1e\x01\x00\xef\xe1\x1f\x01\x00\xef\xe1\x1e\x02\x00\xef\xe1\x1c\x02\x00\xef\xe1\x18\x02\x00\xef\xe1\x10\x02\x00\xef\xe1\x00\x02\x00\xef'
2020-07-10 03:26:51.357730, cycle count 1839, gpio values 1197197, 0, 0, 61768, status messages:  b'\xe1\x10\x01\x00\xef\xe1\x18\x01\x00\xef\xe1\x1c\x01\x00\xef\xe1\x1e\x01\x00\xef\xe1\x1f\x01\x00\xef\xe1\x1e\x02\x00\xef\xe1\x1c\x02\x00\xef\xe1\x18\x02\x00\xef\xe1\x10\x02\x00\xef\xe1\x00\x02\x00\xef'
2020-07-10 03:27:07.039177, cycle count 1840, gpio values 1197792, 0, 0, 61796, status messages:  b'\xe1\x10\x01\x00\xef\xe1\x18\x01\x00\xef\xe1\x1c\x01\x00\xef\xe1\x1e\x01\x00\xef\xe1\x1f\x01\x00\xef\xe1\x1e\x02\x00\xef\xe1\x1c\x02\x00\xef\xe1\x18\x02\x00\xef\xe1\x10\x02\x00\xef\xe1\x00\x02\x00\xef'
2020-07-10 03:27:22.978921, cycle count 1841, gpio values 1198422, 0, 0, 61832, status messages:  b'\xe1\x10\x01\x00\xef\xe1\x18\x01\x00\xef\xe1\x1c\x01\x00\xef\xe1\x1e\x01\x00\xef\xe1\x1f\x01\x00\xef\xe1\x1e\x02\x00\xef\xe1\x1c\x02\x00\xef\xe1\x18\x02\x00\xef\xe1\x10\x02\x00\xef\xe1\x00\x02\x00\xef'
2020-07-10 03:27:38.919974, cycle count 1842, gpio values 1199052, 0, 0, 61868, status messages:  b'\xe1\x10\x01\x00\xef\xe1\x18\x01\x00\xef\xe1\x1c\x01\x00\xef\xe1\x1e\x01\x00\xef\xe1\x1f\x01\x00\xef\xe1\x1e\x02\x00\xef\xe1\x1c\x02\x00\xef\xe1\x18\x02\x00\xef\xe1\x10\x02\x00\xef\xe1\x00\x02\x00\xef'
2020-07-10 03:27:54.599831, cycle count 1843, gpio values 1199647, 0, 0, 61896, status messages:  b'\xe1\x10\x01\x00\xef\xe1\x18\x01\x00\xef\xe1\x1c\x01\x00\xef\xe1\x1e\x01\x00\xef\xe1\x1f\x01\x00\xef\xe1\x1e\x02\x00\xef\xe1\x1c\x02\x00\xef\xe1\x18\x02\x00\xef\xe1\x10\x02\x00\xef\xe1\x00\x02\x00\xef'
2020-07-10 03:28:10.540468, cycle count 1844, gpio values 1200277, 0, 0, 61932, status messages:  b'\xe1\x10\x01\x00\xef\xe1\x18\x01\x00\xef\xe1\x1c\x01\x00\xef\xe1\x1e\x01\x00\xef\xe1\x1f\x01\x00\xef\xe1\x1e\x02\x00\xef\xe1\x1c\x02\x00\xef\xe1\x18\x02\x00\xef\xe1\x10\x02\x00\xef\xe1\x00\x02\x00\xef'
2020-07-10 03:28:26.269953, cycle count 1845, gpio values 1200872, 0, 0, 61968, status messages:  b'\xe1\x10\x01\x00\xef\xe1\x18\x01\x00\xef\xe1\x1c\x01\x00\xef\xe1\x1e\x01\x00\xef\xe1\x1f\x01\x00\xef\xe1\x1e\x02\x00\xef\xe1\x1c\x02\x00\xef\xe1\x18\x02\x00\xef\xe1\x10\x02\x00\xef\xe1\x00\x02\x00\xef'
2020-07-10 03:28:42.210443, cycle count 1846, gpio values 1201502, 0, 0, 62004, status messages:  b'\xe1\x10\x01\x00\xef\xe1\x18\x01\x00\xef\xe1\x1c\x01\x00\xef\xe1\x1e\x01\x00\xef\xe1\x1f\x01\x00\xef\xe1\x1e\x02\x00\xef\xe1\x1c\x02\x00\xef\xe1\x18\x02\x00\xef\xe1\x10\x02\x00\xef\xe1\x00\x02\x00\xef'
2020-07-10 03:28:57.891509, cycle count 1847, gpio values 1202097, 0, 0, 62040, status messages:  b'\xe1\x10\x01\x00\xef\xe1\x18\x01\x00\xef\xe1\x1c\x01\x00\xef\xe1\x1e\x01\x00\xef\xe1\x1f\x01\x00\xef\xe1\x1e\x02\x00\xef\xe1\x1c\x02\x00\xef\xe1\x18\x02\x00\xef\xe1\x10\x02\x00\xef\xe1\x00\x02\x00\xef'
2020-07-10 03:29:13.620698, cycle count 1848, gpio values 1202727, 0, 0, 62076, status messages:  b'\xe1\x10\x01\x00\xef\xe1\x18\x01\x00\xef\xe1\x1c\x01\x00\xef\xe1\x1e\x01\x00\xef\xe1\x1f\x01\x00\xef\xe1\x1e\x02\x00\xef\xe1\x1c\x02\x00\xef\xe1\x18\x02\x00\xef\xe1\x10\x02\x00\xef\xe1\x00\x02\x00\xef'
2020-07-10 03:29:29.302636, cycle count 1849, gpio values 1203357, 0, 0, 62112, status messages:  b'\xe1\x10\x01\x00\xef\xe1\x18\x01\x00\xef\xe1\x1c\x01\x00\xef\xe1\x1e\x01\x00\xef\xe1\x1f\x01\x00\xef\xe1\x1e\x02\x00\xef\xe1\x1c\x02\x00\xef\xe1\x18\x02\x00\xef\xe1\x10\x02\x00\xef\xe1\x00\x02\x00\xef'
2020-07-10 03:29:45.242381, cycle count 1850, gpio values 1203987, 0, 0, 62148, status messages:  b'\xe1\x10\x01\x00\xef\xe1\x18\x01\x00\xef\xe1\x1c\x01\x00\xef\xe1\x1e\x01\x00\xef\xe1\x1f\x01\x00\xef\xe1\x1e\x02\x00\xef\xe1\x1c\x02\x00\xef\xe1\x18\x02\x00\xef\xe1\x10\x02\x00\xef\xe1\x00\x02\x00\xef'
2020-07-10 03:30:00.939652, cycle count 1851, gpio values 1204617, 0, 0, 62184, status messages:  b'\xe1\x10\x01\x00\xef\xe1\x18\x01\x00\xef\xe1\x1c\x01\x00\xef\xe1\x1e\x01\x00\xef\xe1\x1f\x01\x00\xef\xe1\x1e\x02\x00\xef\xe1\x1c\x02\x00\xef\xe1\x18\x02\x00\xef\xe1\x10\x02\x00\xef\xe1\x00\x02\x00\xef'
2020-07-10 03:30:16.619632, cycle count 1852, gpio values 1205247, 0, 0, 62220, status messages:  b'\xe1\x10\x01\x00\xef\xe1\x18\x01\x00\xef\xe1\x1c\x01\x00\xef\xe1\x1e\x01\x00\xef\xe1\x1f\x01\x00\xef\xe1\x1e\x02\x00\xef\xe1\x1c\x02\x00\xef\xe1\x18\x02\x00\xef\xe1\x10\x02\x00\xef\xe1\x00\x02\x00\xef'
2020-07-10 03:30:32.041879, cycle count 1853, gpio values 1205877, 0, 0, 62248, status messages:  b'\xe1\x10\x01\x00\xef\xe1\x18\x01\x00\xef\xe1\x1c\x01\x00\xef\xe1\x1e\x01\x00\xef\xe1\x1f\x01\x00\xef\xe1\x1e\x02\x00\xef\xe1\x1c\x02\x00\xef\xe1\x18\x02\x00\xef\xe1\x10\x02\x00\xef\xe1\x00\x02\x00\xef'
2020-07-10 03:30:47.722406, cycle count 1854, gpio values 1206507, 0, 0, 62284, status messages:  b'\xe1\x10\x01\x00\xef\xe1\x18\x01\x00\xef\xe1\x1c\x01\x00\xef\xe1\x1e\x01\x00\xef\xe1\x1f\x01\x00\xef\xe1\x1e\x02\x00\xef\xe1\x1c\x02\x00\xef\xe1\x18\x02\x00\xef\xe1\x10\x02\x00\xef\xe1\x00\x02\x00\xef'
2020-07-10 03:31:03.403579, cycle count 1855, gpio values 1207137, 0, 0, 62320, status messages:  b'\xe1\x10\x01\x00\xef\xe1\x18\x01\x00\xef\xe1\x1c\x01\x00\xef\xe1\x1e\x01\x00\xef\xe1\x1f\x01\x00\xef\xe1\x1e\x02\x00\xef\xe1\x1c\x02\x00\xef\xe1\x18\x02\x00\xef\xe1\x10\x02\x00\xef\xe1\x00\x02\x00\xef'
2020-07-10 03:31:19.100687, cycle count 1856, gpio values 1207732, 0, 0, 62356, status messages:  b'\xe1\x10\x01\x00\xef\xe1\x18\x01\x00\xef\xe1\x1c\x01\x00\xef\xe1\x1e\x01\x00\xef\xe1\x1f\x01\x00\xef\xe1\x1e\x02\x00\xef\xe1\x1c\x02\x00\xef\xe1\x18\x02\x00\xef\xe1\x10\x02\x00\xef\xe1\x00\x02\x00\xef'
2020-07-10 03:31:34.781095, cycle count 1857, gpio values 1208362, 0, 0, 62392, status messages:  b'\xe1\x10\x01\x00\xef\xe1\x18\x01\x00\xef\xe1\x1c\x01\x00\xef\xe1\x1e\x01\x00\xef\xe1\x1f\x01\x00\xef\xe1\x1e\x02\x00\xef\xe1\x1c\x02\x00\xef\xe1\x18\x02\x00\xef\xe1\x10\x02\x00\xef\xe1\x00\x02\x00\xef'
2020-07-10 03:31:50.738711, cycle count 1858, gpio values 1209028, 0, 0, 62428, status messages:  b'\xe1\x10\x01\x00\xef\xe1\x18\x01\x00\xef\xe1\x1c\x01\x00\xef\xe1\x1e\x01\x00\xef\xe1\x1f\x01\x00\xef\xe1\x1e\x02\x00\xef\xe1\x1c\x02\x00\xef\xe1\x18\x02\x00\xef\xe1\x10\x02\x00\xef\xe1\x00\x02\x00\xef'
2020-07-10 03:32:06.436388, cycle count 1859, gpio values 1209623, 0, 0, 62464, status messages:  b'\xe1\x10\x01\x00\xef\xe1\x18\x01\x00\xef\xe1\x1c\x01\x00\xef\xe1\x1e\x01\x00\xef\xe1\x1f\x01\x00\xef\xe1\x1e\x02\x00\xef\xe1\x1c\x02\x00\xef\xe1\x18\x02\x00\xef\xe1\x10\x02\x00\xef\xe1\x00\x02\x00\xef'
2020-07-10 03:32:22.116614, cycle count 1860, gpio values 1210253, 0, 0, 62500, status messages:  b'\xe1\x10\x01\x00\xef\xe1\x18\x01\x00\xef\xe1\x1c\x01\x00\xef\xe1\x1e\x01\x00\xef\xe1\x1f\x01\x00\xef\xe1\x1e\x02\x00\xef\xe1\x1c\x02\x00\xef\xe1\x18\x02\x00\xef\xe1\x10\x02\x00\xef\xe1\x00\x02\x00\xef'
2020-07-10 03:32:37.814470, cycle count 1861, gpio values 1210883, 0, 0, 62536, status messages:  b'\xe1\x10\x01\x00\xef\xe1\x18\x01\x00\xef\xe1\x1c\x01\x00\xef\xe1\x1e\x01\x00\xef\xe1\x1f\x01\x00\xef\xe1\x1e\x02\x00\xef\xe1\x1c\x02\x00\xef\xe1\x18\x02\x00\xef\xe1\x10\x02\x00\xef\xe1\x00\x02\x00\xef'
2020-07-10 03:32:53.494331, cycle count 1862, gpio values 1211513, 0, 0, 62572, status messages:  b'\xe1\x10\x01\x00\xef\xe1\x18\x01\x00\xef\xe1\x1c\x01\x00\xef\xe1\x1e\x01\x00\xef\xe1\x1f\x01\x00\xef\xe1\x1e\x02\x00\xef\xe1\x1c\x02\x00\xef\xe1\x18\x02\x00\xef\xe1\x10\x02\x00\xef\xe1\x00\x02\x00\xef'
2020-07-10 03:33:09.175560, cycle count 1863, gpio values 1212143, 0, 0, 62608, status messages:  b'\xe1\x10\x01\x00\xef\xe1\x18\x01\x00\xef\xe1\x1c\x01\x00\xef\xe1\x1e\x01\x00\xef\xe1\x1f\x01\x00\xef\xe1\x1e\x02\x00\xef\xe1\x1c\x02\x00\xef\xe1\x18\x02\x00\xef\xe1\x10\x02\x00\xef\xe1\x00\x02\x00\xef'
2020-07-10 03:33:24.856561, cycle count 1864, gpio values 1212738, 0, 0, 62644, status messages:  b'\xe1\x10\x01\x00\xef\xe1\x18\x01\x00\xef\xe1\x1c\x01\x00\xef\xe1\x1e\x01\x00\xef\xe1\x1f\x01\x00\xef\xe1\x1e\x02\x00\xef\xe1\x1c\x02\x00\xef\xe1\x18\x02\x00\xef\xe1\x10\x02\x00\xef\xe1\x00\x02\x00\xef'
2020-07-10 03:33:40.278468, cycle count 1865, gpio values 1213333, 0, 0, 62672, status messages:  b'\xe1\x10\x01\x00\xef\xe1\x18\x01\x00\xef\xe1\x1c\x01\x00\xef\xe1\x1e\x01\x00\xef\xe1\x1f\x01\x00\xef\xe1\x1e\x02\x00\xef\xe1\x1c\x02\x00\xef\xe1\x18\x02\x00\xef\xe1\x10\x02\x00\xef\xe1\x00\x02\x00\xef'
2020-07-10 03:33:55.960542, cycle count 1866, gpio values 1213963, 0, 0, 62708, status messages:  b'\xe1\x10\x01\x00\xef\xe1\x18\x01\x00\xef\xe1\x1c\x01\x00\xef\xe1\x1e\x01\x00\xef\xe1\x1f\x01\x00\xef\xe1\x1e\x02\x00\xef\xe1\x1c\x02\x00\xef\xe1\x18\x02\x00\xef\xe1\x10\x02\x00\xef\xe1\x00\x02\x00\xef'
2020-07-10 03:34:11.641251, cycle count 1867, gpio values 1214593, 0, 0, 62744, status messages:  b'\xe1\x10\x01\x00\xef\xe1\x18\x01\x00\xef\xe1\x1c\x01\x00\xef\xe1\x1e\x01\x00\xef\xe1\x1f\x01\x00\xef\xe1\x1e\x02\x00\xef\xe1\x1c\x02\x00\xef\xe1\x18\x02\x00\xef\xe1\x10\x02\x00\xef\xe1\x00\x02\x00\xef'
2020-07-10 03:34:27.322698, cycle count 1868, gpio values 1215188, 0, 0, 62780, status messages:  b'\xe1\x10\x01\x00\xef\xe1\x18\x01\x00\xef\xe1\x1c\x01\x00\xef\xe1\x1e\x01\x00\xef\xe1\x1f\x01\x00\xef\xe1\x1e\x02\x00\xef\xe1\x1c\x02\x00\xef\xe1\x18\x02\x00\xef\xe1\x10\x02\x00\xef\xe1\x00\x02\x00\xef'
2020-07-10 03:34:43.003003, cycle count 1869, gpio values 1215818, 0, 0, 62816, status messages:  b'\xe1\x10\x01\x00\xef\xe1\x18\x01\x00\xef\xe1\x1c\x01\x00\xef\xe1\x1e\x01\x00\xef\xe1\x1f\x01\x00\xef\xe1\x1e\x02\x00\xef\xe1\x1c\x02\x00\xef\xe1\x18\x02\x00\xef\xe1\x10\x02\x00\xef\xe1\x00\x02\x00\xef'
2020-07-10 03:34:58.685007, cycle count 1870, gpio values 1216413, 0, 0, 62852, status messages:  b'\xe1\x10\x01\x00\xef\xe1\x18\x01\x00\xef\xe1\x1c\x01\x00\xef\xe1\x1e\x01\x00\xef\xe1\x1f\x01\x00\xef\xe1\x1e\x02\x00\xef\xe1\x1c\x02\x00\xef\xe1\x18\x02\x00\xef\xe1\x10\x02\x00\xef\xe1\x00\x02\x00\xef'
2020-07-10 03:35:14.365869, cycle count 1871, gpio values 1217043, 0, 0, 62888, status messages:  b'\xe1\x10\x01\x00\xef\xe1\x18\x01\x00\xef\xe1\x1c\x01\x00\xef\xe1\x1e\x01\x00\xef\xe1\x1f\x01\x00\xef\xe1\x1e\x02\x00\xef\xe1\x1c\x02\x00\xef\xe1\x18\x02\x00\xef\xe1\x10\x02\x00\xef\xe1\x00\x02\x00\xef'
2020-07-10 03:35:30.045731, cycle count 1872, gpio values 1217638, 0, 0, 62924, status messages:  b'\xe1\x10\x01\x00\xef\xe1\x18\x01\x00\xef\xe1\x1c\x01\x00\xef\xe1\x1e\x01\x00\xef\xe1\x1f\x01\x00\xef\xe1\x1e\x02\x00\xef\xe1\x1c\x02\x00\xef\xe1\x18\x02\x00\xef\xe1\x10\x02\x00\xef\xe1\x00\x02\x00\xef'
2020-07-10 03:35:45.742876, cycle count 1873, gpio values 1218233, 0, 0, 62960, status messages:  b'\xe1\x10\x01\x00\xef\xe1\x18\x01\x00\xef\xe1\x1c\x01\x00\xef\xe1\x1e\x01\x00\xef\xe1\x1f\x01\x00\xef\xe1\x1e\x02\x00\xef\xe1\x1c\x02\x00\xef\xe1\x18\x02\x00\xef\xe1\x10\x02\x00\xef\xe1\x00\x02\x00\xef'
2020-07-10 03:36:01.440219, cycle count 1874, gpio values 1218863, 0, 0, 62996, status messages:  b'\xe1\x10\x01\x00\xef\xe1\x18\x01\x00\xef\xe1\x1c\x01\x00\xef\xe1\x1e\x01\x00\xef\xe1\x1f\x01\x00\xef\xe1\x1e\x02\x00\xef\xe1\x1c\x02\x00\xef\xe1\x18\x02\x00\xef\xe1\x10\x02\x00\xef\xe1\x00\x02\x00\xef'
2020-07-10 03:36:17.121258, cycle count 1875, gpio values 1219493, 0, 0, 63032, status messages:  b'\xe1\x10\x01\x00\xef\xe1\x18\x01\x00\xef\xe1\x1c\x01\x00\xef\xe1\x1e\x01\x00\xef\xe1\x1f\x01\x00\xef\xe1\x1e\x02\x00\xef\xe1\x1c\x02\x00\xef\xe1\x18\x02\x00\xef\xe1\x10\x02\x00\xef\xe1\x00\x02\x00\xef'
2020-07-10 03:36:32.801284, cycle count 1876, gpio values 1220123, 0, 0, 63068, status messages:  b'\xe1\x10\x01\x00\xef\xe1\x18\x01\x00\xef\xe1\x1c\x01\x00\xef\xe1\x1e\x01\x00\xef\xe1\x1f\x01\x00\xef\xe1\x1e\x02\x00\xef\xe1\x1c\x02\x00\xef\xe1\x18\x02\x00\xef\xe1\x10\x02\x00\xef\xe1\x00\x02\x00\xef'
2020-07-10 03:36:48.483032, cycle count 1877, gpio values 1220718, 0, 0, 63104, status messages:  b'\xe1\x10\x01\x00\xef\xe1\x18\x01\x00\xef\xe1\x1c\x01\x00\xef\xe1\x1e\x01\x00\xef\xe1\x1f\x01\x00\xef\xe1\x1e\x02\x00\xef\xe1\x1c\x02\x00\xef\xe1\x18\x02\x00\xef\xe1\x10\x02\x00\xef\xe1\x00\x02\x00\xef'
2020-07-10 03:37:04.197276, cycle count 1878, gpio values 1221348, 0, 0, 63140, status messages:  b'\xe1\x10\x01\x00\xef\xe1\x18\x01\x00\xef\xe1\x1c\x01\x00\xef\xe1\x1e\x01\x00\xef\xe1\x1f\x01\x00\xef\xe1\x1e\x02\x00\xef\xe1\x1c\x02\x00\xef\xe1\x18\x02\x00\xef\xe1\x10\x02\x00\xef\xe1\x00\x02\x00\xef'
2020-07-10 03:37:20.137645, cycle count 1879, gpio values 1222014, 0, 0, 63176, status messages:  b'\xe1\x10\x01\x00\xef\xe1\x18\x01\x00\xef\xe1\x1c\x01\x00\xef\xe1\x1e\x01\x00\xef\xe1\x1f\x01\x00\xef\xe1\x1e\x02\x00\xef\xe1\x1c\x02\x00\xef\xe1\x18\x02\x00\xef\xe1\x10\x02\x00\xef\xe1\x00\x02\x00\xef'
2020-07-10 03:37:35.818026, cycle count 1880, gpio values 1222609, 0, 0, 63212, status messages:  b'\xe1\x10\x01\x00\xef\xe1\x18\x01\x00\xef\xe1\x1c\x01\x00\xef\xe1\x1e\x01\x00\xef\xe1\x1f\x01\x00\xef\xe1\x1e\x02\x00\xef\xe1\x1c\x02\x00\xef\xe1\x18\x02\x00\xef\xe1\x10\x02\x00\xef\xe1\x00\x02\x00\xef'
2020-07-10 03:37:51.499240, cycle count 1881, gpio values 1223239, 0, 0, 63248, status messages:  b'\xe1\x10\x01\x00\xef\xe1\x18\x01\x00\xef\xe1\x1c\x01\x00\xef\xe1\x1e\x01\x00\xef\xe1\x1f\x01\x00\xef\xe1\x1e\x02\x00\xef\xe1\x1c\x02\x00\xef\xe1\x18\x02\x00\xef\xe1\x10\x02\x00\xef\xe1\x00\x02\x00\xef'
2020-07-10 03:38:07.180588, cycle count 1882, gpio values 1223834, 0, 0, 63284, status messages:  b'\xe1\x10\x01\x00\xef\xe1\x18\x01\x00\xef\xe1\x1c\x01\x00\xef\xe1\x1e\x01\x00\xef\xe1\x1f\x01\x00\xef\xe1\x1e\x02\x00\xef\xe1\x1c\x02\x00\xef\xe1\x18\x02\x00\xef\xe1\x10\x02\x00\xef\xe1\x00\x02\x00\xef'
2020-07-10 03:38:22.861428, cycle count 1883, gpio values 1224464, 0, 0, 63320, status messages:  b'\xe1\x10\x01\x00\xef\xe1\x18\x01\x00\xef\xe1\x1c\x01\x00\xef\xe1\x1e\x01\x00\xef\xe1\x1f\x01\x00\xef\xe1\x1e\x02\x00\xef\xe1\x1c\x02\x00\xef\xe1\x18\x02\x00\xef\xe1\x10\x02\x00\xef\xe1\x00\x02\x00\xef'
2020-07-10 03:38:38.800229, cycle count 1884, gpio values 1225130, 0, 0, 63356, status messages:  b'\xe1\x10\x01\x00\xef\xe1\x18\x01\x00\xef\xe1\x1c\x01\x00\xef\xe1\x1e\x01\x00\xef\xe1\x1f\x01\x00\xef\xe1\x1e\x02\x00\xef\xe1\x1c\x02\x00\xef\xe1\x18\x02\x00\xef\xe1\x10\x02\x00\xef\xe1\x00\x02\x00\xef'
2020-07-10 03:38:54.481180, cycle count 1885, gpio values 1225760, 0, 0, 63392, status messages:  b'\xe1\x10\x01\x00\xef\xe1\x18\x01\x00\xef\xe1\x1c\x01\x00\xef\xe1\x1e\x01\x00\xef\xe1\x1f\x01\x00\xef\xe1\x1e\x02\x00\xef\xe1\x1c\x02\x00\xef\xe1\x18\x02\x00\xef\xe1\x10\x02\x00\xef\xe1\x00\x02\x00\xef'
2020-07-10 03:39:10.421841, cycle count 1886, gpio values 1226426, 0, 0, 63428, status messages:  b'\xe1\x10\x01\x00\xef\xe1\x18\x01\x00\xef\xe1\x1c\x01\x00\xef\xe1\x1e\x01\x00\xef\xe1\x1f\x01\x00\xef\xe1\x1e\x02\x00\xef\xe1\x1c\x02\x00\xef\xe1\x18\x02\x00\xef\xe1\x10\x02\x00\xef\xe1\x00\x02\x00\xef'
2020-07-10 03:39:26.362093, cycle count 1887, gpio values 1227092, 0, 0, 63464, status messages:  b'\xe1\x10\x01\x00\xef\xe1\x18\x01\x00\xef\xe1\x1c\x01\x00\xef\xe1\x1e\x01\x00\xef\xe1\x1f\x01\x00\xef\xe1\x1e\x02\x00\xef\xe1\x1c\x02\x00\xef\xe1\x18\x02\x00\xef\xe1\x10\x02\x00\xef\xe1\x00\x02\x00\xef'
2020-07-10 03:39:42.059388, cycle count 1888, gpio values 1227687, 0, 0, 63500, status messages:  b'\xe1\x10\x01\x00\xef\xe1\x18\x01\x00\xef\xe1\x1c\x01\x00\xef\xe1\x1e\x01\x00\xef\xe1\x1f\x01\x00\xef\xe1\x1e\x02\x00\xef\xe1\x1c\x02\x00\xef\xe1\x18\x02\x00\xef\xe1\x10\x02\x00\xef\xe1\x00\x02\x00\xef'
2020-07-10 03:39:58.000203, cycle count 1889, gpio values 1228353, 0, 0, 63536, status messages:  b'\xe1\x10\x01\x00\xef\xe1\x18\x01\x00\xef\xe1\x1c\x01\x00\xef\xe1\x1e\x01\x00\xef\xe1\x1f\x01\x00\xef\xe1\x1e\x02\x00\xef\xe1\x1c\x02\x00\xef\xe1\x18\x02\x00\xef\xe1\x10\x02\x00\xef\xe1\x00\x02\x00\xef'
2020-07-10 03:40:13.681174, cycle count 1890, gpio values 1228948, 0, 0, 63572, status messages:  b'\xe1\x10\x01\x00\xef\xe1\x18\x01\x00\xef\xe1\x1c\x01\x00\xef\xe1\x1e\x01\x00\xef\xe1\x1f\x01\x00\xef\xe1\x1e\x02\x00\xef\xe1\x1c\x02\x00\xef\xe1\x18\x02\x00\xef\xe1\x10\x02\x00\xef\xe1\x00\x02\x00\xef'
2020-07-10 03:40:29.754418, cycle count 1891, gpio values 1229578, 0, 0, 63600, status messages:  b'\xe1\x10\x01\x00\xef\xe1\x18\x01\x00\xef\xe1\x1c\x01\x00\xef\xe1\x1e\x01\x00\xef\xe1\x1f\x01\x00\xef\xe1\x1e\x02\x00\xef\xe1\x1c\x02\x00\xef\xe1\x18\x02\x00\xef\xe1\x10\x02\x00\xef\xe1\x00\x02\x00\xef'
2020-07-10 03:40:45.435397, cycle count 1892, gpio values 1230208, 0, 0, 63636, status messages:  b'\xe1\x10\x01\x00\xef\xe1\x18\x01\x00\xef\xe1\x1c\x01\x00\xef\xe1\x1e\x01\x00\xef\xe1\x1f\x01\x00\xef\xe1\x1e\x02\x00\xef\xe1\x1c\x02\x00\xef\xe1\x18\x02\x00\xef\xe1\x10\x02\x00\xef\xe1\x00\x02\x00\xef'
2020-07-10 03:41:01.375143, cycle count 1893, gpio values 1230874, 0, 0, 63672, status messages:  b'\xe1\x10\x01\x00\xef\xe1\x18\x01\x00\xef\xe1\x1c\x01\x00\xef\xe1\x1e\x01\x00\xef\xe1\x1f\x01\x00\xef\xe1\x1e\x02\x00\xef\xe1\x1c\x02\x00\xef\xe1\x18\x02\x00\xef\xe1\x10\x02\x00\xef\xe1\x00\x02\x00\xef'
2020-07-10 03:41:17.055841, cycle count 1894, gpio values 1231504, 0, 0, 63708, status messages:  b'\xe1\x10\x01\x00\xef\xe1\x18\x01\x00\xef\xe1\x1c\x01\x00\xef\xe1\x1e\x01\x00\xef\xe1\x1f\x01\x00\xef\xe1\x1e\x02\x00\xef\xe1\x1c\x02\x00\xef\xe1\x18\x02\x00\xef\xe1\x10\x02\x00\xef\xe1\x00\x02\x00\xef'
2020-07-10 03:41:32.996096, cycle count 1895, gpio values 1232170, 0, 0, 63744, status messages:  b'\xe1\x10\x01\x00\xef\xe1\x18\x01\x00\xef\xe1\x1c\x01\x00\xef\xe1\x1e\x01\x00\xef\xe1\x1f\x01\x00\xef\xe1\x1e\x02\x00\xef\xe1\x1c\x02\x00\xef\xe1\x18\x02\x00\xef\xe1\x10\x02\x00\xef\xe1\x00\x02\x00\xef'
2020-07-10 03:41:48.677501, cycle count 1896, gpio values 1232800, 0, 0, 63780, status messages:  b'\xe1\x10\x01\x00\xef\xe1\x18\x01\x00\xef\xe1\x1c\x01\x00\xef\xe1\x1e\x01\x00\xef\xe1\x1f\x01\x00\xef\xe1\x1e\x02\x00\xef\xe1\x1c\x02\x00\xef\xe1\x18\x02\x00\xef\xe1\x10\x02\x00\xef\xe1\x00\x02\x00\xef'
2020-07-10 03:42:04.375002, cycle count 1897, gpio values 1233430, 0, 0, 63816, status messages:  b'\xe1\x10\x01\x00\xef\xe1\x18\x01\x00\xef\xe1\x1c\x01\x00\xef\xe1\x1e\x01\x00\xef\xe1\x1f\x01\x00\xef\xe1\x1e\x02\x00\xef\xe1\x1c\x02\x00\xef\xe1\x18\x02\x00\xef\xe1\x10\x02\x00\xef\xe1\x00\x02\x00\xef'
2020-07-10 03:42:20.056039, cycle count 1898, gpio values 1234060, 0, 0, 63852, status messages:  b'\xe1\x10\x01\x00\xef\xe1\x18\x01\x00\xef\xe1\x1c\x01\x00\xef\xe1\x1e\x01\x00\xef\xe1\x1f\x01\x00\xef\xe1\x1e\x02\x00\xef\xe1\x1c\x02\x00\xef\xe1\x18\x02\x00\xef\xe1\x10\x02\x00\xef\xe1\x00\x02\x00\xef'
2020-07-10 03:42:35.737381, cycle count 1899, gpio values 1234690, 0, 0, 63888, status messages:  b'\xe1\x10\x01\x00\xef\xe1\x18\x01\x00\xef\xe1\x1c\x01\x00\xef\xe1\x1e\x01\x00\xef\xe1\x1f\x01\x00\xef\xe1\x1e\x02\x00\xef\xe1\x1c\x02\x00\xef\xe1\x18\x02\x00\xef\xe1\x10\x02\x00\xef\xe1\x00\x02\x00\xef'
2020-07-10 03:42:51.434485, cycle count 1900, gpio values 1235320, 0, 0, 63924, status messages:  b'\xe1\x10\x01\x00\xef\xe1\x18\x01\x00\xef\xe1\x1c\x01\x00\xef\xe1\x1e\x01\x00\xef\xe1\x1f\x01\x00\xef\xe1\x1e\x02\x00\xef\xe1\x1c\x02\x00\xef\xe1\x18\x02\x00\xef\xe1\x10\x02\x00\xef\xe1\x00\x02\x00\xef'
2020-07-10 03:43:07.115374, cycle count 1901, gpio values 1235950, 0, 0, 63960, status messages:  b'\xe1\x10\x01\x00\xef\xe1\x18\x01\x00\xef\xe1\x1c\x01\x00\xef\xe1\x1e\x01\x00\xef\xe1\x1f\x01\x00\xef\xe1\x1e\x02\x00\xef\xe1\x1c\x02\x00\xef\xe1\x18\x02\x00\xef\xe1\x10\x02\x00\xef\xe1\x00\x02\x00\xef'
2020-07-10 03:43:22.797193, cycle count 1902, gpio values 1236545, 0, 0, 63996, status messages:  b'\xe1\x10\x01\x00\xef\xe1\x18\x01\x00\xef\xe1\x1c\x01\x00\xef\xe1\x1e\x01\x00\xef\xe1\x1f\x01\x00\xef\xe1\x1e\x02\x00\xef\xe1\x1c\x02\x00\xef\xe1\x18\x02\x00\xef\xe1\x10\x02\x00\xef\xe1\x00\x02\x00\xef'
2020-07-10 03:43:38.477540, cycle count 1903, gpio values 1237140, 0, 0, 64032, status messages:  b'\xe1\x10\x01\x00\xef\xe1\x18\x01\x00\xef\xe1\x1c\x01\x00\xef\xe1\x1e\x01\x00\xef\xe1\x1f\x01\x00\xef\xe1\x1e\x02\x00\xef\xe1\x1c\x02\x00\xef\xe1\x18\x02\x00\xef\xe1\x10\x02\x00\xef\xe1\x00\x02\x00\xef'
2020-07-10 03:43:54.159650, cycle count 1904, gpio values 1237735, 0, 0, 64068, status messages:  b'\xe1\x10\x01\x00\xef\xe1\x18\x01\x00\xef\xe1\x1c\x01\x00\xef\xe1\x1e\x01\x00\xef\xe1\x1f\x01\x00\xef\xe1\x1e\x02\x00\xef\xe1\x1c\x02\x00\xef\xe1\x18\x02\x00\xef\xe1\x10\x02\x00\xef\xe1\x00\x02\x00\xef'
2020-07-10 03:44:09.839839, cycle count 1905, gpio values 1238365, 0, 0, 64104, status messages:  b'\xe1\x10\x01\x00\xef\xe1\x18\x01\x00\xef\xe1\x1c\x01\x00\xef\xe1\x1e\x01\x00\xef\xe1\x1f\x01\x00\xef\xe1\x1e\x02\x00\xef\xe1\x1c\x02\x00\xef\xe1\x18\x02\x00\xef\xe1\x10\x02\x00\xef\xe1\x00\x02\x00\xef'
2020-07-10 03:44:25.519977, cycle count 1906, gpio values 1238995, 0, 0, 64140, status messages:  b'\xe1\x10\x01\x00\xef\xe1\x18\x01\x00\xef\xe1\x1c\x01\x00\xef\xe1\x1e\x01\x00\xef\xe1\x1f\x01\x00\xef\xe1\x1e\x02\x00\xef\xe1\x1c\x02\x00\xef\xe1\x18\x02\x00\xef\xe1\x10\x02\x00\xef\xe1\x00\x02\x00\xef'
2020-07-10 03:44:41.201376, cycle count 1907, gpio values 1239625, 0, 0, 64176, status messages:  b'\xe1\x10\x01\x00\xef\xe1\x18\x01\x00\xef\xe1\x1c\x01\x00\xef\xe1\x1e\x01\x00\xef\xe1\x1f\x01\x00\xef\xe1\x1e\x02\x00\xef\xe1\x1c\x02\x00\xef\xe1\x18\x02\x00\xef\xe1\x10\x02\x00\xef\xe1\x00\x02\x00\xef'
2020-07-10 03:44:56.883232, cycle count 1908, gpio values 1240255, 0, 0, 64212, status messages:  b'\xe1\x10\x01\x00\xef\xe1\x18\x01\x00\xef\xe1\x1c\x01\x00\xef\xe1\x1e\x01\x00\xef\xe1\x1f\x01\x00\xef\xe1\x1e\x02\x00\xef\xe1\x1c\x02\x00\xef\xe1\x18\x02\x00\xef\xe1\x10\x02\x00\xef\xe1\x00\x02\x00\xef'
2020-07-10 03:45:12.564620, cycle count 1909, gpio values 1240885, 0, 0, 64248, status messages:  b'\xe1\x10\x01\x00\xef\xe1\x18\x01\x00\xef\xe1\x1c\x01\x00\xef\xe1\x1e\x01\x00\xef\xe1\x1f\x01\x00\xef\xe1\x1e\x02\x00\xef\xe1\x1c\x02\x00\xef\xe1\x18\x02\x00\xef\xe1\x10\x02\x00\xef\xe1\x00\x02\x00\xef'
2020-07-10 03:45:28.246493, cycle count 1910, gpio values 1241515, 0, 0, 64284, status messages:  b'\xe1\x10\x01\x00\xef\xe1\x18\x01\x00\xef\xe1\x1c\x01\x00\xef\xe1\x1e\x01\x00\xef\xe1\x1f\x01\x00\xef\xe1\x1e\x02\x00\xef\xe1\x1c\x02\x00\xef\xe1\x18\x02\x00\xef\xe1\x10\x02\x00\xef\xe1\x00\x02\x00\xef'
2020-07-10 03:45:43.959604, cycle count 1911, gpio values 1242145, 0, 0, 64320, status messages:  b'\xe1\x10\x01\x00\xef\xe1\x18\x01\x00\xef\xe1\x1c\x01\x00\xef\xe1\x1e\x01\x00\xef\xe1\x1f\x01\x00\xef\xe1\x1e\x02\x00\xef\xe1\x1c\x02\x00\xef\xe1\x18\x02\x00\xef\xe1\x10\x02\x00\xef\xe1\x00\x02\x00\xef'
2020-07-10 03:45:59.642111, cycle count 1912, gpio values 1242775, 0, 0, 64356, status messages:  b'\xe1\x10\x01\x00\xef\xe1\x18\x01\x00\xef\xe1\x1c\x01\x00\xef\xe1\x1e\x01\x00\xef\xe1\x1f\x01\x00\xef\xe1\x1e\x02\x00\xef\xe1\x1c\x02\x00\xef\xe1\x18\x02\x00\xef\xe1\x10\x02\x00\xef\xe1\x00\x02\x00\xef'
2020-07-10 03:46:15.598775, cycle count 1913, gpio values 1243441, 0, 0, 64392, status messages:  b'\xe1\x10\x01\x00\xef\xe1\x18\x01\x00\xef\xe1\x1c\x01\x00\xef\xe1\x1e\x01\x00\xef\xe1\x1f\x01\x00\xef\xe1\x1e\x02\x00\xef\xe1\x1c\x02\x00\xef\xe1\x18\x02\x00\xef\xe1\x10\x02\x00\xef\xe1\x00\x02\x00\xef'
2020-07-10 03:46:31.279495, cycle count 1914, gpio values 1244071, 0, 0, 64428, status messages:  b'\xe1\x10\x01\x00\xef\xe1\x18\x01\x00\xef\xe1\x1c\x01\x00\xef\xe1\x1e\x01\x00\xef\xe1\x1f\x01\x00\xef\xe1\x1e\x02\x00\xef\xe1\x1c\x02\x00\xef\xe1\x18\x02\x00\xef\xe1\x10\x02\x00\xef\xe1\x00\x02\x00\xef'
2020-07-10 03:46:47.220822, cycle count 1915, gpio values 1244737, 0, 0, 64464, status messages:  b'\xe1\x10\x01\x00\xef\xe1\x18\x01\x00\xef\xe1\x1c\x01\x00\xef\xe1\x1e\x01\x00\xef\xe1\x1f\x01\x00\xef\xe1\x1e\x02\x00\xef\xe1\x1c\x02\x00\xef\xe1\x18\x02\x00\xef\xe1\x10\x02\x00\xef\xe1\x00\x02\x00\xef'
2020-07-10 03:47:03.161265, cycle count 1916, gpio values 1245403, 0, 0, 64500, status messages:  b'\xe1\x10\x01\x00\xef\xe1\x18\x01\x00\xef\xe1\x1c\x01\x00\xef\xe1\x1e\x01\x00\xef\xe1\x1f\x01\x00\xef\xe1\x1e\x02\x00\xef\xe1\x1c\x02\x00\xef\xe1\x18\x02\x00\xef\xe1\x10\x02\x00\xef\xe1\x00\x02\x00\xef'
2020-07-10 03:47:18.858445, cycle count 1917, gpio values 1246033, 0, 0, 64536, status messages:  b'\xe1\x10\x01\x00\xef\xe1\x18\x01\x00\xef\xe1\x1c\x01\x00\xef\xe1\x1e\x01\x00\xef\xe1\x1f\x01\x00\xef\xe1\x1e\x02\x00\xef\xe1\x1c\x02\x00\xef\xe1\x18\x02\x00\xef\xe1\x10\x02\x00\xef\xe1\x00\x02\x00\xef'
2020-07-10 03:47:34.798529, cycle count 1918, gpio values 1246699, 0, 0, 64572, status messages:  b'\xe1\x10\x01\x00\xef\xe1\x18\x01\x00\xef\xe1\x1c\x01\x00\xef\xe1\x1e\x01\x00\xef\xe1\x1f\x01\x00\xef\xe1\x1e\x02\x00\xef\xe1\x1c\x02\x00\xef\xe1\x18\x02\x00\xef\xe1\x10\x02\x00\xef\xe1\x00\x02\x00\xef'
2020-07-10 03:47:50.755954, cycle count 1919, gpio values 1247329, 0, 0, 64608, status messages:  b'\xe1\x10\x01\x00\xef\xe1\x18\x01\x00\xef\xe1\x1c\x01\x00\xef\xe1\x1e\x01\x00\xef\xe1\x1f\x01\x00\xef\xe1\x1e\x02\x00\xef\xe1\x1c\x02\x00\xef\xe1\x18\x02\x00\xef\xe1\x10\x02\x00\xef\xe1\x00\x02\x00\xef'
2020-07-10 03:48:06.453437, cycle count 1920, gpio values 1247959, 0, 0, 64644, status messages:  b'\xe1\x10\x01\x00\xef\xe1\x18\x01\x00\xef\xe1\x1c\x01\x00\xef\xe1\x1e\x01\x00\xef\xe1\x1f\x01\x00\xef\xe1\x1e\x02\x00\xef\xe1\x1c\x02\x00\xef\xe1\x18\x02\x00\xef\xe1\x10\x02\x00\xef\xe1\x00\x02\x00\xef'
2020-07-10 03:48:22.150143, cycle count 1921, gpio values 1248589, 0, 0, 64680, status messages:  b'\xe1\x10\x01\x00\xef\xe1\x18\x01\x00\xef\xe1\x1c\x01\x00\xef\xe1\x1e\x01\x00\xef\xe1\x1f\x01\x00\xef\xe1\x1e\x02\x00\xef\xe1\x1c\x02\x00\xef\xe1\x18\x02\x00\xef\xe1\x10\x02\x00\xef\xe1\x00\x02\x00\xef'
2020-07-10 03:48:37.831285, cycle count 1922, gpio values 1249219, 0, 0, 64716, status messages:  b'\xe1\x10\x01\x00\xef\xe1\x18\x01\x00\xef\xe1\x1c\x01\x00\xef\xe1\x1e\x01\x00\xef\xe1\x1f\x01\x00\xef\xe1\x1e\x02\x00\xef\xe1\x1c\x02\x00\xef\xe1\x18\x02\x00\xef\xe1\x10\x02\x00\xef\xe1\x00\x02\x00\xef'
2020-07-10 03:48:53.512483, cycle count 1923, gpio values 1249814, 0, 0, 64752, status messages:  b'\xe1\x10\x01\x00\xef\xe1\x18\x01\x00\xef\xe1\x1c\x01\x00\xef\xe1\x1e\x01\x00\xef\xe1\x1f\x01\x00\xef\xe1\x1e\x02\x00\xef\xe1\x1c\x02\x00\xef\xe1\x18\x02\x00\xef\xe1\x10\x02\x00\xef\xe1\x00\x02\x00\xef'
2020-07-10 03:49:09.193474, cycle count 1924, gpio values 1250444, 0, 0, 64788, status messages:  b'\xe1\x10\x01\x00\xef\xe1\x18\x01\x00\xef\xe1\x1c\x01\x00\xef\xe1\x1e\x01\x00\xef\xe1\x1f\x01\x00\xef\xe1\x1e\x02\x00\xef\xe1\x1c\x02\x00\xef\xe1\x18\x02\x00\xef\xe1\x10\x02\x00\xef\xe1\x00\x02\x00\xef'
2020-07-10 03:49:24.874434, cycle count 1925, gpio values 1251039, 0, 0, 64824, status messages:  b'\xe1\x10\x01\x00\xef\xe1\x18\x01\x00\xef\xe1\x1c\x01\x00\xef\xe1\x1e\x01\x00\xef\xe1\x1f\x01\x00\xef\xe1\x1e\x02\x00\xef\xe1\x1c\x02\x00\xef\xe1\x18\x02\x00\xef\xe1\x10\x02\x00\xef\xe1\x00\x02\x00\xef'
2020-07-10 03:49:40.572625, cycle count 1926, gpio values 1251669, 0, 0, 64860, status messages:  b'\xe1\x10\x01\x00\xef\xe1\x18\x01\x00\xef\xe1\x1c\x01\x00\xef\xe1\x1e\x01\x00\xef\xe1\x1f\x01\x00\xef\xe1\x1e\x02\x00\xef\xe1\x1c\x02\x00\xef\xe1\x18\x02\x00\xef\xe1\x10\x02\x00\xef\xe1\x00\x02\x00\xef'
2020-07-10 03:49:56.253248, cycle count 1927, gpio values 1252299, 0, 0, 64896, status messages:  b'\xe1\x10\x01\x00\xef\xe1\x18\x01\x00\xef\xe1\x1c\x01\x00\xef\xe1\x1e\x01\x00\xef\xe1\x1f\x01\x00\xef\xe1\x1e\x02\x00\xef\xe1\x1c\x02\x00\xef\xe1\x18\x02\x00\xef\xe1\x10\x02\x00\xef\xe1\x00\x02\x00\xef'
2020-07-10 03:50:11.933765, cycle count 1928, gpio values 1252929, 0, 0, 64932, status messages:  b'\xe1\x10\x01\x00\xef\xe1\x18\x01\x00\xef\xe1\x1c\x01\x00\xef\xe1\x1e\x01\x00\xef\xe1\x1f\x01\x00\xef\xe1\x1e\x02\x00\xef\xe1\x1c\x02\x00\xef\xe1\x18\x02\x00\xef\xe1\x10\x02\x00\xef\xe1\x00\x02\x00\xef'
2020-07-10 03:50:27.615596, cycle count 1929, gpio values 1253559, 0, 0, 64968, status messages:  b'\xe1\x10\x01\x00\xef\xe1\x18\x01\x00\xef\xe1\x1c\x01\x00\xef\xe1\x1e\x01\x00\xef\xe1\x1f\x01\x00\xef\xe1\x1e\x02\x00\xef\xe1\x1c\x02\x00\xef\xe1\x18\x02\x00\xef\xe1\x10\x02\x00\xef\xe1\x00\x02\x00\xef'
2020-07-10 03:50:43.555677, cycle count 1930, gpio values 1254189, 0, 0, 65004, status messages:  b'\xe1\x10\x01\x00\xef\xe1\x18\x01\x00\xef\xe1\x1c\x01\x00\xef\xe1\x1e\x01\x00\xef\xe1\x1f\x01\x00\xef\xe1\x1e\x02\x00\xef\xe1\x1c\x02\x00\xef\xe1\x18\x02\x00\xef\xe1\x10\x02\x00\xef\xe1\x00\x02\x00\xef'
2020-07-10 03:50:59.317922, cycle count 1931, gpio values 1254819, 0, 0, 65040, status messages:  b'\xe1\x10\x01\x00\xef\xe1\x18\x01\x00\xef\xe1\x1c\x01\x00\xef\xe1\x1e\x01\x00\xef\xe1\x1f\x01\x00\xef\xe1\x1e\x02\x00\xef\xe1\x1c\x02\x00\xef\xe1\x18\x02\x00\xef\xe1\x10\x02\x00\xef\xe1\x00\x02\x00\xef'
2020-07-10 03:51:14.998189, cycle count 1932, gpio values 1255449, 0, 0, 65076, status messages:  b'\xe1\x10\x01\x00\xef\xe1\x18\x01\x00\xef\xe1\x1c\x01\x00\xef\xe1\x1e\x01\x00\xef\xe1\x1f\x01\x00\xef\xe1\x1e\x02\x00\xef\xe1\x1c\x02\x00\xef\xe1\x18\x02\x00\xef\xe1\x10\x02\x00\xef\xe1\x00\x02\x00\xef'
2020-07-10 03:51:30.727832, cycle count 1933, gpio values 1256079, 0, 0, 65112, status messages:  b'\xe1\x10\x01\x00\xef\xe1\x18\x01\x00\xef\xe1\x1c\x01\x00\xef\xe1\x1e\x01\x00\xef\xe1\x1f\x01\x00\xef\xe1\x1e\x02\x00\xef\xe1\x1c\x02\x00\xef\xe1\x18\x02\x00\xef\xe1\x10\x02\x00\xef\xe1\x00\x02\x00\xef'
2020-07-10 03:51:46.409467, cycle count 1934, gpio values 1256709, 0, 0, 65148, status messages:  b'\xe1\x10\x01\x00\xef\xe1\x18\x01\x00\xef\xe1\x1c\x01\x00\xef\xe1\x1e\x01\x00\xef\xe1\x1f\x01\x00\xef\xe1\x1e\x02\x00\xef\xe1\x1c\x02\x00\xef\xe1\x18\x02\x00\xef\xe1\x10\x02\x00\xef\xe1\x00\x02\x00\xef'
2020-07-10 03:52:02.349811, cycle count 1935, gpio values 1257375, 0, 0, 65184, status messages:  b'\xe1\x10\x01\x00\xef\xe1\x18\x01\x00\xef\xe1\x1c\x01\x00\xef\xe1\x1e\x01\x00\xef\xe1\x1f\x01\x00\xef\xe1\x1e\x02\x00\xef\xe1\x1c\x02\x00\xef\xe1\x18\x02\x00\xef\xe1\x10\x02\x00\xef\xe1\x00\x02\x00\xef'
2020-07-10 03:52:18.306325, cycle count 1936, gpio values 1258041, 0, 0, 65220, status messages:  b'\xe1\x10\x01\x00\xef\xe1\x18\x01\x00\xef\xe1\x1c\x01\x00\xef\xe1\x1e\x01\x00\xef\xe1\x1f\x01\x00\xef\xe1\x1e\x02\x00\xef\xe1\x1c\x02\x00\xef\xe1\x18\x02\x00\xef\xe1\x10\x02\x00\xef\xe1\x00\x02\x00\xef'
2020-07-10 03:52:34.246320, cycle count 1937, gpio values 1258707, 0, 0, 65256, status messages:  b'\xe1\x10\x01\x00\xef\xe1\x18\x01\x00\xef\xe1\x1c\x01\x00\xef\xe1\x1e\x01\x00\xef\xe1\x1f\x01\x00\xef\xe1\x1e\x02\x00\xef\xe1\x1c\x02\x00\xef\xe1\x18\x02\x00\xef\xe1\x10\x02\x00\xef\xe1\x00\x02\x00\xef'
2020-07-10 03:52:49.943967, cycle count 1938, gpio values 1259337, 0, 0, 65292, status messages:  b'\xe1\x10\x01\x00\xef\xe1\x18\x01\x00\xef\xe1\x1c\x01\x00\xef\xe1\x1e\x01\x00\xef\xe1\x1f\x01\x00\xef\xe1\x1e\x02\x00\xef\xe1\x1c\x02\x00\xef\xe1\x18\x02\x00\xef\xe1\x10\x02\x00\xef\xe1\x00\x02\x00\xef'
2020-07-10 03:53:05.625610, cycle count 1939, gpio values 1259967, 0, 0, 65328, status messages:  b'\xe1\x10\x01\x00\xef\xe1\x18\x01\x00\xef\xe1\x1c\x01\x00\xef\xe1\x1e\x01\x00\xef\xe1\x1f\x01\x00\xef\xe1\x1e\x02\x00\xef\xe1\x1c\x02\x00\xef\xe1\x18\x02\x00\xef\xe1\x10\x02\x00\xef\xe1\x00\x02\x00\xef'
2020-07-10 03:53:21.565925, cycle count 1940, gpio values 1260633, 0, 0, 65364, status messages:  b'\xe1\x10\x01\x00\xef\xe1\x18\x01\x00\xef\xe1\x1c\x01\x00\xef\xe1\x1e\x01\x00\xef\xe1\x1f\x01\x00\xef\xe1\x1e\x02\x00\xef\xe1\x1c\x02\x00\xef\xe1\x18\x02\x00\xef\xe1\x10\x02\x00\xef\xe1\x00\x02\x00\xef'
2020-07-10 03:53:37.311496, cycle count 1941, gpio values 1261263, 0, 0, 65400, status messages:  b'\xe1\x10\x01\x00\xef\xe1\x18\x01\x00\xef\xe1\x1c\x01\x00\xef\xe1\x1e\x01\x00\xef\xe1\x1f\x01\x00\xef\xe1\x1e\x02\x00\xef\xe1\x1c\x02\x00\xef\xe1\x18\x02\x00\xef\xe1\x10\x02\x00\xef\xe1\x00\x02\x00\xef'
2020-07-10 03:53:52.992958, cycle count 1942, gpio values 1261893, 0, 0, 65436, status messages:  b'\xe1\x10\x01\x00\xef\xe1\x18\x01\x00\xef\xe1\x1c\x01\x00\xef\xe1\x1e\x01\x00\xef\xe1\x1f\x01\x00\xef\xe1\x1e\x02\x00\xef\xe1\x1c\x02\x00\xef\xe1\x18\x02\x00\xef\xe1\x10\x02\x00\xef\xe1\x00\x02\x00\xef'
2020-07-10 03:54:08.933487, cycle count 1943, gpio values 1262559, 0, 0, 65472, status messages:  b'\xe1\x10\x01\x00\xef\xe1\x18\x01\x00\xef\xe1\x1c\x01\x00\xef\xe1\x1e\x01\x00\xef\xe1\x1f\x01\x00\xef\xe1\x1e\x02\x00\xef\xe1\x1c\x02\x00\xef\xe1\x18\x02\x00\xef\xe1\x10\x02\x00\xef\xe1\x00\x02\x00\xef'
2020-07-10 03:54:24.874103, cycle count 1944, gpio values 1263225, 0, 0, 65508, status messages:  b'\xe1\x10\x01\x00\xef\xe1\x18\x01\x00\xef\xe1\x1c\x01\x00\xef\xe1\x1e\x01\x00\xef\xe1\x1f\x01\x00\xef\xe1\x1e\x02\x00\xef\xe1\x1c\x02\x00\xef\xe1\x18\x02\x00\xef\xe1\x10\x02\x00\xef\xe1\x00\x02\x00\xef'
2020-07-10 03:54:40.554822, cycle count 1945, gpio values 1263820, 0, 0, 65544, status messages:  b'\xe1\x10\x01\x00\xef\xe1\x18\x01\x00\xef\xe1\x1c\x01\x00\xef\xe1\x1e\x01\x00\xef\xe1\x1f\x01\x00\xef\xe1\x1e\x02\x00\xef\xe1\x1c\x02\x00\xef\xe1\x18\x02\x00\xef\xe1\x10\x02\x00\xef\xe1\x00\x02\x00\xef'
2020-07-10 03:54:56.495792, cycle count 1946, gpio values 1264450, 0, 0, 65580, status messages:  b'\xe1\x10\x01\x00\xef\xe1\x18\x01\x00\xef\xe1\x1c\x01\x00\xef\xe1\x1e\x01\x00\xef\xe1\x1f\x01\x00\xef\xe1\x1e\x02\x00\xef\xe1\x1c\x02\x00\xef\xe1\x18\x02\x00\xef\xe1\x10\x02\x00\xef\xe1\x00\x02\x00\xef'
2020-07-10 03:55:12.257797, cycle count 1947, gpio values 1265045, 0, 0, 65608, status messages:  b'\xe1\x10\x01\x00\xef\xe1\x18\x01\x00\xef\xe1\x1c\x01\x00\xef\xe1\x1e\x01\x00\xef\xe1\x1f\x01\x00\xef\xe1\x1e\x02\x00\xef\xe1\x1c\x02\x00\xef\xe1\x18\x02\x00\xef\xe1\x10\x02\x00\xef\xe1\x00\x02\x00\xef'
2020-07-10 03:55:27.938923, cycle count 1948, gpio values 1265640, 0, 0, 65644, status messages:  b'\xe1\x10\x01\x00\xef\xe1\x18\x01\x00\xef\xe1\x1c\x01\x00\xef\xe1\x1e\x01\x00\xef\xe1\x1f\x01\x00\xef\xe1\x1e\x02\x00\xef\xe1\x1c\x02\x00\xef\xe1\x18\x02\x00\xef\xe1\x10\x02\x00\xef\xe1\x00\x02\x00\xef'
2020-07-10 03:55:43.620165, cycle count 1949, gpio values 1266235, 0, 0, 65680, status messages:  b'\xe1\x10\x01\x00\xef\xe1\x18\x01\x00\xef\xe1\x1c\x01\x00\xef\xe1\x1e\x01\x00\xef\xe1\x1f\x01\x00\xef\xe1\x1e\x02\x00\xef\xe1\x1c\x02\x00\xef\xe1\x18\x02\x00\xef\xe1\x10\x02\x00\xef\xe1\x00\x02\x00\xef'
2020-07-10 03:55:59.560095, cycle count 1950, gpio values 1266865, 0, 0, 65716, status messages:  b'\xe1\x10\x01\x00\xef\xe1\x18\x01\x00\xef\xe1\x1c\x01\x00\xef\xe1\x1e\x01\x00\xef\xe1\x1f\x01\x00\xef\xe1\x1e\x02\x00\xef\xe1\x1c\x02\x00\xef\xe1\x18\x02\x00\xef\xe1\x10\x02\x00\xef\xe1\x00\x02\x00\xef'
2020-07-10 03:56:15.500058, cycle count 1951, gpio values 1267495, 0, 0, 65752, status messages:  b'\xe1\x10\x01\x00\xef\xe1\x18\x01\x00\xef\xe1\x1c\x01\x00\xef\xe1\x1e\x01\x00\xef\xe1\x1f\x01\x00\xef\xe1\x1e\x02\x00\xef\xe1\x1c\x02\x00\xef\xe1\x18\x02\x00\xef\xe1\x10\x02\x00\xef\xe1\x00\x02\x00\xef'
2020-07-10 03:56:31.181652, cycle count 1952, gpio values 1268090, 0, 0, 65788, status messages:  b'\xe1\x10\x01\x00\xef\xe1\x18\x01\x00\xef\xe1\x1c\x01\x00\xef\xe1\x1e\x01\x00\xef\xe1\x1f\x01\x00\xef\xe1\x1e\x02\x00\xef\xe1\x1c\x02\x00\xef\xe1\x18\x02\x00\xef\xe1\x10\x02\x00\xef\xe1\x00\x02\x00\xef'
2020-07-10 03:56:47.122843, cycle count 1953, gpio values 1268756, 0, 0, 65824, status messages:  b'\xe1\x10\x01\x00\xef\xe1\x18\x01\x00\xef\xe1\x1c\x01\x00\xef\xe1\x1e\x01\x00\xef\xe1\x1f\x01\x00\xef\xe1\x1e\x02\x00\xef\xe1\x1c\x02\x00\xef\xe1\x18\x02\x00\xef\xe1\x10\x02\x00\xef\xe1\x00\x02\x00\xef'
2020-07-10 03:57:02.835495, cycle count 1954, gpio values 1269386, 0, 0, 65860, status messages:  b'\xe1\x10\x01\x00\xef\xe1\x18\x01\x00\xef\xe1\x1c\x01\x00\xef\xe1\x1e\x01\x00\xef\xe1\x1f\x01\x00\xef\xe1\x1e\x02\x00\xef\xe1\x1c\x02\x00\xef\xe1\x18\x02\x00\xef\xe1\x10\x02\x00\xef\xe1\x00\x02\x00\xef'
2020-07-10 03:57:18.516329, cycle count 1955, gpio values 1270016, 0, 0, 65896, status messages:  b'\xe1\x10\x01\x00\xef\xe1\x18\x01\x00\xef\xe1\x1c\x01\x00\xef\xe1\x1e\x01\x00\xef\xe1\x1f\x01\x00\xef\xe1\x1e\x02\x00\xef\xe1\x1c\x02\x00\xef\xe1\x18\x02\x00\xef\xe1\x10\x02\x00\xef\xe1\x00\x02\x00\xef'
2020-07-10 03:57:34.197450, cycle count 1956, gpio values 1270646, 0, 0, 65932, status messages:  b'\xe1\x10\x01\x00\xef\xe1\x18\x01\x00\xef\xe1\x1c\x01\x00\xef\xe1\x1e\x01\x00\xef\xe1\x1f\x01\x00\xef\xe1\x1e\x02\x00\xef\xe1\x1c\x02\x00\xef\xe1\x18\x02\x00\xef\xe1\x10\x02\x00\xef\xe1\x00\x02\x00\xef'
2020-07-10 03:57:49.895599, cycle count 1957, gpio values 1271276, 0, 0, 65968, status messages:  b'\xe1\x10\x01\x00\xef\xe1\x18\x01\x00\xef\xe1\x1c\x01\x00\xef\xe1\x1e\x01\x00\xef\xe1\x1f\x01\x00\xef\xe1\x1e\x02\x00\xef\xe1\x1c\x02\x00\xef\xe1\x18\x02\x00\xef\xe1\x10\x02\x00\xef\xe1\x00\x02\x00\xef'
2020-07-10 03:58:05.576134, cycle count 1958, gpio values 1271906, 0, 0, 66004, status messages:  b'\xe1\x10\x01\x00\xef\xe1\x18\x01\x00\xef\xe1\x1c\x01\x00\xef\xe1\x1e\x01\x00\xef\xe1\x1f\x01\x00\xef\xe1\x1e\x02\x00\xef\xe1\x1c\x02\x00\xef\xe1\x18\x02\x00\xef\xe1\x10\x02\x00\xef\xe1\x00\x02\x00\xef'
2020-07-10 03:58:21.515991, cycle count 1959, gpio values 1272536, 0, 0, 66040, status messages:  b'\xe1\x10\x01\x00\xef\xe1\x18\x01\x00\xef\xe1\x1c\x01\x00\xef\xe1\x1e\x01\x00\xef\xe1\x1f\x01\x00\xef\xe1\x1e\x02\x00\xef\xe1\x1c\x02\x00\xef\xe1\x18\x02\x00\xef\xe1\x10\x02\x00\xef\xe1\x00\x02\x00\xef'
2020-07-10 03:58:37.196692, cycle count 1960, gpio values 1273166, 0, 0, 66076, status messages:  b'\xe1\x10\x01\x00\xef\xe1\x18\x01\x00\xef\xe1\x1c\x01\x00\xef\xe1\x1e\x01\x00\xef\xe1\x1f\x01\x00\xef\xe1\x1e\x02\x00\xef\xe1\x1c\x02\x00\xef\xe1\x18\x02\x00\xef\xe1\x10\x02\x00\xef\xe1\x00\x02\x00\xef'
2020-07-10 03:58:53.137030, cycle count 1961, gpio values 1273832, 0, 0, 66112, status messages:  b'\xe1\x10\x01\x00\xef\xe1\x18\x01\x00\xef\xe1\x1c\x01\x00\xef\xe1\x1e\x01\x00\xef\xe1\x1f\x01\x00\xef\xe1\x1e\x02\x00\xef\xe1\x1c\x02\x00\xef\xe1\x18\x02\x00\xef\xe1\x10\x02\x00\xef\xe1\x00\x02\x00\xef'
2020-07-10 03:59:09.209153, cycle count 1962, gpio values 1274498, 0, 0, 66140, status messages:  b'\xe1\x10\x01\x00\xef\xe1\x18\x01\x00\xef\xe1\x1c\x01\x00\xef\xe1\x1e\x01\x00\xef\xe1\x1f\x01\x00\xef\xe1\x1e\x02\x00\xef\xe1\x1c\x02\x00\xef\xe1\x18\x02\x00\xef\xe1\x10\x02\x00\xef\xe1\x00\x02\x00\xef'
2020-07-10 03:59:24.889560, cycle count 1963, gpio values 1275128, 0, 0, 66176, status messages:  b'\xe1\x10\x01\x00\xef\xe1\x18\x01\x00\xef\xe1\x1c\x01\x00\xef\xe1\x1e\x01\x00\xef\xe1\x1f\x01\x00\xef\xe1\x1e\x02\x00\xef\xe1\x1c\x02\x00\xef\xe1\x18\x02\x00\xef\xe1\x10\x02\x00\xef\xe1\x00\x02\x00\xef'
2020-07-10 03:59:40.570648, cycle count 1964, gpio values 1275758, 0, 0, 66212, status messages:  b'\xe1\x10\x01\x00\xef\xe1\x18\x01\x00\xef\xe1\x1c\x01\x00\xef\xe1\x1e\x01\x00\xef\xe1\x1f\x01\x00\xef\xe1\x1e\x02\x00\xef\xe1\x1c\x02\x00\xef\xe1\x18\x02\x00\xef\xe1\x10\x02\x00\xef\xe1\x00\x02\x00\xef'
2020-07-10 03:59:56.511085, cycle count 1965, gpio values 1276424, 0, 0, 66248, status messages:  b'\xe1\x10\x01\x00\xef\xe1\x18\x01\x00\xef\xe1\x1c\x01\x00\xef\xe1\x1e\x01\x00\xef\xe1\x1f\x01\x00\xef\xe1\x1e\x02\x00\xef\xe1\x1c\x02\x00\xef\xe1\x18\x02\x00\xef\xe1\x10\x02\x00\xef\xe1\x00\x02\x00\xef'
2020-07-10 04:00:12.451162, cycle count 1966, gpio values 1277090, 0, 0, 66284, status messages:  b'\xe1\x10\x01\x00\xef\xe1\x18\x01\x00\xef\xe1\x1c\x01\x00\xef\xe1\x1e\x01\x00\xef\xe1\x1f\x01\x00\xef\xe1\x1e\x02\x00\xef\xe1\x1c\x02\x00\xef\xe1\x18\x02\x00\xef\xe1\x10\x02\x00\xef\xe1\x00\x02\x00\xef'
2020-07-10 04:00:28.132483, cycle count 1967, gpio values 1277720, 0, 0, 66320, status messages:  b'\xe1\x10\x01\x00\xef\xe1\x18\x01\x00\xef\xe1\x1c\x01\x00\xef\xe1\x1e\x01\x00\xef\xe1\x1f\x01\x00\xef\xe1\x1e\x02\x00\xef\xe1\x1c\x02\x00\xef\xe1\x18\x02\x00\xef\xe1\x10\x02\x00\xef\xe1\x00\x02\x00\xef'
2020-07-10 04:00:44.072881, cycle count 1968, gpio values 1278386, 0, 0, 66356, status messages:  b'\xe1\x10\x01\x00\xef\xe1\x18\x01\x00\xef\xe1\x1c\x01\x00\xef\xe1\x1e\x01\x00\xef\xe1\x1f\x01\x00\xef\xe1\x1e\x02\x00\xef\xe1\x1c\x02\x00\xef\xe1\x18\x02\x00\xef\xe1\x10\x02\x00\xef\xe1\x00\x02\x00\xef'
2020-07-10 04:00:59.769139, cycle count 1969, gpio values 1279016, 0, 0, 66392, status messages:  b'\xe1\x10\x01\x00\xef\xe1\x18\x01\x00\xef\xe1\x1c\x01\x00\xef\xe1\x1e\x01\x00\xef\xe1\x1f\x01\x00\xef\xe1\x1e\x02\x00\xef\xe1\x1c\x02\x00\xef\xe1\x18\x02\x00\xef\xe1\x10\x02\x00\xef\xe1\x00\x02\x00\xef'
2020-07-10 04:01:15.709000, cycle count 1970, gpio values 1279682, 0, 0, 66428, status messages:  b'\xe1\x10\x01\x00\xef\xe1\x18\x01\x00\xef\xe1\x1c\x01\x00\xef\xe1\x1e\x01\x00\xef\xe1\x1f\x01\x00\xef\xe1\x1e\x02\x00\xef\xe1\x1c\x02\x00\xef\xe1\x18\x02\x00\xef\xe1\x10\x02\x00\xef\xe1\x00\x02\x00\xef'
2020-07-10 04:01:31.390478, cycle count 1971, gpio values 1280312, 0, 0, 66464, status messages:  b'\xe1\x10\x01\x00\xef\xe1\x18\x01\x00\xef\xe1\x1c\x01\x00\xef\xe1\x1e\x01\x00\xef\xe1\x1f\x01\x00\xef\xe1\x1e\x02\x00\xef\xe1\x1c\x02\x00\xef\xe1\x18\x02\x00\xef\xe1\x10\x02\x00\xef\xe1\x00\x02\x00\xef'
2020-07-10 04:01:47.331247, cycle count 1972, gpio values 1280978, 0, 0, 66500, status messages:  b'\xe1\x10\x01\x00\xef\xe1\x18\x01\x00\xef\xe1\x1c\x01\x00\xef\xe1\x1e\x01\x00\xef\xe1\x1f\x01\x00\xef\xe1\x1e\x02\x00\xef\xe1\x1c\x02\x00\xef\xe1\x18\x02\x00\xef\xe1\x10\x02\x00\xef\xe1\x00\x02\x00\xef'
2020-07-10 04:02:03.271446, cycle count 1973, gpio values 1281608, 0, 0, 66536, status messages:  b'\xe1\x10\x01\x00\xef\xe1\x18\x01\x00\xef\xe1\x1c\x01\x00\xef\xe1\x1e\x01\x00\xef\xe1\x1f\x01\x00\xef\xe1\x1e\x02\x00\xef\xe1\x1c\x02\x00\xef\xe1\x18\x02\x00\xef\xe1\x10\x02\x00\xef\xe1\x00\x02\x00\xef'
2020-07-10 04:02:18.951838, cycle count 1974, gpio values 1282238, 0, 0, 66572, status messages:  b'\xe1\x10\x01\x00\xef\xe1\x18\x01\x00\xef\xe1\x1c\x01\x00\xef\xe1\x1e\x01\x00\xef\xe1\x1f\x01\x00\xef\xe1\x1e\x02\x00\xef\xe1\x1c\x02\x00\xef\xe1\x18\x02\x00\xef\xe1\x10\x02\x00\xef\xe1\x00\x02\x00\xef'
2020-07-10 04:02:34.892230, cycle count 1975, gpio values 1282904, 0, 0, 66608, status messages:  b'\xe1\x10\x01\x00\xef\xe1\x18\x01\x00\xef\xe1\x1c\x01\x00\xef\xe1\x1e\x01\x00\xef\xe1\x1f\x01\x00\xef\xe1\x1e\x02\x00\xef\xe1\x1c\x02\x00\xef\xe1\x18\x02\x00\xef\xe1\x10\x02\x00\xef\xe1\x00\x02\x00\xef'
2020-07-10 04:02:50.831895, cycle count 1976, gpio values 1283534, 0, 0, 66644, status messages:  b'\xe1\x10\x01\x00\xef\xe1\x18\x01\x00\xef\xe1\x1c\x01\x00\xef\xe1\x1e\x01\x00\xef\xe1\x1f\x01\x00\xef\xe1\x1e\x02\x00\xef\xe1\x1c\x02\x00\xef\xe1\x18\x02\x00\xef\xe1\x10\x02\x00\xef\xe1\x00\x02\x00\xef'
2020-07-10 04:03:06.512919, cycle count 1977, gpio values 1284129, 0, 0, 66680, status messages:  b'\xe1\x10\x01\x00\xef\xe1\x18\x01\x00\xef\xe1\x1c\x01\x00\xef\xe1\x1e\x01\x00\xef\xe1\x1f\x01\x00\xef\xe1\x1e\x02\x00\xef\xe1\x1c\x02\x00\xef\xe1\x18\x02\x00\xef\xe1\x10\x02\x00\xef\xe1\x00\x02\x00\xef'
2020-07-10 04:03:22.292299, cycle count 1978, gpio values 1284724, 0, 0, 66716, status messages:  b'\xe1\x10\x01\x00\xef\xe1\x18\x01\x00\xef\xe1\x1c\x01\x00\xef\xe1\x1e\x01\x00\xef\xe1\x1f\x01\x00\xef\xe1\x1e\x02\x00\xef\xe1\x1c\x02\x00\xef\xe1\x18\x02\x00\xef\xe1\x10\x02\x00\xef\xe1\x00\x02\x00\xef'
2020-07-10 04:03:37.989233, cycle count 1979, gpio values 1285319, 0, 0, 66752, status messages:  b'\xe1\x10\x01\x00\xef\xe1\x18\x01\x00\xef\xe1\x1c\x01\x00\xef\xe1\x1e\x01\x00\xef\xe1\x1f\x01\x00\xef\xe1\x1e\x02\x00\xef\xe1\x1c\x02\x00\xef\xe1\x18\x02\x00\xef\xe1\x10\x02\x00\xef\xe1\x00\x02\x00\xef'
2020-07-10 04:03:54.029320, cycle count 1980, gpio values 1285949, 0, 0, 66780, status messages:  b'\xe1\x10\x01\x00\xef\xe1\x18\x01\x00\xef\xe1\x1c\x01\x00\xef\xe1\x1e\x01\x00\xef\xe1\x1f\x01\x00\xef\xe1\x1e\x02\x00\xef\xe1\x1c\x02\x00\xef\xe1\x18\x02\x00\xef\xe1\x10\x02\x00\xef\xe1\x00\x02\x00\xef'
2020-07-10 04:04:09.726404, cycle count 1981, gpio values 1286544, 0, 0, 66816, status messages:  b'\xe1\x10\x01\x00\xef\xe1\x18\x01\x00\xef\xe1\x1c\x01\x00\xef\xe1\x1e\x01\x00\xef\xe1\x1f\x01\x00\xef\xe1\x1e\x02\x00\xef\xe1\x1c\x02\x00\xef\xe1\x18\x02\x00\xef\xe1\x10\x02\x00\xef\xe1\x00\x02\x00\xef'
2020-07-10 04:04:25.408109, cycle count 1982, gpio values 1287139, 0, 0, 66852, status messages:  b'\xe1\x10\x01\x00\xef\xe1\x18\x01\x00\xef\xe1\x1c\x01\x00\xef\xe1\x1e\x01\x00\xef\xe1\x1f\x01\x00\xef\xe1\x1e\x02\x00\xef\xe1\x1c\x02\x00\xef\xe1\x18\x02\x00\xef\xe1\x10\x02\x00\xef\xe1\x00\x02\x00\xef'
2020-07-10 04:04:41.347768, cycle count 1983, gpio values 1287805, 0, 0, 66888, status messages:  b'\xe1\x10\x01\x00\xef\xe1\x18\x01\x00\xef\xe1\x1c\x01\x00\xef\xe1\x1e\x01\x00\xef\xe1\x1f\x01\x00\xef\xe1\x1e\x02\x00\xef\xe1\x1c\x02\x00\xef\xe1\x18\x02\x00\xef\xe1\x10\x02\x00\xef\xe1\x00\x02\x00\xef'
2020-07-10 04:04:57.288552, cycle count 1984, gpio values 1288435, 0, 0, 66924, status messages:  b'\xe1\x10\x01\x00\xef\xe1\x18\x01\x00\xef\xe1\x1c\x01\x00\xef\xe1\x1e\x01\x00\xef\xe1\x1f\x01\x00\xef\xe1\x1e\x02\x00\xef\xe1\x1c\x02\x00\xef\xe1\x18\x02\x00\xef\xe1\x10\x02\x00\xef\xe1\x00\x02\x00\xef'
2020-07-10 04:05:12.968978, cycle count 1985, gpio values 1289065, 0, 0, 66960, status messages:  b'\xe1\x10\x01\x00\xef\xe1\x18\x01\x00\xef\xe1\x1c\x01\x00\xef\xe1\x1e\x01\x00\xef\xe1\x1f\x01\x00\xef\xe1\x1e\x02\x00\xef\xe1\x1c\x02\x00\xef\xe1\x18\x02\x00\xef\xe1\x10\x02\x00\xef\xe1\x00\x02\x00\xef'
2020-07-10 04:05:28.651918, cycle count 1986, gpio values 1289660, 0, 0, 66996, status messages:  b'\xe1\x10\x01\x00\xef\xe1\x18\x01\x00\xef\xe1\x1c\x01\x00\xef\xe1\x1e\x01\x00\xef\xe1\x1f\x01\x00\xef\xe1\x1e\x02\x00\xef\xe1\x1c\x02\x00\xef\xe1\x18\x02\x00\xef\xe1\x10\x02\x00\xef\xe1\x00\x02\x00\xef'
2020-07-10 04:05:44.331710, cycle count 1987, gpio values 1290290, 0, 0, 67032, status messages:  b'\xe1\x10\x01\x00\xef\xe1\x18\x01\x00\xef\xe1\x1c\x01\x00\xef\xe1\x1e\x01\x00\xef\xe1\x1f\x01\x00\xef\xe1\x1e\x02\x00\xef\xe1\x1c\x02\x00\xef\xe1\x18\x02\x00\xef\xe1\x10\x02\x00\xef\xe1\x00\x02\x00\xef'
2020-07-10 04:06:00.012171, cycle count 1988, gpio values 1290920, 0, 0, 67068, status messages:  b'\xe1\x10\x01\x00\xef\xe1\x18\x01\x00\xef\xe1\x1c\x01\x00\xef\xe1\x1e\x01\x00\xef\xe1\x1f\x01\x00\xef\xe1\x1e\x02\x00\xef\xe1\x1c\x02\x00\xef\xe1\x18\x02\x00\xef\xe1\x10\x02\x00\xef\xe1\x00\x02\x00\xef'
2020-07-10 04:06:15.710309, cycle count 1989, gpio values 1291515, 0, 0, 67104, status messages:  b'\xe1\x10\x01\x00\xef\xe1\x18\x01\x00\xef\xe1\x1c\x01\x00\xef\xe1\x1e\x01\x00\xef\xe1\x1f\x01\x00\xef\xe1\x1e\x02\x00\xef\xe1\x1c\x02\x00\xef\xe1\x18\x02\x00\xef\xe1\x10\x02\x00\xef\xe1\x00\x02\x00\xef'
2020-07-10 04:06:31.649879, cycle count 1990, gpio values 1292145, 0, 0, 67140, status messages:  b'\xe1\x10\x01\x00\xef\xe1\x18\x01\x00\xef\xe1\x1c\x01\x00\xef\xe1\x1e\x01\x00\xef\xe1\x1f\x01\x00\xef\xe1\x1e\x02\x00\xef\xe1\x1c\x02\x00\xef\xe1\x18\x02\x00\xef\xe1\x10\x02\x00\xef\xe1\x00\x02\x00\xef'
2020-07-10 04:06:47.331099, cycle count 1991, gpio values 1292740, 0, 0, 67176, status messages:  b'\xe1\x10\x01\x00\xef\xe1\x18\x01\x00\xef\xe1\x1c\x01\x00\xef\xe1\x1e\x01\x00\xef\xe1\x1f\x01\x00\xef\xe1\x1e\x02\x00\xef\xe1\x1c\x02\x00\xef\xe1\x18\x02\x00\xef\xe1\x10\x02\x00\xef\xe1\x00\x02\x00\xef'
2020-07-10 04:07:03.012096, cycle count 1992, gpio values 1293370, 0, 0, 67212, status messages:  b'\xe1\x10\x01\x00\xef\xe1\x18\x01\x00\xef\xe1\x1c\x01\x00\xef\xe1\x1e\x01\x00\xef\xe1\x1f\x01\x00\xef\xe1\x1e\x02\x00\xef\xe1\x1c\x02\x00\xef\xe1\x18\x02\x00\xef\xe1\x10\x02\x00\xef\xe1\x00\x02\x00\xef'
2020-07-10 04:07:18.693806, cycle count 1993, gpio values 1293965, 0, 0, 67248, status messages:  b'\xe1\x10\x01\x00\xef\xe1\x18\x01\x00\xef\xe1\x1c\x01\x00\xef\xe1\x1e\x01\x00\xef\xe1\x1f\x01\x00\xef\xe1\x1e\x02\x00\xef\xe1\x1c\x02\x00\xef\xe1\x18\x02\x00\xef\xe1\x10\x02\x00\xef\xe1\x00\x02\x00\xef'
2020-07-10 04:07:34.391792, cycle count 1994, gpio values 1294595, 0, 0, 67284, status messages:  b'\xe1\x10\x01\x00\xef\xe1\x18\x01\x00\xef\xe1\x1c\x01\x00\xef\xe1\x1e\x01\x00\xef\xe1\x1f\x01\x00\xef\xe1\x1e\x02\x00\xef\xe1\x1c\x02\x00\xef\xe1\x18\x02\x00\xef\xe1\x10\x02\x00\xef\xe1\x00\x02\x00\xef'
2020-07-10 04:07:50.072832, cycle count 1995, gpio values 1295190, 0, 0, 67320, status messages:  b'\xe1\x10\x01\x00\xef\xe1\x18\x01\x00\xef\xe1\x1c\x01\x00\xef\xe1\x1e\x01\x00\xef\xe1\x1f\x01\x00\xef\xe1\x1e\x02\x00\xef\xe1\x1c\x02\x00\xef\xe1\x18\x02\x00\xef\xe1\x10\x02\x00\xef\xe1\x00\x02\x00\xef'
2020-07-10 04:08:05.753533, cycle count 1996, gpio values 1295785, 0, 0, 67356, status messages:  b'\xe1\x10\x01\x00\xef\xe1\x18\x01\x00\xef\xe1\x1c\x01\x00\xef\xe1\x1e\x01\x00\xef\xe1\x1f\x01\x00\xef\xe1\x1e\x02\x00\xef\xe1\x1c\x02\x00\xef\xe1\x18\x02\x00\xef\xe1\x10\x02\x00\xef\xe1\x00\x02\x00\xef'
2020-07-10 04:08:21.435068, cycle count 1997, gpio values 1296380, 0, 0, 67392, status messages:  b'\xe1\x10\x01\x00\xef\xe1\x18\x01\x00\xef\xe1\x1c\x01\x00\xef\xe1\x1e\x01\x00\xef\xe1\x1f\x01\x00\xef\xe1\x1e\x02\x00\xef\xe1\x1c\x02\x00\xef\xe1\x18\x02\x00\xef\xe1\x10\x02\x00\xef\xe1\x00\x02\x00\xef'
2020-07-10 04:08:37.115300, cycle count 1998, gpio values 1296975, 0, 0, 67428, status messages:  b'\xe1\x10\x01\x00\xef\xe1\x18\x01\x00\xef\xe1\x1c\x01\x00\xef\xe1\x1e\x01\x00\xef\xe1\x1f\x01\x00\xef\xe1\x1e\x02\x00\xef\xe1\x1c\x02\x00\xef\xe1\x18\x02\x00\xef\xe1\x10\x02\x00\xef\xe1\x00\x02\x00\xef'
2020-07-10 04:08:53.055640, cycle count 1999, gpio values 1297605, 0, 0, 67464, status messages:  b'\xe1\x10\x01\x00\xef\xe1\x18\x01\x00\xef\xe1\x1c\x01\x00\xef\xe1\x1e\x01\x00\xef\xe1\x1f\x01\x00\xef\xe1\x1e\x02\x00\xef\xe1\x1c\x02\x00\xef\xe1\x18\x02\x00\xef\xe1\x10\x02\x00\xef\xe1\x00\x02\x00\xef'
2020-07-10 04:09:08.996185, cycle count 2000, gpio values 1298235, 0, 0, 67500, status messages:  b'\xe1\x10\x01\x00\xef\xe1\x18\x01\x00\xef\xe1\x1c\x01\x00\xef\xe1\x1e\x01\x00\xef\xe1\x1f\x01\x00\xef\xe1\x1e\x02\x00\xef\xe1\x1c\x02\x00\xef\xe1\x18\x02\x00\xef\xe1\x10\x02\x00\xef\xe1\x00\x02\x00\xef'
2020-07-10 04:09:24.678011, cycle count 2001, gpio values 1298830, 0, 0, 67536, status messages:  b'\xe1\x10\x01\x00\xef\xe1\x18\x01\x00\xef\xe1\x1c\x01\x00\xef\xe1\x1e\x01\x00\xef\xe1\x1f\x01\x00\xef\xe1\x1e\x02\x00\xef\xe1\x1c\x02\x00\xef\xe1\x18\x02\x00\xef\xe1\x10\x02\x00\xef\xe1\x00\x02\x00\xef'
2020-07-10 04:09:40.634001, cycle count 2002, gpio values 1299460, 0, 0, 67572, status messages:  b'\xe1\x10\x01\x00\xef\xe1\x18\x01\x00\xef\xe1\x1c\x01\x00\xef\xe1\x1e\x01\x00\xef\xe1\x1f\x01\x00\xef\xe1\x1e\x02\x00\xef\xe1\x1c\x02\x00\xef\xe1\x18\x02\x00\xef\xe1\x10\x02\x00\xef\xe1\x00\x02\x00\xef'
2020-07-10 04:09:56.315462, cycle count 2003, gpio values 1300055, 0, 0, 67608, status messages:  b'\xe1\x10\x01\x00\xef\xe1\x18\x01\x00\xef\xe1\x1c\x01\x00\xef\xe1\x1e\x01\x00\xef\xe1\x1f\x01\x00\xef\xe1\x1e\x02\x00\xef\xe1\x1c\x02\x00\xef\xe1\x18\x02\x00\xef\xe1\x10\x02\x00\xef\xe1\x00\x02\x00\xef'
2020-07-10 04:10:12.255424, cycle count 2004, gpio values 1300685, 0, 0, 67644, status messages:  b'\xe1\x10\x01\x00\xef\xe1\x18\x01\x00\xef\xe1\x1c\x01\x00\xef\xe1\x1e\x01\x00\xef\xe1\x1f\x01\x00\xef\xe1\x1e\x02\x00\xef\xe1\x1c\x02\x00\xef\xe1\x18\x02\x00\xef\xe1\x10\x02\x00\xef\xe1\x00\x02\x00\xef'
2020-07-10 04:10:27.952540, cycle count 2005, gpio values 1301280, 0, 0, 67680, status messages:  b'\xe1\x10\x01\x00\xef\xe1\x18\x01\x00\xef\xe1\x1c\x01\x00\xef\xe1\x1e\x01\x00\xef\xe1\x1f\x01\x00\xef\xe1\x1e\x02\x00\xef\xe1\x1c\x02\x00\xef\xe1\x18\x02\x00\xef\xe1\x10\x02\x00\xef\xe1\x00\x02\x00\xef'
2020-07-10 04:10:43.893377, cycle count 2006, gpio values 1301910, 0, 0, 67716, status messages:  b'\xe1\x10\x01\x00\xef\xe1\x18\x01\x00\xef\xe1\x1c\x01\x00\xef\xe1\x1e\x01\x00\xef\xe1\x1f\x01\x00\xef\xe1\x1e\x02\x00\xef\xe1\x1c\x02\x00\xef\xe1\x18\x02\x00\xef\xe1\x10\x02\x00\xef\xe1\x00\x02\x00\xef'
2020-07-10 04:10:59.573305, cycle count 2007, gpio values 1302505, 0, 0, 67744, status messages:  b'\xe1\x10\x01\x00\xef\xe1\x18\x01\x00\xef\xe1\x1c\x01\x00\xef\xe1\x1e\x01\x00\xef\xe1\x1f\x01\x00\xef\xe1\x1e\x02\x00\xef\xe1\x1c\x02\x00\xef\xe1\x18\x02\x00\xef\xe1\x10\x02\x00\xef\xe1\x00\x02\x00\xef'
2020-07-10 04:11:15.514380, cycle count 2008, gpio values 1303135, 0, 0, 67780, status messages:  b'\xe1\x10\x01\x00\xef\xe1\x18\x01\x00\xef\xe1\x1c\x01\x00\xef\xe1\x1e\x01\x00\xef\xe1\x1f\x01\x00\xef\xe1\x1e\x02\x00\xef\xe1\x1c\x02\x00\xef\xe1\x18\x02\x00\xef\xe1\x10\x02\x00\xef\xe1\x00\x02\x00\xef'
2020-07-10 04:11:31.195558, cycle count 2009, gpio values 1303730, 0, 0, 67808, status messages:  b'\xe1\x10\x01\x00\xef\xe1\x18\x01\x00\xef\xe1\x1c\x01\x00\xef\xe1\x1e\x01\x00\xef\xe1\x1f\x01\x00\xef\xe1\x1e\x02\x00\xef\xe1\x1c\x02\x00\xef\xe1\x18\x02\x00\xef\xe1\x10\x02\x00\xef\xe1\x00\x02\x00\xef'
2020-07-10 04:11:47.134624, cycle count 2010, gpio values 1304360, 0, 0, 67844, status messages:  b'\xe1\x10\x01\x00\xef\xe1\x18\x01\x00\xef\xe1\x1c\x01\x00\xef\xe1\x1e\x01\x00\xef\xe1\x1f\x01\x00\xef\xe1\x1e\x02\x00\xef\xe1\x1c\x02\x00\xef\xe1\x18\x02\x00\xef\xe1\x10\x02\x00\xef\xe1\x00\x02\x00\xef'
2020-07-10 04:12:03.190776, cycle count 2011, gpio values 1304990, 0, 0, 67872, status messages:  b'\xe1\x10\x01\x00\xef\xe1\x18\x01\x00\xef\xe1\x1c\x01\x00\xef\xe1\x1e\x01\x00\xef\xe1\x1f\x01\x00\xef\xe1\x1e\x02\x00\xef\xe1\x1c\x02\x00\xef\xe1\x18\x02\x00\xef\xe1\x10\x02\x00\xef\xe1\x00\x02\x00\xef'
2020-07-10 04:12:18.871803, cycle count 2012, gpio values 1305585, 0, 0, 67908, status messages:  b'\xe1\x10\x01\x00\xef\xe1\x18\x01\x00\xef\xe1\x1c\x01\x00\xef\xe1\x1e\x01\x00\xef\xe1\x1f\x01\x00\xef\xe1\x1e\x02\x00\xef\xe1\x1c\x02\x00\xef\xe1\x18\x02\x00\xef\xe1\x10\x02\x00\xef\xe1\x00\x02\x00\xef'
2020-07-10 04:12:34.812018, cycle count 2013, gpio values 1306215, 0, 0, 67944, status messages:  b'\xe1\x10\x01\x00\xef\xe1\x18\x01\x00\xef\xe1\x1c\x01\x00\xef\xe1\x1e\x01\x00\xef\xe1\x1f\x01\x00\xef\xe1\x1e\x02\x00\xef\xe1\x1c\x02\x00\xef\xe1\x18\x02\x00\xef\xe1\x10\x02\x00\xef\xe1\x00\x02\x00\xef'
2020-07-10 04:12:50.492720, cycle count 2014, gpio values 1306810, 0, 0, 67980, status messages:  b'\xe1\x10\x01\x00\xef\xe1\x18\x01\x00\xef\xe1\x1c\x01\x00\xef\xe1\x1e\x01\x00\xef\xe1\x1f\x01\x00\xef\xe1\x1e\x02\x00\xef\xe1\x1c\x02\x00\xef\xe1\x18\x02\x00\xef\xe1\x10\x02\x00\xef\xe1\x00\x02\x00\xef'
2020-07-10 04:13:06.449359, cycle count 2015, gpio values 1307440, 0, 0, 68016, status messages:  b'\xe1\x10\x01\x00\xef\xe1\x18\x01\x00\xef\xe1\x1c\x01\x00\xef\xe1\x1e\x01\x00\xef\xe1\x1f\x01\x00\xef\xe1\x1e\x02\x00\xef\xe1\x1c\x02\x00\xef\xe1\x18\x02\x00\xef\xe1\x10\x02\x00\xef\xe1\x00\x02\x00\xef'
2020-07-10 04:13:22.406271, cycle count 2016, gpio values 1308035, 0, 0, 68052, status messages:  b'\xe1\x10\x01\x00\xef\xe1\x18\x01\x00\xef\xe1\x1c\x01\x00\xef\xe1\x1e\x01\x00\xef\xe1\x1f\x01\x00\xef\xe1\x1e\x02\x00\xef\xe1\x1c\x02\x00\xef\xe1\x18\x02\x00\xef\xe1\x10\x02\x00\xef\xe1\x00\x02\x00\xef'
2020-07-10 04:13:38.087830, cycle count 2017, gpio values 1308630, 0, 0, 68088, status messages:  b'\xe1\x10\x01\x00\xef\xe1\x18\x01\x00\xef\xe1\x1c\x01\x00\xef\xe1\x1e\x01\x00\xef\xe1\x1f\x01\x00\xef\xe1\x1e\x02\x00\xef\xe1\x1c\x02\x00\xef\xe1\x18\x02\x00\xef\xe1\x10\x02\x00\xef\xe1\x00\x02\x00\xef'
2020-07-10 04:13:53.768727, cycle count 2018, gpio values 1309225, 0, 0, 68124, status messages:  b'\xe1\x10\x01\x00\xef\xe1\x18\x01\x00\xef\xe1\x1c\x01\x00\xef\xe1\x1e\x01\x00\xef\xe1\x1f\x01\x00\xef\xe1\x1e\x02\x00\xef\xe1\x1c\x02\x00\xef\xe1\x18\x02\x00\xef\xe1\x10\x02\x00\xef\xe1\x00\x02\x00\xef'
2020-07-10 04:14:09.725083, cycle count 2019, gpio values 1309855, 0, 0, 68160, status messages:  b'\xe1\x10\x01\x00\xef\xe1\x18\x01\x00\xef\xe1\x1c\x01\x00\xef\xe1\x1e\x01\x00\xef\xe1\x1f\x01\x00\xef\xe1\x1e\x02\x00\xef\xe1\x1c\x02\x00\xef\xe1\x18\x02\x00\xef\xe1\x10\x02\x00\xef\xe1\x00\x02\x00\xef'
2020-07-10 04:14:25.406243, cycle count 2020, gpio values 1310450, 0, 0, 68196, status messages:  b'\xe1\x10\x01\x00\xef\xe1\x18\x01\x00\xef\xe1\x1c\x01\x00\xef\xe1\x1e\x01\x00\xef\xe1\x1f\x01\x00\xef\xe1\x1e\x02\x00\xef\xe1\x1c\x02\x00\xef\xe1\x18\x02\x00\xef\xe1\x10\x02\x00\xef\xe1\x00\x02\x00\xef'
2020-07-10 04:14:41.346805, cycle count 2021, gpio values 1311080, 0, 0, 68232, status messages:  b'\xe1\x10\x01\x00\xef\xe1\x18\x01\x00\xef\xe1\x1c\x01\x00\xef\xe1\x1e\x01\x00\xef\xe1\x1f\x01\x00\xef\xe1\x1e\x02\x00\xef\xe1\x1c\x02\x00\xef\xe1\x18\x02\x00\xef\xe1\x10\x02\x00\xef\xe1\x00\x02\x00\xef'
2020-07-10 04:14:57.287110, cycle count 2022, gpio values 1311710, 0, 0, 68268, status messages:  b'\xe1\x10\x01\x00\xef\xe1\x18\x01\x00\xef\xe1\x1c\x01\x00\xef\xe1\x1e\x01\x00\xef\xe1\x1f\x01\x00\xef\xe1\x1e\x02\x00\xef\xe1\x1c\x02\x00\xef\xe1\x18\x02\x00\xef\xe1\x10\x02\x00\xef\xe1\x00\x02\x00\xef'
2020-07-10 04:15:13.227999, cycle count 2023, gpio values 1312305, 0, 0, 68313, status messages:  b'\xe1\x10\x01\x00\xef\xe1\x18\x01\x00\xef\xe1\x1c\x01\x00\xef\xe1\x1e\x01\x00\xef\xe1\x1f\x01\x00\xef\xe1\x1e\x02\x00\xef\xe1\x1c\x02\x00\xef\xe1\x18\x02\x00\xef\xe1\x10\x02\x00\xef\xe1\x00\x02\x00\xef'
2020-07-10 04:15:28.909699, cycle count 2024, gpio values 1312900, 0, 0, 68349, status messages:  b'\xe1\x10\x01\x00\xef\xe1\x18\x01\x00\xef\xe1\x1c\x01\x00\xef\xe1\x1e\x01\x00\xef\xe1\x1f\x01\x00\xef\xe1\x1e\x02\x00\xef\xe1\x1c\x02\x00\xef\xe1\x18\x02\x00\xef\xe1\x10\x02\x00\xef\xe1\x00\x02\x00\xef'
2020-07-10 04:15:44.607586, cycle count 2025, gpio values 1313495, 0, 0, 68385, status messages:  b'\xe1\x10\x01\x00\xef\xe1\x18\x01\x00\xef\xe1\x1c\x01\x00\xef\xe1\x1e\x01\x00\xef\xe1\x1f\x01\x00\xef\xe1\x1e\x02\x00\xef\xe1\x1c\x02\x00\xef\xe1\x18\x02\x00\xef\xe1\x10\x02\x00\xef\xe1\x00\x02\x00\xef'
2020-07-10 04:16:00.546747, cycle count 2026, gpio values 1314125, 0, 0, 68421, status messages:  b'\xe1\x10\x01\x00\xef\xe1\x18\x01\x00\xef\xe1\x1c\x01\x00\xef\xe1\x1e\x01\x00\xef\xe1\x1f\x01\x00\xef\xe1\x1e\x02\x00\xef\xe1\x1c\x02\x00\xef\xe1\x18\x02\x00\xef\xe1\x10\x02\x00\xef\xe1\x00\x02\x00\xef'
2020-07-10 04:16:16.243627, cycle count 2027, gpio values 1314720, 0, 0, 68457, status messages:  b'\xe1\x10\x01\x00\xef\xe1\x18\x01\x00\xef\xe1\x1c\x01\x00\xef\xe1\x1e\x01\x00\xef\xe1\x1f\x01\x00\xef\xe1\x1e\x02\x00\xef\xe1\x1c\x02\x00\xef\xe1\x18\x02\x00\xef\xe1\x10\x02\x00\xef\xe1\x00\x02\x00\xef'
2020-07-10 04:16:32.184377, cycle count 2028, gpio values 1315350, 0, 0, 68493, status messages:  b'\xe1\x10\x01\x00\xef\xe1\x18\x01\x00\xef\xe1\x1c\x01\x00\xef\xe1\x1e\x01\x00\xef\xe1\x1f\x01\x00\xef\xe1\x1e\x02\x00\xef\xe1\x1c\x02\x00\xef\xe1\x18\x02\x00\xef\xe1\x10\x02\x00\xef\xe1\x00\x02\x00\xef'
2020-07-10 04:16:47.881455, cycle count 2029, gpio values 1315945, 0, 0, 68529, status messages:  b'\xe1\x10\x01\x00\xef\xe1\x18\x01\x00\xef\xe1\x1c\x01\x00\xef\xe1\x1e\x01\x00\xef\xe1\x1f\x01\x00\xef\xe1\x1e\x02\x00\xef\xe1\x1c\x02\x00\xef\xe1\x18\x02\x00\xef\xe1\x10\x02\x00\xef\xe1\x00\x02\x00\xef'
2020-07-10 04:17:03.837899, cycle count 2030, gpio values 1316575, 0, 0, 68565, status messages:  b'\xe1\x10\x01\x00\xef\xe1\x18\x01\x00\xef\xe1\x1c\x01\x00\xef\xe1\x1e\x01\x00\xef\xe1\x1f\x01\x00\xef\xe1\x1e\x02\x00\xef\xe1\x1c\x02\x00\xef\xe1\x18\x02\x00\xef\xe1\x10\x02\x00\xef\xe1\x00\x02\x00\xef'
2020-07-10 04:17:19.778164, cycle count 2031, gpio values 1317205, 0, 0, 68601, status messages:  b'\xe1\x10\x01\x00\xef\xe1\x18\x01\x00\xef\xe1\x1c\x01\x00\xef\xe1\x1e\x01\x00\xef\xe1\x1f\x01\x00\xef\xe1\x1e\x02\x00\xef\xe1\x1c\x02\x00\xef\xe1\x18\x02\x00\xef\xe1\x10\x02\x00\xef\xe1\x00\x02\x00\xef'
2020-07-10 04:17:35.474689, cycle count 2032, gpio values 1317800, 0, 0, 68629, status messages:  b'\xe1\x10\x01\x00\xef\xe1\x18\x01\x00\xef\xe1\x1c\x01\x00\xef\xe1\x1e\x01\x00\xef\xe1\x1f\x01\x00\xef\xe1\x1e\x02\x00\xef\xe1\x1c\x02\x00\xef\xe1\x18\x02\x00\xef\xe1\x10\x02\x00\xef\xe1\x00\x02\x00\xef'
2020-07-10 04:17:51.156510, cycle count 2033, gpio values 1318395, 0, 0, 68665, status messages:  b'\xe1\x10\x01\x00\xef\xe1\x18\x01\x00\xef\xe1\x1c\x01\x00\xef\xe1\x1e\x01\x00\xef\xe1\x1f\x01\x00\xef\xe1\x1e\x02\x00\xef\xe1\x1c\x02\x00\xef\xe1\x18\x02\x00\xef\xe1\x10\x02\x00\xef\xe1\x00\x02\x00\xef'
2020-07-10 04:18:07.095932, cycle count 2034, gpio values 1319025, 0, 0, 68701, status messages:  b'\xe1\x10\x01\x00\xef\xe1\x18\x01\x00\xef\xe1\x1c\x01\x00\xef\xe1\x1e\x01\x00\xef\xe1\x1f\x01\x00\xef\xe1\x1e\x02\x00\xef\xe1\x1c\x02\x00\xef\xe1\x18\x02\x00\xef\xe1\x10\x02\x00\xef\xe1\x00\x02\x00\xef'
2020-07-10 04:18:23.036738, cycle count 2035, gpio values 1319655, 0, 0, 68737, status messages:  b'\xe1\x10\x01\x00\xef\xe1\x18\x01\x00\xef\xe1\x1c\x01\x00\xef\xe1\x1e\x01\x00\xef\xe1\x1f\x01\x00\xef\xe1\x1e\x02\x00\xef\xe1\x1c\x02\x00\xef\xe1\x18\x02\x00\xef\xe1\x10\x02\x00\xef\xe1\x00\x02\x00\xef'
2020-07-10 04:18:38.977006, cycle count 2036, gpio values 1320285, 0, 0, 68773, status messages:  b'\xe1\x10\x01\x00\xef\xe1\x18\x01\x00\xef\xe1\x1c\x01\x00\xef\xe1\x1e\x01\x00\xef\xe1\x1f\x01\x00\xef\xe1\x1e\x02\x00\xef\xe1\x1c\x02\x00\xef\xe1\x18\x02\x00\xef\xe1\x10\x02\x00\xef\xe1\x00\x02\x00\xef'
2020-07-10 04:18:54.916435, cycle count 2037, gpio values 1320915, 0, 0, 68801, status messages:  b'\xe1\x10\x01\x00\xef\xe1\x18\x01\x00\xef\xe1\x1c\x01\x00\xef\xe1\x1e\x01\x00\xef\xe1\x1f\x01\x00\xef\xe1\x1e\x02\x00\xef\xe1\x1c\x02\x00\xef\xe1\x18\x02\x00\xef\xe1\x10\x02\x00\xef\xe1\x00\x02\x00\xef'
2020-07-10 04:19:10.872874, cycle count 2038, gpio values 1321545, 0, 0, 68837, status messages:  b'\xe1\x10\x01\x00\xef\xe1\x18\x01\x00\xef\xe1\x1c\x01\x00\xef\xe1\x1e\x01\x00\xef\xe1\x1f\x01\x00\xef\xe1\x1e\x02\x00\xef\xe1\x1c\x02\x00\xef\xe1\x18\x02\x00\xef\xe1\x10\x02\x00\xef\xe1\x00\x02\x00\xef'
2020-07-10 04:19:26.812739, cycle count 2039, gpio values 1322175, 0, 0, 68865, status messages:  b'\xe1\x10\x01\x00\xef\xe1\x18\x01\x00\xef\xe1\x1c\x01\x00\xef\xe1\x1e\x01\x00\xef\xe1\x1f\x01\x00\xef\xe1\x1e\x02\x00\xef\xe1\x1c\x02\x00\xef\xe1\x18\x02\x00\xef\xe1\x10\x02\x00\xef\xe1\x00\x02\x00\xef'
2020-07-10 04:19:42.752797, cycle count 2040, gpio values 1322805, 0, 0, 68901, status messages:  b'\xe1\x10\x01\x00\xef\xe1\x18\x01\x00\xef\xe1\x1c\x01\x00\xef\xe1\x1e\x01\x00\xef\xe1\x1f\x01\x00\xef\xe1\x1e\x02\x00\xef\xe1\x1c\x02\x00\xef\xe1\x18\x02\x00\xef\xe1\x10\x02\x00\xef\xe1\x00\x02\x00\xef'
2020-07-10 04:19:58.692801, cycle count 2041, gpio values 1323400, 0, 0, 68937, status messages:  b'\xe1\x10\x01\x00\xef\xe1\x18\x01\x00\xef\xe1\x1c\x01\x00\xef\xe1\x1e\x01\x00\xef\xe1\x1f\x01\x00\xef\xe1\x1e\x02\x00\xef\xe1\x1c\x02\x00\xef\xe1\x18\x02\x00\xef\xe1\x10\x02\x00\xef\xe1\x00\x02\x00\xef'
2020-07-10 04:20:14.939981, cycle count 2042, gpio values 1324030, 0, 0, 68973, status messages:  b'\xe1\x10\x01\x00\xef\xe1\x18\x01\x00\xef\xe1\x1c\x01\x00\xef\xe1\x1e\x01\x00\xef\xe1\x1f\x01\x00\xef\xe1\x1e\x02\x00\xef\xe1\x1c\x02\x00\xef\xe1\x18\x02\x00\xef\xe1\x10\x02\x00\xef\xe1\x00\x02\x00\xef'
2020-07-10 04:20:30.879911, cycle count 2043, gpio values 1324660, 0, 0, 69001, status messages:  b'\xe1\x10\x01\x00\xef\xe1\x18\x01\x00\xef\xe1\x1c\x01\x00\xef\xe1\x1e\x01\x00\xef\xe1\x1f\x01\x00\xef\xe1\x1e\x02\x00\xef\xe1\x1c\x02\x00\xef\xe1\x18\x02\x00\xef\xe1\x10\x02\x00\xef\xe1\x00\x02\x00\xef'
2020-07-10 04:20:46.819755, cycle count 2044, gpio values 1325290, 0, 0, 69029, status messages:  b'\xe1\x10\x01\x00\xef\xe1\x18\x01\x00\xef\xe1\x1c\x01\x00\xef\xe1\x1e\x01\x00\xef\xe1\x1f\x01\x00\xef\xe1\x1e\x02\x00\xef\xe1\x1c\x02\x00\xef\xe1\x18\x02\x00\xef\xe1\x10\x02\x00\xef\xe1\x00\x02\x00\xef'
2020-07-10 04:21:02.760480, cycle count 2045, gpio values 1325920, 0, 0, 69057, status messages:  b'\xe1\x10\x01\x00\xef\xe1\x18\x01\x00\xef\xe1\x1c\x01\x00\xef\xe1\x1e\x01\x00\xef\xe1\x1f\x01\x00\xef\xe1\x1e\x02\x00\xef\xe1\x1c\x02\x00\xef\xe1\x18\x02\x00\xef\xe1\x10\x02\x00\xef\xe1\x00\x02\x00\xef'
2020-07-10 04:21:18.699579, cycle count 2046, gpio values 1326550, 0, 0, 69085, status messages:  b'\xe1\x10\x01\x00\xef\xe1\x18\x01\x00\xef\xe1\x1c\x01\x00\xef\xe1\x1e\x01\x00\xef\xe1\x1f\x01\x00\xef\xe1\x1e\x02\x00\xef\xe1\x1c\x02\x00\xef\xe1\x18\x02\x00\xef\xe1\x10\x02\x00\xef\xe1\x00\x02\x00\xef'
2020-07-10 04:21:34.639374, cycle count 2047, gpio values 1327180, 0, 0, 69113, status messages:  b'\xe1\x10\x01\x00\xef\xe1\x18\x01\x00\xef\xe1\x1c\x01\x00\xef\xe1\x1e\x01\x00\xef\xe1\x1f\x01\x00\xef\xe1\x1e\x02\x00\xef\xe1\x1c\x02\x00\xef\xe1\x18\x02\x00\xef\xe1\x10\x02\x00\xef\xe1\x00\x02\x00\xef'
2020-07-10 04:21:50.579242, cycle count 2048, gpio values 1327775, 0, 0, 69149, status messages:  b'\xe1\x10\x01\x00\xef\xe1\x18\x01\x00\xef\xe1\x1c\x01\x00\xef\xe1\x1e\x01\x00\xef\xe1\x1f\x01\x00\xef\xe1\x1e\x02\x00\xef\xe1\x1c\x02\x00\xef\xe1\x18\x02\x00\xef\xe1\x10\x02\x00\xef\xe1\x00\x02\x00\xef'
2020-07-10 04:22:06.519653, cycle count 2049, gpio values 1328405, 0, 0, 69177, status messages:  b'\xe1\x10\x01\x00\xef\xe1\x18\x01\x00\xef\xe1\x1c\x01\x00\xef\xe1\x1e\x01\x00\xef\xe1\x1f\x01\x00\xef\xe1\x1e\x02\x00\xef\xe1\x1c\x02\x00\xef\xe1\x18\x02\x00\xef\xe1\x10\x02\x00\xef\xe1\x00\x02\x00\xef'
2020-07-10 04:22:22.475715, cycle count 2050, gpio values 1329071, 0, 0, 69205, status messages:  b'\xe1\x10\x01\x00\xef\xe1\x18\x01\x00\xef\xe1\x1c\x01\x00\xef\xe1\x1e\x01\x00\xef\xe1\x1f\x01\x00\xef\xe1\x1e\x02\x00\xef\xe1\x1c\x02\x00\xef\xe1\x18\x02\x00\xef\xe1\x10\x02\x00\xef\xe1\x00\x02\x00\xef'
2020-07-10 04:22:38.416314, cycle count 2051, gpio values 1329701, 0, 0, 69241, status messages:  b'\xe1\x10\x01\x00\xef\xe1\x18\x01\x00\xef\xe1\x1c\x01\x00\xef\xe1\x1e\x01\x00\xef\xe1\x1f\x01\x00\xef\xe1\x1e\x02\x00\xef\xe1\x1c\x02\x00\xef\xe1\x18\x02\x00\xef\xe1\x10\x02\x00\xef\xe1\x00\x02\x00\xef'
2020-07-10 04:22:54.356219, cycle count 2052, gpio values 1330331, 0, 0, 69277, status messages:  b'\xe1\x10\x01\x00\xef\xe1\x18\x01\x00\xef\xe1\x1c\x01\x00\xef\xe1\x1e\x01\x00\xef\xe1\x1f\x01\x00\xef\xe1\x1e\x02\x00\xef\xe1\x1c\x02\x00\xef\xe1\x18\x02\x00\xef\xe1\x10\x02\x00\xef\xe1\x00\x02\x00\xef'
2020-07-10 04:23:10.036246, cycle count 2053, gpio values 1330926, 0, 0, 69305, status messages:  b'\xe1\x10\x01\x00\xef\xe1\x18\x01\x00\xef\xe1\x1c\x01\x00\xef\xe1\x1e\x01\x00\xef\xe1\x1f\x01\x00\xef\xe1\x1e\x02\x00\xef\xe1\x1c\x02\x00\xef\xe1\x18\x02\x00\xef\xe1\x10\x02\x00\xef\xe1\x00\x02\x00\xef'
2020-07-10 04:23:25.976459, cycle count 2054, gpio values 1331556, 0, 0, 69341, status messages:  b'\xe1\x10\x01\x00\xef\xe1\x18\x01\x00\xef\xe1\x1c\x01\x00\xef\xe1\x1e\x01\x00\xef\xe1\x1f\x01\x00\xef\xe1\x1e\x02\x00\xef\xe1\x1c\x02\x00\xef\xe1\x18\x02\x00\xef\xe1\x10\x02\x00\xef\xe1\x00\x02\x00\xef'
2020-07-10 04:23:41.916838, cycle count 2055, gpio values 1332186, 0, 0, 69377, status messages:  b'\xe1\x10\x01\x00\xef\xe1\x18\x01\x00\xef\xe1\x1c\x01\x00\xef\xe1\x1e\x01\x00\xef\xe1\x1f\x01\x00\xef\xe1\x1e\x02\x00\xef\xe1\x1c\x02\x00\xef\xe1\x18\x02\x00\xef\xe1\x10\x02\x00\xef\xe1\x00\x02\x00\xef'
2020-07-10 04:23:57.857271, cycle count 2056, gpio values 1332816, 0, 0, 69413, status messages:  b'\xe1\x10\x01\x00\xef\xe1\x18\x01\x00\xef\xe1\x1c\x01\x00\xef\xe1\x1e\x01\x00\xef\xe1\x1f\x01\x00\xef\xe1\x1e\x02\x00\xef\xe1\x1c\x02\x00\xef\xe1\x18\x02\x00\xef\xe1\x10\x02\x00\xef\xe1\x00\x02\x00\xef'
2020-07-10 04:24:13.797708, cycle count 2057, gpio values 1333446, 0, 0, 69449, status messages:  b'\xe1\x10\x01\x00\xef\xe1\x18\x01\x00\xef\xe1\x1c\x01\x00\xef\xe1\x1e\x01\x00\xef\xe1\x1f\x01\x00\xef\xe1\x1e\x02\x00\xef\xe1\x1c\x02\x00\xef\xe1\x18\x02\x00\xef\xe1\x10\x02\x00\xef\xe1\x00\x02\x00\xef'
2020-07-10 04:24:29.737066, cycle count 2058, gpio values 1334076, 0, 0, 69477, status messages:  b'\xe1\x10\x01\x00\xef\xe1\x18\x01\x00\xef\xe1\x1c\x01\x00\xef\xe1\x1e\x01\x00\xef\xe1\x1f\x01\x00\xef\xe1\x1e\x02\x00\xef\xe1\x1c\x02\x00\xef\xe1\x18\x02\x00\xef\xe1\x10\x02\x00\xef\xe1\x00\x02\x00\xef'
2020-07-10 04:24:45.677796, cycle count 2059, gpio values 1334706, 0, 0, 69513, status messages:  b'\xe1\x10\x01\x00\xef\xe1\x18\x01\x00\xef\xe1\x1c\x01\x00\xef\xe1\x1e\x01\x00\xef\xe1\x1f\x01\x00\xef\xe1\x1e\x02\x00\xef\xe1\x1c\x02\x00\xef\xe1\x18\x02\x00\xef\xe1\x10\x02\x00\xef\xe1\x00\x02\x00\xef'
2020-07-10 04:25:01.617812, cycle count 2060, gpio values 1335336, 0, 0, 69549, status messages:  b'\xe1\x10\x01\x00\xef\xe1\x18\x01\x00\xef\xe1\x1c\x01\x00\xef\xe1\x1e\x01\x00\xef\xe1\x1f\x01\x00\xef\xe1\x1e\x02\x00\xef\xe1\x1c\x02\x00\xef\xe1\x18\x02\x00\xef\xe1\x10\x02\x00\xef\xe1\x00\x02\x00\xef'
2020-07-10 04:25:17.299106, cycle count 2061, gpio values 1335931, 0, 0, 69577, status messages:  b'\xe1\x10\x01\x00\xef\xe1\x18\x01\x00\xef\xe1\x1c\x01\x00\xef\xe1\x1e\x01\x00\xef\xe1\x1f\x01\x00\xef\xe1\x1e\x02\x00\xef\xe1\x1c\x02\x00\xef\xe1\x18\x02\x00\xef\xe1\x10\x02\x00\xef\xe1\x00\x02\x00\xef'
2020-07-10 04:25:33.239980, cycle count 2062, gpio values 1336561, 0, 0, 69613, status messages:  b'\xe1\x10\x01\x00\xef\xe1\x18\x01\x00\xef\xe1\x1c\x01\x00\xef\xe1\x1e\x01\x00\xef\xe1\x1f\x01\x00\xef\xe1\x1e\x02\x00\xef\xe1\x1c\x02\x00\xef\xe1\x18\x02\x00\xef\xe1\x10\x02\x00\xef\xe1\x00\x02\x00\xef'
2020-07-10 04:25:48.920232, cycle count 2063, gpio values 1337156, 0, 0, 69649, status messages:  b'\xe1\x10\x01\x00\xef\xe1\x18\x01\x00\xef\xe1\x1c\x01\x00\xef\xe1\x1e\x01\x00\xef\xe1\x1f\x01\x00\xef\xe1\x1e\x02\x00\xef\xe1\x1c\x02\x00\xef\xe1\x18\x02\x00\xef\xe1\x10\x02\x00\xef\xe1\x00\x02\x00\xef'
2020-07-10 04:26:04.860346, cycle count 2064, gpio values 1337786, 0, 0, 69685, status messages:  b'\xe1\x10\x01\x00\xef\xe1\x18\x01\x00\xef\xe1\x1c\x01\x00\xef\xe1\x1e\x01\x00\xef\xe1\x1f\x01\x00\xef\xe1\x1e\x02\x00\xef\xe1\x1c\x02\x00\xef\xe1\x18\x02\x00\xef\xe1\x10\x02\x00\xef\xe1\x00\x02\x00\xef'
2020-07-10 04:26:20.800272, cycle count 2065, gpio values 1338381, 0, 0, 69730, status messages:  b'\xe1\x10\x01\x00\xef\xe1\x18\x01\x00\xef\xe1\x1c\x01\x00\xef\xe1\x1e\x01\x00\xef\xe1\x1f\x01\x00\xef\xe1\x1e\x02\x00\xef\xe1\x1c\x02\x00\xef\xe1\x18\x02\x00\xef\xe1\x10\x02\x00\xef\xe1\x00\x02\x00\xef'
2020-07-10 04:26:36.481396, cycle count 2066, gpio values 1338976, 0, 0, 69766, status messages:  b'\xe1\x10\x01\x00\xef\xe1\x18\x01\x00\xef\xe1\x1c\x01\x00\xef\xe1\x1e\x01\x00\xef\xe1\x1f\x01\x00\xef\xe1\x1e\x02\x00\xef\xe1\x1c\x02\x00\xef\xe1\x18\x02\x00\xef\xe1\x10\x02\x00\xef\xe1\x00\x02\x00\xef'
2020-07-10 04:26:52.421309, cycle count 2067, gpio values 1339606, 0, 0, 69794, status messages:  b'\xe1\x10\x01\x00\xef\xe1\x18\x01\x00\xef\xe1\x1c\x01\x00\xef\xe1\x1e\x01\x00\xef\xe1\x1f\x01\x00\xef\xe1\x1e\x02\x00\xef\xe1\x1c\x02\x00\xef\xe1\x18\x02\x00\xef\xe1\x10\x02\x00\xef\xe1\x00\x02\x00\xef'
2020-07-10 04:27:08.101973, cycle count 2068, gpio values 1340201, 0, 0, 69830, status messages:  b'\xe1\x10\x01\x00\xef\xe1\x18\x01\x00\xef\xe1\x1c\x01\x00\xef\xe1\x1e\x01\x00\xef\xe1\x1f\x01\x00\xef\xe1\x1e\x02\x00\xef\xe1\x1c\x02\x00\xef\xe1\x18\x02\x00\xef\xe1\x10\x02\x00\xef\xe1\x00\x02\x00\xef'
2020-07-10 04:27:24.042899, cycle count 2069, gpio values 1340831, 0, 0, 69866, status messages:  b'\xe1\x10\x01\x00\xef\xe1\x18\x01\x00\xef\xe1\x1c\x01\x00\xef\xe1\x1e\x01\x00\xef\xe1\x1f\x01\x00\xef\xe1\x1e\x02\x00\xef\xe1\x1c\x02\x00\xef\xe1\x18\x02\x00\xef\xe1\x10\x02\x00\xef\xe1\x00\x02\x00\xef'
2020-07-10 04:27:39.723541, cycle count 2070, gpio values 1341426, 0, 0, 69902, status messages:  b'\xe1\x10\x01\x00\xef\xe1\x18\x01\x00\xef\xe1\x1c\x01\x00\xef\xe1\x1e\x01\x00\xef\xe1\x1f\x01\x00\xef\xe1\x1e\x02\x00\xef\xe1\x1c\x02\x00\xef\xe1\x18\x02\x00\xef\xe1\x10\x02\x00\xef\xe1\x00\x02\x00\xef'
2020-07-10 04:27:55.662911, cycle count 2071, gpio values 1342056, 0, 0, 69938, status messages:  b'\xe1\x10\x01\x00\xef\xe1\x18\x01\x00\xef\xe1\x1c\x01\x00\xef\xe1\x1e\x01\x00\xef\xe1\x1f\x01\x00\xef\xe1\x1e\x02\x00\xef\xe1\x1c\x02\x00\xef\xe1\x18\x02\x00\xef\xe1\x10\x02\x00\xef\xe1\x00\x02\x00\xef'
2020-07-10 04:28:11.343626, cycle count 2072, gpio values 1342686, 0, 0, 69974, status messages:  b'\xe1\x10\x01\x00\xef\xe1\x18\x01\x00\xef\xe1\x1c\x01\x00\xef\xe1\x1e\x01\x00\xef\xe1\x1f\x01\x00\xef\xe1\x1e\x02\x00\xef\xe1\x1c\x02\x00\xef\xe1\x18\x02\x00\xef\xe1\x10\x02\x00\xef\xe1\x00\x02\x00\xef'
2020-07-10 04:28:27.284030, cycle count 2073, gpio values 1343352, 0, 0, 70010, status messages:  b'\xe1\x10\x01\x00\xef\xe1\x18\x01\x00\xef\xe1\x1c\x01\x00\xef\xe1\x1e\x01\x00\xef\xe1\x1f\x01\x00\xef\xe1\x1e\x02\x00\xef\xe1\x1c\x02\x00\xef\xe1\x18\x02\x00\xef\xe1\x10\x02\x00\xef\xe1\x00\x02\x00\xef'
2020-07-10 04:28:42.965517, cycle count 2074, gpio values 1343947, 0, 0, 70046, status messages:  b'\xe1\x10\x01\x00\xef\xe1\x18\x01\x00\xef\xe1\x1c\x01\x00\xef\xe1\x1e\x01\x00\xef\xe1\x1f\x01\x00\xef\xe1\x1e\x02\x00\xef\xe1\x1c\x02\x00\xef\xe1\x18\x02\x00\xef\xe1\x10\x02\x00\xef\xe1\x00\x02\x00\xef'
2020-07-10 04:28:58.646534, cycle count 2075, gpio values 1344542, 0, 0, 70082, status messages:  b'\xe1\x10\x01\x00\xef\xe1\x18\x01\x00\xef\xe1\x1c\x01\x00\xef\xe1\x1e\x01\x00\xef\xe1\x1f\x01\x00\xef\xe1\x1e\x02\x00\xef\xe1\x1c\x02\x00\xef\xe1\x18\x02\x00\xef\xe1\x10\x02\x00\xef\xe1\x00\x02\x00\xef'
2020-07-10 04:29:14.327659, cycle count 2076, gpio values 1345137, 0, 0, 70118, status messages:  b'\xe1\x10\x01\x00\xef\xe1\x18\x01\x00\xef\xe1\x1c\x01\x00\xef\xe1\x1e\x01\x00\xef\xe1\x1f\x01\x00\xef\xe1\x1e\x02\x00\xef\xe1\x1c\x02\x00\xef\xe1\x18\x02\x00\xef\xe1\x10\x02\x00\xef\xe1\x00\x02\x00\xef'
2020-07-10 04:29:30.008633, cycle count 2077, gpio values 1345732, 0, 0, 70154, status messages:  b'\xe1\x10\x01\x00\xef\xe1\x18\x01\x00\xef\xe1\x1c\x01\x00\xef\xe1\x1e\x01\x00\xef\xe1\x1f\x01\x00\xef\xe1\x1e\x02\x00\xef\xe1\x1c\x02\x00\xef\xe1\x18\x02\x00\xef\xe1\x10\x02\x00\xef\xe1\x00\x02\x00\xef'
2020-07-10 04:29:45.689718, cycle count 2078, gpio values 1346327, 0, 0, 70190, status messages:  b'\xe1\x10\x01\x00\xef\xe1\x18\x01\x00\xef\xe1\x1c\x01\x00\xef\xe1\x1e\x01\x00\xef\xe1\x1f\x01\x00\xef\xe1\x1e\x02\x00\xef\xe1\x1c\x02\x00\xef\xe1\x18\x02\x00\xef\xe1\x10\x02\x00\xef\xe1\x00\x02\x00\xef'
2020-07-10 04:30:01.111250, cycle count 2079, gpio values 1346922, 0, 0, 70218, status messages:  b'\xe1\x10\x01\x00\xef\xe1\x18\x01\x00\xef\xe1\x1c\x01\x00\xef\xe1\x1e\x01\x00\xef\xe1\x1f\x01\x00\xef\xe1\x1e\x02\x00\xef\xe1\x1c\x02\x00\xef\xe1\x18\x02\x00\xef\xe1\x10\x02\x00\xef\xe1\x00\x02\x00\xef'
2020-07-10 04:30:16.792016, cycle count 2080, gpio values 1347517, 0, 0, 70254, status messages:  b'\xe1\x10\x01\x00\xef\xe1\x18\x01\x00\xef\xe1\x1c\x01\x00\xef\xe1\x1e\x01\x00\xef\xe1\x1f\x01\x00\xef\xe1\x1e\x02\x00\xef\xe1\x1c\x02\x00\xef\xe1\x18\x02\x00\xef\xe1\x10\x02\x00\xef\xe1\x00\x02\x00\xef'
2020-07-10 04:30:32.229727, cycle count 2081, gpio values 1348112, 0, 0, 70282, status messages:  b'\xe1\x10\x01\x00\xef\xe1\x18\x01\x00\xef\xe1\x1c\x01\x00\xef\xe1\x1e\x01\x00\xef\xe1\x1f\x01\x00\xef\xe1\x1e\x02\x00\xef\xe1\x1c\x02\x00\xef\xe1\x18\x02\x00\xef\xe1\x10\x02\x00\xef\xe1\x00\x02\x00\xef'
2020-07-10 04:30:47.927548, cycle count 2082, gpio values 1348707, 0, 0, 70318, status messages:  b'\xe1\x10\x01\x00\xef\xe1\x18\x01\x00\xef\xe1\x1c\x01\x00\xef\xe1\x1e\x01\x00\xef\xe1\x1f\x01\x00\xef\xe1\x1e\x02\x00\xef\xe1\x1c\x02\x00\xef\xe1\x18\x02\x00\xef\xe1\x10\x02\x00\xef\xe1\x00\x02\x00\xef'
2020-07-10 04:31:03.609361, cycle count 2083, gpio values 1349302, 0, 0, 70354, status messages:  b'\xe1\x10\x01\x00\xef\xe1\x18\x01\x00\xef\xe1\x1c\x01\x00\xef\xe1\x1e\x01\x00\xef\xe1\x1f\x01\x00\xef\xe1\x1e\x02\x00\xef\xe1\x1c\x02\x00\xef\xe1\x18\x02\x00\xef\xe1\x10\x02\x00\xef\xe1\x00\x02\x00\xef'
2020-07-10 04:31:19.031186, cycle count 2084, gpio values 1349897, 0, 0, 70382, status messages:  b'\xe1\x10\x01\x00\xef\xe1\x18\x01\x00\xef\xe1\x1c\x01\x00\xef\xe1\x1e\x01\x00\xef\xe1\x1f\x01\x00\xef\xe1\x1e\x02\x00\xef\xe1\x1c\x02\x00\xef\xe1\x18\x02\x00\xef\xe1\x10\x02\x00\xef\xe1\x00\x02\x00\xef'
2020-07-10 04:31:34.468078, cycle count 2085, gpio values 1350492, 0, 0, 70410, status messages:  b'\xe1\x10\x01\x00\xef\xe1\x18\x01\x00\xef\xe1\x1c\x01\x00\xef\xe1\x1e\x01\x00\xef\xe1\x1f\x01\x00\xef\xe1\x1e\x02\x00\xef\xe1\x1c\x02\x00\xef\xe1\x18\x02\x00\xef\xe1\x10\x02\x00\xef\xe1\x00\x02\x00\xef'
2020-07-10 04:31:50.166912, cycle count 2086, gpio values 1351087, 0, 0, 70446, status messages:  b'\xe1\x10\x01\x00\xef\xe1\x18\x01\x00\xef\xe1\x1c\x01\x00\xef\xe1\x1e\x01\x00\xef\xe1\x1f\x01\x00\xef\xe1\x1e\x02\x00\xef\xe1\x1c\x02\x00\xef\xe1\x18\x02\x00\xef\xe1\x10\x02\x00\xef\xe1\x00\x02\x00\xef'
2020-07-10 04:32:05.847140, cycle count 2087, gpio values 1351682, 0, 0, 70482, status messages:  b'\xe1\x10\x01\x00\xef\xe1\x18\x01\x00\xef\xe1\x1c\x01\x00\xef\xe1\x1e\x01\x00\xef\xe1\x1f\x01\x00\xef\xe1\x1e\x02\x00\xef\xe1\x1c\x02\x00\xef\xe1\x18\x02\x00\xef\xe1\x10\x02\x00\xef\xe1\x00\x02\x00\xef'
2020-07-10 04:32:21.268361, cycle count 2088, gpio values 1352277, 0, 0, 70510, status messages:  b'\xe1\x10\x01\x00\xef\xe1\x18\x01\x00\xef\xe1\x1c\x01\x00\xef\xe1\x1e\x01\x00\xef\xe1\x1f\x01\x00\xef\xe1\x1e\x02\x00\xef\xe1\x1c\x02\x00\xef\xe1\x18\x02\x00\xef\xe1\x10\x02\x00\xef\xe1\x00\x02\x00\xef'
2020-07-10 04:32:36.949433, cycle count 2089, gpio values 1352872, 0, 0, 70546, status messages:  b'\xe1\x10\x01\x00\xef\xe1\x18\x01\x00\xef\xe1\x1c\x01\x00\xef\xe1\x1e\x01\x00\xef\xe1\x1f\x01\x00\xef\xe1\x1e\x02\x00\xef\xe1\x1c\x02\x00\xef\xe1\x18\x02\x00\xef\xe1\x10\x02\x00\xef\xe1\x00\x02\x00\xef'
2020-07-10 04:32:52.646954, cycle count 2090, gpio values 1353467, 0, 0, 70582, status messages:  b'\xe1\x10\x01\x00\xef\xe1\x18\x01\x00\xef\xe1\x1c\x01\x00\xef\xe1\x1e\x01\x00\xef\xe1\x1f\x01\x00\xef\xe1\x1e\x02\x00\xef\xe1\x1c\x02\x00\xef\xe1\x18\x02\x00\xef\xe1\x10\x02\x00\xef\xe1\x00\x02\x00\xef'
2020-07-10 04:33:08.070013, cycle count 2091, gpio values 1354062, 0, 0, 70610, status messages:  b'\xe1\x10\x01\x00\xef\xe1\x18\x01\x00\xef\xe1\x1c\x01\x00\xef\xe1\x1e\x01\x00\xef\xe1\x1f\x01\x00\xef\xe1\x1e\x02\x00\xef\xe1\x1c\x02\x00\xef\xe1\x18\x02\x00\xef\xe1\x10\x02\x00\xef\xe1\x00\x02\x00\xef'
2020-07-10 04:33:23.490968, cycle count 2092, gpio values 1354657, 0, 0, 70638, status messages:  b'\xe1\x10\x01\x00\xef\xe1\x18\x01\x00\xef\xe1\x1c\x01\x00\xef\xe1\x1e\x01\x00\xef\xe1\x1f\x01\x00\xef\xe1\x1e\x02\x00\xef\xe1\x1c\x02\x00\xef\xe1\x18\x02\x00\xef\xe1\x10\x02\x00\xef\xe1\x00\x02\x00\xef'
2020-07-10 04:33:39.171835, cycle count 2093, gpio values 1355252, 0, 0, 70674, status messages:  b'\xe1\x10\x01\x00\xef\xe1\x18\x01\x00\xef\xe1\x1c\x01\x00\xef\xe1\x1e\x01\x00\xef\xe1\x1f\x01\x00\xef\xe1\x1e\x02\x00\xef\xe1\x1c\x02\x00\xef\xe1\x18\x02\x00\xef\xe1\x10\x02\x00\xef\xe1\x00\x02\x00\xef'
2020-07-10 04:33:54.594036, cycle count 2094, gpio values 1355847, 0, 0, 70702, status messages:  b'\xe1\x10\x01\x00\xef\xe1\x18\x01\x00\xef\xe1\x1c\x01\x00\xef\xe1\x1e\x01\x00\xef\xe1\x1f\x01\x00\xef\xe1\x1e\x02\x00\xef\xe1\x1c\x02\x00\xef\xe1\x18\x02\x00\xef\xe1\x10\x02\x00\xef\xe1\x00\x02\x00\xef'
2020-07-10 04:34:10.275192, cycle count 2095, gpio values 1356442, 0, 0, 70738, status messages:  b'\xe1\x10\x01\x00\xef\xe1\x18\x01\x00\xef\xe1\x1c\x01\x00\xef\xe1\x1e\x01\x00\xef\xe1\x1f\x01\x00\xef\xe1\x1e\x02\x00\xef\xe1\x1c\x02\x00\xef\xe1\x18\x02\x00\xef\xe1\x10\x02\x00\xef\xe1\x00\x02\x00\xef'
2020-07-10 04:34:25.957641, cycle count 2096, gpio values 1357037, 0, 0, 70774, status messages:  b'\xe1\x10\x01\x00\xef\xe1\x18\x01\x00\xef\xe1\x1c\x01\x00\xef\xe1\x1e\x01\x00\xef\xe1\x1f\x01\x00\xef\xe1\x1e\x02\x00\xef\xe1\x1c\x02\x00\xef\xe1\x18\x02\x00\xef\xe1\x10\x02\x00\xef\xe1\x00\x02\x00\xef'
2020-07-10 04:34:41.378954, cycle count 2097, gpio values 1357632, 0, 0, 70802, status messages:  b'\xe1\x10\x01\x00\xef\xe1\x18\x01\x00\xef\xe1\x1c\x01\x00\xef\xe1\x1e\x01\x00\xef\xe1\x1f\x01\x00\xef\xe1\x1e\x02\x00\xef\xe1\x1c\x02\x00\xef\xe1\x18\x02\x00\xef\xe1\x10\x02\x00\xef\xe1\x00\x02\x00\xef'
2020-07-10 04:34:56.800717, cycle count 2098, gpio values 1358227, 0, 0, 70830, status messages:  b'\xe1\x10\x01\x00\xef\xe1\x18\x01\x00\xef\xe1\x1c\x01\x00\xef\xe1\x1e\x01\x00\xef\xe1\x1f\x01\x00\xef\xe1\x1e\x02\x00\xef\xe1\x1c\x02\x00\xef\xe1\x18\x02\x00\xef\xe1\x10\x02\x00\xef\xe1\x00\x02\x00\xef'
2020-07-10 04:35:12.482630, cycle count 2099, gpio values 1358822, 0, 0, 70866, status messages:  b'\xe1\x10\x01\x00\xef\xe1\x18\x01\x00\xef\xe1\x1c\x01\x00\xef\xe1\x1e\x01\x00\xef\xe1\x1f\x01\x00\xef\xe1\x1e\x02\x00\xef\xe1\x1c\x02\x00\xef\xe1\x18\x02\x00\xef\xe1\x10\x02\x00\xef\xe1\x00\x02\x00\xef'
2020-07-10 04:35:27.904886, cycle count 2100, gpio values 1359417, 0, 0, 70894, status messages:  b'\xe1\x10\x01\x00\xef\xe1\x18\x01\x00\xef\xe1\x1c\x01\x00\xef\xe1\x1e\x01\x00\xef\xe1\x1f\x01\x00\xef\xe1\x1e\x02\x00\xef\xe1\x1c\x02\x00\xef\xe1\x18\x02\x00\xef\xe1\x10\x02\x00\xef\xe1\x00\x02\x00\xef'
2020-07-10 04:35:43.584871, cycle count 2101, gpio values 1360012, 0, 0, 70930, status messages:  b'\xe1\x10\x01\x00\xef\xe1\x18\x01\x00\xef\xe1\x1c\x01\x00\xef\xe1\x1e\x01\x00\xef\xe1\x1f\x01\x00\xef\xe1\x1e\x02\x00\xef\xe1\x1c\x02\x00\xef\xe1\x18\x02\x00\xef\xe1\x10\x02\x00\xef\xe1\x00\x02\x00\xef'
2020-07-10 04:35:59.023056, cycle count 2102, gpio values 1360607, 0, 0, 70958, status messages:  b'\xe1\x10\x01\x00\xef\xe1\x18\x01\x00\xef\xe1\x1c\x01\x00\xef\xe1\x1e\x01\x00\xef\xe1\x1f\x01\x00\xef\xe1\x1e\x02\x00\xef\xe1\x1c\x02\x00\xef\xe1\x18\x02\x00\xef\xe1\x10\x02\x00\xef\xe1\x00\x02\x00\xef'
2020-07-10 04:36:14.704926, cycle count 2103, gpio values 1361202, 0, 0, 70994, status messages:  b'\xe1\x10\x01\x00\xef\xe1\x18\x01\x00\xef\xe1\x1c\x01\x00\xef\xe1\x1e\x01\x00\xef\xe1\x1f\x01\x00\xef\xe1\x1e\x02\x00\xef\xe1\x1c\x02\x00\xef\xe1\x18\x02\x00\xef\xe1\x10\x02\x00\xef\xe1\x00\x02\x00\xef'
2020-07-10 04:36:30.402508, cycle count 2104, gpio values 1361797, 0, 0, 71030, status messages:  b'\xe1\x10\x01\x00\xef\xe1\x18\x01\x00\xef\xe1\x1c\x01\x00\xef\xe1\x1e\x01\x00\xef\xe1\x1f\x01\x00\xef\xe1\x1e\x02\x00\xef\xe1\x1c\x02\x00\xef\xe1\x18\x02\x00\xef\xe1\x10\x02\x00\xef\xe1\x00\x02\x00\xef'
2020-07-10 04:36:45.823400, cycle count 2105, gpio values 1362392, 0, 0, 71058, status messages:  b'\xe1\x10\x01\x00\xef\xe1\x18\x01\x00\xef\xe1\x1c\x01\x00\xef\xe1\x1e\x01\x00\xef\xe1\x1f\x01\x00\xef\xe1\x1e\x02\x00\xef\xe1\x1c\x02\x00\xef\xe1\x18\x02\x00\xef\xe1\x10\x02\x00\xef\xe1\x00\x02\x00\xef'
2020-07-10 04:37:01.503984, cycle count 2106, gpio values 1362987, 0, 0, 71094, status messages:  b'\xe1\x10\x01\x00\xef\xe1\x18\x01\x00\xef\xe1\x1c\x01\x00\xef\xe1\x1e\x01\x00\xef\xe1\x1f\x01\x00\xef\xe1\x1e\x02\x00\xef\xe1\x1c\x02\x00\xef\xe1\x18\x02\x00\xef\xe1\x10\x02\x00\xef\xe1\x00\x02\x00\xef'
2020-07-10 04:37:16.925854, cycle count 2107, gpio values 1363582, 0, 0, 71122, status messages:  b'\xe1\x10\x01\x00\xef\xe1\x18\x01\x00\xef\xe1\x1c\x01\x00\xef\xe1\x1e\x01\x00\xef\xe1\x1f\x01\x00\xef\xe1\x1e\x02\x00\xef\xe1\x1c\x02\x00\xef\xe1\x18\x02\x00\xef\xe1\x10\x02\x00\xef\xe1\x00\x02\x00\xef'
2020-07-10 04:37:32.739023, cycle count 2108, gpio values 1364212, 0, 0, 71158, status messages:  b'\xe1\x10\x01\x00\xef\xe1\x18\x01\x00\xef\xe1\x1c\x01\x00\xef\xe1\x1e\x01\x00\xef\xe1\x1f\x01\x00\xef\xe1\x1e\x02\x00\xef\xe1\x1c\x02\x00\xef\xe1\x18\x02\x00\xef\xe1\x10\x02\x00\xef\xe1\x00\x02\x00\xef'
2020-07-10 04:37:48.160985, cycle count 2109, gpio values 1364807, 0, 0, 71186, status messages:  b'\xe1\x10\x01\x00\xef\xe1\x18\x01\x00\xef\xe1\x1c\x01\x00\xef\xe1\x1e\x01\x00\xef\xe1\x1f\x01\x00\xef\xe1\x1e\x02\x00\xef\xe1\x1c\x02\x00\xef\xe1\x18\x02\x00\xef\xe1\x10\x02\x00\xef\xe1\x00\x02\x00\xef'
2020-07-10 04:38:03.841950, cycle count 2110, gpio values 1365402, 0, 0, 71222, status messages:  b'\xe1\x10\x01\x00\xef\xe1\x18\x01\x00\xef\xe1\x1c\x01\x00\xef\xe1\x1e\x01\x00\xef\xe1\x1f\x01\x00\xef\xe1\x1e\x02\x00\xef\xe1\x1c\x02\x00\xef\xe1\x18\x02\x00\xef\xe1\x10\x02\x00\xef\xe1\x00\x02\x00\xef'
2020-07-10 04:38:19.263227, cycle count 2111, gpio values 1365997, 0, 0, 71250, status messages:  b'\xe1\x10\x01\x00\xef\xe1\x18\x01\x00\xef\xe1\x1c\x01\x00\xef\xe1\x1e\x01\x00\xef\xe1\x1f\x01\x00\xef\xe1\x1e\x02\x00\xef\xe1\x1c\x02\x00\xef\xe1\x18\x02\x00\xef\xe1\x10\x02\x00\xef\xe1\x00\x02\x00\xef'
2020-07-10 04:38:34.943821, cycle count 2112, gpio values 1366592, 0, 0, 71286, status messages:  b'\xe1\x10\x01\x00\xef\xe1\x18\x01\x00\xef\xe1\x1c\x01\x00\xef\xe1\x1e\x01\x00\xef\xe1\x1f\x01\x00\xef\xe1\x1e\x02\x00\xef\xe1\x1c\x02\x00\xef\xe1\x18\x02\x00\xef\xe1\x10\x02\x00\xef\xe1\x00\x02\x00\xef'
2020-07-10 04:38:50.365906, cycle count 2113, gpio values 1367187, 0, 0, 71314, status messages:  b'\xe1\x10\x01\x00\xef\xe1\x18\x01\x00\xef\xe1\x1c\x01\x00\xef\xe1\x1e\x01\x00\xef\xe1\x1f\x01\x00\xef\xe1\x1e\x02\x00\xef\xe1\x1c\x02\x00\xef\xe1\x18\x02\x00\xef\xe1\x10\x02\x00\xef\xe1\x00\x02\x00\xef'
2020-07-10 04:39:05.787711, cycle count 2114, gpio values 1367782, 0, 0, 71342, status messages:  b'\xe1\x10\x01\x00\xef\xe1\x18\x01\x00\xef\xe1\x1c\x01\x00\xef\xe1\x1e\x01\x00\xef\xe1\x1f\x01\x00\xef\xe1\x1e\x02\x00\xef\xe1\x1c\x02\x00\xef\xe1\x18\x02\x00\xef\xe1\x10\x02\x00\xef\xe1\x00\x02\x00\xef'
2020-07-10 04:39:21.225824, cycle count 2115, gpio values 1368377, 0, 0, 71370, status messages:  b'\xe1\x10\x01\x00\xef\xe1\x18\x01\x00\xef\xe1\x1c\x01\x00\xef\xe1\x1e\x01\x00\xef\xe1\x1f\x01\x00\xef\xe1\x1e\x02\x00\xef\xe1\x1c\x02\x00\xef\xe1\x18\x02\x00\xef\xe1\x10\x02\x00\xef\xe1\x00\x02\x00\xef'
2020-07-10 04:39:36.656766, cycle count 2116, gpio values 1368972, 0, 0, 71398, status messages:  b'\xe1\x10\x01\x00\xef\xe1\x18\x01\x00\xef\xe1\x1c\x01\x00\xef\xe1\x1e\x01\x00\xef\xe1\x1f\x01\x00\xef\xe1\x1e\x02\x00\xef\xe1\x1c\x02\x00\xef\xe1\x18\x02\x00\xef\xe1\x10\x02\x00\xef\xe1\x00\x02\x00\xef'
2020-07-10 04:39:52.331586, cycle count 2117, gpio values 1369602, 0, 0, 71434, status messages:  b'\xe1\x10\x01\x00\xef\xe1\x18\x01\x00\xef\xe1\x1c\x01\x00\xef\xe1\x1e\x01\x00\xef\xe1\x1f\x01\x00\xef\xe1\x1e\x02\x00\xef\xe1\x1c\x02\x00\xef\xe1\x18\x02\x00\xef\xe1\x10\x02\x00\xef\xe1\x00\x02\x00\xef'
2020-07-10 04:40:08.064471, cycle count 2118, gpio values 1370232, 0, 0, 71470, status messages:  b'\xe1\x10\x01\x00\xef\xe1\x18\x01\x00\xef\xe1\x1c\x01\x00\xef\xe1\x1e\x01\x00\xef\xe1\x1f\x01\x00\xef\xe1\x1e\x02\x00\xef\xe1\x1c\x02\x00\xef\xe1\x18\x02\x00\xef\xe1\x10\x02\x00\xef\xe1\x00\x02\x00\xef'
2020-07-10 04:40:23.487715, cycle count 2119, gpio values 1370827, 0, 0, 71498, status messages:  b'\xe1\x10\x01\x00\xef\xe1\x18\x01\x00\xef\xe1\x1c\x01\x00\xef\xe1\x1e\x01\x00\xef\xe1\x1f\x01\x00\xef\xe1\x1e\x02\x00\xef\xe1\x1c\x02\x00\xef\xe1\x18\x02\x00\xef\xe1\x10\x02\x00\xef\xe1\x00\x02\x00\xef'
2020-07-10 04:40:38.908394, cycle count 2120, gpio values 1371422, 0, 0, 71526, status messages:  b'\xe1\x10\x01\x00\xef\xe1\x18\x01\x00\xef\xe1\x1c\x01\x00\xef\xe1\x1e\x01\x00\xef\xe1\x1f\x01\x00\xef\xe1\x1e\x02\x00\xef\xe1\x1c\x02\x00\xef\xe1\x18\x02\x00\xef\xe1\x10\x02\x00\xef\xe1\x00\x02\x00\xef'
2020-07-10 04:40:54.589555, cycle count 2121, gpio values 1372017, 0, 0, 71562, status messages:  b'\xe1\x10\x01\x00\xef\xe1\x18\x01\x00\xef\xe1\x1c\x01\x00\xef\xe1\x1e\x01\x00\xef\xe1\x1f\x01\x00\xef\xe1\x1e\x02\x00\xef\xe1\x1c\x02\x00\xef\xe1\x18\x02\x00\xef\xe1\x10\x02\x00\xef\xe1\x00\x02\x00\xef'
2020-07-10 04:41:10.271242, cycle count 2122, gpio values 1372612, 0, 0, 71598, status messages:  b'\xe1\x10\x01\x00\xef\xe1\x18\x01\x00\xef\xe1\x1c\x01\x00\xef\xe1\x1e\x01\x00\xef\xe1\x1f\x01\x00\xef\xe1\x1e\x02\x00\xef\xe1\x1c\x02\x00\xef\xe1\x18\x02\x00\xef\xe1\x10\x02\x00\xef\xe1\x00\x02\x00\xef'
2020-07-10 04:41:25.951128, cycle count 2123, gpio values 1373207, 0, 0, 71634, status messages:  b'\xe1\x10\x01\x00\xef\xe1\x18\x01\x00\xef\xe1\x1c\x01\x00\xef\xe1\x1e\x01\x00\xef\xe1\x1f\x01\x00\xef\xe1\x1e\x02\x00\xef\xe1\x1c\x02\x00\xef\xe1\x18\x02\x00\xef\xe1\x10\x02\x00\xef\xe1\x00\x02\x00\xef'
2020-07-10 04:41:41.649982, cycle count 2124, gpio values 1373802, 0, 0, 71670, status messages:  b'\xe1\x10\x01\x00\xef\xe1\x18\x01\x00\xef\xe1\x1c\x01\x00\xef\xe1\x1e\x01\x00\xef\xe1\x1f\x01\x00\xef\xe1\x1e\x02\x00\xef\xe1\x1c\x02\x00\xef\xe1\x18\x02\x00\xef\xe1\x10\x02\x00\xef\xe1\x00\x02\x00\xef'
2020-07-10 04:41:57.346202, cycle count 2125, gpio values 1374397, 0, 0, 71706, status messages:  b'\xe1\x10\x01\x00\xef\xe1\x18\x01\x00\xef\xe1\x1c\x01\x00\xef\xe1\x1e\x01\x00\xef\xe1\x1f\x01\x00\xef\xe1\x1e\x02\x00\xef\xe1\x1c\x02\x00\xef\xe1\x18\x02\x00\xef\xe1\x10\x02\x00\xef\xe1\x00\x02\x00\xef'
2020-07-10 04:42:12.768320, cycle count 2126, gpio values 1374992, 0, 0, 71734, status messages:  b'\xe1\x10\x01\x00\xef\xe1\x18\x01\x00\xef\xe1\x1c\x01\x00\xef\xe1\x1e\x01\x00\xef\xe1\x1f\x01\x00\xef\xe1\x1e\x02\x00\xef\xe1\x1c\x02\x00\xef\xe1\x18\x02\x00\xef\xe1\x10\x02\x00\xef\xe1\x00\x02\x00\xef'
2020-07-10 04:42:28.449160, cycle count 2127, gpio values 1375587, 0, 0, 71770, status messages:  b'\xe1\x10\x01\x00\xef\xe1\x18\x01\x00\xef\xe1\x1c\x01\x00\xef\xe1\x1e\x01\x00\xef\xe1\x1f\x01\x00\xef\xe1\x1e\x02\x00\xef\xe1\x1c\x02\x00\xef\xe1\x18\x02\x00\xef\xe1\x10\x02\x00\xef\xe1\x00\x02\x00\xef'
2020-07-10 04:42:44.130429, cycle count 2128, gpio values 1376182, 0, 0, 71806, status messages:  b'\xe1\x10\x01\x00\xef\xe1\x18\x01\x00\xef\xe1\x1c\x01\x00\xef\xe1\x1e\x01\x00\xef\xe1\x1f\x01\x00\xef\xe1\x1e\x02\x00\xef\xe1\x1c\x02\x00\xef\xe1\x18\x02\x00\xef\xe1\x10\x02\x00\xef\xe1\x00\x02\x00\xef'
2020-07-10 04:42:59.569137, cycle count 2129, gpio values 1376777, 0, 0, 71834, status messages:  b'\xe1\x10\x01\x00\xef\xe1\x18\x01\x00\xef\xe1\x1c\x01\x00\xef\xe1\x1e\x01\x00\xef\xe1\x1f\x01\x00\xef\xe1\x1e\x02\x00\xef\xe1\x1c\x02\x00\xef\xe1\x18\x02\x00\xef\xe1\x10\x02\x00\xef\xe1\x00\x02\x00\xef'
2020-07-10 04:43:15.250126, cycle count 2130, gpio values 1377372, 0, 0, 71870, status messages:  b'\xe1\x10\x01\x00\xef\xe1\x18\x01\x00\xef\xe1\x1c\x01\x00\xef\xe1\x1e\x01\x00\xef\xe1\x1f\x01\x00\xef\xe1\x1e\x02\x00\xef\xe1\x1c\x02\x00\xef\xe1\x18\x02\x00\xef\xe1\x10\x02\x00\xef\xe1\x00\x02\x00\xef'
2020-07-10 04:43:30.688179, cycle count 2131, gpio values 1377967, 0, 0, 71898, status messages:  b'\xe1\x10\x01\x00\xef\xe1\x18\x01\x00\xef\xe1\x1c\x01\x00\xef\xe1\x1e\x01\x00\xef\xe1\x1f\x01\x00\xef\xe1\x1e\x02\x00\xef\xe1\x1c\x02\x00\xef\xe1\x18\x02\x00\xef\xe1\x10\x02\x00\xef\xe1\x00\x02\x00\xef'
2020-07-10 04:43:46.384485, cycle count 2132, gpio values 1378562, 0, 0, 71934, status messages:  b'\xe1\x10\x01\x00\xef\xe1\x18\x01\x00\xef\xe1\x1c\x01\x00\xef\xe1\x1e\x01\x00\xef\xe1\x1f\x01\x00\xef\xe1\x1e\x02\x00\xef\xe1\x1c\x02\x00\xef\xe1\x18\x02\x00\xef\xe1\x10\x02\x00\xef\xe1\x00\x02\x00\xef'
2020-07-10 04:44:02.065977, cycle count 2133, gpio values 1379157, 0, 0, 71970, status messages:  b'\xe1\x10\x01\x00\xef\xe1\x18\x01\x00\xef\xe1\x1c\x01\x00\xef\xe1\x1e\x01\x00\xef\xe1\x1f\x01\x00\xef\xe1\x1e\x02\x00\xef\xe1\x1c\x02\x00\xef\xe1\x18\x02\x00\xef\xe1\x10\x02\x00\xef\xe1\x00\x02\x00\xef'
2020-07-10 04:44:17.504704, cycle count 2134, gpio values 1379752, 0, 0, 71998, status messages:  b'\xe1\x10\x01\x00\xef\xe1\x18\x01\x00\xef\xe1\x1c\x01\x00\xef\xe1\x1e\x01\x00\xef\xe1\x1f\x01\x00\xef\xe1\x1e\x02\x00\xef\xe1\x1c\x02\x00\xef\xe1\x18\x02\x00\xef\xe1\x10\x02\x00\xef\xe1\x00\x02\x00\xef'
2020-07-10 04:44:33.184549, cycle count 2135, gpio values 1380347, 0, 0, 72034, status messages:  b'\xe1\x10\x01\x00\xef\xe1\x18\x01\x00\xef\xe1\x1c\x01\x00\xef\xe1\x1e\x01\x00\xef\xe1\x1f\x01\x00\xef\xe1\x1e\x02\x00\xef\xe1\x1c\x02\x00\xef\xe1\x18\x02\x00\xef\xe1\x10\x02\x00\xef\xe1\x00\x02\x00\xef'
2020-07-10 04:44:48.865855, cycle count 2136, gpio values 1380977, 0, 0, 72070, status messages:  b'\xe1\x10\x01\x00\xef\xe1\x18\x01\x00\xef\xe1\x1c\x01\x00\xef\xe1\x1e\x01\x00\xef\xe1\x1f\x01\x00\xef\xe1\x1e\x02\x00\xef\xe1\x1c\x02\x00\xef\xe1\x18\x02\x00\xef\xe1\x10\x02\x00\xef\xe1\x00\x02\x00\xef'
2020-07-10 04:45:04.563824, cycle count 2137, gpio values 1381572, 0, 0, 72106, status messages:  b'\xe1\x10\x01\x00\xef\xe1\x18\x01\x00\xef\xe1\x1c\x01\x00\xef\xe1\x1e\x01\x00\xef\xe1\x1f\x01\x00\xef\xe1\x1e\x02\x00\xef\xe1\x1c\x02\x00\xef\xe1\x18\x02\x00\xef\xe1\x10\x02\x00\xef\xe1\x00\x02\x00\xef'
2020-07-10 04:45:20.260072, cycle count 2138, gpio values 1382167, 0, 0, 72142, status messages:  b'\xe1\x10\x01\x00\xef\xe1\x18\x01\x00\xef\xe1\x1c\x01\x00\xef\xe1\x1e\x01\x00\xef\xe1\x1f\x01\x00\xef\xe1\x1e\x02\x00\xef\xe1\x1c\x02\x00\xef\xe1\x18\x02\x00\xef\xe1\x10\x02\x00\xef\xe1\x00\x02\x00\xef'
2020-07-10 04:45:35.940893, cycle count 2139, gpio values 1382762, 0, 0, 72178, status messages:  b'\xe1\x10\x01\x00\xef\xe1\x18\x01\x00\xef\xe1\x1c\x01\x00\xef\xe1\x1e\x01\x00\xef\xe1\x1f\x01\x00\xef\xe1\x1e\x02\x00\xef\xe1\x1c\x02\x00\xef\xe1\x18\x02\x00\xef\xe1\x10\x02\x00\xef\xe1\x00\x02\x00\xef'
2020-07-10 04:45:51.622035, cycle count 2140, gpio values 1383357, 0, 0, 72214, status messages:  b'\xe1\x10\x01\x00\xef\xe1\x18\x01\x00\xef\xe1\x1c\x01\x00\xef\xe1\x1e\x01\x00\xef\xe1\x1f\x01\x00\xef\xe1\x1e\x02\x00\xef\xe1\x1c\x02\x00\xef\xe1\x18\x02\x00\xef\xe1\x10\x02\x00\xef\xe1\x00\x02\x00\xef'
2020-07-10 04:46:07.044147, cycle count 2141, gpio values 1383952, 0, 0, 72242, status messages:  b'\xe1\x10\x01\x00\xef\xe1\x18\x01\x00\xef\xe1\x1c\x01\x00\xef\xe1\x1e\x01\x00\xef\xe1\x1f\x01\x00\xef\xe1\x1e\x02\x00\xef\xe1\x1c\x02\x00\xef\xe1\x18\x02\x00\xef\xe1\x10\x02\x00\xef\xe1\x00\x02\x00\xef'
2020-07-10 04:46:22.725121, cycle count 2142, gpio values 1384547, 0, 0, 72278, status messages:  b'\xe1\x10\x01\x00\xef\xe1\x18\x01\x00\xef\xe1\x1c\x01\x00\xef\xe1\x1e\x01\x00\xef\xe1\x1f\x01\x00\xef\xe1\x1e\x02\x00\xef\xe1\x1c\x02\x00\xef\xe1\x18\x02\x00\xef\xe1\x10\x02\x00\xef\xe1\x00\x02\x00\xef'
2020-07-10 04:46:38.406539, cycle count 2143, gpio values 1385142, 0, 0, 72314, status messages:  b'\xe1\x10\x01\x00\xef\xe1\x18\x01\x00\xef\xe1\x1c\x01\x00\xef\xe1\x1e\x01\x00\xef\xe1\x1f\x01\x00\xef\xe1\x1e\x02\x00\xef\xe1\x1c\x02\x00\xef\xe1\x18\x02\x00\xef\xe1\x10\x02\x00\xef\xe1\x00\x02\x00\xef'
2020-07-10 04:46:54.119726, cycle count 2144, gpio values 1385737, 0, 0, 72350, status messages:  b'\xe1\x10\x01\x00\xef\xe1\x18\x01\x00\xef\xe1\x1c\x01\x00\xef\xe1\x1e\x01\x00\xef\xe1\x1f\x01\x00\xef\xe1\x1e\x02\x00\xef\xe1\x1c\x02\x00\xef\xe1\x18\x02\x00\xef\xe1\x10\x02\x00\xef\xe1\x00\x02\x00\xef'
2020-07-10 04:47:09.881976, cycle count 2145, gpio values 1386367, 0, 0, 72386, status messages:  b'\xe1\x10\x01\x00\xef\xe1\x18\x01\x00\xef\xe1\x1c\x01\x00\xef\xe1\x1e\x01\x00\xef\xe1\x1f\x01\x00\xef\xe1\x1e\x02\x00\xef\xe1\x1c\x02\x00\xef\xe1\x18\x02\x00\xef\xe1\x10\x02\x00\xef\xe1\x00\x02\x00\xef'
2020-07-10 04:47:25.579710, cycle count 2146, gpio values 1386962, 0, 0, 72422, status messages:  b'\xe1\x10\x01\x00\xef\xe1\x18\x01\x00\xef\xe1\x1c\x01\x00\xef\xe1\x1e\x01\x00\xef\xe1\x1f\x01\x00\xef\xe1\x1e\x02\x00\xef\xe1\x1c\x02\x00\xef\xe1\x18\x02\x00\xef\xe1\x10\x02\x00\xef\xe1\x00\x02\x00\xef'
2020-07-10 04:47:41.259712, cycle count 2147, gpio values 1387557, 0, 0, 72458, status messages:  b'\xe1\x10\x01\x00\xef\xe1\x18\x01\x00\xef\xe1\x1c\x01\x00\xef\xe1\x1e\x01\x00\xef\xe1\x1f\x01\x00\xef\xe1\x1e\x02\x00\xef\xe1\x1c\x02\x00\xef\xe1\x18\x02\x00\xef\xe1\x10\x02\x00\xef\xe1\x00\x02\x00\xef'
2020-07-10 04:47:56.941831, cycle count 2148, gpio values 1388152, 0, 0, 72494, status messages:  b'\xe1\x10\x01\x00\xef\xe1\x18\x01\x00\xef\xe1\x1c\x01\x00\xef\xe1\x1e\x01\x00\xef\xe1\x1f\x01\x00\xef\xe1\x1e\x02\x00\xef\xe1\x1c\x02\x00\xef\xe1\x18\x02\x00\xef\xe1\x10\x02\x00\xef\xe1\x00\x02\x00\xef'
2020-07-10 04:48:12.623579, cycle count 2149, gpio values 1388782, 0, 0, 72530, status messages:  b'\xe1\x10\x01\x00\xef\xe1\x18\x01\x00\xef\xe1\x1c\x01\x00\xef\xe1\x1e\x01\x00\xef\xe1\x1f\x01\x00\xef\xe1\x1e\x02\x00\xef\xe1\x1c\x02\x00\xef\xe1\x18\x02\x00\xef\xe1\x10\x02\x00\xef\xe1\x00\x02\x00\xef'
2020-07-10 04:48:28.303743, cycle count 2150, gpio values 1389377, 0, 0, 72566, status messages:  b'\xe1\x10\x01\x00\xef\xe1\x18\x01\x00\xef\xe1\x1c\x01\x00\xef\xe1\x1e\x01\x00\xef\xe1\x1f\x01\x00\xef\xe1\x1e\x02\x00\xef\xe1\x1c\x02\x00\xef\xe1\x18\x02\x00\xef\xe1\x10\x02\x00\xef\xe1\x00\x02\x00\xef'
2020-07-10 04:48:43.984933, cycle count 2151, gpio values 1389972, 0, 0, 72602, status messages:  b'\xe1\x10\x01\x00\xef\xe1\x18\x01\x00\xef\xe1\x1c\x01\x00\xef\xe1\x1e\x01\x00\xef\xe1\x1f\x01\x00\xef\xe1\x1e\x02\x00\xef\xe1\x1c\x02\x00\xef\xe1\x18\x02\x00\xef\xe1\x10\x02\x00\xef\xe1\x00\x02\x00\xef'
2020-07-10 04:48:59.407670, cycle count 2152, gpio values 1390567, 0, 0, 72630, status messages:  b'\xe1\x10\x01\x00\xef\xe1\x18\x01\x00\xef\xe1\x1c\x01\x00\xef\xe1\x1e\x01\x00\xef\xe1\x1f\x01\x00\xef\xe1\x1e\x02\x00\xef\xe1\x1c\x02\x00\xef\xe1\x18\x02\x00\xef\xe1\x10\x02\x00\xef\xe1\x00\x02\x00\xef'
2020-07-10 04:49:15.121459, cycle count 2153, gpio values 1391162, 0, 0, 72666, status messages:  b'\xe1\x10\x01\x00\xef\xe1\x18\x01\x00\xef\xe1\x1c\x01\x00\xef\xe1\x1e\x01\x00\xef\xe1\x1f\x01\x00\xef\xe1\x1e\x02\x00\xef\xe1\x1c\x02\x00\xef\xe1\x18\x02\x00\xef\xe1\x10\x02\x00\xef\xe1\x00\x02\x00\xef'
2020-07-10 04:49:30.542079, cycle count 2154, gpio values 1391757, 0, 0, 72694, status messages:  b'\xe1\x10\x01\x00\xef\xe1\x18\x01\x00\xef\xe1\x1c\x01\x00\xef\xe1\x1e\x01\x00\xef\xe1\x1f\x01\x00\xef\xe1\x1e\x02\x00\xef\xe1\x1c\x02\x00\xef\xe1\x18\x02\x00\xef\xe1\x10\x02\x00\xef\xe1\x00\x02\x00\xef'
2020-07-10 04:49:46.240051, cycle count 2155, gpio values 1392352, 0, 0, 72730, status messages:  b'\xe1\x10\x01\x00\xef\xe1\x18\x01\x00\xef\xe1\x1c\x01\x00\xef\xe1\x1e\x01\x00\xef\xe1\x1f\x01\x00\xef\xe1\x1e\x02\x00\xef\xe1\x1c\x02\x00\xef\xe1\x18\x02\x00\xef\xe1\x10\x02\x00\xef\xe1\x00\x02\x00\xef'
2020-07-10 04:50:01.921666, cycle count 2156, gpio values 1392947, 0, 0, 72766, status messages:  b'\xe1\x10\x01\x00\xef\xe1\x18\x01\x00\xef\xe1\x1c\x01\x00\xef\xe1\x1e\x01\x00\xef\xe1\x1f\x01\x00\xef\xe1\x1e\x02\x00\xef\xe1\x1c\x02\x00\xef\xe1\x18\x02\x00\xef\xe1\x10\x02\x00\xef\xe1\x00\x02\x00\xef'
2020-07-10 04:50:17.342817, cycle count 2157, gpio values 1393542, 0, 0, 72794, status messages:  b'\xe1\x10\x01\x00\xef\xe1\x18\x01\x00\xef\xe1\x1c\x01\x00\xef\xe1\x1e\x01\x00\xef\xe1\x1f\x01\x00\xef\xe1\x1e\x02\x00\xef\xe1\x1c\x02\x00\xef\xe1\x18\x02\x00\xef\xe1\x10\x02\x00\xef\xe1\x00\x02\x00\xef'
2020-07-10 04:50:33.024196, cycle count 2158, gpio values 1394137, 0, 0, 72830, status messages:  b'\xe1\x10\x01\x00\xef\xe1\x18\x01\x00\xef\xe1\x1c\x01\x00\xef\xe1\x1e\x01\x00\xef\xe1\x1f\x01\x00\xef\xe1\x1e\x02\x00\xef\xe1\x1c\x02\x00\xef\xe1\x18\x02\x00\xef\xe1\x10\x02\x00\xef\xe1\x00\x02\x00\xef'
2020-07-10 04:50:48.445655, cycle count 2159, gpio values 1394732, 0, 0, 72858, status messages:  b'\xe1\x10\x01\x00\xef\xe1\x18\x01\x00\xef\xe1\x1c\x01\x00\xef\xe1\x1e\x01\x00\xef\xe1\x1f\x01\x00\xef\xe1\x1e\x02\x00\xef\xe1\x1c\x02\x00\xef\xe1\x18\x02\x00\xef\xe1\x10\x02\x00\xef\xe1\x00\x02\x00\xef'
2020-07-10 04:51:04.142785, cycle count 2160, gpio values 1395327, 0, 0, 72894, status messages:  b'\xe1\x10\x01\x00\xef\xe1\x18\x01\x00\xef\xe1\x1c\x01\x00\xef\xe1\x1e\x01\x00\xef\xe1\x1f\x01\x00\xef\xe1\x1e\x02\x00\xef\xe1\x1c\x02\x00\xef\xe1\x18\x02\x00\xef\xe1\x10\x02\x00\xef\xe1\x00\x02\x00\xef'
2020-07-10 04:51:20.083634, cycle count 2161, gpio values 1395957, 0, 0, 72930, status messages:  b'\xe1\x10\x01\x00\xef\xe1\x18\x01\x00\xef\xe1\x1c\x01\x00\xef\xe1\x1e\x01\x00\xef\xe1\x1f\x01\x00\xef\xe1\x1e\x02\x00\xef\xe1\x1c\x02\x00\xef\xe1\x18\x02\x00\xef\xe1\x10\x02\x00\xef\xe1\x00\x02\x00\xef'
2020-07-10 04:51:35.763764, cycle count 2162, gpio values 1396552, 0, 0, 72966, status messages:  b'\xe1\x10\x01\x00\xef\xe1\x18\x01\x00\xef\xe1\x1c\x01\x00\xef\xe1\x1e\x01\x00\xef\xe1\x1f\x01\x00\xef\xe1\x1e\x02\x00\xef\xe1\x1c\x02\x00\xef\xe1\x18\x02\x00\xef\xe1\x10\x02\x00\xef\xe1\x00\x02\x00\xef'
2020-07-10 04:51:51.185135, cycle count 2163, gpio values 1397147, 0, 0, 72994, status messages:  b'\xe1\x10\x01\x00\xef\xe1\x18\x01\x00\xef\xe1\x1c\x01\x00\xef\xe1\x1e\x01\x00\xef\xe1\x1f\x01\x00\xef\xe1\x1e\x02\x00\xef\xe1\x1c\x02\x00\xef\xe1\x18\x02\x00\xef\xe1\x10\x02\x00\xef\xe1\x00\x02\x00\xef'
2020-07-10 04:52:06.882921, cycle count 2164, gpio values 1397742, 0, 0, 73030, status messages:  b'\xe1\x10\x01\x00\xef\xe1\x18\x01\x00\xef\xe1\x1c\x01\x00\xef\xe1\x1e\x01\x00\xef\xe1\x1f\x01\x00\xef\xe1\x1e\x02\x00\xef\xe1\x1c\x02\x00\xef\xe1\x18\x02\x00\xef\xe1\x10\x02\x00\xef\xe1\x00\x02\x00\xef'
2020-07-10 04:52:22.613348, cycle count 2165, gpio values 1398337, 0, 0, 73066, status messages:  b'\xe1\x10\x01\x00\xef\xe1\x18\x01\x00\xef\xe1\x1c\x01\x00\xef\xe1\x1e\x01\x00\xef\xe1\x1f\x01\x00\xef\xe1\x1e\x02\x00\xef\xe1\x1c\x02\x00\xef\xe1\x18\x02\x00\xef\xe1\x10\x02\x00\xef\xe1\x00\x02\x00\xef'
2020-07-10 04:52:38.294163, cycle count 2166, gpio values 1398932, 0, 0, 73102, status messages:  b'\xe1\x10\x01\x00\xef\xe1\x18\x01\x00\xef\xe1\x1c\x01\x00\xef\xe1\x1e\x01\x00\xef\xe1\x1f\x01\x00\xef\xe1\x1e\x02\x00\xef\xe1\x1c\x02\x00\xef\xe1\x18\x02\x00\xef\xe1\x10\x02\x00\xef\xe1\x00\x02\x00\xef'
2020-07-10 04:52:53.715852, cycle count 2167, gpio values 1399527, 0, 0, 73130, status messages:  b'\xe1\x10\x01\x00\xef\xe1\x18\x01\x00\xef\xe1\x1c\x01\x00\xef\xe1\x1e\x01\x00\xef\xe1\x1f\x01\x00\xef\xe1\x1e\x02\x00\xef\xe1\x1c\x02\x00\xef\xe1\x18\x02\x00\xef\xe1\x10\x02\x00\xef\xe1\x00\x02\x00\xef'
2020-07-10 04:53:09.396635, cycle count 2168, gpio values 1400122, 0, 0, 73166, status messages:  b'\xe1\x10\x01\x00\xef\xe1\x18\x01\x00\xef\xe1\x1c\x01\x00\xef\xe1\x1e\x01\x00\xef\xe1\x1f\x01\x00\xef\xe1\x1e\x02\x00\xef\xe1\x1c\x02\x00\xef\xe1\x18\x02\x00\xef\xe1\x10\x02\x00\xef\xe1\x00\x02\x00\xef'
2020-07-10 04:53:24.834451, cycle count 2169, gpio values 1400717, 0, 0, 73194, status messages:  b'\xe1\x10\x01\x00\xef\xe1\x18\x01\x00\xef\xe1\x1c\x01\x00\xef\xe1\x1e\x01\x00\xef\xe1\x1f\x01\x00\xef\xe1\x1e\x02\x00\xef\xe1\x1c\x02\x00\xef\xe1\x18\x02\x00\xef\xe1\x10\x02\x00\xef\xe1\x00\x02\x00\xef'
2020-07-10 04:53:40.256324, cycle count 2170, gpio values 1401312, 0, 0, 73222, status messages:  b'\xe1\x10\x01\x00\xef\xe1\x18\x01\x00\xef\xe1\x1c\x01\x00\xef\xe1\x1e\x01\x00\xef\xe1\x1f\x01\x00\xef\xe1\x1e\x02\x00\xef\xe1\x1c\x02\x00\xef\xe1\x18\x02\x00\xef\xe1\x10\x02\x00\xef\xe1\x00\x02\x00\xef'
2020-07-10 04:53:55.938133, cycle count 2171, gpio values 1401907, 0, 0, 73258, status messages:  b'\xe1\x10\x01\x00\xef\xe1\x18\x01\x00\xef\xe1\x1c\x01\x00\xef\xe1\x1e\x01\x00\xef\xe1\x1f\x01\x00\xef\xe1\x1e\x02\x00\xef\xe1\x1c\x02\x00\xef\xe1\x18\x02\x00\xef\xe1\x10\x02\x00\xef\xe1\x00\x02\x00\xef'
2020-07-10 04:54:11.652220, cycle count 2172, gpio values 1402502, 0, 0, 73294, status messages:  b'\xe1\x10\x01\x00\xef\xe1\x18\x01\x00\xef\xe1\x1c\x01\x00\xef\xe1\x1e\x01\x00\xef\xe1\x1f\x01\x00\xef\xe1\x1e\x02\x00\xef\xe1\x1c\x02\x00\xef\xe1\x18\x02\x00\xef\xe1\x10\x02\x00\xef\xe1\x00\x02\x00\xef'
2020-07-10 04:54:27.090500, cycle count 2173, gpio values 1403097, 0, 0, 73322, status messages:  b'\xe1\x10\x01\x00\xef\xe1\x18\x01\x00\xef\xe1\x1c\x01\x00\xef\xe1\x1e\x01\x00\xef\xe1\x1f\x01\x00\xef\xe1\x1e\x02\x00\xef\xe1\x1c\x02\x00\xef\xe1\x18\x02\x00\xef\xe1\x10\x02\x00\xef\xe1\x00\x02\x00\xef'
2020-07-10 04:54:42.771135, cycle count 2174, gpio values 1403692, 0, 0, 73358, status messages:  b'\xe1\x10\x01\x00\xef\xe1\x18\x01\x00\xef\xe1\x1c\x01\x00\xef\xe1\x1e\x01\x00\xef\xe1\x1f\x01\x00\xef\xe1\x1e\x02\x00\xef\xe1\x1c\x02\x00\xef\xe1\x18\x02\x00\xef\xe1\x10\x02\x00\xef\xe1\x00\x02\x00\xef'
2020-07-10 04:54:58.193197, cycle count 2175, gpio values 1404287, 0, 0, 73386, status messages:  b'\xe1\x10\x01\x00\xef\xe1\x18\x01\x00\xef\xe1\x1c\x01\x00\xef\xe1\x1e\x01\x00\xef\xe1\x1f\x01\x00\xef\xe1\x1e\x02\x00\xef\xe1\x1c\x02\x00\xef\xe1\x18\x02\x00\xef\xe1\x10\x02\x00\xef\xe1\x00\x02\x00\xef'
2020-07-10 04:55:13.890461, cycle count 2176, gpio values 1404882, 0, 0, 73422, status messages:  b'\xe1\x10\x01\x00\xef\xe1\x18\x01\x00\xef\xe1\x1c\x01\x00\xef\xe1\x1e\x01\x00\xef\xe1\x1f\x01\x00\xef\xe1\x1e\x02\x00\xef\xe1\x1c\x02\x00\xef\xe1\x18\x02\x00\xef\xe1\x10\x02\x00\xef\xe1\x00\x02\x00\xef'
2020-07-10 04:55:29.328341, cycle count 2177, gpio values 1405477, 0, 0, 73450, status messages:  b'\xe1\x10\x01\x00\xef\xe1\x18\x01\x00\xef\xe1\x1c\x01\x00\xef\xe1\x1e\x01\x00\xef\xe1\x1f\x01\x00\xef\xe1\x1e\x02\x00\xef\xe1\x1c\x02\x00\xef\xe1\x18\x02\x00\xef\xe1\x10\x02\x00\xef\xe1\x00\x02\x00\xef'
2020-07-10 04:55:44.750994, cycle count 2178, gpio values 1406072, 0, 0, 73478, status messages:  b'\xe1\x10\x01\x00\xef\xe1\x18\x01\x00\xef\xe1\x1c\x01\x00\xef\xe1\x1e\x01\x00\xef\xe1\x1f\x01\x00\xef\xe1\x1e\x02\x00\xef\xe1\x1c\x02\x00\xef\xe1\x18\x02\x00\xef\xe1\x10\x02\x00\xef\xe1\x00\x02\x00\xef'
2020-07-10 04:56:00.172683, cycle count 2179, gpio values 1406667, 0, 0, 73506, status messages:  b'\xe1\x10\x01\x00\xef\xe1\x18\x01\x00\xef\xe1\x1c\x01\x00\xef\xe1\x1e\x01\x00\xef\xe1\x1f\x01\x00\xef\xe1\x1e\x02\x00\xef\xe1\x1c\x02\x00\xef\xe1\x18\x02\x00\xef\xe1\x10\x02\x00\xef\xe1\x00\x02\x00\xef'
2020-07-10 04:56:15.594704, cycle count 2180, gpio values 1407262, 0, 0, 73534, status messages:  b'\xe1\x10\x01\x00\xef\xe1\x18\x01\x00\xef\xe1\x1c\x01\x00\xef\xe1\x1e\x01\x00\xef\xe1\x1f\x01\x00\xef\xe1\x1e\x02\x00\xef\xe1\x1c\x02\x00\xef\xe1\x18\x02\x00\xef\xe1\x10\x02\x00\xef\xe1\x00\x02\x00\xef'
2020-07-10 04:56:31.275804, cycle count 2181, gpio values 1407857, 0, 0, 73570, status messages:  b'\xe1\x10\x01\x00\xef\xe1\x18\x01\x00\xef\xe1\x1c\x01\x00\xef\xe1\x1e\x01\x00\xef\xe1\x1f\x01\x00\xef\xe1\x1e\x02\x00\xef\xe1\x1c\x02\x00\xef\xe1\x18\x02\x00\xef\xe1\x10\x02\x00\xef\xe1\x00\x02\x00\xef'
2020-07-10 04:56:46.697721, cycle count 2182, gpio values 1408452, 0, 0, 73598, status messages:  b'\xe1\x10\x01\x00\xef\xe1\x18\x01\x00\xef\xe1\x1c\x01\x00\xef\xe1\x1e\x01\x00\xef\xe1\x1f\x01\x00\xef\xe1\x1e\x02\x00\xef\xe1\x1c\x02\x00\xef\xe1\x18\x02\x00\xef\xe1\x10\x02\x00\xef\xe1\x00\x02\x00\xef'
2020-07-10 04:57:02.379382, cycle count 2183, gpio values 1409047, 0, 0, 73634, status messages:  b'\xe1\x10\x01\x00\xef\xe1\x18\x01\x00\xef\xe1\x1c\x01\x00\xef\xe1\x1e\x01\x00\xef\xe1\x1f\x01\x00\xef\xe1\x1e\x02\x00\xef\xe1\x1c\x02\x00\xef\xe1\x18\x02\x00\xef\xe1\x10\x02\x00\xef\xe1\x00\x02\x00\xef'
2020-07-10 04:57:17.800914, cycle count 2184, gpio values 1409642, 0, 0, 73662, status messages:  b'\xe1\x10\x01\x00\xef\xe1\x18\x01\x00\xef\xe1\x1c\x01\x00\xef\xe1\x1e\x01\x00\xef\xe1\x1f\x01\x00\xef\xe1\x1e\x02\x00\xef\xe1\x1c\x02\x00\xef\xe1\x18\x02\x00\xef\xe1\x10\x02\x00\xef\xe1\x00\x02\x00\xef'
2020-07-10 04:57:33.482630, cycle count 2185, gpio values 1410237, 0, 0, 73698, status messages:  b'\xe1\x10\x01\x00\xef\xe1\x18\x01\x00\xef\xe1\x1c\x01\x00\xef\xe1\x1e\x01\x00\xef\xe1\x1f\x01\x00\xef\xe1\x1e\x02\x00\xef\xe1\x1c\x02\x00\xef\xe1\x18\x02\x00\xef\xe1\x10\x02\x00\xef\xe1\x00\x02\x00\xef'
2020-07-10 04:57:48.904512, cycle count 2186, gpio values 1410832, 0, 0, 73726, status messages:  b'\xe1\x10\x01\x00\xef\xe1\x18\x01\x00\xef\xe1\x1c\x01\x00\xef\xe1\x1e\x01\x00\xef\xe1\x1f\x01\x00\xef\xe1\x1e\x02\x00\xef\xe1\x1c\x02\x00\xef\xe1\x18\x02\x00\xef\xe1\x10\x02\x00\xef\xe1\x00\x02\x00\xef'
2020-07-10 04:58:04.585487, cycle count 2187, gpio values 1411427, 0, 0, 73762, status messages:  b'\xe1\x10\x01\x00\xef\xe1\x18\x01\x00\xef\xe1\x1c\x01\x00\xef\xe1\x1e\x01\x00\xef\xe1\x1f\x01\x00\xef\xe1\x1e\x02\x00\xef\xe1\x1c\x02\x00\xef\xe1\x18\x02\x00\xef\xe1\x10\x02\x00\xef\xe1\x00\x02\x00\xef'
2020-07-10 04:58:20.007440, cycle count 2188, gpio values 1412022, 0, 0, 73790, status messages:  b'\xe1\x10\x01\x00\xef\xe1\x18\x01\x00\xef\xe1\x1c\x01\x00\xef\xe1\x1e\x01\x00\xef\xe1\x1f\x01\x00\xef\xe1\x1e\x02\x00\xef\xe1\x1c\x02\x00\xef\xe1\x18\x02\x00\xef\xe1\x10\x02\x00\xef\xe1\x00\x02\x00\xef'
2020-07-10 04:58:35.688062, cycle count 2189, gpio values 1412617, 0, 0, 73826, status messages:  b'\xe1\x10\x01\x00\xef\xe1\x18\x01\x00\xef\xe1\x1c\x01\x00\xef\xe1\x1e\x01\x00\xef\xe1\x1f\x01\x00\xef\xe1\x1e\x02\x00\xef\xe1\x1c\x02\x00\xef\xe1\x18\x02\x00\xef\xe1\x10\x02\x00\xef\xe1\x00\x02\x00\xef'
2020-07-10 04:58:51.110620, cycle count 2190, gpio values 1413212, 0, 0, 73854, status messages:  b'\xe1\x10\x01\x00\xef\xe1\x18\x01\x00\xef\xe1\x1c\x01\x00\xef\xe1\x1e\x01\x00\xef\xe1\x1f\x01\x00\xef\xe1\x1e\x02\x00\xef\xe1\x1c\x02\x00\xef\xe1\x18\x02\x00\xef\xe1\x10\x02\x00\xef\xe1\x00\x02\x00\xef'
2020-07-10 04:59:06.792097, cycle count 2191, gpio values 1413807, 0, 0, 73890, status messages:  b'\xe1\x10\x01\x00\xef\xe1\x18\x01\x00\xef\xe1\x1c\x01\x00\xef\xe1\x1e\x01\x00\xef\xe1\x1f\x01\x00\xef\xe1\x1e\x02\x00\xef\xe1\x1c\x02\x00\xef\xe1\x18\x02\x00\xef\xe1\x10\x02\x00\xef\xe1\x00\x02\x00\xef'
2020-07-10 04:59:22.473498, cycle count 2192, gpio values 1414402, 0, 0, 73926, status messages:  b'\xe1\x10\x01\x00\xef\xe1\x18\x01\x00\xef\xe1\x1c\x01\x00\xef\xe1\x1e\x01\x00\xef\xe1\x1f\x01\x00\xef\xe1\x1e\x02\x00\xef\xe1\x1c\x02\x00\xef\xe1\x18\x02\x00\xef\xe1\x10\x02\x00\xef\xe1\x00\x02\x00\xef'
2020-07-10 04:59:37.894917, cycle count 2193, gpio values 1414997, 0, 0, 73954, status messages:  b'\xe1\x10\x01\x00\xef\xe1\x18\x01\x00\xef\xe1\x1c\x01\x00\xef\xe1\x1e\x01\x00\xef\xe1\x1f\x01\x00\xef\xe1\x1e\x02\x00\xef\xe1\x1c\x02\x00\xef\xe1\x18\x02\x00\xef\xe1\x10\x02\x00\xef\xe1\x00\x02\x00\xef'
2020-07-10 04:59:53.934814, cycle count 2194, gpio values 1415663, 0, 0, 73990, status messages:  b'\xe1\x10\x01\x00\xef\xe1\x18\x01\x00\xef\xe1\x1c\x01\x00\xef\xe1\x1e\x01\x00\xef\xe1\x1f\x01\x00\xef\xe1\x1e\x02\x00\xef\xe1\x1c\x02\x00\xef\xe1\x18\x02\x00\xef\xe1\x10\x02\x00\xef\xe1\x00\x02\x00\xef'
2020-07-10 05:00:09.616512, cycle count 2195, gpio values 1416258, 0, 0, 74026, status messages:  b'\xe1\x10\x01\x00\xef\xe1\x18\x01\x00\xef\xe1\x1c\x01\x00\xef\xe1\x1e\x01\x00\xef\xe1\x1f\x01\x00\xef\xe1\x1e\x02\x00\xef\xe1\x1c\x02\x00\xef\xe1\x18\x02\x00\xef\xe1\x10\x02\x00\xef\xe1\x00\x02\x00\xef'
2020-07-10 05:00:25.556941, cycle count 2196, gpio values 1416888, 0, 0, 74062, status messages:  b'\xe1\x10\x01\x00\xef\xe1\x18\x01\x00\xef\xe1\x1c\x01\x00\xef\xe1\x1e\x01\x00\xef\xe1\x1f\x01\x00\xef\xe1\x1e\x02\x00\xef\xe1\x1c\x02\x00\xef\xe1\x18\x02\x00\xef\xe1\x10\x02\x00\xef\xe1\x00\x02\x00\xef'
2020-07-10 05:00:41.238616, cycle count 2197, gpio values 1417483, 0, 0, 74098, status messages:  b'\xe1\x10\x01\x00\xef\xe1\x18\x01\x00\xef\xe1\x1c\x01\x00\xef\xe1\x1e\x01\x00\xef\xe1\x1f\x01\x00\xef\xe1\x1e\x02\x00\xef\xe1\x1c\x02\x00\xef\xe1\x18\x02\x00\xef\xe1\x10\x02\x00\xef\xe1\x00\x02\x00\xef'
2020-07-10 05:00:56.676139, cycle count 2198, gpio values 1418078, 0, 0, 74126, status messages:  b'\xe1\x10\x01\x00\xef\xe1\x18\x01\x00\xef\xe1\x1c\x01\x00\xef\xe1\x1e\x01\x00\xef\xe1\x1f\x01\x00\xef\xe1\x1e\x02\x00\xef\xe1\x1c\x02\x00\xef\xe1\x18\x02\x00\xef\xe1\x10\x02\x00\xef\xe1\x00\x02\x00\xef'
2020-07-10 05:01:12.357868, cycle count 2199, gpio values 1418673, 0, 0, 74162, status messages:  b'\xe1\x10\x01\x00\xef\xe1\x18\x01\x00\xef\xe1\x1c\x01\x00\xef\xe1\x1e\x01\x00\xef\xe1\x1f\x01\x00\xef\xe1\x1e\x02\x00\xef\xe1\x1c\x02\x00\xef\xe1\x18\x02\x00\xef\xe1\x10\x02\x00\xef\xe1\x00\x02\x00\xef'
2020-07-10 05:01:28.037646, cycle count 2200, gpio values 1419268, 0, 0, 74198, status messages:  b'\xe1\x10\x01\x00\xef\xe1\x18\x01\x00\xef\xe1\x1c\x01\x00\xef\xe1\x1e\x01\x00\xef\xe1\x1f\x01\x00\xef\xe1\x1e\x02\x00\xef\xe1\x1c\x02\x00\xef\xe1\x18\x02\x00\xef\xe1\x10\x02\x00\xef\xe1\x00\x02\x00\xef'
2020-07-10 05:01:43.459964, cycle count 2201, gpio values 1419863, 0, 0, 74226, status messages:  b'\xe1\x10\x01\x00\xef\xe1\x18\x01\x00\xef\xe1\x1c\x01\x00\xef\xe1\x1e\x01\x00\xef\xe1\x1f\x01\x00\xef\xe1\x1e\x02\x00\xef\xe1\x1c\x02\x00\xef\xe1\x18\x02\x00\xef\xe1\x10\x02\x00\xef\xe1\x00\x02\x00\xef'
2020-07-10 05:01:58.881472, cycle count 2202, gpio values 1420458, 0, 0, 74254, status messages:  b'\xe1\x10\x01\x00\xef\xe1\x18\x01\x00\xef\xe1\x1c\x01\x00\xef\xe1\x1e\x01\x00\xef\xe1\x1f\x01\x00\xef\xe1\x1e\x02\x00\xef\xe1\x1c\x02\x00\xef\xe1\x18\x02\x00\xef\xe1\x10\x02\x00\xef\xe1\x00\x02\x00\xef'
2020-07-10 05:02:14.563127, cycle count 2203, gpio values 1421053, 0, 0, 74290, status messages:  b'\xe1\x10\x01\x00\xef\xe1\x18\x01\x00\xef\xe1\x1c\x01\x00\xef\xe1\x1e\x01\x00\xef\xe1\x1f\x01\x00\xef\xe1\x1e\x02\x00\xef\xe1\x1c\x02\x00\xef\xe1\x18\x02\x00\xef\xe1\x10\x02\x00\xef\xe1\x00\x02\x00\xef'
2020-07-10 05:02:29.985046, cycle count 2204, gpio values 1421648, 0, 0, 74318, status messages:  b'\xe1\x10\x01\x00\xef\xe1\x18\x01\x00\xef\xe1\x1c\x01\x00\xef\xe1\x1e\x01\x00\xef\xe1\x1f\x01\x00\xef\xe1\x1e\x02\x00\xef\xe1\x1c\x02\x00\xef\xe1\x18\x02\x00\xef\xe1\x10\x02\x00\xef\xe1\x00\x02\x00\xef'
2020-07-10 05:02:45.665786, cycle count 2205, gpio values 1422243, 0, 0, 74354, status messages:  b'\xe1\x10\x01\x00\xef\xe1\x18\x01\x00\xef\xe1\x1c\x01\x00\xef\xe1\x1e\x01\x00\xef\xe1\x1f\x01\x00\xef\xe1\x1e\x02\x00\xef\xe1\x1c\x02\x00\xef\xe1\x18\x02\x00\xef\xe1\x10\x02\x00\xef\xe1\x00\x02\x00\xef'
2020-07-10 05:03:01.103669, cycle count 2206, gpio values 1422838, 0, 0, 74382, status messages:  b'\xe1\x10\x01\x00\xef\xe1\x18\x01\x00\xef\xe1\x1c\x01\x00\xef\xe1\x1e\x01\x00\xef\xe1\x1f\x01\x00\xef\xe1\x1e\x02\x00\xef\xe1\x1c\x02\x00\xef\xe1\x18\x02\x00\xef\xe1\x10\x02\x00\xef\xe1\x00\x02\x00\xef'
2020-07-10 05:03:16.784389, cycle count 2207, gpio values 1423433, 0, 0, 74418, status messages:  b'\xe1\x10\x01\x00\xef\xe1\x18\x01\x00\xef\xe1\x1c\x01\x00\xef\xe1\x1e\x01\x00\xef\xe1\x1f\x01\x00\xef\xe1\x1e\x02\x00\xef\xe1\x1c\x02\x00\xef\xe1\x18\x02\x00\xef\xe1\x10\x02\x00\xef\xe1\x00\x02\x00\xef'
2020-07-10 05:03:32.464819, cycle count 2208, gpio values 1424028, 0, 0, 74454, status messages:  b'\xe1\x10\x01\x00\xef\xe1\x18\x01\x00\xef\xe1\x1c\x01\x00\xef\xe1\x1e\x01\x00\xef\xe1\x1f\x01\x00\xef\xe1\x1e\x02\x00\xef\xe1\x1c\x02\x00\xef\xe1\x18\x02\x00\xef\xe1\x10\x02\x00\xef\xe1\x00\x02\x00\xef'
2020-07-10 05:03:47.886970, cycle count 2209, gpio values 1424623, 0, 0, 74482, status messages:  b'\xe1\x10\x01\x00\xef\xe1\x18\x01\x00\xef\xe1\x1c\x01\x00\xef\xe1\x1e\x01\x00\xef\xe1\x1f\x01\x00\xef\xe1\x1e\x02\x00\xef\xe1\x1c\x02\x00\xef\xe1\x18\x02\x00\xef\xe1\x10\x02\x00\xef\xe1\x00\x02\x00\xef'
2020-07-10 05:04:03.309075, cycle count 2210, gpio values 1425218, 0, 0, 74510, status messages:  b'\xe1\x10\x01\x00\xef\xe1\x18\x01\x00\xef\xe1\x1c\x01\x00\xef\xe1\x1e\x01\x00\xef\xe1\x1f\x01\x00\xef\xe1\x1e\x02\x00\xef\xe1\x1c\x02\x00\xef\xe1\x18\x02\x00\xef\xe1\x10\x02\x00\xef\xe1\x00\x02\x00\xef'
2020-07-10 05:04:18.989240, cycle count 2211, gpio values 1425848, 0, 0, 74546, status messages:  b'\xe1\x10\x01\x00\xef\xe1\x18\x01\x00\xef\xe1\x1c\x01\x00\xef\xe1\x1e\x01\x00\xef\xe1\x1f\x01\x00\xef\xe1\x1e\x02\x00\xef\xe1\x1c\x02\x00\xef\xe1\x18\x02\x00\xef\xe1\x10\x02\x00\xef\xe1\x00\x02\x00\xef'
2020-07-10 05:04:34.669991, cycle count 2212, gpio values 1426443, 0, 0, 74582, status messages:  b'\xe1\x10\x01\x00\xef\xe1\x18\x01\x00\xef\xe1\x1c\x01\x00\xef\xe1\x1e\x01\x00\xef\xe1\x1f\x01\x00\xef\xe1\x1e\x02\x00\xef\xe1\x1c\x02\x00\xef\xe1\x18\x02\x00\xef\xe1\x10\x02\x00\xef\xe1\x00\x02\x00\xef'
2020-07-10 05:04:50.351978, cycle count 2213, gpio values 1427038, 0, 0, 74618, status messages:  b'\xe1\x10\x01\x00\xef\xe1\x18\x01\x00\xef\xe1\x1c\x01\x00\xef\xe1\x1e\x01\x00\xef\xe1\x1f\x01\x00\xef\xe1\x1e\x02\x00\xef\xe1\x1c\x02\x00\xef\xe1\x18\x02\x00\xef\xe1\x10\x02\x00\xef\xe1\x00\x02\x00\xef'
2020-07-10 05:05:06.048721, cycle count 2214, gpio values 1427633, 0, 0, 74654, status messages:  b'\xe1\x10\x01\x00\xef\xe1\x18\x01\x00\xef\xe1\x1c\x01\x00\xef\xe1\x1e\x01\x00\xef\xe1\x1f\x01\x00\xef\xe1\x1e\x02\x00\xef\xe1\x1c\x02\x00\xef\xe1\x18\x02\x00\xef\xe1\x10\x02\x00\xef\xe1\x00\x02\x00\xef'
2020-07-10 05:05:21.729652, cycle count 2215, gpio values 1428228, 0, 0, 74690, status messages:  b'\xe1\x10\x01\x00\xef\xe1\x18\x01\x00\xef\xe1\x1c\x01\x00\xef\xe1\x1e\x01\x00\xef\xe1\x1f\x01\x00\xef\xe1\x1e\x02\x00\xef\xe1\x1c\x02\x00\xef\xe1\x18\x02\x00\xef\xe1\x10\x02\x00\xef\xe1\x00\x02\x00\xef'
2020-07-10 05:05:37.670937, cycle count 2216, gpio values 1428858, 0, 0, 74726, status messages:  b'\xe1\x10\x01\x00\xef\xe1\x18\x01\x00\xef\xe1\x1c\x01\x00\xef\xe1\x1e\x01\x00\xef\xe1\x1f\x01\x00\xef\xe1\x1e\x02\x00\xef\xe1\x1c\x02\x00\xef\xe1\x18\x02\x00\xef\xe1\x10\x02\x00\xef\xe1\x00\x02\x00\xef'
2020-07-10 05:05:53.351687, cycle count 2217, gpio values 1429453, 0, 0, 74762, status messages:  b'\xe1\x10\x01\x00\xef\xe1\x18\x01\x00\xef\xe1\x1c\x01\x00\xef\xe1\x1e\x01\x00\xef\xe1\x1f\x01\x00\xef\xe1\x1e\x02\x00\xef\xe1\x1c\x02\x00\xef\xe1\x18\x02\x00\xef\xe1\x10\x02\x00\xef\xe1\x00\x02\x00\xef'
2020-07-10 05:06:08.773582, cycle count 2218, gpio values 1430048, 0, 0, 74790, status messages:  b'\xe1\x10\x01\x00\xef\xe1\x18\x01\x00\xef\xe1\x1c\x01\x00\xef\xe1\x1e\x01\x00\xef\xe1\x1f\x01\x00\xef\xe1\x1e\x02\x00\xef\xe1\x1c\x02\x00\xef\xe1\x18\x02\x00\xef\xe1\x10\x02\x00\xef\xe1\x00\x02\x00\xef'
2020-07-10 05:06:24.453628, cycle count 2219, gpio values 1430643, 0, 0, 74826, status messages:  b'\xe1\x10\x01\x00\xef\xe1\x18\x01\x00\xef\xe1\x1c\x01\x00\xef\xe1\x1e\x01\x00\xef\xe1\x1f\x01\x00\xef\xe1\x1e\x02\x00\xef\xe1\x1c\x02\x00\xef\xe1\x18\x02\x00\xef\xe1\x10\x02\x00\xef\xe1\x00\x02\x00\xef'
2020-07-10 05:06:40.134623, cycle count 2220, gpio values 1431238, 0, 0, 74862, status messages:  b'\xe1\x10\x01\x00\xef\xe1\x18\x01\x00\xef\xe1\x1c\x01\x00\xef\xe1\x1e\x01\x00\xef\xe1\x1f\x01\x00\xef\xe1\x1e\x02\x00\xef\xe1\x1c\x02\x00\xef\xe1\x18\x02\x00\xef\xe1\x10\x02\x00\xef\xe1\x00\x02\x00\xef'
2020-07-10 05:06:55.815853, cycle count 2221, gpio values 1431833, 0, 0, 74898, status messages:  b'\xe1\x10\x01\x00\xef\xe1\x18\x01\x00\xef\xe1\x1c\x01\x00\xef\xe1\x1e\x01\x00\xef\xe1\x1f\x01\x00\xef\xe1\x1e\x02\x00\xef\xe1\x1c\x02\x00\xef\xe1\x18\x02\x00\xef\xe1\x10\x02\x00\xef\xe1\x00\x02\x00\xef'
2020-07-10 05:07:11.513851, cycle count 2222, gpio values 1432463, 0, 0, 74934, status messages:  b'\xe1\x10\x01\x00\xef\xe1\x18\x01\x00\xef\xe1\x1c\x01\x00\xef\xe1\x1e\x01\x00\xef\xe1\x1f\x01\x00\xef\xe1\x1e\x02\x00\xef\xe1\x1c\x02\x00\xef\xe1\x18\x02\x00\xef\xe1\x10\x02\x00\xef\xe1\x00\x02\x00\xef'
2020-07-10 05:07:27.210424, cycle count 2223, gpio values 1433093, 0, 0, 74970, status messages:  b'\xe1\x10\x01\x00\xef\xe1\x18\x01\x00\xef\xe1\x1c\x01\x00\xef\xe1\x1e\x01\x00\xef\xe1\x1f\x01\x00\xef\xe1\x1e\x02\x00\xef\xe1\x1c\x02\x00\xef\xe1\x18\x02\x00\xef\xe1\x10\x02\x00\xef\xe1\x00\x02\x00\xef'
2020-07-10 05:07:42.891039, cycle count 2224, gpio values 1433688, 0, 0, 75006, status messages:  b'\xe1\x10\x01\x00\xef\xe1\x18\x01\x00\xef\xe1\x1c\x01\x00\xef\xe1\x1e\x01\x00\xef\xe1\x1f\x01\x00\xef\xe1\x1e\x02\x00\xef\xe1\x1c\x02\x00\xef\xe1\x18\x02\x00\xef\xe1\x10\x02\x00\xef\xe1\x00\x02\x00\xef'
2020-07-10 05:07:58.313571, cycle count 2225, gpio values 1434283, 0, 0, 75034, status messages:  b'\xe1\x10\x01\x00\xef\xe1\x18\x01\x00\xef\xe1\x1c\x01\x00\xef\xe1\x1e\x01\x00\xef\xe1\x1f\x01\x00\xef\xe1\x1e\x02\x00\xef\xe1\x1c\x02\x00\xef\xe1\x18\x02\x00\xef\xe1\x10\x02\x00\xef\xe1\x00\x02\x00\xef'
2020-07-10 05:08:13.994463, cycle count 2226, gpio values 1434878, 0, 0, 75070, status messages:  b'\xe1\x10\x01\x00\xef\xe1\x18\x01\x00\xef\xe1\x1c\x01\x00\xef\xe1\x1e\x01\x00\xef\xe1\x1f\x01\x00\xef\xe1\x1e\x02\x00\xef\xe1\x1c\x02\x00\xef\xe1\x18\x02\x00\xef\xe1\x10\x02\x00\xef\xe1\x00\x02\x00\xef'
2020-07-10 05:08:29.416745, cycle count 2227, gpio values 1435473, 0, 0, 75098, status messages:  b'\xe1\x10\x01\x00\xef\xe1\x18\x01\x00\xef\xe1\x1c\x01\x00\xef\xe1\x1e\x01\x00\xef\xe1\x1f\x01\x00\xef\xe1\x1e\x02\x00\xef\xe1\x1c\x02\x00\xef\xe1\x18\x02\x00\xef\xe1\x10\x02\x00\xef\xe1\x00\x02\x00\xef'
2020-07-10 05:18:54.837278, cycle count 1, gpio values 630, 0, 0, 21, status messages:  b'\xe1\x10\x01\x00\xef\xe1\x18\x01\x00\xef\xe1\x1c\x01\x00\xef\xe1\x1e\x01\x00\xef\xe1\x1f\x01\x00\xef\xe1\x1e\x02\x00\xef\xe1\x1c\x02\x00\xef\xe1\x18\x02\x00\xef\xe1\x10\x02\x00\xef\xe1\x00\x02\x00\xef'
2020-07-10 05:19:11.603863, cycle count 2, gpio values 1260, 0, 0, 49, status messages:  b'\xe1\x10\x01\x00\xef\xe1\x18\x01\x00\xef\xe1\x1c\x01\x00\xef\xe1\x1e\x01\x00\xef\xe1\x1f\x01\x00\xef\xe1\x1e\x02\x00\xef\xe1\x1c\x02\x00\xef\xe1\x18\x02\x00\xef\xe1\x10\x02\x00\xef\xe1\x00\x02\x00\xef'
2020-07-10 05:19:27.657037, cycle count 3, gpio values 1890, 0, 0, 77, status messages:  b'\xe1\x10\x01\x00\xef\xe1\x18\x01\x00\xef\xe1\x1c\x01\x00\xef\xe1\x1e\x01\x00\xef\xe1\x1f\x01\x00\xef\xe1\x1e\x02\x00\xef\xe1\x1c\x02\x00\xef\xe1\x18\x02\x00\xef\xe1\x10\x02\x00\xef\xe1\x00\x02\x00\xef'
2020-07-10 05:19:43.646291, cycle count 4, gpio values 2520, 0, 0, 105, status messages:  b'\xe1\x10\x01\x00\xef\xe1\x18\x01\x00\xef\xe1\x1c\x01\x00\xef\xe1\x1e\x01\x00\xef\xe1\x1f\x01\x00\xef\xe1\x1e\x02\x00\xef\xe1\x1c\x02\x00\xef\xe1\x18\x02\x00\xef\xe1\x10\x02\x00\xef\xe1\x00\x02\x00\xef'
2020-07-10 05:19:59.586589, cycle count 5, gpio values 3150, 0, 0, 133, status messages:  b'\xe1\x10\x01\x00\xef\xe1\x18\x01\x00\xef\xe1\x1c\x01\x00\xef\xe1\x1e\x01\x00\xef\xe1\x1f\x01\x00\xef\xe1\x1e\x02\x00\xef\xe1\x1c\x02\x00\xef\xe1\x18\x02\x00\xef\xe1\x10\x02\x00\xef\xe1\x00\x02\x00\xef'
2020-07-10 05:20:15.785668, cycle count 6, gpio values 3780, 0, 0, 169, status messages:  b'\xe1\x10\x01\x00\xef\xe1\x18\x01\x00\xef\xe1\x1c\x01\x00\xef\xe1\x1e\x01\x00\xef\xe1\x1f\x01\x00\xef\xe1\x1e\x02\x00\xef\xe1\x1c\x02\x00\xef\xe1\x18\x02\x00\xef\xe1\x10\x02\x00\xef\xe1\x00\x02\x00\xef'
2020-07-10 05:20:31.725491, cycle count 7, gpio values 4410, 0, 0, 197, status messages:  b'\xe1\x10\x01\x00\xef\xe1\x18\x01\x00\xef\xe1\x1c\x01\x00\xef\xe1\x1e\x01\x00\xef\xe1\x1f\x01\x00\xef\xe1\x1e\x02\x00\xef\xe1\x1c\x02\x00\xef\xe1\x18\x02\x00\xef\xe1\x10\x02\x00\xef\xe1\x00\x02\x00\xef'
2020-07-10 05:20:47.925101, cycle count 8, gpio values 5040, 0, 0, 233, status messages:  b'\xe1\x10\x01\x00\xef\xe1\x18\x01\x00\xef\xe1\x1c\x01\x00\xef\xe1\x1e\x01\x00\xef\xe1\x1f\x01\x00\xef\xe1\x1e\x02\x00\xef\xe1\x1c\x02\x00\xef\xe1\x18\x02\x00\xef\xe1\x10\x02\x00\xef\xe1\x00\x02\x00\xef'
2020-07-10 05:21:03.863967, cycle count 9, gpio values 5670, 0, 0, 261, status messages:  b'\xe1\x10\x01\x00\xef\xe1\x18\x01\x00\xef\xe1\x1c\x01\x00\xef\xe1\x1e\x01\x00\xef\xe1\x1f\x01\x00\xef\xe1\x1e\x02\x00\xef\xe1\x1c\x02\x00\xef\xe1\x18\x02\x00\xef\xe1\x10\x02\x00\xef\xe1\x00\x02\x00\xef'
2020-07-10 05:21:19.805076, cycle count 10, gpio values 6300, 0, 0, 289, status messages:  b'\xe1\x10\x01\x00\xef\xe1\x18\x01\x00\xef\xe1\x1c\x01\x00\xef\xe1\x1e\x01\x00\xef\xe1\x1f\x01\x00\xef\xe1\x1e\x02\x00\xef\xe1\x1c\x02\x00\xef\xe1\x18\x02\x00\xef\xe1\x10\x02\x00\xef\xe1\x00\x02\x00\xef'
2020-07-10 05:21:35.744779, cycle count 11, gpio values 6930, 0, 0, 325, status messages:  b'\xe1\x10\x01\x00\xef\xe1\x18\x01\x00\xef\xe1\x1c\x01\x00\xef\xe1\x1e\x01\x00\xef\xe1\x1f\x01\x00\xef\xe1\x1e\x02\x00\xef\xe1\x1c\x02\x00\xef\xe1\x18\x02\x00\xef\xe1\x10\x02\x00\xef\xe1\x00\x02\x00\xef'
2020-07-10 05:21:51.684218, cycle count 12, gpio values 7560, 0, 0, 353, status messages:  b'\xe1\x10\x01\x00\xef\xe1\x18\x01\x00\xef\xe1\x1c\x01\x00\xef\xe1\x1e\x01\x00\xef\xe1\x1f\x01\x00\xef\xe1\x1e\x02\x00\xef\xe1\x1c\x02\x00\xef\xe1\x18\x02\x00\xef\xe1\x10\x02\x00\xef\xe1\x00\x02\x00\xef'
2020-07-10 05:22:07.625461, cycle count 13, gpio values 8190, 0, 0, 381, status messages:  b'\xe1\x10\x01\x00\xef\xe1\x18\x01\x00\xef\xe1\x1c\x01\x00\xef\xe1\x1e\x01\x00\xef\xe1\x1f\x01\x00\xef\xe1\x1e\x02\x00\xef\xe1\x1c\x02\x00\xef\xe1\x18\x02\x00\xef\xe1\x10\x02\x00\xef\xe1\x00\x02\x00\xef'
2020-07-10 05:22:23.565423, cycle count 14, gpio values 8820, 0, 0, 409, status messages:  b'\xe1\x10\x01\x00\xef\xe1\x18\x01\x00\xef\xe1\x1c\x01\x00\xef\xe1\x1e\x01\x00\xef\xe1\x1f\x01\x00\xef\xe1\x1e\x02\x00\xef\xe1\x1c\x02\x00\xef\xe1\x18\x02\x00\xef\xe1\x10\x02\x00\xef\xe1\x00\x02\x00\xef'
2020-07-10 05:22:39.505115, cycle count 15, gpio values 9450, 0, 0, 437, status messages:  b'\xe1\x10\x01\x00\xef\xe1\x18\x01\x00\xef\xe1\x1c\x01\x00\xef\xe1\x1e\x01\x00\xef\xe1\x1f\x01\x00\xef\xe1\x1e\x02\x00\xef\xe1\x1c\x02\x00\xef\xe1\x18\x02\x00\xef\xe1\x10\x02\x00\xef\xe1\x00\x02\x00\xef'
2020-07-10 05:22:55.445624, cycle count 16, gpio values 10080, 0, 0, 465, status messages:  b'\xe1\x10\x01\x00\xef\xe1\x18\x01\x00\xef\xe1\x1c\x01\x00\xef\xe1\x1e\x01\x00\xef\xe1\x1f\x01\x00\xef\xe1\x1e\x02\x00\xef\xe1\x1c\x02\x00\xef\xe1\x18\x02\x00\xef\xe1\x10\x02\x00\xef\xe1\x00\x02\x00\xef'
2020-07-10 05:23:11.384536, cycle count 17, gpio values 10710, 0, 0, 493, status messages:  b'\xe1\x10\x01\x00\xef\xe1\x18\x01\x00\xef\xe1\x1c\x01\x00\xef\xe1\x1e\x01\x00\xef\xe1\x1f\x01\x00\xef\xe1\x1e\x02\x00\xef\xe1\x1c\x02\x00\xef\xe1\x18\x02\x00\xef\xe1\x10\x02\x00\xef\xe1\x00\x02\x00\xef'
2020-07-10 05:23:27.425113, cycle count 18, gpio values 11340, 0, 0, 521, status messages:  b'\xe1\x10\x01\x00\xef\xe1\x18\x01\x00\xef\xe1\x1c\x01\x00\xef\xe1\x1e\x01\x00\xef\xe1\x1f\x01\x00\xef\xe1\x1e\x02\x00\xef\xe1\x1c\x02\x00\xef\xe1\x18\x02\x00\xef\xe1\x10\x02\x00\xef\xe1\x00\x02\x00\xef'
2020-07-10 05:23:43.364923, cycle count 19, gpio values 11970, 0, 0, 549, status messages:  b'\xe1\x10\x01\x00\xef\xe1\x18\x01\x00\xef\xe1\x1c\x01\x00\xef\xe1\x1e\x01\x00\xef\xe1\x1f\x01\x00\xef\xe1\x1e\x02\x00\xef\xe1\x1c\x02\x00\xef\xe1\x18\x02\x00\xef\xe1\x10\x02\x00\xef\xe1\x00\x02\x00\xef'
2020-07-10 05:23:59.047041, cycle count 20, gpio values 12565, 0, 0, 577, status messages:  b'\xe1\x10\x01\x00\xef\xe1\x18\x01\x00\xef\xe1\x1c\x01\x00\xef\xe1\x1e\x01\x00\xef\xe1\x1f\x01\x00\xef\xe1\x1e\x02\x00\xef\xe1\x1c\x02\x00\xef\xe1\x18\x02\x00\xef\xe1\x10\x02\x00\xef\xe1\x00\x02\x00\xef'
2020-07-10 05:24:14.986674, cycle count 21, gpio values 13195, 0, 0, 605, status messages:  b'\xe1\x10\x01\x00\xef\xe1\x18\x01\x00\xef\xe1\x1c\x01\x00\xef\xe1\x1e\x01\x00\xef\xe1\x1f\x01\x00\xef\xe1\x1e\x02\x00\xef\xe1\x1c\x02\x00\xef\xe1\x18\x02\x00\xef\xe1\x10\x02\x00\xef\xe1\x00\x02\x00\xef'
2020-07-10 05:24:30.927371, cycle count 22, gpio values 13790, 0, 0, 641, status messages:  b'\xe1\x10\x01\x00\xef\xe1\x18\x01\x00\xef\xe1\x1c\x01\x00\xef\xe1\x1e\x01\x00\xef\xe1\x1f\x01\x00\xef\xe1\x1e\x02\x00\xef\xe1\x1c\x02\x00\xef\xe1\x18\x02\x00\xef\xe1\x10\x02\x00\xef\xe1\x00\x02\x00\xef'
2020-07-10 05:24:46.867255, cycle count 23, gpio values 14420, 0, 0, 669, status messages:  b'\xe1\x10\x01\x00\xef\xe1\x18\x01\x00\xef\xe1\x1c\x01\x00\xef\xe1\x1e\x01\x00\xef\xe1\x1f\x01\x00\xef\xe1\x1e\x02\x00\xef\xe1\x1c\x02\x00\xef\xe1\x18\x02\x00\xef\xe1\x10\x02\x00\xef\xe1\x00\x02\x00\xef'
2020-07-10 05:25:03.066279, cycle count 24, gpio values 15050, 0, 0, 705, status messages:  b'\xe1\x10\x01\x00\xef\xe1\x18\x01\x00\xef\xe1\x1c\x01\x00\xef\xe1\x1e\x01\x00\xef\xe1\x1f\x01\x00\xef\xe1\x1e\x02\x00\xef\xe1\x1c\x02\x00\xef\xe1\x18\x02\x00\xef\xe1\x10\x02\x00\xef\xe1\x00\x02\x00\xef'
2020-07-10 05:25:19.006387, cycle count 25, gpio values 15645, 0, 0, 741, status messages:  b'\xe1\x10\x01\x00\xef\xe1\x18\x01\x00\xef\xe1\x1c\x01\x00\xef\xe1\x1e\x01\x00\xef\xe1\x1f\x01\x00\xef\xe1\x1e\x02\x00\xef\xe1\x1c\x02\x00\xef\xe1\x18\x02\x00\xef\xe1\x10\x02\x00\xef\xe1\x00\x02\x00\xef'
2020-07-10 05:25:34.946940, cycle count 26, gpio values 16275, 0, 0, 769, status messages:  b'\xe1\x10\x01\x00\xef\xe1\x18\x01\x00\xef\xe1\x1c\x01\x00\xef\xe1\x1e\x01\x00\xef\xe1\x1f\x01\x00\xef\xe1\x1e\x02\x00\xef\xe1\x1c\x02\x00\xef\xe1\x18\x02\x00\xef\xe1\x10\x02\x00\xef\xe1\x00\x02\x00\xef'
2020-07-10 05:25:51.147090, cycle count 27, gpio values 16905, 0, 0, 805, status messages:  b'\xe1\x10\x01\x00\xef\xe1\x18\x01\x00\xef\xe1\x1c\x01\x00\xef\xe1\x1e\x01\x00\xef\xe1\x1f\x01\x00\xef\xe1\x1e\x02\x00\xef\xe1\x1c\x02\x00\xef\xe1\x18\x02\x00\xef\xe1\x10\x02\x00\xef\xe1\x00\x02\x00\xef'
2020-07-10 05:26:07.085458, cycle count 28, gpio values 17535, 0, 0, 833, status messages:  b'\xe1\x10\x01\x00\xef\xe1\x18\x01\x00\xef\xe1\x1c\x01\x00\xef\xe1\x1e\x01\x00\xef\xe1\x1f\x01\x00\xef\xe1\x1e\x02\x00\xef\xe1\x1c\x02\x00\xef\xe1\x18\x02\x00\xef\xe1\x10\x02\x00\xef\xe1\x00\x02\x00\xef'
2020-07-10 05:26:23.123914, cycle count 29, gpio values 18165, 0, 0, 861, status messages:  b'\xe1\x10\x01\x00\xef\xe1\x18\x01\x00\xef\xe1\x1c\x01\x00\xef\xe1\x1e\x01\x00\xef\xe1\x1f\x01\x00\xef\xe1\x1e\x02\x00\xef\xe1\x1c\x02\x00\xef\xe1\x18\x02\x00\xef\xe1\x10\x02\x00\xef\xe1\x00\x02\x00\xef'
2020-07-10 05:26:39.179605, cycle count 30, gpio values 18795, 0, 0, 889, status messages:  b'\xe1\x10\x01\x00\xef\xe1\x18\x01\x00\xef\xe1\x1c\x01\x00\xef\xe1\x1e\x01\x00\xef\xe1\x1f\x01\x00\xef\xe1\x1e\x02\x00\xef\xe1\x1c\x02\x00\xef\xe1\x18\x02\x00\xef\xe1\x10\x02\x00\xef\xe1\x00\x02\x00\xef'
2020-07-10 05:26:55.120308, cycle count 31, gpio values 19425, 0, 0, 917, status messages:  b'\xe1\x10\x01\x00\xef\xe1\x18\x01\x00\xef\xe1\x1c\x01\x00\xef\xe1\x1e\x01\x00\xef\xe1\x1f\x01\x00\xef\xe1\x1e\x02\x00\xef\xe1\x1c\x02\x00\xef\xe1\x18\x02\x00\xef\xe1\x10\x02\x00\xef\xe1\x00\x02\x00\xef'
2020-07-10 05:27:11.384020, cycle count 32, gpio values 20055, 0, 0, 953, status messages:  b'\xe1\x10\x01\x00\xef\xe1\x18\x01\x00\xef\xe1\x1c\x01\x00\xef\xe1\x1e\x01\x00\xef\xe1\x1f\x01\x00\xef\xe1\x1e\x02\x00\xef\xe1\x1c\x02\x00\xef\xe1\x18\x02\x00\xef\xe1\x10\x02\x00\xef\xe1\x00\x02\x00\xef'
2020-07-10 05:27:27.324684, cycle count 33, gpio values 20685, 0, 0, 989, status messages:  b'\xe1\x10\x01\x00\xef\xe1\x18\x01\x00\xef\xe1\x1c\x01\x00\xef\xe1\x1e\x01\x00\xef\xe1\x1f\x01\x00\xef\xe1\x1e\x02\x00\xef\xe1\x1c\x02\x00\xef\xe1\x18\x02\x00\xef\xe1\x10\x02\x00\xef\xe1\x00\x02\x00\xef'
2020-07-10 05:27:43.265274, cycle count 34, gpio values 21315, 0, 0, 1025, status messages:  b'\xe1\x10\x01\x00\xef\xe1\x18\x01\x00\xef\xe1\x1c\x01\x00\xef\xe1\x1e\x01\x00\xef\xe1\x1f\x01\x00\xef\xe1\x1e\x02\x00\xef\xe1\x1c\x02\x00\xef\xe1\x18\x02\x00\xef\xe1\x10\x02\x00\xef\xe1\x00\x02\x00\xef'
2020-07-10 05:27:59.204993, cycle count 35, gpio values 21945, 0, 0, 1061, status messages:  b'\xe1\x10\x01\x00\xef\xe1\x18\x01\x00\xef\xe1\x1c\x01\x00\xef\xe1\x1e\x01\x00\xef\xe1\x1f\x01\x00\xef\xe1\x1e\x02\x00\xef\xe1\x1c\x02\x00\xef\xe1\x18\x02\x00\xef\xe1\x10\x02\x00\xef\xe1\x00\x02\x00\xef'
2020-07-10 05:28:14.885871, cycle count 36, gpio values 22540, 0, 0, 1097, status messages:  b'\xe1\x10\x01\x00\xef\xe1\x18\x01\x00\xef\xe1\x1c\x01\x00\xef\xe1\x1e\x01\x00\xef\xe1\x1f\x01\x00\xef\xe1\x1e\x02\x00\xef\xe1\x1c\x02\x00\xef\xe1\x18\x02\x00\xef\xe1\x10\x02\x00\xef\xe1\x00\x02\x00\xef'
2020-07-10 05:28:30.308746, cycle count 37, gpio values 23135, 0, 0, 1125, status messages:  b'\xe1\x10\x01\x00\xef\xe1\x18\x01\x00\xef\xe1\x1c\x01\x00\xef\xe1\x1e\x01\x00\xef\xe1\x1f\x01\x00\xef\xe1\x1e\x02\x00\xef\xe1\x1c\x02\x00\xef\xe1\x18\x02\x00\xef\xe1\x10\x02\x00\xef\xe1\x00\x02\x00\xef'
2020-07-10 05:28:45.989382, cycle count 38, gpio values 23730, 0, 0, 1161, status messages:  b'\xe1\x10\x01\x00\xef\xe1\x18\x01\x00\xef\xe1\x1c\x01\x00\xef\xe1\x1e\x01\x00\xef\xe1\x1f\x01\x00\xef\xe1\x1e\x02\x00\xef\xe1\x1c\x02\x00\xef\xe1\x18\x02\x00\xef\xe1\x10\x02\x00\xef\xe1\x00\x02\x00\xef'
2020-07-10 05:29:01.929487, cycle count 39, gpio values 24360, 0, 0, 1197, status messages:  b'\xe1\x10\x01\x00\xef\xe1\x18\x01\x00\xef\xe1\x1c\x01\x00\xef\xe1\x1e\x01\x00\xef\xe1\x1f\x01\x00\xef\xe1\x1e\x02\x00\xef\xe1\x1c\x02\x00\xef\xe1\x18\x02\x00\xef\xe1\x10\x02\x00\xef\xe1\x00\x02\x00\xef'
2020-07-10 05:29:17.869076, cycle count 40, gpio values 24990, 0, 0, 1233, status messages:  b'\xe1\x10\x01\x00\xef\xe1\x18\x01\x00\xef\xe1\x1c\x01\x00\xef\xe1\x1e\x01\x00\xef\xe1\x1f\x01\x00\xef\xe1\x1e\x02\x00\xef\xe1\x1c\x02\x00\xef\xe1\x18\x02\x00\xef\xe1\x10\x02\x00\xef\xe1\x00\x02\x00\xef'
2020-07-10 05:29:33.551077, cycle count 41, gpio values 25585, 0, 0, 1269, status messages:  b'\xe1\x10\x01\x00\xef\xe1\x18\x01\x00\xef\xe1\x1c\x01\x00\xef\xe1\x1e\x01\x00\xef\xe1\x1f\x01\x00\xef\xe1\x1e\x02\x00\xef\xe1\x1c\x02\x00\xef\xe1\x18\x02\x00\xef\xe1\x10\x02\x00\xef\xe1\x00\x02\x00\xef'
2020-07-10 05:29:49.232013, cycle count 42, gpio values 26180, 0, 0, 1305, status messages:  b'\xe1\x10\x01\x00\xef\xe1\x18\x01\x00\xef\xe1\x1c\x01\x00\xef\xe1\x1e\x01\x00\xef\xe1\x1f\x01\x00\xef\xe1\x1e\x02\x00\xef\xe1\x1c\x02\x00\xef\xe1\x18\x02\x00\xef\xe1\x10\x02\x00\xef\xe1\x00\x02\x00\xef'
2020-07-10 05:30:04.653817, cycle count 43, gpio values 26775, 0, 0, 1333, status messages:  b'\xe1\x10\x01\x00\xef\xe1\x18\x01\x00\xef\xe1\x1c\x01\x00\xef\xe1\x1e\x01\x00\xef\xe1\x1f\x01\x00\xef\xe1\x1e\x02\x00\xef\xe1\x1c\x02\x00\xef\xe1\x18\x02\x00\xef\xe1\x10\x02\x00\xef\xe1\x00\x02\x00\xef'
2020-07-10 05:30:20.075587, cycle count 44, gpio values 27370, 0, 0, 1361, status messages:  b'\xe1\x10\x01\x00\xef\xe1\x18\x01\x00\xef\xe1\x1c\x01\x00\xef\xe1\x1e\x01\x00\xef\xe1\x1f\x01\x00\xef\xe1\x1e\x02\x00\xef\xe1\x1c\x02\x00\xef\xe1\x18\x02\x00\xef\xe1\x10\x02\x00\xef\xe1\x00\x02\x00\xef'
2020-07-10 05:30:35.757122, cycle count 45, gpio values 27965, 0, 0, 1397, status messages:  b'\xe1\x10\x01\x00\xef\xe1\x18\x01\x00\xef\xe1\x1c\x01\x00\xef\xe1\x1e\x01\x00\xef\xe1\x1f\x01\x00\xef\xe1\x1e\x02\x00\xef\xe1\x1c\x02\x00\xef\xe1\x18\x02\x00\xef\xe1\x10\x02\x00\xef\xe1\x00\x02\x00\xef'
2020-07-10 05:30:51.437894, cycle count 46, gpio values 28560, 0, 0, 1433, status messages:  b'\xe1\x10\x01\x00\xef\xe1\x18\x01\x00\xef\xe1\x1c\x01\x00\xef\xe1\x1e\x01\x00\xef\xe1\x1f\x01\x00\xef\xe1\x1e\x02\x00\xef\xe1\x1c\x02\x00\xef\xe1\x18\x02\x00\xef\xe1\x10\x02\x00\xef\xe1\x00\x02\x00\xef'
2020-07-10 05:31:06.859750, cycle count 47, gpio values 29155, 0, 0, 1461, status messages:  b'\xe1\x10\x01\x00\xef\xe1\x18\x01\x00\xef\xe1\x1c\x01\x00\xef\xe1\x1e\x01\x00\xef\xe1\x1f\x01\x00\xef\xe1\x1e\x02\x00\xef\xe1\x1c\x02\x00\xef\xe1\x18\x02\x00\xef\xe1\x10\x02\x00\xef\xe1\x00\x02\x00\xef'
2020-07-10 05:31:22.282344, cycle count 48, gpio values 29750, 0, 0, 1489, status messages:  b'\xe1\x10\x01\x00\xef\xe1\x18\x01\x00\xef\xe1\x1c\x01\x00\xef\xe1\x1e\x01\x00\xef\xe1\x1f\x01\x00\xef\xe1\x1e\x02\x00\xef\xe1\x1c\x02\x00\xef\xe1\x18\x02\x00\xef\xe1\x10\x02\x00\xef\xe1\x00\x02\x00\xef'
2020-07-10 05:31:37.979585, cycle count 49, gpio values 30345, 0, 0, 1525, status messages:  b'\xe1\x10\x01\x00\xef\xe1\x18\x01\x00\xef\xe1\x1c\x01\x00\xef\xe1\x1e\x01\x00\xef\xe1\x1f\x01\x00\xef\xe1\x1e\x02\x00\xef\xe1\x1c\x02\x00\xef\xe1\x18\x02\x00\xef\xe1\x10\x02\x00\xef\xe1\x00\x02\x00\xef'
2020-07-10 05:31:53.741533, cycle count 50, gpio values 30940, 0, 0, 1561, status messages:  b'\xe1\x10\x01\x00\xef\xe1\x18\x01\x00\xef\xe1\x1c\x01\x00\xef\xe1\x1e\x01\x00\xef\xe1\x1f\x01\x00\xef\xe1\x1e\x02\x00\xef\xe1\x1c\x02\x00\xef\xe1\x18\x02\x00\xef\xe1\x10\x02\x00\xef\xe1\x00\x02\x00\xef'
2020-07-10 05:32:09.439677, cycle count 51, gpio values 31535, 0, 0, 1597, status messages:  b'\xe1\x10\x01\x00\xef\xe1\x18\x01\x00\xef\xe1\x1c\x01\x00\xef\xe1\x1e\x01\x00\xef\xe1\x1f\x01\x00\xef\xe1\x1e\x02\x00\xef\xe1\x1c\x02\x00\xef\xe1\x18\x02\x00\xef\xe1\x10\x02\x00\xef\xe1\x00\x02\x00\xef'
2020-07-10 05:32:25.120846, cycle count 52, gpio values 32130, 0, 0, 1633, status messages:  b'\xe1\x10\x01\x00\xef\xe1\x18\x01\x00\xef\xe1\x1c\x01\x00\xef\xe1\x1e\x01\x00\xef\xe1\x1f\x01\x00\xef\xe1\x1e\x02\x00\xef\xe1\x1c\x02\x00\xef\xe1\x18\x02\x00\xef\xe1\x10\x02\x00\xef\xe1\x00\x02\x00\xef'
2020-07-10 05:32:41.060435, cycle count 53, gpio values 32760, 0, 0, 1669, status messages:  b'\xe1\x10\x01\x00\xef\xe1\x18\x01\x00\xef\xe1\x1c\x01\x00\xef\xe1\x1e\x01\x00\xef\xe1\x1f\x01\x00\xef\xe1\x1e\x02\x00\xef\xe1\x1c\x02\x00\xef\xe1\x18\x02\x00\xef\xe1\x10\x02\x00\xef\xe1\x00\x02\x00\xef'
2020-07-10 05:32:56.741982, cycle count 54, gpio values 33355, 0, 0, 1705, status messages:  b'\xe1\x10\x01\x00\xef\xe1\x18\x01\x00\xef\xe1\x1c\x01\x00\xef\xe1\x1e\x01\x00\xef\xe1\x1f\x01\x00\xef\xe1\x1e\x02\x00\xef\xe1\x1c\x02\x00\xef\xe1\x18\x02\x00\xef\xe1\x10\x02\x00\xef\xe1\x00\x02\x00\xef'
2020-07-10 05:33:12.162505, cycle count 55, gpio values 33950, 0, 0, 1733, status messages:  b'\xe1\x10\x01\x00\xef\xe1\x18\x01\x00\xef\xe1\x1c\x01\x00\xef\xe1\x1e\x01\x00\xef\xe1\x1f\x01\x00\xef\xe1\x1e\x02\x00\xef\xe1\x1c\x02\x00\xef\xe1\x18\x02\x00\xef\xe1\x10\x02\x00\xef\xe1\x00\x02\x00\xef'
2020-07-10 05:33:27.844445, cycle count 56, gpio values 34545, 0, 0, 1769, status messages:  b'\xe1\x10\x01\x00\xef\xe1\x18\x01\x00\xef\xe1\x1c\x01\x00\xef\xe1\x1e\x01\x00\xef\xe1\x1f\x01\x00\xef\xe1\x1e\x02\x00\xef\xe1\x1c\x02\x00\xef\xe1\x18\x02\x00\xef\xe1\x10\x02\x00\xef\xe1\x00\x02\x00\xef'
2020-07-10 05:33:43.525556, cycle count 57, gpio values 35140, 0, 0, 1805, status messages:  b'\xe1\x10\x01\x00\xef\xe1\x18\x01\x00\xef\xe1\x1c\x01\x00\xef\xe1\x1e\x01\x00\xef\xe1\x1f\x01\x00\xef\xe1\x1e\x02\x00\xef\xe1\x1c\x02\x00\xef\xe1\x18\x02\x00\xef\xe1\x10\x02\x00\xef\xe1\x00\x02\x00\xef'
2020-07-10 05:33:59.238733, cycle count 58, gpio values 35770, 0, 0, 1841, status messages:  b'\xe1\x10\x01\x00\xef\xe1\x18\x01\x00\xef\xe1\x1c\x01\x00\xef\xe1\x1e\x01\x00\xef\xe1\x1f\x01\x00\xef\xe1\x1e\x02\x00\xef\xe1\x1c\x02\x00\xef\xe1\x18\x02\x00\xef\xe1\x10\x02\x00\xef\xe1\x00\x02\x00\xef'
2020-07-10 05:34:14.920225, cycle count 59, gpio values 36365, 0, 0, 1877, status messages:  b'\xe1\x10\x01\x00\xef\xe1\x18\x01\x00\xef\xe1\x1c\x01\x00\xef\xe1\x1e\x01\x00\xef\xe1\x1f\x01\x00\xef\xe1\x1e\x02\x00\xef\xe1\x1c\x02\x00\xef\xe1\x18\x02\x00\xef\xe1\x10\x02\x00\xef\xe1\x00\x02\x00\xef'
2020-07-10 05:34:30.860587, cycle count 60, gpio values 36995, 0, 0, 1913, status messages:  b'\xe1\x10\x01\x00\xef\xe1\x18\x01\x00\xef\xe1\x1c\x01\x00\xef\xe1\x1e\x01\x00\xef\xe1\x1f\x01\x00\xef\xe1\x1e\x02\x00\xef\xe1\x1c\x02\x00\xef\xe1\x18\x02\x00\xef\xe1\x10\x02\x00\xef\xe1\x00\x02\x00\xef'
2020-07-10 05:34:46.557410, cycle count 61, gpio values 37625, 0, 0, 1949, status messages:  b'\xe1\x10\x01\x00\xef\xe1\x18\x01\x00\xef\xe1\x1c\x01\x00\xef\xe1\x1e\x01\x00\xef\xe1\x1f\x01\x00\xef\xe1\x1e\x02\x00\xef\xe1\x1c\x02\x00\xef\xe1\x18\x02\x00\xef\xe1\x10\x02\x00\xef\xe1\x00\x02\x00\xef'
2020-07-10 05:35:02.497276, cycle count 62, gpio values 38255, 0, 0, 1985, status messages:  b'\xe1\x10\x01\x00\xef\xe1\x18\x01\x00\xef\xe1\x1c\x01\x00\xef\xe1\x1e\x01\x00\xef\xe1\x1f\x01\x00\xef\xe1\x1e\x02\x00\xef\xe1\x1c\x02\x00\xef\xe1\x18\x02\x00\xef\xe1\x10\x02\x00\xef\xe1\x00\x02\x00\xef'
2020-07-10 05:35:18.227437, cycle count 63, gpio values 38885, 0, 0, 2021, status messages:  b'\xe1\x10\x01\x00\xef\xe1\x18\x01\x00\xef\xe1\x1c\x01\x00\xef\xe1\x1e\x01\x00\xef\xe1\x1f\x01\x00\xef\xe1\x1e\x02\x00\xef\xe1\x1c\x02\x00\xef\xe1\x18\x02\x00\xef\xe1\x10\x02\x00\xef\xe1\x00\x02\x00\xef'
2020-07-10 05:35:33.924036, cycle count 64, gpio values 39515, 0, 0, 2057, status messages:  b'\xe1\x10\x01\x00\xef\xe1\x18\x01\x00\xef\xe1\x1c\x01\x00\xef\xe1\x1e\x01\x00\xef\xe1\x1f\x01\x00\xef\xe1\x1e\x02\x00\xef\xe1\x1c\x02\x00\xef\xe1\x18\x02\x00\xef\xe1\x10\x02\x00\xef\xe1\x00\x02\x00\xef'
2020-07-10 05:35:49.864647, cycle count 65, gpio values 40181, 0, 0, 2093, status messages:  b'\xe1\x10\x01\x00\xef\xe1\x18\x01\x00\xef\xe1\x1c\x01\x00\xef\xe1\x1e\x01\x00\xef\xe1\x1f\x01\x00\xef\xe1\x1e\x02\x00\xef\xe1\x1c\x02\x00\xef\xe1\x18\x02\x00\xef\xe1\x10\x02\x00\xef\xe1\x00\x02\x00\xef'
2020-07-10 05:36:05.544650, cycle count 66, gpio values 40811, 0, 0, 2129, status messages:  b'\xe1\x10\x01\x00\xef\xe1\x18\x01\x00\xef\xe1\x1c\x01\x00\xef\xe1\x1e\x01\x00\xef\xe1\x1f\x01\x00\xef\xe1\x1e\x02\x00\xef\xe1\x1c\x02\x00\xef\xe1\x18\x02\x00\xef\xe1\x10\x02\x00\xef\xe1\x00\x02\x00\xef'
2020-07-10 05:36:21.485288, cycle count 67, gpio values 41441, 0, 0, 2165, status messages:  b'\xe1\x10\x01\x00\xef\xe1\x18\x01\x00\xef\xe1\x1c\x01\x00\xef\xe1\x1e\x01\x00\xef\xe1\x1f\x01\x00\xef\xe1\x1e\x02\x00\xef\xe1\x1c\x02\x00\xef\xe1\x18\x02\x00\xef\xe1\x10\x02\x00\xef\xe1\x00\x02\x00\xef'
2020-07-10 05:36:37.425280, cycle count 68, gpio values 42107, 0, 0, 2201, status messages:  b'\xe1\x10\x01\x00\xef\xe1\x18\x01\x00\xef\xe1\x1c\x01\x00\xef\xe1\x1e\x01\x00\xef\xe1\x1f\x01\x00\xef\xe1\x1e\x02\x00\xef\xe1\x1c\x02\x00\xef\xe1\x18\x02\x00\xef\xe1\x10\x02\x00\xef\xe1\x00\x02\x00\xef'
2020-07-10 05:36:53.108235, cycle count 69, gpio values 42737, 0, 0, 2237, status messages:  b'\xe1\x10\x01\x00\xef\xe1\x18\x01\x00\xef\xe1\x1c\x01\x00\xef\xe1\x1e\x01\x00\xef\xe1\x1f\x01\x00\xef\xe1\x1e\x02\x00\xef\xe1\x1c\x02\x00\xef\xe1\x18\x02\x00\xef\xe1\x10\x02\x00\xef\xe1\x00\x02\x00\xef'
2020-07-10 05:37:08.789044, cycle count 70, gpio values 43367, 0, 0, 2273, status messages:  b'\xe1\x10\x01\x00\xef\xe1\x18\x01\x00\xef\xe1\x1c\x01\x00\xef\xe1\x1e\x01\x00\xef\xe1\x1f\x01\x00\xef\xe1\x1e\x02\x00\xef\xe1\x1c\x02\x00\xef\xe1\x18\x02\x00\xef\xe1\x10\x02\x00\xef\xe1\x00\x02\x00\xef'
2020-07-10 05:37:24.729269, cycle count 71, gpio values 44033, 0, 0, 2309, status messages:  b'\xe1\x10\x01\x00\xef\xe1\x18\x01\x00\xef\xe1\x1c\x01\x00\xef\xe1\x1e\x01\x00\xef\xe1\x1f\x01\x00\xef\xe1\x1e\x02\x00\xef\xe1\x1c\x02\x00\xef\xe1\x18\x02\x00\xef\xe1\x10\x02\x00\xef\xe1\x00\x02\x00\xef'
2020-07-10 05:37:40.668905, cycle count 72, gpio values 44663, 0, 0, 2345, status messages:  b'\xe1\x10\x01\x00\xef\xe1\x18\x01\x00\xef\xe1\x1c\x01\x00\xef\xe1\x1e\x01\x00\xef\xe1\x1f\x01\x00\xef\xe1\x1e\x02\x00\xef\xe1\x1c\x02\x00\xef\xe1\x18\x02\x00\xef\xe1\x10\x02\x00\xef\xe1\x00\x02\x00\xef'
2020-07-10 05:37:56.608444, cycle count 73, gpio values 45329, 0, 0, 2381, status messages:  b'\xe1\x10\x01\x00\xef\xe1\x18\x01\x00\xef\xe1\x1c\x01\x00\xef\xe1\x1e\x01\x00\xef\xe1\x1f\x01\x00\xef\xe1\x1e\x02\x00\xef\xe1\x1c\x02\x00\xef\xe1\x18\x02\x00\xef\xe1\x10\x02\x00\xef\xe1\x00\x02\x00\xef'
2020-07-10 05:38:12.322964, cycle count 74, gpio values 45959, 0, 0, 2417, status messages:  b'\xe1\x10\x01\x00\xef\xe1\x18\x01\x00\xef\xe1\x1c\x01\x00\xef\xe1\x1e\x01\x00\xef\xe1\x1f\x01\x00\xef\xe1\x1e\x02\x00\xef\xe1\x1c\x02\x00\xef\xe1\x18\x02\x00\xef\xe1\x10\x02\x00\xef\xe1\x00\x02\x00\xef'
2020-07-10 05:38:28.003344, cycle count 75, gpio values 46589, 0, 0, 2453, status messages:  b'\xe1\x10\x01\x00\xef\xe1\x18\x01\x00\xef\xe1\x1c\x01\x00\xef\xe1\x1e\x01\x00\xef\xe1\x1f\x01\x00\xef\xe1\x1e\x02\x00\xef\xe1\x1c\x02\x00\xef\xe1\x18\x02\x00\xef\xe1\x10\x02\x00\xef\xe1\x00\x02\x00\xef'
2020-07-10 05:38:43.943354, cycle count 76, gpio values 47255, 0, 0, 2489, status messages:  b'\xe1\x10\x01\x00\xef\xe1\x18\x01\x00\xef\xe1\x1c\x01\x00\xef\xe1\x1e\x01\x00\xef\xe1\x1f\x01\x00\xef\xe1\x1e\x02\x00\xef\xe1\x1c\x02\x00\xef\xe1\x18\x02\x00\xef\xe1\x10\x02\x00\xef\xe1\x00\x02\x00\xef'
2020-07-10 05:38:59.883202, cycle count 77, gpio values 47885, 0, 0, 2525, status messages:  b'\xe1\x10\x01\x00\xef\xe1\x18\x01\x00\xef\xe1\x1c\x01\x00\xef\xe1\x1e\x01\x00\xef\xe1\x1f\x01\x00\xef\xe1\x1e\x02\x00\xef\xe1\x1c\x02\x00\xef\xe1\x18\x02\x00\xef\xe1\x10\x02\x00\xef\xe1\x00\x02\x00\xef'
2020-07-10 05:39:15.565528, cycle count 78, gpio values 48515, 0, 0, 2561, status messages:  b'\xe1\x10\x01\x00\xef\xe1\x18\x01\x00\xef\xe1\x1c\x01\x00\xef\xe1\x1e\x01\x00\xef\xe1\x1f\x01\x00\xef\xe1\x1e\x02\x00\xef\xe1\x1c\x02\x00\xef\xe1\x18\x02\x00\xef\xe1\x10\x02\x00\xef\xe1\x00\x02\x00\xef'
2020-07-10 05:39:31.310386, cycle count 79, gpio values 49145, 0, 0, 2597, status messages:  b'\xe1\x10\x01\x00\xef\xe1\x18\x01\x00\xef\xe1\x1c\x01\x00\xef\xe1\x1e\x01\x00\xef\xe1\x1f\x01\x00\xef\xe1\x1e\x02\x00\xef\xe1\x1c\x02\x00\xef\xe1\x18\x02\x00\xef\xe1\x10\x02\x00\xef\xe1\x00\x02\x00\xef'
2020-07-10 05:39:46.992166, cycle count 80, gpio values 49775, 0, 0, 2633, status messages:  b'\xe1\x10\x01\x00\xef\xe1\x18\x01\x00\xef\xe1\x1c\x01\x00\xef\xe1\x1e\x01\x00\xef\xe1\x1f\x01\x00\xef\xe1\x1e\x02\x00\xef\xe1\x1c\x02\x00\xef\xe1\x18\x02\x00\xef\xe1\x10\x02\x00\xef\xe1\x00\x02\x00\xef'
2020-07-10 05:40:02.672325, cycle count 81, gpio values 50405, 0, 0, 2669, status messages:  b'\xe1\x10\x01\x00\xef\xe1\x18\x01\x00\xef\xe1\x1c\x01\x00\xef\xe1\x1e\x01\x00\xef\xe1\x1f\x01\x00\xef\xe1\x1e\x02\x00\xef\xe1\x1c\x02\x00\xef\xe1\x18\x02\x00\xef\xe1\x10\x02\x00\xef\xe1\x00\x02\x00\xef'
2020-07-10 05:40:18.353809, cycle count 82, gpio values 51035, 0, 0, 2705, status messages:  b'\xe1\x10\x01\x00\xef\xe1\x18\x01\x00\xef\xe1\x1c\x01\x00\xef\xe1\x1e\x01\x00\xef\xe1\x1f\x01\x00\xef\xe1\x1e\x02\x00\xef\xe1\x1c\x02\x00\xef\xe1\x18\x02\x00\xef\xe1\x10\x02\x00\xef\xe1\x00\x02\x00\xef'
2020-07-10 05:40:34.294220, cycle count 83, gpio values 51701, 0, 0, 2741, status messages:  b'\xe1\x10\x01\x00\xef\xe1\x18\x01\x00\xef\xe1\x1c\x01\x00\xef\xe1\x1e\x01\x00\xef\xe1\x1f\x01\x00\xef\xe1\x1e\x02\x00\xef\xe1\x1c\x02\x00\xef\xe1\x18\x02\x00\xef\xe1\x10\x02\x00\xef\xe1\x00\x02\x00\xef'
2020-07-10 05:40:49.973986, cycle count 84, gpio values 52331, 0, 0, 2777, status messages:  b'\xe1\x10\x01\x00\xef\xe1\x18\x01\x00\xef\xe1\x1c\x01\x00\xef\xe1\x1e\x01\x00\xef\xe1\x1f\x01\x00\xef\xe1\x1e\x02\x00\xef\xe1\x1c\x02\x00\xef\xe1\x18\x02\x00\xef\xe1\x10\x02\x00\xef\xe1\x00\x02\x00\xef'
2020-07-10 05:41:05.655377, cycle count 85, gpio values 52961, 0, 0, 2813, status messages:  b'\xe1\x10\x01\x00\xef\xe1\x18\x01\x00\xef\xe1\x1c\x01\x00\xef\xe1\x1e\x01\x00\xef\xe1\x1f\x01\x00\xef\xe1\x1e\x02\x00\xef\xe1\x1c\x02\x00\xef\xe1\x18\x02\x00\xef\xe1\x10\x02\x00\xef\xe1\x00\x02\x00\xef'
2020-07-10 05:41:21.695258, cycle count 86, gpio values 53627, 0, 0, 2841, status messages:  b'\xe1\x10\x01\x00\xef\xe1\x18\x01\x00\xef\xe1\x1c\x01\x00\xef\xe1\x1e\x01\x00\xef\xe1\x1f\x01\x00\xef\xe1\x1e\x02\x00\xef\xe1\x1c\x02\x00\xef\xe1\x18\x02\x00\xef\xe1\x10\x02\x00\xef\xe1\x00\x02\x00\xef'
2020-07-10 05:41:37.375205, cycle count 87, gpio values 54257, 0, 0, 2877, status messages:  b'\xe1\x10\x01\x00\xef\xe1\x18\x01\x00\xef\xe1\x1c\x01\x00\xef\xe1\x1e\x01\x00\xef\xe1\x1f\x01\x00\xef\xe1\x1e\x02\x00\xef\xe1\x1c\x02\x00\xef\xe1\x18\x02\x00\xef\xe1\x10\x02\x00\xef\xe1\x00\x02\x00\xef'
2020-07-10 05:41:53.316202, cycle count 88, gpio values 54923, 0, 0, 2913, status messages:  b'\xe1\x10\x01\x00\xef\xe1\x18\x01\x00\xef\xe1\x1c\x01\x00\xef\xe1\x1e\x01\x00\xef\xe1\x1f\x01\x00\xef\xe1\x1e\x02\x00\xef\xe1\x1c\x02\x00\xef\xe1\x18\x02\x00\xef\xe1\x10\x02\x00\xef\xe1\x00\x02\x00\xef'
2020-07-10 05:42:09.355935, cycle count 89, gpio values 55589, 0, 0, 2949, status messages:  b'\xe1\x10\x01\x00\xef\xe1\x18\x01\x00\xef\xe1\x1c\x01\x00\xef\xe1\x1e\x01\x00\xef\xe1\x1f\x01\x00\xef\xe1\x1e\x02\x00\xef\xe1\x1c\x02\x00\xef\xe1\x18\x02\x00\xef\xe1\x10\x02\x00\xef\xe1\x00\x02\x00\xef'
2020-07-10 05:42:25.085036, cycle count 90, gpio values 56219, 0, 0, 2985, status messages:  b'\xe1\x10\x01\x00\xef\xe1\x18\x01\x00\xef\xe1\x1c\x01\x00\xef\xe1\x1e\x01\x00\xef\xe1\x1f\x01\x00\xef\xe1\x1e\x02\x00\xef\xe1\x1c\x02\x00\xef\xe1\x18\x02\x00\xef\xe1\x10\x02\x00\xef\xe1\x00\x02\x00\xef'
2020-07-10 05:42:40.765970, cycle count 91, gpio values 56814, 0, 0, 3021, status messages:  b'\xe1\x10\x01\x00\xef\xe1\x18\x01\x00\xef\xe1\x1c\x01\x00\xef\xe1\x1e\x01\x00\xef\xe1\x1f\x01\x00\xef\xe1\x1e\x02\x00\xef\xe1\x1c\x02\x00\xef\xe1\x18\x02\x00\xef\xe1\x10\x02\x00\xef\xe1\x00\x02\x00\xef'
2020-07-10 05:42:56.188062, cycle count 92, gpio values 57409, 0, 0, 3049, status messages:  b'\xe1\x10\x01\x00\xef\xe1\x18\x01\x00\xef\xe1\x1c\x01\x00\xef\xe1\x1e\x01\x00\xef\xe1\x1f\x01\x00\xef\xe1\x1e\x02\x00\xef\xe1\x1c\x02\x00\xef\xe1\x18\x02\x00\xef\xe1\x10\x02\x00\xef\xe1\x00\x02\x00\xef'
2020-07-10 05:43:11.917371, cycle count 93, gpio values 58039, 0, 0, 3085, status messages:  b'\xe1\x10\x01\x00\xef\xe1\x18\x01\x00\xef\xe1\x1c\x01\x00\xef\xe1\x1e\x01\x00\xef\xe1\x1f\x01\x00\xef\xe1\x1e\x02\x00\xef\xe1\x1c\x02\x00\xef\xe1\x18\x02\x00\xef\xe1\x10\x02\x00\xef\xe1\x00\x02\x00\xef'
2020-07-10 05:43:27.599275, cycle count 94, gpio values 58669, 0, 0, 3121, status messages:  b'\xe1\x10\x01\x00\xef\xe1\x18\x01\x00\xef\xe1\x1c\x01\x00\xef\xe1\x1e\x01\x00\xef\xe1\x1f\x01\x00\xef\xe1\x1e\x02\x00\xef\xe1\x1c\x02\x00\xef\xe1\x18\x02\x00\xef\xe1\x10\x02\x00\xef\xe1\x00\x02\x00\xef'
2020-07-10 05:43:43.020690, cycle count 95, gpio values 59264, 0, 0, 3149, status messages:  b'\xe1\x10\x01\x00\xef\xe1\x18\x01\x00\xef\xe1\x1c\x01\x00\xef\xe1\x1e\x01\x00\xef\xe1\x1f\x01\x00\xef\xe1\x1e\x02\x00\xef\xe1\x1c\x02\x00\xef\xe1\x18\x02\x00\xef\xe1\x10\x02\x00\xef\xe1\x00\x02\x00\xef'
2020-07-10 05:43:58.701116, cycle count 96, gpio values 59859, 0, 0, 3185, status messages:  b'\xe1\x10\x01\x00\xef\xe1\x18\x01\x00\xef\xe1\x1c\x01\x00\xef\xe1\x1e\x01\x00\xef\xe1\x1f\x01\x00\xef\xe1\x1e\x02\x00\xef\xe1\x1c\x02\x00\xef\xe1\x18\x02\x00\xef\xe1\x10\x02\x00\xef\xe1\x00\x02\x00\xef'
2020-07-10 05:44:14.381740, cycle count 97, gpio values 60454, 0, 0, 3221, status messages:  b'\xe1\x10\x01\x00\xef\xe1\x18\x01\x00\xef\xe1\x1c\x01\x00\xef\xe1\x1e\x01\x00\xef\xe1\x1f\x01\x00\xef\xe1\x1e\x02\x00\xef\xe1\x1c\x02\x00\xef\xe1\x18\x02\x00\xef\xe1\x10\x02\x00\xef\xe1\x00\x02\x00\xef'
2020-07-10 05:44:30.063303, cycle count 98, gpio values 61084, 0, 0, 3257, status messages:  b'\xe1\x10\x01\x00\xef\xe1\x18\x01\x00\xef\xe1\x1c\x01\x00\xef\xe1\x1e\x01\x00\xef\xe1\x1f\x01\x00\xef\xe1\x1e\x02\x00\xef\xe1\x1c\x02\x00\xef\xe1\x18\x02\x00\xef\xe1\x10\x02\x00\xef\xe1\x00\x02\x00\xef'
2020-07-10 05:44:46.004392, cycle count 99, gpio values 61750, 0, 0, 3293, status messages:  b'\xe1\x10\x01\x00\xef\xe1\x18\x01\x00\xef\xe1\x1c\x01\x00\xef\xe1\x1e\x01\x00\xef\xe1\x1f\x01\x00\xef\xe1\x1e\x02\x00\xef\xe1\x1c\x02\x00\xef\xe1\x18\x02\x00\xef\xe1\x10\x02\x00\xef\xe1\x00\x02\x00\xef'
2020-07-10 05:45:01.685590, cycle count 100, gpio values 62380, 0, 0, 3329, status messages:  b'\xe1\x10\x01\x00\xef\xe1\x18\x01\x00\xef\xe1\x1c\x01\x00\xef\xe1\x1e\x01\x00\xef\xe1\x1f\x01\x00\xef\xe1\x1e\x02\x00\xef\xe1\x1c\x02\x00\xef\xe1\x18\x02\x00\xef\xe1\x10\x02\x00\xef\xe1\x00\x02\x00\xef'
2020-07-10 05:45:17.625700, cycle count 101, gpio values 63046, 0, 0, 3365, status messages:  b'\xe1\x10\x01\x00\xef\xe1\x18\x01\x00\xef\xe1\x1c\x01\x00\xef\xe1\x1e\x01\x00\xef\xe1\x1f\x01\x00\xef\xe1\x1e\x02\x00\xef\xe1\x1c\x02\x00\xef\xe1\x18\x02\x00\xef\xe1\x10\x02\x00\xef\xe1\x00\x02\x00\xef'
2020-07-10 05:45:33.305924, cycle count 102, gpio values 63676, 0, 0, 3401, status messages:  b'\xe1\x10\x01\x00\xef\xe1\x18\x01\x00\xef\xe1\x1c\x01\x00\xef\xe1\x1e\x01\x00\xef\xe1\x1f\x01\x00\xef\xe1\x1e\x02\x00\xef\xe1\x1c\x02\x00\xef\xe1\x18\x02\x00\xef\xe1\x10\x02\x00\xef\xe1\x00\x02\x00\xef'
2020-07-10 05:45:48.987432, cycle count 103, gpio values 64306, 0, 0, 3437, status messages:  b'\xe1\x10\x01\x00\xef\xe1\x18\x01\x00\xef\xe1\x1c\x01\x00\xef\xe1\x1e\x01\x00\xef\xe1\x1f\x01\x00\xef\xe1\x1e\x02\x00\xef\xe1\x1c\x02\x00\xef\xe1\x18\x02\x00\xef\xe1\x10\x02\x00\xef\xe1\x00\x02\x00\xef'
2020-07-10 05:46:04.927813, cycle count 104, gpio values 64972, 0, 0, 3473, status messages:  b'\xe1\x10\x01\x00\xef\xe1\x18\x01\x00\xef\xe1\x1c\x01\x00\xef\xe1\x1e\x01\x00\xef\xe1\x1f\x01\x00\xef\xe1\x1e\x02\x00\xef\xe1\x1c\x02\x00\xef\xe1\x18\x02\x00\xef\xe1\x10\x02\x00\xef\xe1\x00\x02\x00\xef'
2020-07-10 05:46:20.867821, cycle count 105, gpio values 65638, 0, 0, 3509, status messages:  b'\xe1\x10\x01\x00\xef\xe1\x18\x01\x00\xef\xe1\x1c\x01\x00\xef\xe1\x1e\x01\x00\xef\xe1\x1f\x01\x00\xef\xe1\x1e\x02\x00\xef\xe1\x1c\x02\x00\xef\xe1\x18\x02\x00\xef\xe1\x10\x02\x00\xef\xe1\x00\x02\x00\xef'
2020-07-10 05:46:36.808414, cycle count 106, gpio values 66304, 0, 0, 3545, status messages:  b'\xe1\x10\x01\x00\xef\xe1\x18\x01\x00\xef\xe1\x1c\x01\x00\xef\xe1\x1e\x01\x00\xef\xe1\x1f\x01\x00\xef\xe1\x1e\x02\x00\xef\xe1\x1c\x02\x00\xef\xe1\x18\x02\x00\xef\xe1\x10\x02\x00\xef\xe1\x00\x02\x00\xef'
2020-07-10 05:46:52.490040, cycle count 107, gpio values 66934, 0, 0, 3581, status messages:  b'\xe1\x10\x01\x00\xef\xe1\x18\x01\x00\xef\xe1\x1c\x01\x00\xef\xe1\x1e\x01\x00\xef\xe1\x1f\x01\x00\xef\xe1\x1e\x02\x00\xef\xe1\x1c\x02\x00\xef\xe1\x18\x02\x00\xef\xe1\x10\x02\x00\xef\xe1\x00\x02\x00\xef'
2020-07-10 05:47:08.430677, cycle count 108, gpio values 67600, 0, 0, 3617, status messages:  b'\xe1\x10\x01\x00\xef\xe1\x18\x01\x00\xef\xe1\x1c\x01\x00\xef\xe1\x1e\x01\x00\xef\xe1\x1f\x01\x00\xef\xe1\x1e\x02\x00\xef\xe1\x1c\x02\x00\xef\xe1\x18\x02\x00\xef\xe1\x10\x02\x00\xef\xe1\x00\x02\x00\xef'
2020-07-10 05:47:24.110767, cycle count 109, gpio values 68230, 0, 0, 3653, status messages:  b'\xe1\x10\x01\x00\xef\xe1\x18\x01\x00\xef\xe1\x1c\x01\x00\xef\xe1\x1e\x01\x00\xef\xe1\x1f\x01\x00\xef\xe1\x1e\x02\x00\xef\xe1\x1c\x02\x00\xef\xe1\x18\x02\x00\xef\xe1\x10\x02\x00\xef\xe1\x00\x02\x00\xef'
2020-07-10 05:47:39.792739, cycle count 110, gpio values 68825, 0, 0, 3689, status messages:  b'\xe1\x10\x01\x00\xef\xe1\x18\x01\x00\xef\xe1\x1c\x01\x00\xef\xe1\x1e\x01\x00\xef\xe1\x1f\x01\x00\xef\xe1\x1e\x02\x00\xef\xe1\x1c\x02\x00\xef\xe1\x18\x02\x00\xef\xe1\x10\x02\x00\xef\xe1\x00\x02\x00\xef'
2020-07-10 05:47:55.213758, cycle count 111, gpio values 69420, 0, 0, 3717, status messages:  b'\xe1\x10\x01\x00\xef\xe1\x18\x01\x00\xef\xe1\x1c\x01\x00\xef\xe1\x1e\x01\x00\xef\xe1\x1f\x01\x00\xef\xe1\x1e\x02\x00\xef\xe1\x1c\x02\x00\xef\xe1\x18\x02\x00\xef\xe1\x10\x02\x00\xef\xe1\x00\x02\x00\xef'
2020-07-10 05:48:11.153779, cycle count 112, gpio values 70050, 0, 0, 3753, status messages:  b'\xe1\x10\x01\x00\xef\xe1\x18\x01\x00\xef\xe1\x1c\x01\x00\xef\xe1\x1e\x01\x00\xef\xe1\x1f\x01\x00\xef\xe1\x1e\x02\x00\xef\xe1\x1c\x02\x00\xef\xe1\x18\x02\x00\xef\xe1\x10\x02\x00\xef\xe1\x00\x02\x00\xef'
2020-07-10 05:48:26.834487, cycle count 113, gpio values 70645, 0, 0, 3789, status messages:  b'\xe1\x10\x01\x00\xef\xe1\x18\x01\x00\xef\xe1\x1c\x01\x00\xef\xe1\x1e\x01\x00\xef\xe1\x1f\x01\x00\xef\xe1\x1e\x02\x00\xef\xe1\x1c\x02\x00\xef\xe1\x18\x02\x00\xef\xe1\x10\x02\x00\xef\xe1\x00\x02\x00\xef'
2020-07-10 05:48:42.257244, cycle count 114, gpio values 71240, 0, 0, 3817, status messages:  b'\xe1\x10\x01\x00\xef\xe1\x18\x01\x00\xef\xe1\x1c\x01\x00\xef\xe1\x1e\x01\x00\xef\xe1\x1f\x01\x00\xef\xe1\x1e\x02\x00\xef\xe1\x1c\x02\x00\xef\xe1\x18\x02\x00\xef\xe1\x10\x02\x00\xef\xe1\x00\x02\x00\xef'
2020-07-10 05:48:57.938920, cycle count 115, gpio values 71835, 0, 0, 3853, status messages:  b'\xe1\x10\x01\x00\xef\xe1\x18\x01\x00\xef\xe1\x1c\x01\x00\xef\xe1\x1e\x01\x00\xef\xe1\x1f\x01\x00\xef\xe1\x1e\x02\x00\xef\xe1\x1c\x02\x00\xef\xe1\x18\x02\x00\xef\xe1\x10\x02\x00\xef\xe1\x00\x02\x00\xef'
2020-07-10 05:49:13.360894, cycle count 116, gpio values 72430, 0, 0, 3881, status messages:  b'\xe1\x10\x01\x00\xef\xe1\x18\x01\x00\xef\xe1\x1c\x01\x00\xef\xe1\x1e\x01\x00\xef\xe1\x1f\x01\x00\xef\xe1\x1e\x02\x00\xef\xe1\x1c\x02\x00\xef\xe1\x18\x02\x00\xef\xe1\x10\x02\x00\xef\xe1\x00\x02\x00\xef'
2020-07-10 05:49:29.074289, cycle count 117, gpio values 73025, 0, 0, 3917, status messages:  b'\xe1\x10\x01\x00\xef\xe1\x18\x01\x00\xef\xe1\x1c\x01\x00\xef\xe1\x1e\x01\x00\xef\xe1\x1f\x01\x00\xef\xe1\x1e\x02\x00\xef\xe1\x1c\x02\x00\xef\xe1\x18\x02\x00\xef\xe1\x10\x02\x00\xef\xe1\x00\x02\x00\xef'
2020-07-10 05:49:44.756232, cycle count 118, gpio values 73620, 0, 0, 3953, status messages:  b'\xe1\x10\x01\x00\xef\xe1\x18\x01\x00\xef\xe1\x1c\x01\x00\xef\xe1\x1e\x01\x00\xef\xe1\x1f\x01\x00\xef\xe1\x1e\x02\x00\xef\xe1\x1c\x02\x00\xef\xe1\x18\x02\x00\xef\xe1\x10\x02\x00\xef\xe1\x00\x02\x00\xef'
2020-07-10 05:50:00.193875, cycle count 119, gpio values 74215, 0, 0, 3981, status messages:  b'\xe1\x10\x01\x00\xef\xe1\x18\x01\x00\xef\xe1\x1c\x01\x00\xef\xe1\x1e\x01\x00\xef\xe1\x1f\x01\x00\xef\xe1\x1e\x02\x00\xef\xe1\x1c\x02\x00\xef\xe1\x18\x02\x00\xef\xe1\x10\x02\x00\xef\xe1\x00\x02\x00\xef'
2020-07-10 05:50:15.875931, cycle count 120, gpio values 74810, 0, 0, 4017, status messages:  b'\xe1\x10\x01\x00\xef\xe1\x18\x01\x00\xef\xe1\x1c\x01\x00\xef\xe1\x1e\x01\x00\xef\xe1\x1f\x01\x00\xef\xe1\x1e\x02\x00\xef\xe1\x1c\x02\x00\xef\xe1\x18\x02\x00\xef\xe1\x10\x02\x00\xef\xe1\x00\x02\x00\xef'
2020-07-10 05:50:31.298093, cycle count 121, gpio values 75405, 0, 0, 4045, status messages:  b'\xe1\x10\x01\x00\xef\xe1\x18\x01\x00\xef\xe1\x1c\x01\x00\xef\xe1\x1e\x01\x00\xef\xe1\x1f\x01\x00\xef\xe1\x1e\x02\x00\xef\xe1\x1c\x02\x00\xef\xe1\x18\x02\x00\xef\xe1\x10\x02\x00\xef\xe1\x00\x02\x00\xef'
2020-07-10 05:50:46.978864, cycle count 122, gpio values 76000, 0, 0, 4081, status messages:  b'\xe1\x10\x01\x00\xef\xe1\x18\x01\x00\xef\xe1\x1c\x01\x00\xef\xe1\x1e\x01\x00\xef\xe1\x1f\x01\x00\xef\xe1\x1e\x02\x00\xef\xe1\x1c\x02\x00\xef\xe1\x18\x02\x00\xef\xe1\x10\x02\x00\xef\xe1\x00\x02\x00\xef'
2020-07-10 05:51:02.400278, cycle count 123, gpio values 76595, 0, 0, 4109, status messages:  b'\xe1\x10\x01\x00\xef\xe1\x18\x01\x00\xef\xe1\x1c\x01\x00\xef\xe1\x1e\x01\x00\xef\xe1\x1f\x01\x00\xef\xe1\x1e\x02\x00\xef\xe1\x1c\x02\x00\xef\xe1\x18\x02\x00\xef\xe1\x10\x02\x00\xef\xe1\x00\x02\x00\xef'
2020-07-10 05:51:18.098403, cycle count 124, gpio values 77190, 0, 0, 4145, status messages:  b'\xe1\x10\x01\x00\xef\xe1\x18\x01\x00\xef\xe1\x1c\x01\x00\xef\xe1\x1e\x01\x00\xef\xe1\x1f\x01\x00\xef\xe1\x1e\x02\x00\xef\xe1\x1c\x02\x00\xef\xe1\x18\x02\x00\xef\xe1\x10\x02\x00\xef\xe1\x00\x02\x00\xef'
2020-07-10 05:51:33.779234, cycle count 125, gpio values 77785, 0, 0, 4181, status messages:  b'\xe1\x10\x01\x00\xef\xe1\x18\x01\x00\xef\xe1\x1c\x01\x00\xef\xe1\x1e\x01\x00\xef\xe1\x1f\x01\x00\xef\xe1\x1e\x02\x00\xef\xe1\x1c\x02\x00\xef\xe1\x18\x02\x00\xef\xe1\x10\x02\x00\xef\xe1\x00\x02\x00\xef'
2020-07-10 05:51:49.199941, cycle count 126, gpio values 78380, 0, 0, 4209, status messages:  b'\xe1\x10\x01\x00\xef\xe1\x18\x01\x00\xef\xe1\x1c\x01\x00\xef\xe1\x1e\x01\x00\xef\xe1\x1f\x01\x00\xef\xe1\x1e\x02\x00\xef\xe1\x1c\x02\x00\xef\xe1\x18\x02\x00\xef\xe1\x10\x02\x00\xef\xe1\x00\x02\x00\xef'
2020-07-10 05:52:04.881951, cycle count 127, gpio values 78975, 0, 0, 4245, status messages:  b'\xe1\x10\x01\x00\xef\xe1\x18\x01\x00\xef\xe1\x1c\x01\x00\xef\xe1\x1e\x01\x00\xef\xe1\x1f\x01\x00\xef\xe1\x1e\x02\x00\xef\xe1\x1c\x02\x00\xef\xe1\x18\x02\x00\xef\xe1\x10\x02\x00\xef\xe1\x00\x02\x00\xef'
2020-07-10 05:52:20.303983, cycle count 128, gpio values 79570, 0, 0, 4273, status messages:  b'\xe1\x10\x01\x00\xef\xe1\x18\x01\x00\xef\xe1\x1c\x01\x00\xef\xe1\x1e\x01\x00\xef\xe1\x1f\x01\x00\xef\xe1\x1e\x02\x00\xef\xe1\x1c\x02\x00\xef\xe1\x18\x02\x00\xef\xe1\x10\x02\x00\xef\xe1\x00\x02\x00\xef'
2020-07-10 05:52:35.724411, cycle count 129, gpio values 80165, 0, 0, 4301, status messages:  b'\xe1\x10\x01\x00\xef\xe1\x18\x01\x00\xef\xe1\x1c\x01\x00\xef\xe1\x1e\x01\x00\xef\xe1\x1f\x01\x00\xef\xe1\x1e\x02\x00\xef\xe1\x1c\x02\x00\xef\xe1\x18\x02\x00\xef\xe1\x10\x02\x00\xef\xe1\x00\x02\x00\xef'
2020-07-10 05:52:51.422788, cycle count 130, gpio values 80760, 0, 0, 4337, status messages:  b'\xe1\x10\x01\x00\xef\xe1\x18\x01\x00\xef\xe1\x1c\x01\x00\xef\xe1\x1e\x01\x00\xef\xe1\x1f\x01\x00\xef\xe1\x1e\x02\x00\xef\xe1\x1c\x02\x00\xef\xe1\x18\x02\x00\xef\xe1\x10\x02\x00\xef\xe1\x00\x02\x00\xef'
2020-07-10 05:53:07.103007, cycle count 131, gpio values 81355, 0, 0, 4373, status messages:  b'\xe1\x10\x01\x00\xef\xe1\x18\x01\x00\xef\xe1\x1c\x01\x00\xef\xe1\x1e\x01\x00\xef\xe1\x1f\x01\x00\xef\xe1\x1e\x02\x00\xef\xe1\x1c\x02\x00\xef\xe1\x18\x02\x00\xef\xe1\x10\x02\x00\xef\xe1\x00\x02\x00\xef'
2020-07-10 05:53:22.525828, cycle count 132, gpio values 81950, 0, 0, 4401, status messages:  b'\xe1\x10\x01\x00\xef\xe1\x18\x01\x00\xef\xe1\x1c\x01\x00\xef\xe1\x1e\x01\x00\xef\xe1\x1f\x01\x00\xef\xe1\x1e\x02\x00\xef\xe1\x1c\x02\x00\xef\xe1\x18\x02\x00\xef\xe1\x10\x02\x00\xef\xe1\x00\x02\x00\xef'
2020-07-10 05:53:38.222381, cycle count 133, gpio values 82545, 0, 0, 4437, status messages:  b'\xe1\x10\x01\x00\xef\xe1\x18\x01\x00\xef\xe1\x1c\x01\x00\xef\xe1\x1e\x01\x00\xef\xe1\x1f\x01\x00\xef\xe1\x1e\x02\x00\xef\xe1\x1c\x02\x00\xef\xe1\x18\x02\x00\xef\xe1\x10\x02\x00\xef\xe1\x00\x02\x00\xef'
2020-07-10 05:53:53.904359, cycle count 134, gpio values 83140, 0, 0, 4473, status messages:  b'\xe1\x10\x01\x00\xef\xe1\x18\x01\x00\xef\xe1\x1c\x01\x00\xef\xe1\x1e\x01\x00\xef\xe1\x1f\x01\x00\xef\xe1\x1e\x02\x00\xef\xe1\x1c\x02\x00\xef\xe1\x18\x02\x00\xef\xe1\x10\x02\x00\xef\xe1\x00\x02\x00\xef'
2020-07-10 05:54:09.585124, cycle count 135, gpio values 83735, 0, 0, 4509, status messages:  b'\xe1\x10\x01\x00\xef\xe1\x18\x01\x00\xef\xe1\x1c\x01\x00\xef\xe1\x1e\x01\x00\xef\xe1\x1f\x01\x00\xef\xe1\x1e\x02\x00\xef\xe1\x1c\x02\x00\xef\xe1\x18\x02\x00\xef\xe1\x10\x02\x00\xef\xe1\x00\x02\x00\xef'
2020-07-10 05:54:25.023723, cycle count 136, gpio values 84330, 0, 0, 4537, status messages:  b'\xe1\x10\x01\x00\xef\xe1\x18\x01\x00\xef\xe1\x1c\x01\x00\xef\xe1\x1e\x01\x00\xef\xe1\x1f\x01\x00\xef\xe1\x1e\x02\x00\xef\xe1\x1c\x02\x00\xef\xe1\x18\x02\x00\xef\xe1\x10\x02\x00\xef\xe1\x00\x02\x00\xef'
2020-07-10 05:54:40.445407, cycle count 137, gpio values 84925, 0, 0, 4565, status messages:  b'\xe1\x10\x01\x00\xef\xe1\x18\x01\x00\xef\xe1\x1c\x01\x00\xef\xe1\x1e\x01\x00\xef\xe1\x1f\x01\x00\xef\xe1\x1e\x02\x00\xef\xe1\x1c\x02\x00\xef\xe1\x18\x02\x00\xef\xe1\x10\x02\x00\xef\xe1\x00\x02\x00\xef'
2020-07-10 05:54:56.125873, cycle count 138, gpio values 85520, 0, 0, 4601, status messages:  b'\xe1\x10\x01\x00\xef\xe1\x18\x01\x00\xef\xe1\x1c\x01\x00\xef\xe1\x1e\x01\x00\xef\xe1\x1f\x01\x00\xef\xe1\x1e\x02\x00\xef\xe1\x1c\x02\x00\xef\xe1\x18\x02\x00\xef\xe1\x10\x02\x00\xef\xe1\x00\x02\x00\xef'
2020-07-10 05:55:11.547539, cycle count 139, gpio values 86115, 0, 0, 4629, status messages:  b'\xe1\x10\x01\x00\xef\xe1\x18\x01\x00\xef\xe1\x1c\x01\x00\xef\xe1\x1e\x01\x00\xef\xe1\x1f\x01\x00\xef\xe1\x1e\x02\x00\xef\xe1\x1c\x02\x00\xef\xe1\x18\x02\x00\xef\xe1\x10\x02\x00\xef\xe1\x00\x02\x00\xef'
2020-07-10 05:55:27.228433, cycle count 140, gpio values 86710, 0, 0, 4665, status messages:  b'\xe1\x10\x01\x00\xef\xe1\x18\x01\x00\xef\xe1\x1c\x01\x00\xef\xe1\x1e\x01\x00\xef\xe1\x1f\x01\x00\xef\xe1\x1e\x02\x00\xef\xe1\x1c\x02\x00\xef\xe1\x18\x02\x00\xef\xe1\x10\x02\x00\xef\xe1\x00\x02\x00\xef'
2020-07-10 05:55:42.650646, cycle count 141, gpio values 87305, 0, 0, 4693, status messages:  b'\xe1\x10\x01\x00\xef\xe1\x18\x01\x00\xef\xe1\x1c\x01\x00\xef\xe1\x1e\x01\x00\xef\xe1\x1f\x01\x00\xef\xe1\x1e\x02\x00\xef\xe1\x1c\x02\x00\xef\xe1\x18\x02\x00\xef\xe1\x10\x02\x00\xef\xe1\x00\x02\x00\xef'
2020-07-10 05:55:58.331913, cycle count 142, gpio values 87900, 0, 0, 4729, status messages:  b'\xe1\x10\x01\x00\xef\xe1\x18\x01\x00\xef\xe1\x1c\x01\x00\xef\xe1\x1e\x01\x00\xef\xe1\x1f\x01\x00\xef\xe1\x1e\x02\x00\xef\xe1\x1c\x02\x00\xef\xe1\x18\x02\x00\xef\xe1\x10\x02\x00\xef\xe1\x00\x02\x00\xef'
2020-07-10 05:56:14.013013, cycle count 143, gpio values 88495, 0, 0, 4765, status messages:  b'\xe1\x10\x01\x00\xef\xe1\x18\x01\x00\xef\xe1\x1c\x01\x00\xef\xe1\x1e\x01\x00\xef\xe1\x1f\x01\x00\xef\xe1\x1e\x02\x00\xef\xe1\x1c\x02\x00\xef\xe1\x18\x02\x00\xef\xe1\x10\x02\x00\xef\xe1\x00\x02\x00\xef'
2020-07-10 05:56:29.693038, cycle count 144, gpio values 89090, 0, 0, 4801, status messages:  b'\xe1\x10\x01\x00\xef\xe1\x18\x01\x00\xef\xe1\x1c\x01\x00\xef\xe1\x1e\x01\x00\xef\xe1\x1f\x01\x00\xef\xe1\x1e\x02\x00\xef\xe1\x1c\x02\x00\xef\xe1\x18\x02\x00\xef\xe1\x10\x02\x00\xef\xe1\x00\x02\x00\xef'
2020-07-10 05:56:45.375450, cycle count 145, gpio values 89685, 0, 0, 4837, status messages:  b'\xe1\x10\x01\x00\xef\xe1\x18\x01\x00\xef\xe1\x1c\x01\x00\xef\xe1\x1e\x01\x00\xef\xe1\x1f\x01\x00\xef\xe1\x1e\x02\x00\xef\xe1\x1c\x02\x00\xef\xe1\x18\x02\x00\xef\xe1\x10\x02\x00\xef\xe1\x00\x02\x00\xef'
2020-07-10 05:57:01.055698, cycle count 146, gpio values 90280, 0, 0, 4873, status messages:  b'\xe1\x10\x01\x00\xef\xe1\x18\x01\x00\xef\xe1\x1c\x01\x00\xef\xe1\x1e\x01\x00\xef\xe1\x1f\x01\x00\xef\xe1\x1e\x02\x00\xef\xe1\x1c\x02\x00\xef\xe1\x18\x02\x00\xef\xe1\x10\x02\x00\xef\xe1\x00\x02\x00\xef'
2020-07-10 05:57:16.736845, cycle count 147, gpio values 90875, 0, 0, 4909, status messages:  b'\xe1\x10\x01\x00\xef\xe1\x18\x01\x00\xef\xe1\x1c\x01\x00\xef\xe1\x1e\x01\x00\xef\xe1\x1f\x01\x00\xef\xe1\x1e\x02\x00\xef\xe1\x1c\x02\x00\xef\xe1\x18\x02\x00\xef\xe1\x10\x02\x00\xef\xe1\x00\x02\x00\xef'
2020-07-10 05:57:32.417391, cycle count 148, gpio values 91470, 0, 0, 4945, status messages:  b'\xe1\x10\x01\x00\xef\xe1\x18\x01\x00\xef\xe1\x1c\x01\x00\xef\xe1\x1e\x01\x00\xef\xe1\x1f\x01\x00\xef\xe1\x1e\x02\x00\xef\xe1\x1c\x02\x00\xef\xe1\x18\x02\x00\xef\xe1\x10\x02\x00\xef\xe1\x00\x02\x00\xef'
2020-07-10 05:57:48.098264, cycle count 149, gpio values 92100, 0, 0, 4981, status messages:  b'\xe1\x10\x01\x00\xef\xe1\x18\x01\x00\xef\xe1\x1c\x01\x00\xef\xe1\x1e\x01\x00\xef\xe1\x1f\x01\x00\xef\xe1\x1e\x02\x00\xef\xe1\x1c\x02\x00\xef\xe1\x18\x02\x00\xef\xe1\x10\x02\x00\xef\xe1\x00\x02\x00\xef'
2020-07-10 05:58:03.779423, cycle count 150, gpio values 92695, 0, 0, 5017, status messages:  b'\xe1\x10\x01\x00\xef\xe1\x18\x01\x00\xef\xe1\x1c\x01\x00\xef\xe1\x1e\x01\x00\xef\xe1\x1f\x01\x00\xef\xe1\x1e\x02\x00\xef\xe1\x1c\x02\x00\xef\xe1\x18\x02\x00\xef\xe1\x10\x02\x00\xef\xe1\x00\x02\x00\xef'
2020-07-10 05:58:19.460227, cycle count 151, gpio values 93290, 0, 0, 5053, status messages:  b'\xe1\x10\x01\x00\xef\xe1\x18\x01\x00\xef\xe1\x1c\x01\x00\xef\xe1\x1e\x01\x00\xef\xe1\x1f\x01\x00\xef\xe1\x1e\x02\x00\xef\xe1\x1c\x02\x00\xef\xe1\x18\x02\x00\xef\xe1\x10\x02\x00\xef\xe1\x00\x02\x00\xef'
2020-07-10 05:58:35.142030, cycle count 152, gpio values 93885, 0, 0, 5089, status messages:  b'\xe1\x10\x01\x00\xef\xe1\x18\x01\x00\xef\xe1\x1c\x01\x00\xef\xe1\x1e\x01\x00\xef\xe1\x1f\x01\x00\xef\xe1\x1e\x02\x00\xef\xe1\x1c\x02\x00\xef\xe1\x18\x02\x00\xef\xe1\x10\x02\x00\xef\xe1\x00\x02\x00\xef'
2020-07-10 05:58:50.823329, cycle count 153, gpio values 94515, 0, 0, 5125, status messages:  b'\xe1\x10\x01\x00\xef\xe1\x18\x01\x00\xef\xe1\x1c\x01\x00\xef\xe1\x1e\x01\x00\xef\xe1\x1f\x01\x00\xef\xe1\x1e\x02\x00\xef\xe1\x1c\x02\x00\xef\xe1\x18\x02\x00\xef\xe1\x10\x02\x00\xef\xe1\x00\x02\x00\xef'
2020-07-10 05:59:06.503209, cycle count 154, gpio values 95145, 0, 0, 5161, status messages:  b'\xe1\x10\x01\x00\xef\xe1\x18\x01\x00\xef\xe1\x1c\x01\x00\xef\xe1\x1e\x01\x00\xef\xe1\x1f\x01\x00\xef\xe1\x1e\x02\x00\xef\xe1\x1c\x02\x00\xef\xe1\x18\x02\x00\xef\xe1\x10\x02\x00\xef\xe1\x00\x02\x00\xef'
2020-07-10 05:59:22.524111, cycle count 155, gpio values 95740, 0, 0, 5197, status messages:  b'\xe1\x10\x01\x00\xef\xe1\x18\x01\x00\xef\xe1\x1c\x01\x00\xef\xe1\x1e\x01\x00\xef\xe1\x1f\x01\x00\xef\xe1\x1e\x02\x00\xef\xe1\x1c\x02\x00\xef\xe1\x18\x02\x00\xef\xe1\x10\x02\x00\xef\xe1\x00\x02\x00\xef'
2020-07-10 05:59:38.205066, cycle count 156, gpio values 96335, 0, 0, 5233, status messages:  b'\xe1\x10\x01\x00\xef\xe1\x18\x01\x00\xef\xe1\x1c\x01\x00\xef\xe1\x1e\x01\x00\xef\xe1\x1f\x01\x00\xef\xe1\x1e\x02\x00\xef\xe1\x1c\x02\x00\xef\xe1\x18\x02\x00\xef\xe1\x10\x02\x00\xef\xe1\x00\x02\x00\xef'
2020-07-10 05:59:53.627539, cycle count 157, gpio values 96930, 0, 0, 5261, status messages:  b'\xe1\x10\x01\x00\xef\xe1\x18\x01\x00\xef\xe1\x1c\x01\x00\xef\xe1\x1e\x01\x00\xef\xe1\x1f\x01\x00\xef\xe1\x1e\x02\x00\xef\xe1\x1c\x02\x00\xef\xe1\x18\x02\x00\xef\xe1\x10\x02\x00\xef\xe1\x00\x02\x00\xef'
2020-07-10 06:00:09.567802, cycle count 158, gpio values 97560, 0, 0, 5297, status messages:  b'\xe1\x10\x01\x00\xef\xe1\x18\x01\x00\xef\xe1\x1c\x01\x00\xef\xe1\x1e\x01\x00\xef\xe1\x1f\x01\x00\xef\xe1\x1e\x02\x00\xef\xe1\x1c\x02\x00\xef\xe1\x18\x02\x00\xef\xe1\x10\x02\x00\xef\xe1\x00\x02\x00\xef'
2020-07-10 06:00:25.507414, cycle count 159, gpio values 98226, 0, 0, 5333, status messages:  b'\xe1\x10\x01\x00\xef\xe1\x18\x01\x00\xef\xe1\x1c\x01\x00\xef\xe1\x1e\x01\x00\xef\xe1\x1f\x01\x00\xef\xe1\x1e\x02\x00\xef\xe1\x1c\x02\x00\xef\xe1\x18\x02\x00\xef\xe1\x10\x02\x00\xef\xe1\x00\x02\x00\xef'
2020-07-10 06:00:41.188610, cycle count 160, gpio values 98856, 0, 0, 5369, status messages:  b'\xe1\x10\x01\x00\xef\xe1\x18\x01\x00\xef\xe1\x1c\x01\x00\xef\xe1\x1e\x01\x00\xef\xe1\x1f\x01\x00\xef\xe1\x1e\x02\x00\xef\xe1\x1c\x02\x00\xef\xe1\x18\x02\x00\xef\xe1\x10\x02\x00\xef\xe1\x00\x02\x00\xef'
2020-07-10 06:00:56.869482, cycle count 161, gpio values 99522, 0, 0, 5397, status messages:  b'\xe1\x10\x01\x00\xef\xe1\x18\x01\x00\xef\xe1\x1c\x01\x00\xef\xe1\x1e\x01\x00\xef\xe1\x1f\x01\x00\xef\xe1\x1e\x02\x00\xef\xe1\x1c\x02\x00\xef\xe1\x18\x02\x00\xef\xe1\x10\x02\x00\xef\xe1\x00\x02\x00\xef'
2020-07-10 06:01:12.809145, cycle count 162, gpio values 100188, 0, 0, 5433, status messages:  b'\xe1\x10\x01\x00\xef\xe1\x18\x01\x00\xef\xe1\x1c\x01\x00\xef\xe1\x1e\x01\x00\xef\xe1\x1f\x01\x00\xef\xe1\x1e\x02\x00\xef\xe1\x1c\x02\x00\xef\xe1\x18\x02\x00\xef\xe1\x10\x02\x00\xef\xe1\x00\x02\x00\xef'
2020-07-10 06:01:28.882740, cycle count 163, gpio values 100854, 0, 0, 5461, status messages:  b'\xe1\x10\x01\x00\xef\xe1\x18\x01\x00\xef\xe1\x1c\x01\x00\xef\xe1\x1e\x01\x00\xef\xe1\x1f\x01\x00\xef\xe1\x1e\x02\x00\xef\xe1\x1c\x02\x00\xef\xe1\x18\x02\x00\xef\xe1\x10\x02\x00\xef\xe1\x00\x02\x00\xef'
2020-07-10 06:01:44.563898, cycle count 164, gpio values 101449, 0, 0, 5497, status messages:  b'\xe1\x10\x01\x00\xef\xe1\x18\x01\x00\xef\xe1\x1c\x01\x00\xef\xe1\x1e\x01\x00\xef\xe1\x1f\x01\x00\xef\xe1\x1e\x02\x00\xef\xe1\x1c\x02\x00\xef\xe1\x18\x02\x00\xef\xe1\x10\x02\x00\xef\xe1\x00\x02\x00\xef'
2020-07-10 06:02:00.503388, cycle count 165, gpio values 102079, 0, 0, 5533, status messages:  b'\xe1\x10\x01\x00\xef\xe1\x18\x01\x00\xef\xe1\x1c\x01\x00\xef\xe1\x1e\x01\x00\xef\xe1\x1f\x01\x00\xef\xe1\x1e\x02\x00\xef\xe1\x1c\x02\x00\xef\xe1\x18\x02\x00\xef\xe1\x10\x02\x00\xef\xe1\x00\x02\x00\xef'
2020-07-10 06:02:16.184325, cycle count 166, gpio values 102709, 0, 0, 5569, status messages:  b'\xe1\x10\x01\x00\xef\xe1\x18\x01\x00\xef\xe1\x1c\x01\x00\xef\xe1\x1e\x01\x00\xef\xe1\x1f\x01\x00\xef\xe1\x1e\x02\x00\xef\xe1\x1c\x02\x00\xef\xe1\x18\x02\x00\xef\xe1\x10\x02\x00\xef\xe1\x00\x02\x00\xef'
2020-07-10 06:02:32.257857, cycle count 167, gpio values 103375, 0, 0, 5597, status messages:  b'\xe1\x10\x01\x00\xef\xe1\x18\x01\x00\xef\xe1\x1c\x01\x00\xef\xe1\x1e\x01\x00\xef\xe1\x1f\x01\x00\xef\xe1\x1e\x02\x00\xef\xe1\x1c\x02\x00\xef\xe1\x18\x02\x00\xef\xe1\x10\x02\x00\xef\xe1\x00\x02\x00\xef'
2020-07-10 06:02:47.939004, cycle count 168, gpio values 104005, 0, 0, 5633, status messages:  b'\xe1\x10\x01\x00\xef\xe1\x18\x01\x00\xef\xe1\x1c\x01\x00\xef\xe1\x1e\x01\x00\xef\xe1\x1f\x01\x00\xef\xe1\x1e\x02\x00\xef\xe1\x1c\x02\x00\xef\xe1\x18\x02\x00\xef\xe1\x10\x02\x00\xef\xe1\x00\x02\x00\xef'
2020-07-10 06:03:03.879029, cycle count 169, gpio values 104671, 0, 0, 5669, status messages:  b'\xe1\x10\x01\x00\xef\xe1\x18\x01\x00\xef\xe1\x1c\x01\x00\xef\xe1\x1e\x01\x00\xef\xe1\x1f\x01\x00\xef\xe1\x1e\x02\x00\xef\xe1\x1c\x02\x00\xef\xe1\x18\x02\x00\xef\xe1\x10\x02\x00\xef\xe1\x00\x02\x00\xef'
2020-07-10 06:03:19.819083, cycle count 170, gpio values 105337, 0, 0, 5705, status messages:  b'\xe1\x10\x01\x00\xef\xe1\x18\x01\x00\xef\xe1\x1c\x01\x00\xef\xe1\x1e\x01\x00\xef\xe1\x1f\x01\x00\xef\xe1\x1e\x02\x00\xef\xe1\x1c\x02\x00\xef\xe1\x18\x02\x00\xef\xe1\x10\x02\x00\xef\xe1\x00\x02\x00\xef'
2020-07-10 06:03:35.499668, cycle count 171, gpio values 105932, 0, 0, 5741, status messages:  b'\xe1\x10\x01\x00\xef\xe1\x18\x01\x00\xef\xe1\x1c\x01\x00\xef\xe1\x1e\x01\x00\xef\xe1\x1f\x01\x00\xef\xe1\x1e\x02\x00\xef\xe1\x1c\x02\x00\xef\xe1\x18\x02\x00\xef\xe1\x10\x02\x00\xef\xe1\x00\x02\x00\xef'
2020-07-10 06:03:51.440529, cycle count 172, gpio values 106562, 0, 0, 5777, status messages:  b'\xe1\x10\x01\x00\xef\xe1\x18\x01\x00\xef\xe1\x1c\x01\x00\xef\xe1\x1e\x01\x00\xef\xe1\x1f\x01\x00\xef\xe1\x1e\x02\x00\xef\xe1\x1c\x02\x00\xef\xe1\x18\x02\x00\xef\xe1\x10\x02\x00\xef\xe1\x00\x02\x00\xef'
2020-07-10 06:04:07.380798, cycle count 173, gpio values 107192, 0, 0, 5813, status messages:  b'\xe1\x10\x01\x00\xef\xe1\x18\x01\x00\xef\xe1\x1c\x01\x00\xef\xe1\x1e\x01\x00\xef\xe1\x1f\x01\x00\xef\xe1\x1e\x02\x00\xef\xe1\x1c\x02\x00\xef\xe1\x18\x02\x00\xef\xe1\x10\x02\x00\xef\xe1\x00\x02\x00\xef'
2020-07-10 06:04:23.110981, cycle count 174, gpio values 107787, 0, 0, 5841, status messages:  b'\xe1\x10\x01\x00\xef\xe1\x18\x01\x00\xef\xe1\x1c\x01\x00\xef\xe1\x1e\x01\x00\xef\xe1\x1f\x01\x00\xef\xe1\x1e\x02\x00\xef\xe1\x1c\x02\x00\xef\xe1\x18\x02\x00\xef\xe1\x10\x02\x00\xef\xe1\x00\x02\x00\xef'
2020-07-10 06:04:38.791772, cycle count 175, gpio values 108382, 0, 0, 5877, status messages:  b'\xe1\x10\x01\x00\xef\xe1\x18\x01\x00\xef\xe1\x1c\x01\x00\xef\xe1\x1e\x01\x00\xef\xe1\x1f\x01\x00\xef\xe1\x1e\x02\x00\xef\xe1\x1c\x02\x00\xef\xe1\x18\x02\x00\xef\xe1\x10\x02\x00\xef\xe1\x00\x02\x00\xef'
2020-07-10 06:04:54.729730, cycle count 176, gpio values 109012, 0, 0, 5913, status messages:  b'\xe1\x10\x01\x00\xef\xe1\x18\x01\x00\xef\xe1\x1c\x01\x00\xef\xe1\x1e\x01\x00\xef\xe1\x1f\x01\x00\xef\xe1\x1e\x02\x00\xef\xe1\x1c\x02\x00\xef\xe1\x18\x02\x00\xef\xe1\x10\x02\x00\xef\xe1\x00\x02\x00\xef'
2020-07-10 06:05:10.927812, cycle count 177, gpio values 109642, 0, 0, 5949, status messages:  b'\xe1\x10\x01\x00\xef\xe1\x18\x01\x00\xef\xe1\x1c\x01\x00\xef\xe1\x1e\x01\x00\xef\xe1\x1f\x01\x00\xef\xe1\x1e\x02\x00\xef\xe1\x1c\x02\x00\xef\xe1\x18\x02\x00\xef\xe1\x10\x02\x00\xef\xe1\x00\x02\x00\xef'
2020-07-10 06:05:26.868711, cycle count 178, gpio values 110272, 0, 0, 5977, status messages:  b'\xe1\x10\x01\x00\xef\xe1\x18\x01\x00\xef\xe1\x1c\x01\x00\xef\xe1\x1e\x01\x00\xef\xe1\x1f\x01\x00\xef\xe1\x1e\x02\x00\xef\xe1\x1c\x02\x00\xef\xe1\x18\x02\x00\xef\xe1\x10\x02\x00\xef\xe1\x00\x02\x00\xef'
2020-07-10 06:05:42.808687, cycle count 179, gpio values 110902, 0, 0, 6013, status messages:  b'\xe1\x10\x01\x00\xef\xe1\x18\x01\x00\xef\xe1\x1c\x01\x00\xef\xe1\x1e\x01\x00\xef\xe1\x1f\x01\x00\xef\xe1\x1e\x02\x00\xef\xe1\x1c\x02\x00\xef\xe1\x18\x02\x00\xef\xe1\x10\x02\x00\xef\xe1\x00\x02\x00\xef'
2020-07-10 06:05:58.749251, cycle count 180, gpio values 111532, 0, 0, 6049, status messages:  b'\xe1\x10\x01\x00\xef\xe1\x18\x01\x00\xef\xe1\x1c\x01\x00\xef\xe1\x1e\x01\x00\xef\xe1\x1f\x01\x00\xef\xe1\x1e\x02\x00\xef\xe1\x1c\x02\x00\xef\xe1\x18\x02\x00\xef\xe1\x10\x02\x00\xef\xe1\x00\x02\x00\xef'
2020-07-10 06:06:14.689273, cycle count 181, gpio values 112162, 0, 0, 6085, status messages:  b'\xe1\x10\x01\x00\xef\xe1\x18\x01\x00\xef\xe1\x1c\x01\x00\xef\xe1\x1e\x01\x00\xef\xe1\x1f\x01\x00\xef\xe1\x1e\x02\x00\xef\xe1\x1c\x02\x00\xef\xe1\x18\x02\x00\xef\xe1\x10\x02\x00\xef\xe1\x00\x02\x00\xef'
2020-07-10 06:06:30.629417, cycle count 182, gpio values 112792, 0, 0, 6121, status messages:  b'\xe1\x10\x01\x00\xef\xe1\x18\x01\x00\xef\xe1\x1c\x01\x00\xef\xe1\x1e\x01\x00\xef\xe1\x1f\x01\x00\xef\xe1\x1e\x02\x00\xef\xe1\x1c\x02\x00\xef\xe1\x18\x02\x00\xef\xe1\x10\x02\x00\xef\xe1\x00\x02\x00\xef'
2020-07-10 06:06:46.310758, cycle count 183, gpio values 113387, 0, 0, 6157, status messages:  b'\xe1\x10\x01\x00\xef\xe1\x18\x01\x00\xef\xe1\x1c\x01\x00\xef\xe1\x1e\x01\x00\xef\xe1\x1f\x01\x00\xef\xe1\x1e\x02\x00\xef\xe1\x1c\x02\x00\xef\xe1\x18\x02\x00\xef\xe1\x10\x02\x00\xef\xe1\x00\x02\x00\xef'
2020-07-10 06:07:02.249983, cycle count 184, gpio values 114017, 0, 0, 6193, status messages:  b'\xe1\x10\x01\x00\xef\xe1\x18\x01\x00\xef\xe1\x1c\x01\x00\xef\xe1\x1e\x01\x00\xef\xe1\x1f\x01\x00\xef\xe1\x1e\x02\x00\xef\xe1\x1c\x02\x00\xef\xe1\x18\x02\x00\xef\xe1\x10\x02\x00\xef\xe1\x00\x02\x00\xef'
2020-07-10 06:07:17.930567, cycle count 185, gpio values 114612, 0, 0, 6229, status messages:  b'\xe1\x10\x01\x00\xef\xe1\x18\x01\x00\xef\xe1\x1c\x01\x00\xef\xe1\x1e\x01\x00\xef\xe1\x1f\x01\x00\xef\xe1\x1e\x02\x00\xef\xe1\x1c\x02\x00\xef\xe1\x18\x02\x00\xef\xe1\x10\x02\x00\xef\xe1\x00\x02\x00\xef'
2020-07-10 06:07:33.871748, cycle count 186, gpio values 115242, 0, 0, 6265, status messages:  b'\xe1\x10\x01\x00\xef\xe1\x18\x01\x00\xef\xe1\x1c\x01\x00\xef\xe1\x1e\x01\x00\xef\xe1\x1f\x01\x00\xef\xe1\x1e\x02\x00\xef\xe1\x1c\x02\x00\xef\xe1\x18\x02\x00\xef\xe1\x10\x02\x00\xef\xe1\x00\x02\x00\xef'
2020-07-10 06:07:49.617724, cycle count 187, gpio values 115837, 0, 0, 6301, status messages:  b'\xe1\x10\x01\x00\xef\xe1\x18\x01\x00\xef\xe1\x1c\x01\x00\xef\xe1\x1e\x01\x00\xef\xe1\x1f\x01\x00\xef\xe1\x1e\x02\x00\xef\xe1\x1c\x02\x00\xef\xe1\x18\x02\x00\xef\xe1\x10\x02\x00\xef\xe1\x00\x02\x00\xef'
2020-07-10 06:08:05.298431, cycle count 188, gpio values 116432, 0, 0, 6337, status messages:  b'\xe1\x10\x01\x00\xef\xe1\x18\x01\x00\xef\xe1\x1c\x01\x00\xef\xe1\x1e\x01\x00\xef\xe1\x1f\x01\x00\xef\xe1\x1e\x02\x00\xef\xe1\x1c\x02\x00\xef\xe1\x18\x02\x00\xef\xe1\x10\x02\x00\xef\xe1\x00\x02\x00\xef'
2020-07-10 06:08:21.238844, cycle count 189, gpio values 117098, 0, 0, 6373, status messages:  b'\xe1\x10\x01\x00\xef\xe1\x18\x01\x00\xef\xe1\x1c\x01\x00\xef\xe1\x1e\x01\x00\xef\xe1\x1f\x01\x00\xef\xe1\x1e\x02\x00\xef\xe1\x1c\x02\x00\xef\xe1\x18\x02\x00\xef\xe1\x10\x02\x00\xef\xe1\x00\x02\x00\xef'
2020-07-10 06:08:37.178738, cycle count 190, gpio values 117728, 0, 0, 6409, status messages:  b'\xe1\x10\x01\x00\xef\xe1\x18\x01\x00\xef\xe1\x1c\x01\x00\xef\xe1\x1e\x01\x00\xef\xe1\x1f\x01\x00\xef\xe1\x1e\x02\x00\xef\xe1\x1c\x02\x00\xef\xe1\x18\x02\x00\xef\xe1\x10\x02\x00\xef\xe1\x00\x02\x00\xef'
2020-07-10 06:08:52.860049, cycle count 191, gpio values 118323, 0, 0, 6445, status messages:  b'\xe1\x10\x01\x00\xef\xe1\x18\x01\x00\xef\xe1\x1c\x01\x00\xef\xe1\x1e\x01\x00\xef\xe1\x1f\x01\x00\xef\xe1\x1e\x02\x00\xef\xe1\x1c\x02\x00\xef\xe1\x18\x02\x00\xef\xe1\x10\x02\x00\xef\xe1\x00\x02\x00\xef'
2020-07-10 06:09:08.800220, cycle count 192, gpio values 118989, 0, 0, 6481, status messages:  b'\xe1\x10\x01\x00\xef\xe1\x18\x01\x00\xef\xe1\x1c\x01\x00\xef\xe1\x1e\x01\x00\xef\xe1\x1f\x01\x00\xef\xe1\x1e\x02\x00\xef\xe1\x1c\x02\x00\xef\xe1\x18\x02\x00\xef\xe1\x10\x02\x00\xef\xe1\x00\x02\x00\xef'
2020-07-10 06:09:24.480515, cycle count 193, gpio values 119619, 0, 0, 6517, status messages:  b'\xe1\x10\x01\x00\xef\xe1\x18\x01\x00\xef\xe1\x1c\x01\x00\xef\xe1\x1e\x01\x00\xef\xe1\x1f\x01\x00\xef\xe1\x1e\x02\x00\xef\xe1\x1c\x02\x00\xef\xe1\x18\x02\x00\xef\xe1\x10\x02\x00\xef\xe1\x00\x02\x00\xef'
2020-07-10 06:09:40.421319, cycle count 194, gpio values 120285, 0, 0, 6553, status messages:  b'\xe1\x10\x01\x00\xef\xe1\x18\x01\x00\xef\xe1\x1c\x01\x00\xef\xe1\x1e\x01\x00\xef\xe1\x1f\x01\x00\xef\xe1\x1e\x02\x00\xef\xe1\x1c\x02\x00\xef\xe1\x18\x02\x00\xef\xe1\x10\x02\x00\xef\xe1\x00\x02\x00\xef'
2020-07-10 06:09:56.360778, cycle count 195, gpio values 120951, 0, 0, 6589, status messages:  b'\xe1\x10\x01\x00\xef\xe1\x18\x01\x00\xef\xe1\x1c\x01\x00\xef\xe1\x1e\x01\x00\xef\xe1\x1f\x01\x00\xef\xe1\x1e\x02\x00\xef\xe1\x1c\x02\x00\xef\xe1\x18\x02\x00\xef\xe1\x10\x02\x00\xef\xe1\x00\x02\x00\xef'
2020-07-10 06:10:12.042666, cycle count 196, gpio values 121581, 0, 0, 6625, status messages:  b'\xe1\x10\x01\x00\xef\xe1\x18\x01\x00\xef\xe1\x1c\x01\x00\xef\xe1\x1e\x01\x00\xef\xe1\x1f\x01\x00\xef\xe1\x1e\x02\x00\xef\xe1\x1c\x02\x00\xef\xe1\x18\x02\x00\xef\xe1\x10\x02\x00\xef\xe1\x00\x02\x00\xef'
2020-07-10 06:10:27.982250, cycle count 197, gpio values 122211, 0, 0, 6661, status messages:  b'\xe1\x10\x01\x00\xef\xe1\x18\x01\x00\xef\xe1\x1c\x01\x00\xef\xe1\x1e\x01\x00\xef\xe1\x1f\x01\x00\xef\xe1\x1e\x02\x00\xef\xe1\x1c\x02\x00\xef\xe1\x18\x02\x00\xef\xe1\x10\x02\x00\xef\xe1\x00\x02\x00\xef'
2020-07-10 06:10:43.663657, cycle count 198, gpio values 122841, 0, 0, 6697, status messages:  b'\xe1\x10\x01\x00\xef\xe1\x18\x01\x00\xef\xe1\x1c\x01\x00\xef\xe1\x1e\x01\x00\xef\xe1\x1f\x01\x00\xef\xe1\x1e\x02\x00\xef\xe1\x1c\x02\x00\xef\xe1\x18\x02\x00\xef\xe1\x10\x02\x00\xef\xe1\x00\x02\x00\xef'
2020-07-10 06:10:59.603869, cycle count 199, gpio values 123471, 0, 0, 6733, status messages:  b'\xe1\x10\x01\x00\xef\xe1\x18\x01\x00\xef\xe1\x1c\x01\x00\xef\xe1\x1e\x01\x00\xef\xe1\x1f\x01\x00\xef\xe1\x1e\x02\x00\xef\xe1\x1c\x02\x00\xef\xe1\x18\x02\x00\xef\xe1\x10\x02\x00\xef\xe1\x00\x02\x00\xef'
2020-07-10 06:11:15.285050, cycle count 200, gpio values 124066, 0, 0, 6769, status messages:  b'\xe1\x10\x01\x00\xef\xe1\x18\x01\x00\xef\xe1\x1c\x01\x00\xef\xe1\x1e\x01\x00\xef\xe1\x1f\x01\x00\xef\xe1\x1e\x02\x00\xef\xe1\x1c\x02\x00\xef\xe1\x18\x02\x00\xef\xe1\x10\x02\x00\xef\xe1\x00\x02\x00\xef'
2020-07-10 06:11:31.225611, cycle count 201, gpio values 124732, 0, 0, 6805, status messages:  b'\xe1\x10\x01\x00\xef\xe1\x18\x01\x00\xef\xe1\x1c\x01\x00\xef\xe1\x1e\x01\x00\xef\xe1\x1f\x01\x00\xef\xe1\x1e\x02\x00\xef\xe1\x1c\x02\x00\xef\xe1\x18\x02\x00\xef\xe1\x10\x02\x00\xef\xe1\x00\x02\x00\xef'
2020-07-10 06:11:47.164507, cycle count 202, gpio values 125362, 0, 0, 6833, status messages:  b'\xe1\x10\x01\x00\xef\xe1\x18\x01\x00\xef\xe1\x1c\x01\x00\xef\xe1\x1e\x01\x00\xef\xe1\x1f\x01\x00\xef\xe1\x1e\x02\x00\xef\xe1\x1c\x02\x00\xef\xe1\x18\x02\x00\xef\xe1\x10\x02\x00\xef\xe1\x00\x02\x00\xef'
2020-07-10 06:12:03.105891, cycle count 203, gpio values 125992, 0, 0, 6861, status messages:  b'\xe1\x10\x01\x00\xef\xe1\x18\x01\x00\xef\xe1\x1c\x01\x00\xef\xe1\x1e\x01\x00\xef\xe1\x1f\x01\x00\xef\xe1\x1e\x02\x00\xef\xe1\x1c\x02\x00\xef\xe1\x18\x02\x00\xef\xe1\x10\x02\x00\xef\xe1\x00\x02\x00\xef'
2020-07-10 06:12:19.045990, cycle count 204, gpio values 126622, 0, 0, 6889, status messages:  b'\xe1\x10\x01\x00\xef\xe1\x18\x01\x00\xef\xe1\x1c\x01\x00\xef\xe1\x1e\x01\x00\xef\xe1\x1f\x01\x00\xef\xe1\x1e\x02\x00\xef\xe1\x1c\x02\x00\xef\xe1\x18\x02\x00\xef\xe1\x10\x02\x00\xef\xe1\x00\x02\x00\xef'
2020-07-10 06:12:35.083338, cycle count 205, gpio values 127252, 0, 0, 6917, status messages:  b'\xe1\x10\x01\x00\xef\xe1\x18\x01\x00\xef\xe1\x1c\x01\x00\xef\xe1\x1e\x01\x00\xef\xe1\x1f\x01\x00\xef\xe1\x1e\x02\x00\xef\xe1\x1c\x02\x00\xef\xe1\x18\x02\x00\xef\xe1\x10\x02\x00\xef\xe1\x00\x02\x00\xef'
2020-07-10 06:12:51.023456, cycle count 206, gpio values 127882, 0, 0, 6945, status messages:  b'\xe1\x10\x01\x00\xef\xe1\x18\x01\x00\xef\xe1\x1c\x01\x00\xef\xe1\x1e\x01\x00\xef\xe1\x1f\x01\x00\xef\xe1\x1e\x02\x00\xef\xe1\x1c\x02\x00\xef\xe1\x18\x02\x00\xef\xe1\x10\x02\x00\xef\xe1\x00\x02\x00\xef'
2020-07-10 06:13:06.962797, cycle count 207, gpio values 128512, 0, 0, 6981, status messages:  b'\xe1\x10\x01\x00\xef\xe1\x18\x01\x00\xef\xe1\x1c\x01\x00\xef\xe1\x1e\x01\x00\xef\xe1\x1f\x01\x00\xef\xe1\x1e\x02\x00\xef\xe1\x1c\x02\x00\xef\xe1\x18\x02\x00\xef\xe1\x10\x02\x00\xef\xe1\x00\x02\x00\xef'
2020-07-10 06:13:22.903201, cycle count 208, gpio values 129142, 0, 0, 7009, status messages:  b'\xe1\x10\x01\x00\xef\xe1\x18\x01\x00\xef\xe1\x1c\x01\x00\xef\xe1\x1e\x01\x00\xef\xe1\x1f\x01\x00\xef\xe1\x1e\x02\x00\xef\xe1\x1c\x02\x00\xef\xe1\x18\x02\x00\xef\xe1\x10\x02\x00\xef\xe1\x00\x02\x00\xef'
2020-07-10 06:13:38.844087, cycle count 209, gpio values 129772, 0, 0, 7045, status messages:  b'\xe1\x10\x01\x00\xef\xe1\x18\x01\x00\xef\xe1\x1c\x01\x00\xef\xe1\x1e\x01\x00\xef\xe1\x1f\x01\x00\xef\xe1\x1e\x02\x00\xef\xe1\x1c\x02\x00\xef\xe1\x18\x02\x00\xef\xe1\x10\x02\x00\xef\xe1\x00\x02\x00\xef'
2020-07-10 06:13:54.783993, cycle count 210, gpio values 130402, 0, 0, 7073, status messages:  b'\xe1\x10\x01\x00\xef\xe1\x18\x01\x00\xef\xe1\x1c\x01\x00\xef\xe1\x1e\x01\x00\xef\xe1\x1f\x01\x00\xef\xe1\x1e\x02\x00\xef\xe1\x1c\x02\x00\xef\xe1\x18\x02\x00\xef\xe1\x10\x02\x00\xef\xe1\x00\x02\x00\xef'
2020-07-10 06:14:10.807590, cycle count 211, gpio values 131032, 0, 0, 7101, status messages:  b'\xe1\x10\x01\x00\xef\xe1\x18\x01\x00\xef\xe1\x1c\x01\x00\xef\xe1\x1e\x01\x00\xef\xe1\x1f\x01\x00\xef\xe1\x1e\x02\x00\xef\xe1\x1c\x02\x00\xef\xe1\x18\x02\x00\xef\xe1\x10\x02\x00\xef\xe1\x00\x02\x00\xef'
2020-07-10 06:14:26.747232, cycle count 212, gpio values 131662, 0, 0, 7129, status messages:  b'\xe1\x10\x01\x00\xef\xe1\x18\x01\x00\xef\xe1\x1c\x01\x00\xef\xe1\x1e\x01\x00\xef\xe1\x1f\x01\x00\xef\xe1\x1e\x02\x00\xef\xe1\x1c\x02\x00\xef\xe1\x18\x02\x00\xef\xe1\x10\x02\x00\xef\xe1\x00\x02\x00\xef'
2020-07-10 06:14:42.688552, cycle count 213, gpio values 132292, 0, 0, 7157, status messages:  b'\xe1\x10\x01\x00\xef\xe1\x18\x01\x00\xef\xe1\x1c\x01\x00\xef\xe1\x1e\x01\x00\xef\xe1\x1f\x01\x00\xef\xe1\x1e\x02\x00\xef\xe1\x1c\x02\x00\xef\xe1\x18\x02\x00\xef\xe1\x10\x02\x00\xef\xe1\x00\x02\x00\xef'
2020-07-10 06:14:58.627937, cycle count 214, gpio values 132922, 0, 0, 7185, status messages:  b'\xe1\x10\x01\x00\xef\xe1\x18\x01\x00\xef\xe1\x1c\x01\x00\xef\xe1\x1e\x01\x00\xef\xe1\x1f\x01\x00\xef\xe1\x1e\x02\x00\xef\xe1\x1c\x02\x00\xef\xe1\x18\x02\x00\xef\xe1\x10\x02\x00\xef\xe1\x00\x02\x00\xef'
2020-07-10 06:15:14.569396, cycle count 215, gpio values 133552, 0, 0, 7221, status messages:  b'\xe1\x10\x01\x00\xef\xe1\x18\x01\x00\xef\xe1\x1c\x01\x00\xef\xe1\x1e\x01\x00\xef\xe1\x1f\x01\x00\xef\xe1\x1e\x02\x00\xef\xe1\x1c\x02\x00\xef\xe1\x18\x02\x00\xef\xe1\x10\x02\x00\xef\xe1\x00\x02\x00\xef'
2020-07-10 06:15:30.509193, cycle count 216, gpio values 134182, 0, 0, 7249, status messages:  b'\xe1\x10\x01\x00\xef\xe1\x18\x01\x00\xef\xe1\x1c\x01\x00\xef\xe1\x1e\x01\x00\xef\xe1\x1f\x01\x00\xef\xe1\x1e\x02\x00\xef\xe1\x1c\x02\x00\xef\xe1\x18\x02\x00\xef\xe1\x10\x02\x00\xef\xe1\x00\x02\x00\xef'
2020-07-10 06:15:46.449447, cycle count 217, gpio values 134812, 0, 0, 7277, status messages:  b'\xe1\x10\x01\x00\xef\xe1\x18\x01\x00\xef\xe1\x1c\x01\x00\xef\xe1\x1e\x01\x00\xef\xe1\x1f\x01\x00\xef\xe1\x1e\x02\x00\xef\xe1\x1c\x02\x00\xef\xe1\x18\x02\x00\xef\xe1\x10\x02\x00\xef\xe1\x00\x02\x00\xef'
2020-07-10 06:16:02.779944, cycle count 218, gpio values 135442, 0, 0, 7313, status messages:  b'\xe1\x10\x01\x00\xef\xe1\x18\x01\x00\xef\xe1\x1c\x01\x00\xef\xe1\x1e\x01\x00\xef\xe1\x1f\x01\x00\xef\xe1\x1e\x02\x00\xef\xe1\x1c\x02\x00\xef\xe1\x18\x02\x00\xef\xe1\x10\x02\x00\xef\xe1\x00\x02\x00\xef'
2020-07-10 06:16:18.979483, cycle count 219, gpio values 136072, 0, 0, 7349, status messages:  b'\xe1\x10\x01\x00\xef\xe1\x18\x01\x00\xef\xe1\x1c\x01\x00\xef\xe1\x1e\x01\x00\xef\xe1\x1f\x01\x00\xef\xe1\x1e\x02\x00\xef\xe1\x1c\x02\x00\xef\xe1\x18\x02\x00\xef\xe1\x10\x02\x00\xef\xe1\x00\x02\x00\xef'
2020-07-10 06:16:35.178880, cycle count 220, gpio values 136702, 0, 0, 7385, status messages:  b'\xe1\x10\x01\x00\xef\xe1\x18\x01\x00\xef\xe1\x1c\x01\x00\xef\xe1\x1e\x01\x00\xef\xe1\x1f\x01\x00\xef\xe1\x1e\x02\x00\xef\xe1\x1c\x02\x00\xef\xe1\x18\x02\x00\xef\xe1\x10\x02\x00\xef\xe1\x00\x02\x00\xef'
2020-07-10 06:16:51.118219, cycle count 221, gpio values 137332, 0, 0, 7413, status messages:  b'\xe1\x10\x01\x00\xef\xe1\x18\x01\x00\xef\xe1\x1c\x01\x00\xef\xe1\x1e\x01\x00\xef\xe1\x1f\x01\x00\xef\xe1\x1e\x02\x00\xef\xe1\x1c\x02\x00\xef\xe1\x18\x02\x00\xef\xe1\x10\x02\x00\xef\xe1\x00\x02\x00\xef'
2020-07-10 06:17:07.060139, cycle count 222, gpio values 137962, 0, 0, 7441, status messages:  b'\xe1\x10\x01\x00\xef\xe1\x18\x01\x00\xef\xe1\x1c\x01\x00\xef\xe1\x1e\x01\x00\xef\xe1\x1f\x01\x00\xef\xe1\x1e\x02\x00\xef\xe1\x1c\x02\x00\xef\xe1\x18\x02\x00\xef\xe1\x10\x02\x00\xef\xe1\x00\x02\x00\xef'
2020-07-10 06:17:23.258421, cycle count 223, gpio values 138592, 0, 0, 7477, status messages:  b'\xe1\x10\x01\x00\xef\xe1\x18\x01\x00\xef\xe1\x1c\x01\x00\xef\xe1\x1e\x01\x00\xef\xe1\x1f\x01\x00\xef\xe1\x1e\x02\x00\xef\xe1\x1c\x02\x00\xef\xe1\x18\x02\x00\xef\xe1\x10\x02\x00\xef\xe1\x00\x02\x00\xef'
2020-07-10 06:17:38.939805, cycle count 224, gpio values 139187, 0, 0, 7513, status messages:  b'\xe1\x10\x01\x00\xef\xe1\x18\x01\x00\xef\xe1\x1c\x01\x00\xef\xe1\x1e\x01\x00\xef\xe1\x1f\x01\x00\xef\xe1\x1e\x02\x00\xef\xe1\x1c\x02\x00\xef\xe1\x18\x02\x00\xef\xe1\x10\x02\x00\xef\xe1\x00\x02\x00\xef'
2020-07-10 06:17:54.879189, cycle count 225, gpio values 139817, 0, 0, 7541, status messages:  b'\xe1\x10\x01\x00\xef\xe1\x18\x01\x00\xef\xe1\x1c\x01\x00\xef\xe1\x1e\x01\x00\xef\xe1\x1f\x01\x00\xef\xe1\x1e\x02\x00\xef\xe1\x1c\x02\x00\xef\xe1\x18\x02\x00\xef\xe1\x10\x02\x00\xef\xe1\x00\x02\x00\xef'
2020-07-10 06:18:10.818813, cycle count 226, gpio values 140447, 0, 0, 7569, status messages:  b'\xe1\x10\x01\x00\xef\xe1\x18\x01\x00\xef\xe1\x1c\x01\x00\xef\xe1\x1e\x01\x00\xef\xe1\x1f\x01\x00\xef\xe1\x1e\x02\x00\xef\xe1\x1c\x02\x00\xef\xe1\x18\x02\x00\xef\xe1\x10\x02\x00\xef\xe1\x00\x02\x00\xef'
2020-07-10 06:18:26.759871, cycle count 227, gpio values 141077, 0, 0, 7605, status messages:  b'\xe1\x10\x01\x00\xef\xe1\x18\x01\x00\xef\xe1\x1c\x01\x00\xef\xe1\x1e\x01\x00\xef\xe1\x1f\x01\x00\xef\xe1\x1e\x02\x00\xef\xe1\x1c\x02\x00\xef\xe1\x18\x02\x00\xef\xe1\x10\x02\x00\xef\xe1\x00\x02\x00\xef'
2020-07-10 06:18:42.699337, cycle count 228, gpio values 141707, 0, 0, 7633, status messages:  b'\xe1\x10\x01\x00\xef\xe1\x18\x01\x00\xef\xe1\x1c\x01\x00\xef\xe1\x1e\x01\x00\xef\xe1\x1f\x01\x00\xef\xe1\x1e\x02\x00\xef\xe1\x1c\x02\x00\xef\xe1\x18\x02\x00\xef\xe1\x10\x02\x00\xef\xe1\x00\x02\x00\xef'
2020-07-10 06:18:58.640271, cycle count 229, gpio values 142337, 0, 0, 7661, status messages:  b'\xe1\x10\x01\x00\xef\xe1\x18\x01\x00\xef\xe1\x1c\x01\x00\xef\xe1\x1e\x01\x00\xef\xe1\x1f\x01\x00\xef\xe1\x1e\x02\x00\xef\xe1\x1c\x02\x00\xef\xe1\x18\x02\x00\xef\xe1\x10\x02\x00\xef\xe1\x00\x02\x00\xef'
2020-07-10 06:19:14.712978, cycle count 230, gpio values 142967, 0, 0, 7689, status messages:  b'\xe1\x10\x01\x00\xef\xe1\x18\x01\x00\xef\xe1\x1c\x01\x00\xef\xe1\x1e\x01\x00\xef\xe1\x1f\x01\x00\xef\xe1\x1e\x02\x00\xef\xe1\x1c\x02\x00\xef\xe1\x18\x02\x00\xef\xe1\x10\x02\x00\xef\xe1\x00\x02\x00\xef'
2020-07-10 06:19:30.652880, cycle count 231, gpio values 143597, 0, 0, 7725, status messages:  b'\xe1\x10\x01\x00\xef\xe1\x18\x01\x00\xef\xe1\x1c\x01\x00\xef\xe1\x1e\x01\x00\xef\xe1\x1f\x01\x00\xef\xe1\x1e\x02\x00\xef\xe1\x1c\x02\x00\xef\xe1\x18\x02\x00\xef\xe1\x10\x02\x00\xef\xe1\x00\x02\x00\xef'
2020-07-10 06:19:46.333678, cycle count 232, gpio values 144192, 0, 0, 7761, status messages:  b'\xe1\x10\x01\x00\xef\xe1\x18\x01\x00\xef\xe1\x1c\x01\x00\xef\xe1\x1e\x01\x00\xef\xe1\x1f\x01\x00\xef\xe1\x1e\x02\x00\xef\xe1\x1c\x02\x00\xef\xe1\x18\x02\x00\xef\xe1\x10\x02\x00\xef\xe1\x00\x02\x00\xef'
2020-07-10 06:20:02.274586, cycle count 233, gpio values 144822, 0, 0, 7789, status messages:  b'\xe1\x10\x01\x00\xef\xe1\x18\x01\x00\xef\xe1\x1c\x01\x00\xef\xe1\x1e\x01\x00\xef\xe1\x1f\x01\x00\xef\xe1\x1e\x02\x00\xef\xe1\x1c\x02\x00\xef\xe1\x18\x02\x00\xef\xe1\x10\x02\x00\xef\xe1\x00\x02\x00\xef'
2020-07-10 06:20:18.213970, cycle count 234, gpio values 145452, 0, 0, 7817, status messages:  b'\xe1\x10\x01\x00\xef\xe1\x18\x01\x00\xef\xe1\x1c\x01\x00\xef\xe1\x1e\x01\x00\xef\xe1\x1f\x01\x00\xef\xe1\x1e\x02\x00\xef\xe1\x1c\x02\x00\xef\xe1\x18\x02\x00\xef\xe1\x10\x02\x00\xef\xe1\x00\x02\x00\xef'
2020-07-10 06:20:34.154808, cycle count 235, gpio values 146082, 0, 0, 7853, status messages:  b'\xe1\x10\x01\x00\xef\xe1\x18\x01\x00\xef\xe1\x1c\x01\x00\xef\xe1\x1e\x01\x00\xef\xe1\x1f\x01\x00\xef\xe1\x1e\x02\x00\xef\xe1\x1c\x02\x00\xef\xe1\x18\x02\x00\xef\xe1\x10\x02\x00\xef\xe1\x00\x02\x00\xef'
2020-07-10 06:20:50.352978, cycle count 236, gpio values 146712, 0, 0, 7889, status messages:  b'\xe1\x10\x01\x00\xef\xe1\x18\x01\x00\xef\xe1\x1c\x01\x00\xef\xe1\x1e\x01\x00\xef\xe1\x1f\x01\x00\xef\xe1\x1e\x02\x00\xef\xe1\x1c\x02\x00\xef\xe1\x18\x02\x00\xef\xe1\x10\x02\x00\xef\xe1\x00\x02\x00\xef'
2020-07-10 06:21:06.294059, cycle count 237, gpio values 147342, 0, 0, 7925, status messages:  b'\xe1\x10\x01\x00\xef\xe1\x18\x01\x00\xef\xe1\x1c\x01\x00\xef\xe1\x1e\x01\x00\xef\xe1\x1f\x01\x00\xef\xe1\x1e\x02\x00\xef\xe1\x1c\x02\x00\xef\xe1\x18\x02\x00\xef\xe1\x10\x02\x00\xef\xe1\x00\x02\x00\xef'
2020-07-10 06:21:22.330831, cycle count 238, gpio values 147972, 0, 0, 7953, status messages:  b'\xe1\x10\x01\x00\xef\xe1\x18\x01\x00\xef\xe1\x1c\x01\x00\xef\xe1\x1e\x01\x00\xef\xe1\x1f\x01\x00\xef\xe1\x1e\x02\x00\xef\xe1\x1c\x02\x00\xef\xe1\x18\x02\x00\xef\xe1\x10\x02\x00\xef\xe1\x00\x02\x00\xef'
2020-07-10 06:21:38.271999, cycle count 239, gpio values 148602, 0, 0, 7981, status messages:  b'\xe1\x10\x01\x00\xef\xe1\x18\x01\x00\xef\xe1\x1c\x01\x00\xef\xe1\x1e\x01\x00\xef\xe1\x1f\x01\x00\xef\xe1\x1e\x02\x00\xef\xe1\x1c\x02\x00\xef\xe1\x18\x02\x00\xef\xe1\x10\x02\x00\xef\xe1\x00\x02\x00\xef'
2020-07-10 06:21:54.211869, cycle count 240, gpio values 149232, 0, 0, 8009, status messages:  b'\xe1\x10\x01\x00\xef\xe1\x18\x01\x00\xef\xe1\x1c\x01\x00\xef\xe1\x1e\x01\x00\xef\xe1\x1f\x01\x00\xef\xe1\x1e\x02\x00\xef\xe1\x1c\x02\x00\xef\xe1\x18\x02\x00\xef\xe1\x10\x02\x00\xef\xe1\x00\x02\x00\xef'
2020-07-10 06:22:10.653017, cycle count 241, gpio values 149862, 0, 0, 8045, status messages:  b'\xe1\x10\x01\x00\xef\xe1\x18\x01\x00\xef\xe1\x1c\x01\x00\xef\xe1\x1e\x01\x00\xef\xe1\x1f\x01\x00\xef\xe1\x1e\x02\x00\xef\xe1\x1c\x02\x00\xef\xe1\x18\x02\x00\xef\xe1\x10\x02\x00\xef\xe1\x00\x02\x00\xef'
2020-07-10 06:22:26.593651, cycle count 242, gpio values 150492, 0, 0, 8073, status messages:  b'\xe1\x10\x01\x00\xef\xe1\x18\x01\x00\xef\xe1\x1c\x01\x00\xef\xe1\x1e\x01\x00\xef\xe1\x1f\x01\x00\xef\xe1\x1e\x02\x00\xef\xe1\x1c\x02\x00\xef\xe1\x18\x02\x00\xef\xe1\x10\x02\x00\xef\xe1\x00\x02\x00\xef'
2020-07-10 06:22:42.793308, cycle count 243, gpio values 151122, 0, 0, 8109, status messages:  b'\xe1\x10\x01\x00\xef\xe1\x18\x01\x00\xef\xe1\x1c\x01\x00\xef\xe1\x1e\x01\x00\xef\xe1\x1f\x01\x00\xef\xe1\x1e\x02\x00\xef\xe1\x1c\x02\x00\xef\xe1\x18\x02\x00\xef\xe1\x10\x02\x00\xef\xe1\x00\x02\x00\xef'
2020-07-10 06:22:58.733505, cycle count 244, gpio values 151752, 0, 0, 8137, status messages:  b'\xe1\x10\x01\x00\xef\xe1\x18\x01\x00\xef\xe1\x1c\x01\x00\xef\xe1\x1e\x01\x00\xef\xe1\x1f\x01\x00\xef\xe1\x1e\x02\x00\xef\xe1\x1c\x02\x00\xef\xe1\x18\x02\x00\xef\xe1\x10\x02\x00\xef\xe1\x00\x02\x00\xef'
2020-07-10 06:23:14.948873, cycle count 245, gpio values 152382, 0, 0, 8173, status messages:  b'\xe1\x10\x01\x00\xef\xe1\x18\x01\x00\xef\xe1\x1c\x01\x00\xef\xe1\x1e\x01\x00\xef\xe1\x1f\x01\x00\xef\xe1\x1e\x02\x00\xef\xe1\x1c\x02\x00\xef\xe1\x18\x02\x00\xef\xe1\x10\x02\x00\xef\xe1\x00\x02\x00\xef'
2020-07-10 06:23:31.245039, cycle count 246, gpio values 153012, 0, 0, 8209, status messages:  b'\xe1\x10\x01\x00\xef\xe1\x18\x01\x00\xef\xe1\x1c\x01\x00\xef\xe1\x1e\x01\x00\xef\xe1\x1f\x01\x00\xef\xe1\x1e\x02\x00\xef\xe1\x1c\x02\x00\xef\xe1\x18\x02\x00\xef\xe1\x10\x02\x00\xef\xe1\x00\x02\x00\xef'
2020-07-10 06:23:47.444191, cycle count 247, gpio values 153642, 0, 0, 8245, status messages:  b'\xe1\x10\x01\x00\xef\xe1\x18\x01\x00\xef\xe1\x1c\x01\x00\xef\xe1\x1e\x01\x00\xef\xe1\x1f\x01\x00\xef\xe1\x1e\x02\x00\xef\xe1\x1c\x02\x00\xef\xe1\x18\x02\x00\xef\xe1\x10\x02\x00\xef\xe1\x00\x02\x00\xef'
2020-07-10 06:24:03.383736, cycle count 248, gpio values 154272, 0, 0, 8273, status messages:  b'\xe1\x10\x01\x00\xef\xe1\x18\x01\x00\xef\xe1\x1c\x01\x00\xef\xe1\x1e\x01\x00\xef\xe1\x1f\x01\x00\xef\xe1\x1e\x02\x00\xef\xe1\x1c\x02\x00\xef\xe1\x18\x02\x00\xef\xe1\x10\x02\x00\xef\xe1\x00\x02\x00\xef'
2020-07-10 06:24:19.339786, cycle count 249, gpio values 154902, 0, 0, 8301, status messages:  b'\xe1\x10\x01\x00\xef\xe1\x18\x01\x00\xef\xe1\x1c\x01\x00\xef\xe1\x1e\x01\x00\xef\xe1\x1f\x01\x00\xef\xe1\x1e\x02\x00\xef\xe1\x1c\x02\x00\xef\xe1\x18\x02\x00\xef\xe1\x10\x02\x00\xef\xe1\x00\x02\x00\xef'
2020-07-10 06:24:35.588150, cycle count 250, gpio values 155532, 0, 0, 8337, status messages:  b'\xe1\x10\x01\x00\xef\xe1\x18\x01\x00\xef\xe1\x1c\x01\x00\xef\xe1\x1e\x01\x00\xef\xe1\x1f\x01\x00\xef\xe1\x1e\x02\x00\xef\xe1\x1c\x02\x00\xef\xe1\x18\x02\x00\xef\xe1\x10\x02\x00\xef\xe1\x00\x02\x00\xef'
2020-07-10 06:24:51.527745, cycle count 251, gpio values 156162, 0, 0, 8365, status messages:  b'\xe1\x10\x01\x00\xef\xe1\x18\x01\x00\xef\xe1\x1c\x01\x00\xef\xe1\x1e\x01\x00\xef\xe1\x1f\x01\x00\xef\xe1\x1e\x02\x00\xef\xe1\x1c\x02\x00\xef\xe1\x18\x02\x00\xef\xe1\x10\x02\x00\xef\xe1\x00\x02\x00\xef'
2020-07-10 06:25:07.727808, cycle count 252, gpio values 156792, 0, 0, 8401, status messages:  b'\xe1\x10\x01\x00\xef\xe1\x18\x01\x00\xef\xe1\x1c\x01\x00\xef\xe1\x1e\x01\x00\xef\xe1\x1f\x01\x00\xef\xe1\x1e\x02\x00\xef\xe1\x1c\x02\x00\xef\xe1\x18\x02\x00\xef\xe1\x10\x02\x00\xef\xe1\x00\x02\x00\xef'
2020-07-10 06:25:23.667839, cycle count 253, gpio values 157422, 0, 0, 8429, status messages:  b'\xe1\x10\x01\x00\xef\xe1\x18\x01\x00\xef\xe1\x1c\x01\x00\xef\xe1\x1e\x01\x00\xef\xe1\x1f\x01\x00\xef\xe1\x1e\x02\x00\xef\xe1\x1c\x02\x00\xef\xe1\x18\x02\x00\xef\xe1\x10\x02\x00\xef\xe1\x00\x02\x00\xef'
2020-07-10 06:25:39.932231, cycle count 254, gpio values 158052, 0, 0, 8465, status messages:  b'\xe1\x10\x01\x00\xef\xe1\x18\x01\x00\xef\xe1\x1c\x01\x00\xef\xe1\x1e\x01\x00\xef\xe1\x1f\x01\x00\xef\xe1\x1e\x02\x00\xef\xe1\x1c\x02\x00\xef\xe1\x18\x02\x00\xef\xe1\x10\x02\x00\xef\xe1\x00\x02\x00\xef'
2020-07-10 06:25:55.984983, cycle count 255, gpio values 158682, 0, 0, 8493, status messages:  b'\xe1\x10\x01\x00\xef\xe1\x18\x01\x00\xef\xe1\x1c\x01\x00\xef\xe1\x1e\x01\x00\xef\xe1\x1f\x01\x00\xef\xe1\x1e\x02\x00\xef\xe1\x1c\x02\x00\xef\xe1\x18\x02\x00\xef\xe1\x10\x02\x00\xef\xe1\x00\x02\x00\xef'
2020-07-10 06:26:11.925113, cycle count 256, gpio values 159312, 0, 0, 8521, status messages:  b'\xe1\x10\x01\x00\xef\xe1\x18\x01\x00\xef\xe1\x1c\x01\x00\xef\xe1\x1e\x01\x00\xef\xe1\x1f\x01\x00\xef\xe1\x1e\x02\x00\xef\xe1\x1c\x02\x00\xef\xe1\x18\x02\x00\xef\xe1\x10\x02\x00\xef\xe1\x00\x02\x00\xef'
2020-07-10 06:26:27.865903, cycle count 257, gpio values 159942, 0, 0, 8549, status messages:  b'\xe1\x10\x01\x00\xef\xe1\x18\x01\x00\xef\xe1\x1c\x01\x00\xef\xe1\x1e\x01\x00\xef\xe1\x1f\x01\x00\xef\xe1\x1e\x02\x00\xef\xe1\x1c\x02\x00\xef\xe1\x18\x02\x00\xef\xe1\x10\x02\x00\xef\xe1\x00\x02\x00\xef'
2020-07-10 06:26:44.097969, cycle count 258, gpio values 160572, 0, 0, 8585, status messages:  b'\xe1\x10\x01\x00\xef\xe1\x18\x01\x00\xef\xe1\x1c\x01\x00\xef\xe1\x1e\x01\x00\xef\xe1\x1f\x01\x00\xef\xe1\x1e\x02\x00\xef\xe1\x1c\x02\x00\xef\xe1\x18\x02\x00\xef\xe1\x10\x02\x00\xef\xe1\x00\x02\x00\xef'
2020-07-10 06:27:00.297302, cycle count 259, gpio values 161202, 0, 0, 8621, status messages:  b'\xe1\x10\x01\x00\xef\xe1\x18\x01\x00\xef\xe1\x1c\x01\x00\xef\xe1\x1e\x01\x00\xef\xe1\x1f\x01\x00\xef\xe1\x1e\x02\x00\xef\xe1\x1c\x02\x00\xef\xe1\x18\x02\x00\xef\xe1\x10\x02\x00\xef\xe1\x00\x02\x00\xef'
2020-07-10 06:27:16.237046, cycle count 260, gpio values 161832, 0, 0, 8649, status messages:  b'\xe1\x10\x01\x00\xef\xe1\x18\x01\x00\xef\xe1\x1c\x01\x00\xef\xe1\x1e\x01\x00\xef\xe1\x1f\x01\x00\xef\xe1\x1e\x02\x00\xef\xe1\x1c\x02\x00\xef\xe1\x18\x02\x00\xef\xe1\x10\x02\x00\xef\xe1\x00\x02\x00\xef'
2020-07-10 06:27:32.485203, cycle count 261, gpio values 162462, 0, 0, 8685, status messages:  b'\xe1\x10\x01\x00\xef\xe1\x18\x01\x00\xef\xe1\x1c\x01\x00\xef\xe1\x1e\x01\x00\xef\xe1\x1f\x01\x00\xef\xe1\x1e\x02\x00\xef\xe1\x1c\x02\x00\xef\xe1\x18\x02\x00\xef\xe1\x10\x02\x00\xef\xe1\x00\x02\x00\xef'
2020-07-10 06:27:48.441710, cycle count 262, gpio values 163092, 0, 0, 8713, status messages:  b'\xe1\x10\x01\x00\xef\xe1\x18\x01\x00\xef\xe1\x1c\x01\x00\xef\xe1\x1e\x01\x00\xef\xe1\x1f\x01\x00\xef\xe1\x1e\x02\x00\xef\xe1\x1c\x02\x00\xef\xe1\x18\x02\x00\xef\xe1\x10\x02\x00\xef\xe1\x00\x02\x00\xef'
2020-07-10 06:28:04.382173, cycle count 263, gpio values 163722, 0, 0, 8741, status messages:  b'\xe1\x10\x01\x00\xef\xe1\x18\x01\x00\xef\xe1\x1c\x01\x00\xef\xe1\x1e\x01\x00\xef\xe1\x1f\x01\x00\xef\xe1\x1e\x02\x00\xef\xe1\x1c\x02\x00\xef\xe1\x18\x02\x00\xef\xe1\x10\x02\x00\xef\xe1\x00\x02\x00\xef'
2020-07-10 06:28:20.581421, cycle count 264, gpio values 164352, 0, 0, 8777, status messages:  b'\xe1\x10\x01\x00\xef\xe1\x18\x01\x00\xef\xe1\x1c\x01\x00\xef\xe1\x1e\x01\x00\xef\xe1\x1f\x01\x00\xef\xe1\x1e\x02\x00\xef\xe1\x1c\x02\x00\xef\xe1\x18\x02\x00\xef\xe1\x10\x02\x00\xef\xe1\x00\x02\x00\xef'
2020-07-10 06:28:36.779659, cycle count 265, gpio values 164982, 0, 0, 8813, status messages:  b'\xe1\x10\x01\x00\xef\xe1\x18\x01\x00\xef\xe1\x1c\x01\x00\xef\xe1\x1e\x01\x00\xef\xe1\x1f\x01\x00\xef\xe1\x1e\x02\x00\xef\xe1\x1c\x02\x00\xef\xe1\x18\x02\x00\xef\xe1\x10\x02\x00\xef\xe1\x00\x02\x00\xef'
2020-07-10 06:28:52.737057, cycle count 266, gpio values 165612, 0, 0, 8841, status messages:  b'\xe1\x10\x01\x00\xef\xe1\x18\x01\x00\xef\xe1\x1c\x01\x00\xef\xe1\x1e\x01\x00\xef\xe1\x1f\x01\x00\xef\xe1\x1e\x02\x00\xef\xe1\x1c\x02\x00\xef\xe1\x18\x02\x00\xef\xe1\x10\x02\x00\xef\xe1\x00\x02\x00\xef'
2020-07-10 06:29:09.019954, cycle count 267, gpio values 166242, 0, 0, 8877, status messages:  b'\xe1\x10\x01\x00\xef\xe1\x18\x01\x00\xef\xe1\x1c\x01\x00\xef\xe1\x1e\x01\x00\xef\xe1\x1f\x01\x00\xef\xe1\x1e\x02\x00\xef\xe1\x1c\x02\x00\xef\xe1\x18\x02\x00\xef\xe1\x10\x02\x00\xef\xe1\x00\x02\x00\xef'
2020-07-10 06:29:24.959357, cycle count 268, gpio values 166872, 0, 0, 8905, status messages:  b'\xe1\x10\x01\x00\xef\xe1\x18\x01\x00\xef\xe1\x1c\x01\x00\xef\xe1\x1e\x01\x00\xef\xe1\x1f\x01\x00\xef\xe1\x1e\x02\x00\xef\xe1\x1c\x02\x00\xef\xe1\x18\x02\x00\xef\xe1\x10\x02\x00\xef\xe1\x00\x02\x00\xef'
2020-07-10 06:29:40.899382, cycle count 269, gpio values 167502, 0, 0, 8941, status messages:  b'\xe1\x10\x01\x00\xef\xe1\x18\x01\x00\xef\xe1\x1c\x01\x00\xef\xe1\x1e\x01\x00\xef\xe1\x1f\x01\x00\xef\xe1\x1e\x02\x00\xef\xe1\x1c\x02\x00\xef\xe1\x18\x02\x00\xef\xe1\x10\x02\x00\xef\xe1\x00\x02\x00\xef'
2020-07-10 06:29:56.840288, cycle count 270, gpio values 168132, 0, 0, 8977, status messages:  b'\xe1\x10\x01\x00\xef\xe1\x18\x01\x00\xef\xe1\x1c\x01\x00\xef\xe1\x1e\x01\x00\xef\xe1\x1f\x01\x00\xef\xe1\x1e\x02\x00\xef\xe1\x1c\x02\x00\xef\xe1\x18\x02\x00\xef\xe1\x10\x02\x00\xef\xe1\x00\x02\x00\xef'
2020-07-10 06:30:12.521852, cycle count 271, gpio values 168727, 0, 0, 9013, status messages:  b'\xe1\x10\x01\x00\xef\xe1\x18\x01\x00\xef\xe1\x1c\x01\x00\xef\xe1\x1e\x01\x00\xef\xe1\x1f\x01\x00\xef\xe1\x1e\x02\x00\xef\xe1\x1c\x02\x00\xef\xe1\x18\x02\x00\xef\xe1\x10\x02\x00\xef\xe1\x00\x02\x00\xef'
2020-07-10 06:30:28.461333, cycle count 272, gpio values 169357, 0, 0, 9049, status messages:  b'\xe1\x10\x01\x00\xef\xe1\x18\x01\x00\xef\xe1\x1c\x01\x00\xef\xe1\x1e\x01\x00\xef\xe1\x1f\x01\x00\xef\xe1\x1e\x02\x00\xef\xe1\x1c\x02\x00\xef\xe1\x18\x02\x00\xef\xe1\x10\x02\x00\xef\xe1\x00\x02\x00\xef'
2020-07-10 06:30:44.142262, cycle count 273, gpio values 169952, 0, 0, 9085, status messages:  b'\xe1\x10\x01\x00\xef\xe1\x18\x01\x00\xef\xe1\x1c\x01\x00\xef\xe1\x1e\x01\x00\xef\xe1\x1f\x01\x00\xef\xe1\x1e\x02\x00\xef\xe1\x1c\x02\x00\xef\xe1\x18\x02\x00\xef\xe1\x10\x02\x00\xef\xe1\x00\x02\x00\xef'
2020-07-10 06:31:00.083357, cycle count 274, gpio values 170582, 0, 0, 9121, status messages:  b'\xe1\x10\x01\x00\xef\xe1\x18\x01\x00\xef\xe1\x1c\x01\x00\xef\xe1\x1e\x01\x00\xef\xe1\x1f\x01\x00\xef\xe1\x1e\x02\x00\xef\xe1\x1c\x02\x00\xef\xe1\x18\x02\x00\xef\xe1\x10\x02\x00\xef\xe1\x00\x02\x00\xef'
2020-07-10 06:31:15.780433, cycle count 275, gpio values 171177, 0, 0, 9157, status messages:  b'\xe1\x10\x01\x00\xef\xe1\x18\x01\x00\xef\xe1\x1c\x01\x00\xef\xe1\x1e\x01\x00\xef\xe1\x1f\x01\x00\xef\xe1\x1e\x02\x00\xef\xe1\x1c\x02\x00\xef\xe1\x18\x02\x00\xef\xe1\x10\x02\x00\xef\xe1\x00\x02\x00\xef'
2020-07-10 06:31:31.720162, cycle count 276, gpio values 171807, 0, 0, 9193, status messages:  b'\xe1\x10\x01\x00\xef\xe1\x18\x01\x00\xef\xe1\x1c\x01\x00\xef\xe1\x1e\x01\x00\xef\xe1\x1f\x01\x00\xef\xe1\x1e\x02\x00\xef\xe1\x1c\x02\x00\xef\xe1\x18\x02\x00\xef\xe1\x10\x02\x00\xef\xe1\x00\x02\x00\xef'
2020-07-10 06:31:47.401528, cycle count 277, gpio values 172437, 0, 0, 9221, status messages:  b'\xe1\x10\x01\x00\xef\xe1\x18\x01\x00\xef\xe1\x1c\x01\x00\xef\xe1\x1e\x01\x00\xef\xe1\x1f\x01\x00\xef\xe1\x1e\x02\x00\xef\xe1\x1c\x02\x00\xef\xe1\x18\x02\x00\xef\xe1\x10\x02\x00\xef\xe1\x00\x02\x00\xef'
2020-07-10 06:32:03.341089, cycle count 278, gpio values 173067, 0, 0, 9257, status messages:  b'\xe1\x10\x01\x00\xef\xe1\x18\x01\x00\xef\xe1\x1c\x01\x00\xef\xe1\x1e\x01\x00\xef\xe1\x1f\x01\x00\xef\xe1\x1e\x02\x00\xef\xe1\x1c\x02\x00\xef\xe1\x18\x02\x00\xef\xe1\x10\x02\x00\xef\xe1\x00\x02\x00\xef'
2020-07-10 06:32:19.038608, cycle count 279, gpio values 173662, 0, 0, 9293, status messages:  b'\xe1\x10\x01\x00\xef\xe1\x18\x01\x00\xef\xe1\x1c\x01\x00\xef\xe1\x1e\x01\x00\xef\xe1\x1f\x01\x00\xef\xe1\x1e\x02\x00\xef\xe1\x1c\x02\x00\xef\xe1\x18\x02\x00\xef\xe1\x10\x02\x00\xef\xe1\x00\x02\x00\xef'
2020-07-10 06:32:34.460005, cycle count 280, gpio values 174257, 0, 0, 9321, status messages:  b'\xe1\x10\x01\x00\xef\xe1\x18\x01\x00\xef\xe1\x1c\x01\x00\xef\xe1\x1e\x01\x00\xef\xe1\x1f\x01\x00\xef\xe1\x1e\x02\x00\xef\xe1\x1c\x02\x00\xef\xe1\x18\x02\x00\xef\xe1\x10\x02\x00\xef\xe1\x00\x02\x00\xef'
2020-07-10 06:32:50.189336, cycle count 281, gpio values 174852, 0, 0, 9357, status messages:  b'\xe1\x10\x01\x00\xef\xe1\x18\x01\x00\xef\xe1\x1c\x01\x00\xef\xe1\x1e\x01\x00\xef\xe1\x1f\x01\x00\xef\xe1\x1e\x02\x00\xef\xe1\x1c\x02\x00\xef\xe1\x18\x02\x00\xef\xe1\x10\x02\x00\xef\xe1\x00\x02\x00\xef'
2020-07-10 06:33:06.130487, cycle count 282, gpio values 175482, 0, 0, 9393, status messages:  b'\xe1\x10\x01\x00\xef\xe1\x18\x01\x00\xef\xe1\x1c\x01\x00\xef\xe1\x1e\x01\x00\xef\xe1\x1f\x01\x00\xef\xe1\x1e\x02\x00\xef\xe1\x1c\x02\x00\xef\xe1\x18\x02\x00\xef\xe1\x10\x02\x00\xef\xe1\x00\x02\x00\xef'
2020-07-10 06:33:21.810859, cycle count 283, gpio values 176112, 0, 0, 9429, status messages:  b'\xe1\x10\x01\x00\xef\xe1\x18\x01\x00\xef\xe1\x1c\x01\x00\xef\xe1\x1e\x01\x00\xef\xe1\x1f\x01\x00\xef\xe1\x1e\x02\x00\xef\xe1\x1c\x02\x00\xef\xe1\x18\x02\x00\xef\xe1\x10\x02\x00\xef\xe1\x00\x02\x00\xef'
2020-07-10 06:33:37.750644, cycle count 284, gpio values 176742, 0, 0, 9465, status messages:  b'\xe1\x10\x01\x00\xef\xe1\x18\x01\x00\xef\xe1\x1c\x01\x00\xef\xe1\x1e\x01\x00\xef\xe1\x1f\x01\x00\xef\xe1\x1e\x02\x00\xef\xe1\x1c\x02\x00\xef\xe1\x18\x02\x00\xef\xe1\x10\x02\x00\xef\xe1\x00\x02\x00\xef'
2020-07-10 06:33:53.691321, cycle count 285, gpio values 177408, 0, 0, 9501, status messages:  b'\xe1\x10\x01\x00\xef\xe1\x18\x01\x00\xef\xe1\x1c\x01\x00\xef\xe1\x1e\x01\x00\xef\xe1\x1f\x01\x00\xef\xe1\x1e\x02\x00\xef\xe1\x1c\x02\x00\xef\xe1\x18\x02\x00\xef\xe1\x10\x02\x00\xef\xe1\x00\x02\x00\xef'
2020-07-10 06:34:09.372612, cycle count 286, gpio values 178003, 0, 0, 9537, status messages:  b'\xe1\x10\x01\x00\xef\xe1\x18\x01\x00\xef\xe1\x1c\x01\x00\xef\xe1\x1e\x01\x00\xef\xe1\x1f\x01\x00\xef\xe1\x1e\x02\x00\xef\xe1\x1c\x02\x00\xef\xe1\x18\x02\x00\xef\xe1\x10\x02\x00\xef\xe1\x00\x02\x00\xef'
2020-07-10 06:34:25.312879, cycle count 287, gpio values 178669, 0, 0, 9573, status messages:  b'\xe1\x10\x01\x00\xef\xe1\x18\x01\x00\xef\xe1\x1c\x01\x00\xef\xe1\x1e\x01\x00\xef\xe1\x1f\x01\x00\xef\xe1\x1e\x02\x00\xef\xe1\x1c\x02\x00\xef\xe1\x18\x02\x00\xef\xe1\x10\x02\x00\xef\xe1\x00\x02\x00\xef'
2020-07-10 06:34:41.253582, cycle count 288, gpio values 179299, 0, 0, 9609, status messages:  b'\xe1\x10\x01\x00\xef\xe1\x18\x01\x00\xef\xe1\x1c\x01\x00\xef\xe1\x1e\x01\x00\xef\xe1\x1f\x01\x00\xef\xe1\x1e\x02\x00\xef\xe1\x1c\x02\x00\xef\xe1\x18\x02\x00\xef\xe1\x10\x02\x00\xef\xe1\x00\x02\x00\xef'
2020-07-10 06:34:56.934243, cycle count 289, gpio values 179894, 0, 0, 9645, status messages:  b'\xe1\x10\x01\x00\xef\xe1\x18\x01\x00\xef\xe1\x1c\x01\x00\xef\xe1\x1e\x01\x00\xef\xe1\x1f\x01\x00\xef\xe1\x1e\x02\x00\xef\xe1\x1c\x02\x00\xef\xe1\x18\x02\x00\xef\xe1\x10\x02\x00\xef\xe1\x00\x02\x00\xef'
2020-07-10 06:35:12.874238, cycle count 290, gpio values 180524, 0, 0, 9681, status messages:  b'\xe1\x10\x01\x00\xef\xe1\x18\x01\x00\xef\xe1\x1c\x01\x00\xef\xe1\x1e\x01\x00\xef\xe1\x1f\x01\x00\xef\xe1\x1e\x02\x00\xef\xe1\x1c\x02\x00\xef\xe1\x18\x02\x00\xef\xe1\x10\x02\x00\xef\xe1\x00\x02\x00\xef'
2020-07-10 06:35:28.555088, cycle count 291, gpio values 181119, 0, 0, 9717, status messages:  b'\xe1\x10\x01\x00\xef\xe1\x18\x01\x00\xef\xe1\x1c\x01\x00\xef\xe1\x1e\x01\x00\xef\xe1\x1f\x01\x00\xef\xe1\x1e\x02\x00\xef\xe1\x1c\x02\x00\xef\xe1\x18\x02\x00\xef\xe1\x10\x02\x00\xef\xe1\x00\x02\x00\xef'
2020-07-10 06:35:44.495241, cycle count 292, gpio values 181749, 0, 0, 9753, status messages:  b'\xe1\x10\x01\x00\xef\xe1\x18\x01\x00\xef\xe1\x1c\x01\x00\xef\xe1\x1e\x01\x00\xef\xe1\x1f\x01\x00\xef\xe1\x1e\x02\x00\xef\xe1\x1c\x02\x00\xef\xe1\x18\x02\x00\xef\xe1\x10\x02\x00\xef\xe1\x00\x02\x00\xef'
2020-07-10 06:36:00.436028, cycle count 293, gpio values 182379, 0, 0, 9789, status messages:  b'\xe1\x10\x01\x00\xef\xe1\x18\x01\x00\xef\xe1\x1c\x01\x00\xef\xe1\x1e\x01\x00\xef\xe1\x1f\x01\x00\xef\xe1\x1e\x02\x00\xef\xe1\x1c\x02\x00\xef\xe1\x18\x02\x00\xef\xe1\x10\x02\x00\xef\xe1\x00\x02\x00\xef'
2020-07-10 06:36:16.115848, cycle count 294, gpio values 182974, 0, 0, 9825, status messages:  b'\xe1\x10\x01\x00\xef\xe1\x18\x01\x00\xef\xe1\x1c\x01\x00\xef\xe1\x1e\x01\x00\xef\xe1\x1f\x01\x00\xef\xe1\x1e\x02\x00\xef\xe1\x1c\x02\x00\xef\xe1\x18\x02\x00\xef\xe1\x10\x02\x00\xef\xe1\x00\x02\x00\xef'
2020-07-10 06:36:32.056024, cycle count 295, gpio values 183604, 0, 0, 9861, status messages:  b'\xe1\x10\x01\x00\xef\xe1\x18\x01\x00\xef\xe1\x1c\x01\x00\xef\xe1\x1e\x01\x00\xef\xe1\x1f\x01\x00\xef\xe1\x1e\x02\x00\xef\xe1\x1c\x02\x00\xef\xe1\x18\x02\x00\xef\xe1\x10\x02\x00\xef\xe1\x00\x02\x00\xef'
2020-07-10 06:36:47.737423, cycle count 296, gpio values 184199, 0, 0, 9897, status messages:  b'\xe1\x10\x01\x00\xef\xe1\x18\x01\x00\xef\xe1\x1c\x01\x00\xef\xe1\x1e\x01\x00\xef\xe1\x1f\x01\x00\xef\xe1\x1e\x02\x00\xef\xe1\x1c\x02\x00\xef\xe1\x18\x02\x00\xef\xe1\x10\x02\x00\xef\xe1\x00\x02\x00\xef'
2020-07-10 06:37:03.677101, cycle count 297, gpio values 184829, 0, 0, 9933, status messages:  b'\xe1\x10\x01\x00\xef\xe1\x18\x01\x00\xef\xe1\x1c\x01\x00\xef\xe1\x1e\x01\x00\xef\xe1\x1f\x01\x00\xef\xe1\x1e\x02\x00\xef\xe1\x1c\x02\x00\xef\xe1\x18\x02\x00\xef\xe1\x10\x02\x00\xef\xe1\x00\x02\x00\xef'
2020-07-10 06:37:19.616768, cycle count 298, gpio values 185459, 0, 0, 9969, status messages:  b'\xe1\x10\x01\x00\xef\xe1\x18\x01\x00\xef\xe1\x1c\x01\x00\xef\xe1\x1e\x01\x00\xef\xe1\x1f\x01\x00\xef\xe1\x1e\x02\x00\xef\xe1\x1c\x02\x00\xef\xe1\x18\x02\x00\xef\xe1\x10\x02\x00\xef\xe1\x00\x02\x00\xef'
2020-07-10 06:37:35.298592, cycle count 299, gpio values 186054, 0, 0, 10005, status messages:  b'\xe1\x10\x01\x00\xef\xe1\x18\x01\x00\xef\xe1\x1c\x01\x00\xef\xe1\x1e\x01\x00\xef\xe1\x1f\x01\x00\xef\xe1\x1e\x02\x00\xef\xe1\x1c\x02\x00\xef\xe1\x18\x02\x00\xef\xe1\x10\x02\x00\xef\xe1\x00\x02\x00\xef'
2020-07-10 06:37:51.238374, cycle count 300, gpio values 186649, 0, 0, 10041, status messages:  b'\xe1\x10\x01\x00\xef\xe1\x18\x01\x00\xef\xe1\x1c\x01\x00\xef\xe1\x1e\x01\x00\xef\xe1\x1f\x01\x00\xef\xe1\x1e\x02\x00\xef\xe1\x1c\x02\x00\xef\xe1\x18\x02\x00\xef\xe1\x10\x02\x00\xef\xe1\x00\x02\x00\xef'
2020-07-10 06:38:06.919656, cycle count 301, gpio values 187244, 0, 0, 10077, status messages:  b'\xe1\x10\x01\x00\xef\xe1\x18\x01\x00\xef\xe1\x1c\x01\x00\xef\xe1\x1e\x01\x00\xef\xe1\x1f\x01\x00\xef\xe1\x1e\x02\x00\xef\xe1\x1c\x02\x00\xef\xe1\x18\x02\x00\xef\xe1\x10\x02\x00\xef\xe1\x00\x02\x00\xef'
2020-07-10 06:38:22.860542, cycle count 302, gpio values 187874, 0, 0, 10113, status messages:  b'\xe1\x10\x01\x00\xef\xe1\x18\x01\x00\xef\xe1\x1c\x01\x00\xef\xe1\x1e\x01\x00\xef\xe1\x1f\x01\x00\xef\xe1\x1e\x02\x00\xef\xe1\x1c\x02\x00\xef\xe1\x18\x02\x00\xef\xe1\x10\x02\x00\xef\xe1\x00\x02\x00\xef'
2020-07-10 06:38:38.541635, cycle count 303, gpio values 188504, 0, 0, 10141, status messages:  b'\xe1\x10\x01\x00\xef\xe1\x18\x01\x00\xef\xe1\x1c\x01\x00\xef\xe1\x1e\x01\x00\xef\xe1\x1f\x01\x00\xef\xe1\x1e\x02\x00\xef\xe1\x1c\x02\x00\xef\xe1\x18\x02\x00\xef\xe1\x10\x02\x00\xef\xe1\x00\x02\x00\xef'
2020-07-10 06:38:54.481149, cycle count 304, gpio values 189134, 0, 0, 10177, status messages:  b'\xe1\x10\x01\x00\xef\xe1\x18\x01\x00\xef\xe1\x1c\x01\x00\xef\xe1\x1e\x01\x00\xef\xe1\x1f\x01\x00\xef\xe1\x1e\x02\x00\xef\xe1\x1c\x02\x00\xef\xe1\x18\x02\x00\xef\xe1\x10\x02\x00\xef\xe1\x00\x02\x00\xef'
2020-07-10 06:39:10.421206, cycle count 305, gpio values 189764, 0, 0, 10213, status messages:  b'\xe1\x10\x01\x00\xef\xe1\x18\x01\x00\xef\xe1\x1c\x01\x00\xef\xe1\x1e\x01\x00\xef\xe1\x1f\x01\x00\xef\xe1\x1e\x02\x00\xef\xe1\x1c\x02\x00\xef\xe1\x18\x02\x00\xef\xe1\x10\x02\x00\xef\xe1\x00\x02\x00\xef'
2020-07-10 06:39:26.102388, cycle count 306, gpio values 190359, 0, 0, 10249, status messages:  b'\xe1\x10\x01\x00\xef\xe1\x18\x01\x00\xef\xe1\x1c\x01\x00\xef\xe1\x1e\x01\x00\xef\xe1\x1f\x01\x00\xef\xe1\x1e\x02\x00\xef\xe1\x1c\x02\x00\xef\xe1\x18\x02\x00\xef\xe1\x10\x02\x00\xef\xe1\x00\x02\x00\xef'
2020-07-10 06:39:41.784131, cycle count 307, gpio values 190954, 0, 0, 10285, status messages:  b'\xe1\x10\x01\x00\xef\xe1\x18\x01\x00\xef\xe1\x1c\x01\x00\xef\xe1\x1e\x01\x00\xef\xe1\x1f\x01\x00\xef\xe1\x1e\x02\x00\xef\xe1\x1c\x02\x00\xef\xe1\x18\x02\x00\xef\xe1\x10\x02\x00\xef\xe1\x00\x02\x00\xef'
2020-07-10 06:39:57.206076, cycle count 308, gpio values 191549, 0, 0, 10313, status messages:  b'\xe1\x10\x01\x00\xef\xe1\x18\x01\x00\xef\xe1\x1c\x01\x00\xef\xe1\x1e\x01\x00\xef\xe1\x1f\x01\x00\xef\xe1\x1e\x02\x00\xef\xe1\x1c\x02\x00\xef\xe1\x18\x02\x00\xef\xe1\x10\x02\x00\xef\xe1\x00\x02\x00\xef'
2020-07-10 06:40:13.262332, cycle count 309, gpio values 192215, 0, 0, 10349, status messages:  b'\xe1\x10\x01\x00\xef\xe1\x18\x01\x00\xef\xe1\x1c\x01\x00\xef\xe1\x1e\x01\x00\xef\xe1\x1f\x01\x00\xef\xe1\x1e\x02\x00\xef\xe1\x1c\x02\x00\xef\xe1\x18\x02\x00\xef\xe1\x10\x02\x00\xef\xe1\x00\x02\x00\xef'
2020-07-10 06:40:28.959698, cycle count 310, gpio values 192810, 0, 0, 10385, status messages:  b'\xe1\x10\x01\x00\xef\xe1\x18\x01\x00\xef\xe1\x1c\x01\x00\xef\xe1\x1e\x01\x00\xef\xe1\x1f\x01\x00\xef\xe1\x1e\x02\x00\xef\xe1\x1c\x02\x00\xef\xe1\x18\x02\x00\xef\xe1\x10\x02\x00\xef\xe1\x00\x02\x00\xef'
2020-07-10 06:40:44.898642, cycle count 311, gpio values 193440, 0, 0, 10421, status messages:  b'\xe1\x10\x01\x00\xef\xe1\x18\x01\x00\xef\xe1\x1c\x01\x00\xef\xe1\x1e\x01\x00\xef\xe1\x1f\x01\x00\xef\xe1\x1e\x02\x00\xef\xe1\x1c\x02\x00\xef\xe1\x18\x02\x00\xef\xe1\x10\x02\x00\xef\xe1\x00\x02\x00\xef'
2020-07-10 06:41:00.580528, cycle count 312, gpio values 194035, 0, 0, 10457, status messages:  b'\xe1\x10\x01\x00\xef\xe1\x18\x01\x00\xef\xe1\x1c\x01\x00\xef\xe1\x1e\x01\x00\xef\xe1\x1f\x01\x00\xef\xe1\x1e\x02\x00\xef\xe1\x1c\x02\x00\xef\xe1\x18\x02\x00\xef\xe1\x10\x02\x00\xef\xe1\x00\x02\x00\xef'
2020-07-10 06:41:16.620042, cycle count 313, gpio values 194701, 0, 0, 10493, status messages:  b'\xe1\x10\x01\x00\xef\xe1\x18\x01\x00\xef\xe1\x1c\x01\x00\xef\xe1\x1e\x01\x00\xef\xe1\x1f\x01\x00\xef\xe1\x1e\x02\x00\xef\xe1\x1c\x02\x00\xef\xe1\x18\x02\x00\xef\xe1\x10\x02\x00\xef\xe1\x00\x02\x00\xef'
2020-07-10 06:41:32.560607, cycle count 314, gpio values 195331, 0, 0, 10529, status messages:  b'\xe1\x10\x01\x00\xef\xe1\x18\x01\x00\xef\xe1\x1c\x01\x00\xef\xe1\x1e\x01\x00\xef\xe1\x1f\x01\x00\xef\xe1\x1e\x02\x00\xef\xe1\x1c\x02\x00\xef\xe1\x18\x02\x00\xef\xe1\x10\x02\x00\xef\xe1\x00\x02\x00\xef'
2020-07-10 06:41:48.241181, cycle count 315, gpio values 195926, 0, 0, 10565, status messages:  b'\xe1\x10\x01\x00\xef\xe1\x18\x01\x00\xef\xe1\x1c\x01\x00\xef\xe1\x1e\x01\x00\xef\xe1\x1f\x01\x00\xef\xe1\x1e\x02\x00\xef\xe1\x1c\x02\x00\xef\xe1\x18\x02\x00\xef\xe1\x10\x02\x00\xef\xe1\x00\x02\x00\xef'
2020-07-10 06:42:03.922280, cycle count 316, gpio values 196521, 0, 0, 10601, status messages:  b'\xe1\x10\x01\x00\xef\xe1\x18\x01\x00\xef\xe1\x1c\x01\x00\xef\xe1\x1e\x01\x00\xef\xe1\x1f\x01\x00\xef\xe1\x1e\x02\x00\xef\xe1\x1c\x02\x00\xef\xe1\x18\x02\x00\xef\xe1\x10\x02\x00\xef\xe1\x00\x02\x00\xef'
2020-07-10 06:42:19.343258, cycle count 317, gpio values 197116, 0, 0, 10629, status messages:  b'\xe1\x10\x01\x00\xef\xe1\x18\x01\x00\xef\xe1\x1c\x01\x00\xef\xe1\x1e\x01\x00\xef\xe1\x1f\x01\x00\xef\xe1\x1e\x02\x00\xef\xe1\x1c\x02\x00\xef\xe1\x18\x02\x00\xef\xe1\x10\x02\x00\xef\xe1\x00\x02\x00\xef'
2020-07-10 06:42:34.765445, cycle count 318, gpio values 197711, 0, 0, 10657, status messages:  b'\xe1\x10\x01\x00\xef\xe1\x18\x01\x00\xef\xe1\x1c\x01\x00\xef\xe1\x1e\x01\x00\xef\xe1\x1f\x01\x00\xef\xe1\x1e\x02\x00\xef\xe1\x1c\x02\x00\xef\xe1\x18\x02\x00\xef\xe1\x10\x02\x00\xef\xe1\x00\x02\x00\xef'
2020-07-10 06:42:50.446615, cycle count 319, gpio values 198341, 0, 0, 10693, status messages:  b'\xe1\x10\x01\x00\xef\xe1\x18\x01\x00\xef\xe1\x1c\x01\x00\xef\xe1\x1e\x01\x00\xef\xe1\x1f\x01\x00\xef\xe1\x1e\x02\x00\xef\xe1\x1c\x02\x00\xef\xe1\x18\x02\x00\xef\xe1\x10\x02\x00\xef\xe1\x00\x02\x00\xef'
2020-07-10 06:43:06.386819, cycle count 320, gpio values 198971, 0, 0, 10729, status messages:  b'\xe1\x10\x01\x00\xef\xe1\x18\x01\x00\xef\xe1\x1c\x01\x00\xef\xe1\x1e\x01\x00\xef\xe1\x1f\x01\x00\xef\xe1\x1e\x02\x00\xef\xe1\x1c\x02\x00\xef\xe1\x18\x02\x00\xef\xe1\x10\x02\x00\xef\xe1\x00\x02\x00\xef'
2020-07-10 06:43:22.067209, cycle count 321, gpio values 199566, 0, 0, 10765, status messages:  b'\xe1\x10\x01\x00\xef\xe1\x18\x01\x00\xef\xe1\x1c\x01\x00\xef\xe1\x1e\x01\x00\xef\xe1\x1f\x01\x00\xef\xe1\x1e\x02\x00\xef\xe1\x1c\x02\x00\xef\xe1\x18\x02\x00\xef\xe1\x10\x02\x00\xef\xe1\x00\x02\x00\xef'
2020-07-10 06:43:37.749432, cycle count 322, gpio values 200196, 0, 0, 10801, status messages:  b'\xe1\x10\x01\x00\xef\xe1\x18\x01\x00\xef\xe1\x1c\x01\x00\xef\xe1\x1e\x01\x00\xef\xe1\x1f\x01\x00\xef\xe1\x1e\x02\x00\xef\xe1\x1c\x02\x00\xef\xe1\x18\x02\x00\xef\xe1\x10\x02\x00\xef\xe1\x00\x02\x00\xef'
2020-07-10 06:43:53.429809, cycle count 323, gpio values 200791, 0, 0, 10837, status messages:  b'\xe1\x10\x01\x00\xef\xe1\x18\x01\x00\xef\xe1\x1c\x01\x00\xef\xe1\x1e\x01\x00\xef\xe1\x1f\x01\x00\xef\xe1\x1e\x02\x00\xef\xe1\x1c\x02\x00\xef\xe1\x18\x02\x00\xef\xe1\x10\x02\x00\xef\xe1\x00\x02\x00\xef'
2020-07-10 06:44:09.110864, cycle count 324, gpio values 201386, 0, 0, 10873, status messages:  b'\xe1\x10\x01\x00\xef\xe1\x18\x01\x00\xef\xe1\x1c\x01\x00\xef\xe1\x1e\x01\x00\xef\xe1\x1f\x01\x00\xef\xe1\x1e\x02\x00\xef\xe1\x1c\x02\x00\xef\xe1\x18\x02\x00\xef\xe1\x10\x02\x00\xef\xe1\x00\x02\x00\xef'
2020-07-10 06:44:25.166906, cycle count 325, gpio values 202052, 0, 0, 10901, status messages:  b'\xe1\x10\x01\x00\xef\xe1\x18\x01\x00\xef\xe1\x1c\x01\x00\xef\xe1\x1e\x01\x00\xef\xe1\x1f\x01\x00\xef\xe1\x1e\x02\x00\xef\xe1\x1c\x02\x00\xef\xe1\x18\x02\x00\xef\xe1\x10\x02\x00\xef\xe1\x00\x02\x00\xef'
2020-07-10 06:44:40.848131, cycle count 326, gpio values 202647, 0, 0, 10937, status messages:  b'\xe1\x10\x01\x00\xef\xe1\x18\x01\x00\xef\xe1\x1c\x01\x00\xef\xe1\x1e\x01\x00\xef\xe1\x1f\x01\x00\xef\xe1\x1e\x02\x00\xef\xe1\x1c\x02\x00\xef\xe1\x18\x02\x00\xef\xe1\x10\x02\x00\xef\xe1\x00\x02\x00\xef'
2020-07-10 06:44:56.787673, cycle count 327, gpio values 203313, 0, 0, 10973, status messages:  b'\xe1\x10\x01\x00\xef\xe1\x18\x01\x00\xef\xe1\x1c\x01\x00\xef\xe1\x1e\x01\x00\xef\xe1\x1f\x01\x00\xef\xe1\x1e\x02\x00\xef\xe1\x1c\x02\x00\xef\xe1\x18\x02\x00\xef\xe1\x10\x02\x00\xef\xe1\x00\x02\x00\xef'
2020-07-10 06:45:12.468765, cycle count 328, gpio values 203908, 0, 0, 11009, status messages:  b'\xe1\x10\x01\x00\xef\xe1\x18\x01\x00\xef\xe1\x1c\x01\x00\xef\xe1\x1e\x01\x00\xef\xe1\x1f\x01\x00\xef\xe1\x1e\x02\x00\xef\xe1\x1c\x02\x00\xef\xe1\x18\x02\x00\xef\xe1\x10\x02\x00\xef\xe1\x00\x02\x00\xef'
2020-07-10 06:45:28.408993, cycle count 329, gpio values 204538, 0, 0, 11045, status messages:  b'\xe1\x10\x01\x00\xef\xe1\x18\x01\x00\xef\xe1\x1c\x01\x00\xef\xe1\x1e\x01\x00\xef\xe1\x1f\x01\x00\xef\xe1\x1e\x02\x00\xef\xe1\x1c\x02\x00\xef\xe1\x18\x02\x00\xef\xe1\x10\x02\x00\xef\xe1\x00\x02\x00\xef'
2020-07-10 06:45:44.349268, cycle count 330, gpio values 205168, 0, 0, 11081, status messages:  b'\xe1\x10\x01\x00\xef\xe1\x18\x01\x00\xef\xe1\x1c\x01\x00\xef\xe1\x1e\x01\x00\xef\xe1\x1f\x01\x00\xef\xe1\x1e\x02\x00\xef\xe1\x1c\x02\x00\xef\xe1\x18\x02\x00\xef\xe1\x10\x02\x00\xef\xe1\x00\x02\x00\xef'
2020-07-10 06:46:00.030421, cycle count 331, gpio values 205763, 0, 0, 11117, status messages:  b'\xe1\x10\x01\x00\xef\xe1\x18\x01\x00\xef\xe1\x1c\x01\x00\xef\xe1\x1e\x01\x00\xef\xe1\x1f\x01\x00\xef\xe1\x1e\x02\x00\xef\xe1\x1c\x02\x00\xef\xe1\x18\x02\x00\xef\xe1\x10\x02\x00\xef\xe1\x00\x02\x00\xef'
2020-07-10 06:46:15.971320, cycle count 332, gpio values 206358, 0, 0, 11153, status messages:  b'\xe1\x10\x01\x00\xef\xe1\x18\x01\x00\xef\xe1\x1c\x01\x00\xef\xe1\x1e\x01\x00\xef\xe1\x1f\x01\x00\xef\xe1\x1e\x02\x00\xef\xe1\x1c\x02\x00\xef\xe1\x18\x02\x00\xef\xe1\x10\x02\x00\xef\xe1\x00\x02\x00\xef'
2020-07-10 06:46:31.667672, cycle count 333, gpio values 206953, 0, 0, 11189, status messages:  b'\xe1\x10\x01\x00\xef\xe1\x18\x01\x00\xef\xe1\x1c\x01\x00\xef\xe1\x1e\x01\x00\xef\xe1\x1f\x01\x00\xef\xe1\x1e\x02\x00\xef\xe1\x1c\x02\x00\xef\xe1\x18\x02\x00\xef\xe1\x10\x02\x00\xef\xe1\x00\x02\x00\xef'
2020-07-10 06:46:47.740057, cycle count 334, gpio values 207583, 0, 0, 11217, status messages:  b'\xe1\x10\x01\x00\xef\xe1\x18\x01\x00\xef\xe1\x1c\x01\x00\xef\xe1\x1e\x01\x00\xef\xe1\x1f\x01\x00\xef\xe1\x1e\x02\x00\xef\xe1\x1c\x02\x00\xef\xe1\x18\x02\x00\xef\xe1\x10\x02\x00\xef\xe1\x00\x02\x00\xef'
2020-07-10 06:47:03.421909, cycle count 335, gpio values 208178, 0, 0, 11253, status messages:  b'\xe1\x10\x01\x00\xef\xe1\x18\x01\x00\xef\xe1\x1c\x01\x00\xef\xe1\x1e\x01\x00\xef\xe1\x1f\x01\x00\xef\xe1\x1e\x02\x00\xef\xe1\x1c\x02\x00\xef\xe1\x18\x02\x00\xef\xe1\x10\x02\x00\xef\xe1\x00\x02\x00\xef'
2020-07-10 06:47:19.510896, cycle count 336, gpio values 208808, 0, 0, 11281, status messages:  b'\xe1\x10\x01\x00\xef\xe1\x18\x01\x00\xef\xe1\x1c\x01\x00\xef\xe1\x1e\x01\x00\xef\xe1\x1f\x01\x00\xef\xe1\x1e\x02\x00\xef\xe1\x1c\x02\x00\xef\xe1\x18\x02\x00\xef\xe1\x10\x02\x00\xef\xe1\x00\x02\x00\xef'
2020-07-10 06:47:35.191957, cycle count 337, gpio values 209403, 0, 0, 11317, status messages:  b'\xe1\x10\x01\x00\xef\xe1\x18\x01\x00\xef\xe1\x1c\x01\x00\xef\xe1\x1e\x01\x00\xef\xe1\x1f\x01\x00\xef\xe1\x1e\x02\x00\xef\xe1\x1c\x02\x00\xef\xe1\x18\x02\x00\xef\xe1\x10\x02\x00\xef\xe1\x00\x02\x00\xef'
2020-07-10 06:47:51.131089, cycle count 338, gpio values 210033, 0, 0, 11353, status messages:  b'\xe1\x10\x01\x00\xef\xe1\x18\x01\x00\xef\xe1\x1c\x01\x00\xef\xe1\x1e\x01\x00\xef\xe1\x1f\x01\x00\xef\xe1\x1e\x02\x00\xef\xe1\x1c\x02\x00\xef\xe1\x18\x02\x00\xef\xe1\x10\x02\x00\xef\xe1\x00\x02\x00\xef'
2020-07-10 06:48:06.812141, cycle count 339, gpio values 210628, 0, 0, 11389, status messages:  b'\xe1\x10\x01\x00\xef\xe1\x18\x01\x00\xef\xe1\x1c\x01\x00\xef\xe1\x1e\x01\x00\xef\xe1\x1f\x01\x00\xef\xe1\x1e\x02\x00\xef\xe1\x1c\x02\x00\xef\xe1\x18\x02\x00\xef\xe1\x10\x02\x00\xef\xe1\x00\x02\x00\xef'
2020-07-10 06:48:22.752039, cycle count 340, gpio values 211258, 0, 0, 11425, status messages:  b'\xe1\x10\x01\x00\xef\xe1\x18\x01\x00\xef\xe1\x1c\x01\x00\xef\xe1\x1e\x01\x00\xef\xe1\x1f\x01\x00\xef\xe1\x1e\x02\x00\xef\xe1\x1c\x02\x00\xef\xe1\x18\x02\x00\xef\xe1\x10\x02\x00\xef\xe1\x00\x02\x00\xef'
2020-07-10 06:48:38.692051, cycle count 341, gpio values 211888, 0, 0, 11461, status messages:  b'\xe1\x10\x01\x00\xef\xe1\x18\x01\x00\xef\xe1\x1c\x01\x00\xef\xe1\x1e\x01\x00\xef\xe1\x1f\x01\x00\xef\xe1\x1e\x02\x00\xef\xe1\x1c\x02\x00\xef\xe1\x18\x02\x00\xef\xe1\x10\x02\x00\xef\xe1\x00\x02\x00\xef'
2020-07-10 06:48:54.372978, cycle count 342, gpio values 212518, 0, 0, 11497, status messages:  b'\xe1\x10\x01\x00\xef\xe1\x18\x01\x00\xef\xe1\x1c\x01\x00\xef\xe1\x1e\x01\x00\xef\xe1\x1f\x01\x00\xef\xe1\x1e\x02\x00\xef\xe1\x1c\x02\x00\xef\xe1\x18\x02\x00\xef\xe1\x10\x02\x00\xef\xe1\x00\x02\x00\xef'
2020-07-10 06:49:10.313360, cycle count 343, gpio values 213184, 0, 0, 11533, status messages:  b'\xe1\x10\x01\x00\xef\xe1\x18\x01\x00\xef\xe1\x1c\x01\x00\xef\xe1\x1e\x01\x00\xef\xe1\x1f\x01\x00\xef\xe1\x1e\x02\x00\xef\xe1\x1c\x02\x00\xef\xe1\x18\x02\x00\xef\xe1\x10\x02\x00\xef\xe1\x00\x02\x00\xef'
2020-07-10 06:49:25.994707, cycle count 344, gpio values 213814, 0, 0, 11569, status messages:  b'\xe1\x10\x01\x00\xef\xe1\x18\x01\x00\xef\xe1\x1c\x01\x00\xef\xe1\x1e\x01\x00\xef\xe1\x1f\x01\x00\xef\xe1\x1e\x02\x00\xef\xe1\x1c\x02\x00\xef\xe1\x18\x02\x00\xef\xe1\x10\x02\x00\xef\xe1\x00\x02\x00\xef'
2020-07-10 06:49:41.934107, cycle count 345, gpio values 214480, 0, 0, 11605, status messages:  b'\xe1\x10\x01\x00\xef\xe1\x18\x01\x00\xef\xe1\x1c\x01\x00\xef\xe1\x1e\x01\x00\xef\xe1\x1f\x01\x00\xef\xe1\x1e\x02\x00\xef\xe1\x1c\x02\x00\xef\xe1\x18\x02\x00\xef\xe1\x10\x02\x00\xef\xe1\x00\x02\x00\xef'
2020-07-10 06:49:57.873909, cycle count 346, gpio values 215146, 0, 0, 11641, status messages:  b'\xe1\x10\x01\x00\xef\xe1\x18\x01\x00\xef\xe1\x1c\x01\x00\xef\xe1\x1e\x01\x00\xef\xe1\x1f\x01\x00\xef\xe1\x1e\x02\x00\xef\xe1\x1c\x02\x00\xef\xe1\x18\x02\x00\xef\xe1\x10\x02\x00\xef\xe1\x00\x02\x00\xef'
2020-07-10 06:50:13.555594, cycle count 347, gpio values 215741, 0, 0, 11677, status messages:  b'\xe1\x10\x01\x00\xef\xe1\x18\x01\x00\xef\xe1\x1c\x01\x00\xef\xe1\x1e\x01\x00\xef\xe1\x1f\x01\x00\xef\xe1\x1e\x02\x00\xef\xe1\x1c\x02\x00\xef\xe1\x18\x02\x00\xef\xe1\x10\x02\x00\xef\xe1\x00\x02\x00\xef'
2020-07-10 06:50:29.495334, cycle count 348, gpio values 216371, 0, 0, 11713, status messages:  b'\xe1\x10\x01\x00\xef\xe1\x18\x01\x00\xef\xe1\x1c\x01\x00\xef\xe1\x1e\x01\x00\xef\xe1\x1f\x01\x00\xef\xe1\x1e\x02\x00\xef\xe1\x1c\x02\x00\xef\xe1\x18\x02\x00\xef\xe1\x10\x02\x00\xef\xe1\x00\x02\x00\xef'
2020-07-10 06:50:45.175799, cycle count 349, gpio values 217001, 0, 0, 11749, status messages:  b'\xe1\x10\x01\x00\xef\xe1\x18\x01\x00\xef\xe1\x1c\x01\x00\xef\xe1\x1e\x01\x00\xef\xe1\x1f\x01\x00\xef\xe1\x1e\x02\x00\xef\xe1\x1c\x02\x00\xef\xe1\x18\x02\x00\xef\xe1\x10\x02\x00\xef\xe1\x00\x02\x00\xef'
2020-07-10 06:51:01.115905, cycle count 350, gpio values 217631, 0, 0, 11785, status messages:  b'\xe1\x10\x01\x00\xef\xe1\x18\x01\x00\xef\xe1\x1c\x01\x00\xef\xe1\x1e\x01\x00\xef\xe1\x1f\x01\x00\xef\xe1\x1e\x02\x00\xef\xe1\x1c\x02\x00\xef\xe1\x18\x02\x00\xef\xe1\x10\x02\x00\xef\xe1\x00\x02\x00\xef'
2020-07-10 06:51:16.813983, cycle count 351, gpio values 218261, 0, 0, 11821, status messages:  b'\xe1\x10\x01\x00\xef\xe1\x18\x01\x00\xef\xe1\x1c\x01\x00\xef\xe1\x1e\x01\x00\xef\xe1\x1f\x01\x00\xef\xe1\x1e\x02\x00\xef\xe1\x1c\x02\x00\xef\xe1\x18\x02\x00\xef\xe1\x10\x02\x00\xef\xe1\x00\x02\x00\xef'
2020-07-10 06:51:32.754112, cycle count 352, gpio values 218891, 0, 0, 11857, status messages:  b'\xe1\x10\x01\x00\xef\xe1\x18\x01\x00\xef\xe1\x1c\x01\x00\xef\xe1\x1e\x01\x00\xef\xe1\x1f\x01\x00\xef\xe1\x1e\x02\x00\xef\xe1\x1c\x02\x00\xef\xe1\x18\x02\x00\xef\xe1\x10\x02\x00\xef\xe1\x00\x02\x00\xef'
2020-07-10 06:51:48.434417, cycle count 353, gpio values 219486, 0, 0, 11893, status messages:  b'\xe1\x10\x01\x00\xef\xe1\x18\x01\x00\xef\xe1\x1c\x01\x00\xef\xe1\x1e\x01\x00\xef\xe1\x1f\x01\x00\xef\xe1\x1e\x02\x00\xef\xe1\x1c\x02\x00\xef\xe1\x18\x02\x00\xef\xe1\x10\x02\x00\xef\xe1\x00\x02\x00\xef'
2020-07-10 06:52:03.857405, cycle count 354, gpio values 220081, 0, 0, 11921, status messages:  b'\xe1\x10\x01\x00\xef\xe1\x18\x01\x00\xef\xe1\x1c\x01\x00\xef\xe1\x1e\x01\x00\xef\xe1\x1f\x01\x00\xef\xe1\x1e\x02\x00\xef\xe1\x1c\x02\x00\xef\xe1\x18\x02\x00\xef\xe1\x10\x02\x00\xef\xe1\x00\x02\x00\xef'
2020-07-10 06:52:19.537620, cycle count 355, gpio values 220711, 0, 0, 11949, status messages:  b'\xe1\x10\x01\x00\xef\xe1\x18\x01\x00\xef\xe1\x1c\x01\x00\xef\xe1\x1e\x01\x00\xef\xe1\x1f\x01\x00\xef\xe1\x1e\x02\x00\xef\xe1\x1c\x02\x00\xef\xe1\x18\x02\x00\xef\xe1\x10\x02\x00\xef\xe1\x00\x02\x00\xef'
2020-07-10 06:52:35.218314, cycle count 356, gpio values 221306, 0, 0, 11985, status messages:  b'\xe1\x10\x01\x00\xef\xe1\x18\x01\x00\xef\xe1\x1c\x01\x00\xef\xe1\x1e\x01\x00\xef\xe1\x1f\x01\x00\xef\xe1\x1e\x02\x00\xef\xe1\x1c\x02\x00\xef\xe1\x18\x02\x00\xef\xe1\x10\x02\x00\xef\xe1\x00\x02\x00\xef'
2020-07-10 06:52:50.900668, cycle count 357, gpio values 221901, 0, 0, 12021, status messages:  b'\xe1\x10\x01\x00\xef\xe1\x18\x01\x00\xef\xe1\x1c\x01\x00\xef\xe1\x1e\x01\x00\xef\xe1\x1f\x01\x00\xef\xe1\x1e\x02\x00\xef\xe1\x1c\x02\x00\xef\xe1\x18\x02\x00\xef\xe1\x10\x02\x00\xef\xe1\x00\x02\x00\xef'
2020-07-10 06:53:06.581094, cycle count 358, gpio values 222496, 0, 0, 12057, status messages:  b'\xe1\x10\x01\x00\xef\xe1\x18\x01\x00\xef\xe1\x1c\x01\x00\xef\xe1\x1e\x01\x00\xef\xe1\x1f\x01\x00\xef\xe1\x1e\x02\x00\xef\xe1\x1c\x02\x00\xef\xe1\x18\x02\x00\xef\xe1\x10\x02\x00\xef\xe1\x00\x02\x00\xef'
2020-07-10 06:53:22.262861, cycle count 359, gpio values 223091, 0, 0, 12093, status messages:  b'\xe1\x10\x01\x00\xef\xe1\x18\x01\x00\xef\xe1\x1c\x01\x00\xef\xe1\x1e\x01\x00\xef\xe1\x1f\x01\x00\xef\xe1\x1e\x02\x00\xef\xe1\x1c\x02\x00\xef\xe1\x18\x02\x00\xef\xe1\x10\x02\x00\xef\xe1\x00\x02\x00\xef'
2020-07-10 06:53:37.683532, cycle count 360, gpio values 223686, 0, 0, 12121, status messages:  b'\xe1\x10\x01\x00\xef\xe1\x18\x01\x00\xef\xe1\x1c\x01\x00\xef\xe1\x1e\x01\x00\xef\xe1\x1f\x01\x00\xef\xe1\x1e\x02\x00\xef\xe1\x1c\x02\x00\xef\xe1\x18\x02\x00\xef\xe1\x10\x02\x00\xef\xe1\x00\x02\x00\xef'
2020-07-10 06:53:53.740672, cycle count 361, gpio values 224352, 0, 0, 12157, status messages:  b'\xe1\x10\x01\x00\xef\xe1\x18\x01\x00\xef\xe1\x1c\x01\x00\xef\xe1\x1e\x01\x00\xef\xe1\x1f\x01\x00\xef\xe1\x1e\x02\x00\xef\xe1\x1c\x02\x00\xef\xe1\x18\x02\x00\xef\xe1\x10\x02\x00\xef\xe1\x00\x02\x00\xef'
2020-07-10 06:54:09.421647, cycle count 362, gpio values 224947, 0, 0, 12193, status messages:  b'\xe1\x10\x01\x00\xef\xe1\x18\x01\x00\xef\xe1\x1c\x01\x00\xef\xe1\x1e\x01\x00\xef\xe1\x1f\x01\x00\xef\xe1\x1e\x02\x00\xef\xe1\x1c\x02\x00\xef\xe1\x18\x02\x00\xef\xe1\x10\x02\x00\xef\xe1\x00\x02\x00\xef'
2020-07-10 06:54:25.361716, cycle count 363, gpio values 225577, 0, 0, 12229, status messages:  b'\xe1\x10\x01\x00\xef\xe1\x18\x01\x00\xef\xe1\x1c\x01\x00\xef\xe1\x1e\x01\x00\xef\xe1\x1f\x01\x00\xef\xe1\x1e\x02\x00\xef\xe1\x1c\x02\x00\xef\xe1\x18\x02\x00\xef\xe1\x10\x02\x00\xef\xe1\x00\x02\x00\xef'
2020-07-10 06:54:41.042835, cycle count 364, gpio values 226172, 0, 0, 12265, status messages:  b'\xe1\x10\x01\x00\xef\xe1\x18\x01\x00\xef\xe1\x1c\x01\x00\xef\xe1\x1e\x01\x00\xef\xe1\x1f\x01\x00\xef\xe1\x1e\x02\x00\xef\xe1\x1c\x02\x00\xef\xe1\x18\x02\x00\xef\xe1\x10\x02\x00\xef\xe1\x00\x02\x00\xef'
2020-07-10 06:54:56.724341, cycle count 365, gpio values 226767, 0, 0, 12301, status messages:  b'\xe1\x10\x01\x00\xef\xe1\x18\x01\x00\xef\xe1\x1c\x01\x00\xef\xe1\x1e\x01\x00\xef\xe1\x1f\x01\x00\xef\xe1\x1e\x02\x00\xef\xe1\x1c\x02\x00\xef\xe1\x18\x02\x00\xef\xe1\x10\x02\x00\xef\xe1\x00\x02\x00\xef'
2020-07-10 06:55:12.161785, cycle count 366, gpio values 227362, 0, 0, 12329, status messages:  b'\xe1\x10\x01\x00\xef\xe1\x18\x01\x00\xef\xe1\x1c\x01\x00\xef\xe1\x1e\x01\x00\xef\xe1\x1f\x01\x00\xef\xe1\x1e\x02\x00\xef\xe1\x1c\x02\x00\xef\xe1\x18\x02\x00\xef\xe1\x10\x02\x00\xef\xe1\x00\x02\x00\xef'
2020-07-10 06:55:27.842644, cycle count 367, gpio values 227957, 0, 0, 12365, status messages:  b'\xe1\x10\x01\x00\xef\xe1\x18\x01\x00\xef\xe1\x1c\x01\x00\xef\xe1\x1e\x01\x00\xef\xe1\x1f\x01\x00\xef\xe1\x1e\x02\x00\xef\xe1\x1c\x02\x00\xef\xe1\x18\x02\x00\xef\xe1\x10\x02\x00\xef\xe1\x00\x02\x00\xef'
2020-07-10 06:55:43.264296, cycle count 368, gpio values 228552, 0, 0, 12393, status messages:  b'\xe1\x10\x01\x00\xef\xe1\x18\x01\x00\xef\xe1\x1c\x01\x00\xef\xe1\x1e\x01\x00\xef\xe1\x1f\x01\x00\xef\xe1\x1e\x02\x00\xef\xe1\x1c\x02\x00\xef\xe1\x18\x02\x00\xef\xe1\x10\x02\x00\xef\xe1\x00\x02\x00\xef'
2020-07-10 06:55:59.204420, cycle count 369, gpio values 229182, 0, 0, 12429, status messages:  b'\xe1\x10\x01\x00\xef\xe1\x18\x01\x00\xef\xe1\x1c\x01\x00\xef\xe1\x1e\x01\x00\xef\xe1\x1f\x01\x00\xef\xe1\x1e\x02\x00\xef\xe1\x1c\x02\x00\xef\xe1\x18\x02\x00\xef\xe1\x10\x02\x00\xef\xe1\x00\x02\x00\xef'
2020-07-10 06:56:14.885327, cycle count 370, gpio values 229777, 0, 0, 12465, status messages:  b'\xe1\x10\x01\x00\xef\xe1\x18\x01\x00\xef\xe1\x1c\x01\x00\xef\xe1\x1e\x01\x00\xef\xe1\x1f\x01\x00\xef\xe1\x1e\x02\x00\xef\xe1\x1c\x02\x00\xef\xe1\x18\x02\x00\xef\xe1\x10\x02\x00\xef\xe1\x00\x02\x00\xef'
2020-07-10 06:56:30.825397, cycle count 371, gpio values 230407, 0, 0, 12501, status messages:  b'\xe1\x10\x01\x00\xef\xe1\x18\x01\x00\xef\xe1\x1c\x01\x00\xef\xe1\x1e\x01\x00\xef\xe1\x1f\x01\x00\xef\xe1\x1e\x02\x00\xef\xe1\x1c\x02\x00\xef\xe1\x18\x02\x00\xef\xe1\x10\x02\x00\xef\xe1\x00\x02\x00\xef'
2020-07-10 06:56:46.521587, cycle count 372, gpio values 231002, 0, 0, 12537, status messages:  b'\xe1\x10\x01\x00\xef\xe1\x18\x01\x00\xef\xe1\x1c\x01\x00\xef\xe1\x1e\x01\x00\xef\xe1\x1f\x01\x00\xef\xe1\x1e\x02\x00\xef\xe1\x1c\x02\x00\xef\xe1\x18\x02\x00\xef\xe1\x10\x02\x00\xef\xe1\x00\x02\x00\xef'
2020-07-10 06:57:01.944168, cycle count 373, gpio values 231597, 0, 0, 12565, status messages:  b'\xe1\x10\x01\x00\xef\xe1\x18\x01\x00\xef\xe1\x1c\x01\x00\xef\xe1\x1e\x01\x00\xef\xe1\x1f\x01\x00\xef\xe1\x1e\x02\x00\xef\xe1\x1c\x02\x00\xef\xe1\x18\x02\x00\xef\xe1\x10\x02\x00\xef\xe1\x00\x02\x00\xef'
2020-07-10 06:57:17.625589, cycle count 374, gpio values 232192, 0, 0, 12601, status messages:  b'\xe1\x10\x01\x00\xef\xe1\x18\x01\x00\xef\xe1\x1c\x01\x00\xef\xe1\x1e\x01\x00\xef\xe1\x1f\x01\x00\xef\xe1\x1e\x02\x00\xef\xe1\x1c\x02\x00\xef\xe1\x18\x02\x00\xef\xe1\x10\x02\x00\xef\xe1\x00\x02\x00\xef'
2020-07-10 06:57:33.306535, cycle count 375, gpio values 232787, 0, 0, 12637, status messages:  b'\xe1\x10\x01\x00\xef\xe1\x18\x01\x00\xef\xe1\x1c\x01\x00\xef\xe1\x1e\x01\x00\xef\xe1\x1f\x01\x00\xef\xe1\x1e\x02\x00\xef\xe1\x1c\x02\x00\xef\xe1\x18\x02\x00\xef\xe1\x10\x02\x00\xef\xe1\x00\x02\x00\xef'
2020-07-10 06:57:48.987722, cycle count 376, gpio values 233382, 0, 0, 12673, status messages:  b'\xe1\x10\x01\x00\xef\xe1\x18\x01\x00\xef\xe1\x1c\x01\x00\xef\xe1\x1e\x01\x00\xef\xe1\x1f\x01\x00\xef\xe1\x1e\x02\x00\xef\xe1\x1c\x02\x00\xef\xe1\x18\x02\x00\xef\xe1\x10\x02\x00\xef\xe1\x00\x02\x00\xef'
2020-07-10 06:58:04.667479, cycle count 377, gpio values 233977, 0, 0, 12709, status messages:  b'\xe1\x10\x01\x00\xef\xe1\x18\x01\x00\xef\xe1\x1c\x01\x00\xef\xe1\x1e\x01\x00\xef\xe1\x1f\x01\x00\xef\xe1\x1e\x02\x00\xef\xe1\x1c\x02\x00\xef\xe1\x18\x02\x00\xef\xe1\x10\x02\x00\xef\xe1\x00\x02\x00\xef'
2020-07-10 06:58:20.607969, cycle count 378, gpio values 234643, 0, 0, 12745, status messages:  b'\xe1\x10\x01\x00\xef\xe1\x18\x01\x00\xef\xe1\x1c\x01\x00\xef\xe1\x1e\x01\x00\xef\xe1\x1f\x01\x00\xef\xe1\x1e\x02\x00\xef\xe1\x1c\x02\x00\xef\xe1\x18\x02\x00\xef\xe1\x10\x02\x00\xef\xe1\x00\x02\x00\xef'
2020-07-10 06:58:36.547815, cycle count 379, gpio values 235309, 0, 0, 12781, status messages:  b'\xe1\x10\x01\x00\xef\xe1\x18\x01\x00\xef\xe1\x1c\x01\x00\xef\xe1\x1e\x01\x00\xef\xe1\x1f\x01\x00\xef\xe1\x1e\x02\x00\xef\xe1\x1c\x02\x00\xef\xe1\x18\x02\x00\xef\xe1\x10\x02\x00\xef\xe1\x00\x02\x00\xef'
2020-07-10 06:58:52.244783, cycle count 380, gpio values 235904, 0, 0, 12817, status messages:  b'\xe1\x10\x01\x00\xef\xe1\x18\x01\x00\xef\xe1\x1c\x01\x00\xef\xe1\x1e\x01\x00\xef\xe1\x1f\x01\x00\xef\xe1\x1e\x02\x00\xef\xe1\x1c\x02\x00\xef\xe1\x18\x02\x00\xef\xe1\x10\x02\x00\xef\xe1\x00\x02\x00\xef'
2020-07-10 06:59:07.925818, cycle count 381, gpio values 236499, 0, 0, 12853, status messages:  b'\xe1\x10\x01\x00\xef\xe1\x18\x01\x00\xef\xe1\x1c\x01\x00\xef\xe1\x1e\x01\x00\xef\xe1\x1f\x01\x00\xef\xe1\x1e\x02\x00\xef\xe1\x1c\x02\x00\xef\xe1\x18\x02\x00\xef\xe1\x10\x02\x00\xef\xe1\x00\x02\x00\xef'
2020-07-10 06:59:23.966212, cycle count 382, gpio values 237165, 0, 0, 12889, status messages:  b'\xe1\x10\x01\x00\xef\xe1\x18\x01\x00\xef\xe1\x1c\x01\x00\xef\xe1\x1e\x01\x00\xef\xe1\x1f\x01\x00\xef\xe1\x1e\x02\x00\xef\xe1\x1c\x02\x00\xef\xe1\x18\x02\x00\xef\xe1\x10\x02\x00\xef\xe1\x00\x02\x00\xef'
2020-07-10 06:59:39.905257, cycle count 383, gpio values 237795, 0, 0, 12925, status messages:  b'\xe1\x10\x01\x00\xef\xe1\x18\x01\x00\xef\xe1\x1c\x01\x00\xef\xe1\x1e\x01\x00\xef\xe1\x1f\x01\x00\xef\xe1\x1e\x02\x00\xef\xe1\x1c\x02\x00\xef\xe1\x18\x02\x00\xef\xe1\x10\x02\x00\xef\xe1\x00\x02\x00\xef'
2020-07-10 06:59:55.586805, cycle count 384, gpio values 238390, 0, 0, 12961, status messages:  b'\xe1\x10\x01\x00\xef\xe1\x18\x01\x00\xef\xe1\x1c\x01\x00\xef\xe1\x1e\x01\x00\xef\xe1\x1f\x01\x00\xef\xe1\x1e\x02\x00\xef\xe1\x1c\x02\x00\xef\xe1\x18\x02\x00\xef\xe1\x10\x02\x00\xef\xe1\x00\x02\x00\xef'
2020-07-10 07:00:11.526235, cycle count 385, gpio values 239020, 0, 0, 12997, status messages:  b'\xe1\x10\x01\x00\xef\xe1\x18\x01\x00\xef\xe1\x1c\x01\x00\xef\xe1\x1e\x01\x00\xef\xe1\x1f\x01\x00\xef\xe1\x1e\x02\x00\xef\xe1\x1c\x02\x00\xef\xe1\x18\x02\x00\xef\xe1\x10\x02\x00\xef\xe1\x00\x02\x00\xef'
2020-07-10 07:00:27.208616, cycle count 386, gpio values 239615, 0, 0, 13033, status messages:  b'\xe1\x10\x01\x00\xef\xe1\x18\x01\x00\xef\xe1\x1c\x01\x00\xef\xe1\x1e\x01\x00\xef\xe1\x1f\x01\x00\xef\xe1\x1e\x02\x00\xef\xe1\x1c\x02\x00\xef\xe1\x18\x02\x00\xef\xe1\x10\x02\x00\xef\xe1\x00\x02\x00\xef'
2020-07-10 07:00:42.630385, cycle count 387, gpio values 240210, 0, 0, 13061, status messages:  b'\xe1\x10\x01\x00\xef\xe1\x18\x01\x00\xef\xe1\x1c\x01\x00\xef\xe1\x1e\x01\x00\xef\xe1\x1f\x01\x00\xef\xe1\x1e\x02\x00\xef\xe1\x1c\x02\x00\xef\xe1\x18\x02\x00\xef\xe1\x10\x02\x00\xef\xe1\x00\x02\x00\xef'
2020-07-10 07:00:58.392460, cycle count 388, gpio values 240840, 0, 0, 13097, status messages:  b'\xe1\x10\x01\x00\xef\xe1\x18\x01\x00\xef\xe1\x1c\x01\x00\xef\xe1\x1e\x01\x00\xef\xe1\x1f\x01\x00\xef\xe1\x1e\x02\x00\xef\xe1\x1c\x02\x00\xef\xe1\x18\x02\x00\xef\xe1\x10\x02\x00\xef\xe1\x00\x02\x00\xef'
2020-07-10 07:01:14.072966, cycle count 389, gpio values 241435, 0, 0, 13133, status messages:  b'\xe1\x10\x01\x00\xef\xe1\x18\x01\x00\xef\xe1\x1c\x01\x00\xef\xe1\x1e\x01\x00\xef\xe1\x1f\x01\x00\xef\xe1\x1e\x02\x00\xef\xe1\x1c\x02\x00\xef\xe1\x18\x02\x00\xef\xe1\x10\x02\x00\xef\xe1\x00\x02\x00\xef'
2020-07-10 07:01:29.753889, cycle count 390, gpio values 242030, 0, 0, 13169, status messages:  b'\xe1\x10\x01\x00\xef\xe1\x18\x01\x00\xef\xe1\x1c\x01\x00\xef\xe1\x1e\x01\x00\xef\xe1\x1f\x01\x00\xef\xe1\x1e\x02\x00\xef\xe1\x1c\x02\x00\xef\xe1\x18\x02\x00\xef\xe1\x10\x02\x00\xef\xe1\x00\x02\x00\xef'
2020-07-10 07:01:45.174567, cycle count 391, gpio values 242625, 0, 0, 13197, status messages:  b'\xe1\x10\x01\x00\xef\xe1\x18\x01\x00\xef\xe1\x1c\x01\x00\xef\xe1\x1e\x01\x00\xef\xe1\x1f\x01\x00\xef\xe1\x1e\x02\x00\xef\xe1\x1c\x02\x00\xef\xe1\x18\x02\x00\xef\xe1\x10\x02\x00\xef\xe1\x00\x02\x00\xef'
2020-07-10 07:02:00.855950, cycle count 392, gpio values 243220, 0, 0, 13233, status messages:  b'\xe1\x10\x01\x00\xef\xe1\x18\x01\x00\xef\xe1\x1c\x01\x00\xef\xe1\x1e\x01\x00\xef\xe1\x1f\x01\x00\xef\xe1\x1e\x02\x00\xef\xe1\x1c\x02\x00\xef\xe1\x18\x02\x00\xef\xe1\x10\x02\x00\xef\xe1\x00\x02\x00\xef'
2020-07-10 07:02:16.278218, cycle count 393, gpio values 243815, 0, 0, 13261, status messages:  b'\xe1\x10\x01\x00\xef\xe1\x18\x01\x00\xef\xe1\x1c\x01\x00\xef\xe1\x1e\x01\x00\xef\xe1\x1f\x01\x00\xef\xe1\x1e\x02\x00\xef\xe1\x1c\x02\x00\xef\xe1\x18\x02\x00\xef\xe1\x10\x02\x00\xef\xe1\x00\x02\x00\xef'
2020-07-10 07:02:32.218740, cycle count 394, gpio values 244445, 0, 0, 13297, status messages:  b'\xe1\x10\x01\x00\xef\xe1\x18\x01\x00\xef\xe1\x1c\x01\x00\xef\xe1\x1e\x01\x00\xef\xe1\x1f\x01\x00\xef\xe1\x1e\x02\x00\xef\xe1\x1c\x02\x00\xef\xe1\x18\x02\x00\xef\xe1\x10\x02\x00\xef\xe1\x00\x02\x00\xef'
2020-07-10 07:02:47.915170, cycle count 395, gpio values 245040, 0, 0, 13333, status messages:  b'\xe1\x10\x01\x00\xef\xe1\x18\x01\x00\xef\xe1\x1c\x01\x00\xef\xe1\x1e\x01\x00\xef\xe1\x1f\x01\x00\xef\xe1\x1e\x02\x00\xef\xe1\x1c\x02\x00\xef\xe1\x18\x02\x00\xef\xe1\x10\x02\x00\xef\xe1\x00\x02\x00\xef'
2020-07-10 07:03:03.336825, cycle count 396, gpio values 245635, 0, 0, 13361, status messages:  b'\xe1\x10\x01\x00\xef\xe1\x18\x01\x00\xef\xe1\x1c\x01\x00\xef\xe1\x1e\x01\x00\xef\xe1\x1f\x01\x00\xef\xe1\x1e\x02\x00\xef\xe1\x1c\x02\x00\xef\xe1\x18\x02\x00\xef\xe1\x10\x02\x00\xef\xe1\x00\x02\x00\xef'
2020-07-10 07:03:19.278139, cycle count 397, gpio values 246265, 0, 0, 13397, status messages:  b'\xe1\x10\x01\x00\xef\xe1\x18\x01\x00\xef\xe1\x1c\x01\x00\xef\xe1\x1e\x01\x00\xef\xe1\x1f\x01\x00\xef\xe1\x1e\x02\x00\xef\xe1\x1c\x02\x00\xef\xe1\x18\x02\x00\xef\xe1\x10\x02\x00\xef\xe1\x00\x02\x00\xef'
2020-07-10 07:03:34.958811, cycle count 398, gpio values 246860, 0, 0, 13433, status messages:  b'\xe1\x10\x01\x00\xef\xe1\x18\x01\x00\xef\xe1\x1c\x01\x00\xef\xe1\x1e\x01\x00\xef\xe1\x1f\x01\x00\xef\xe1\x1e\x02\x00\xef\xe1\x1c\x02\x00\xef\xe1\x18\x02\x00\xef\xe1\x10\x02\x00\xef\xe1\x00\x02\x00\xef'
2020-07-10 07:03:50.656779, cycle count 399, gpio values 247455, 0, 0, 13469, status messages:  b'\xe1\x10\x01\x00\xef\xe1\x18\x01\x00\xef\xe1\x1c\x01\x00\xef\xe1\x1e\x01\x00\xef\xe1\x1f\x01\x00\xef\xe1\x1e\x02\x00\xef\xe1\x1c\x02\x00\xef\xe1\x18\x02\x00\xef\xe1\x10\x02\x00\xef\xe1\x00\x02\x00\xef'
2020-07-10 07:04:06.596627, cycle count 400, gpio values 248085, 0, 0, 13505, status messages:  b'\xe1\x10\x01\x00\xef\xe1\x18\x01\x00\xef\xe1\x1c\x01\x00\xef\xe1\x1e\x01\x00\xef\xe1\x1f\x01\x00\xef\xe1\x1e\x02\x00\xef\xe1\x1c\x02\x00\xef\xe1\x18\x02\x00\xef\xe1\x10\x02\x00\xef\xe1\x00\x02\x00\xef'
2020-07-10 07:04:22.276928, cycle count 401, gpio values 248715, 0, 0, 13533, status messages:  b'\xe1\x10\x01\x00\xef\xe1\x18\x01\x00\xef\xe1\x1c\x01\x00\xef\xe1\x1e\x01\x00\xef\xe1\x1f\x01\x00\xef\xe1\x1e\x02\x00\xef\xe1\x1c\x02\x00\xef\xe1\x18\x02\x00\xef\xe1\x10\x02\x00\xef\xe1\x00\x02\x00\xef'
2020-07-10 07:04:38.217716, cycle count 402, gpio values 249345, 0, 0, 13569, status messages:  b'\xe1\x10\x01\x00\xef\xe1\x18\x01\x00\xef\xe1\x1c\x01\x00\xef\xe1\x1e\x01\x00\xef\xe1\x1f\x01\x00\xef\xe1\x1e\x02\x00\xef\xe1\x1c\x02\x00\xef\xe1\x18\x02\x00\xef\xe1\x10\x02\x00\xef\xe1\x00\x02\x00\xef'
2020-07-10 07:04:54.256729, cycle count 403, gpio values 250011, 0, 0, 13597, status messages:  b'\xe1\x10\x01\x00\xef\xe1\x18\x01\x00\xef\xe1\x1c\x01\x00\xef\xe1\x1e\x01\x00\xef\xe1\x1f\x01\x00\xef\xe1\x1e\x02\x00\xef\xe1\x1c\x02\x00\xef\xe1\x18\x02\x00\xef\xe1\x10\x02\x00\xef\xe1\x00\x02\x00\xef'
2020-07-10 07:05:09.938648, cycle count 404, gpio values 250606, 0, 0, 13633, status messages:  b'\xe1\x10\x01\x00\xef\xe1\x18\x01\x00\xef\xe1\x1c\x01\x00\xef\xe1\x1e\x01\x00\xef\xe1\x1f\x01\x00\xef\xe1\x1e\x02\x00\xef\xe1\x1c\x02\x00\xef\xe1\x18\x02\x00\xef\xe1\x10\x02\x00\xef\xe1\x00\x02\x00\xef'
2020-07-10 07:05:25.879454, cycle count 405, gpio values 251236, 0, 0, 13669, status messages:  b'\xe1\x10\x01\x00\xef\xe1\x18\x01\x00\xef\xe1\x1c\x01\x00\xef\xe1\x1e\x01\x00\xef\xe1\x1f\x01\x00\xef\xe1\x1e\x02\x00\xef\xe1\x1c\x02\x00\xef\xe1\x18\x02\x00\xef\xe1\x10\x02\x00\xef\xe1\x00\x02\x00\xef'
2020-07-10 07:05:41.560116, cycle count 406, gpio values 251866, 0, 0, 13705, status messages:  b'\xe1\x10\x01\x00\xef\xe1\x18\x01\x00\xef\xe1\x1c\x01\x00\xef\xe1\x1e\x01\x00\xef\xe1\x1f\x01\x00\xef\xe1\x1e\x02\x00\xef\xe1\x1c\x02\x00\xef\xe1\x18\x02\x00\xef\xe1\x10\x02\x00\xef\xe1\x00\x02\x00\xef'
2020-07-10 07:05:57.500663, cycle count 407, gpio values 252496, 0, 0, 13741, status messages:  b'\xe1\x10\x01\x00\xef\xe1\x18\x01\x00\xef\xe1\x1c\x01\x00\xef\xe1\x1e\x01\x00\xef\xe1\x1f\x01\x00\xef\xe1\x1e\x02\x00\xef\xe1\x1c\x02\x00\xef\xe1\x18\x02\x00\xef\xe1\x10\x02\x00\xef\xe1\x00\x02\x00\xef'
2020-07-10 07:06:13.181710, cycle count 408, gpio values 253126, 0, 0, 13777, status messages:  b'\xe1\x10\x01\x00\xef\xe1\x18\x01\x00\xef\xe1\x1c\x01\x00\xef\xe1\x1e\x01\x00\xef\xe1\x1f\x01\x00\xef\xe1\x1e\x02\x00\xef\xe1\x1c\x02\x00\xef\xe1\x18\x02\x00\xef\xe1\x10\x02\x00\xef\xe1\x00\x02\x00\xef'
2020-07-10 07:06:28.603280, cycle count 409, gpio values 253721, 0, 0, 13805, status messages:  b'\xe1\x10\x01\x00\xef\xe1\x18\x01\x00\xef\xe1\x1c\x01\x00\xef\xe1\x1e\x01\x00\xef\xe1\x1f\x01\x00\xef\xe1\x1e\x02\x00\xef\xe1\x1c\x02\x00\xef\xe1\x18\x02\x00\xef\xe1\x10\x02\x00\xef\xe1\x00\x02\x00\xef'
2020-07-10 07:06:44.543540, cycle count 410, gpio values 254351, 0, 0, 13841, status messages:  b'\xe1\x10\x01\x00\xef\xe1\x18\x01\x00\xef\xe1\x1c\x01\x00\xef\xe1\x1e\x01\x00\xef\xe1\x1f\x01\x00\xef\xe1\x1e\x02\x00\xef\xe1\x1c\x02\x00\xef\xe1\x18\x02\x00\xef\xe1\x10\x02\x00\xef\xe1\x00\x02\x00\xef'
2020-07-10 07:07:00.225260, cycle count 411, gpio values 254946, 0, 0, 13877, status messages:  b'\xe1\x10\x01\x00\xef\xe1\x18\x01\x00\xef\xe1\x1c\x01\x00\xef\xe1\x1e\x01\x00\xef\xe1\x1f\x01\x00\xef\xe1\x1e\x02\x00\xef\xe1\x1c\x02\x00\xef\xe1\x18\x02\x00\xef\xe1\x10\x02\x00\xef\xe1\x00\x02\x00\xef'
2020-07-10 07:07:16.165335, cycle count 412, gpio values 255612, 0, 0, 13913, status messages:  b'\xe1\x10\x01\x00\xef\xe1\x18\x01\x00\xef\xe1\x1c\x01\x00\xef\xe1\x1e\x01\x00\xef\xe1\x1f\x01\x00\xef\xe1\x1e\x02\x00\xef\xe1\x1c\x02\x00\xef\xe1\x18\x02\x00\xef\xe1\x10\x02\x00\xef\xe1\x00\x02\x00\xef'
2020-07-10 07:07:32.105540, cycle count 413, gpio values 256278, 0, 0, 13949, status messages:  b'\xe1\x10\x01\x00\xef\xe1\x18\x01\x00\xef\xe1\x1c\x01\x00\xef\xe1\x1e\x01\x00\xef\xe1\x1f\x01\x00\xef\xe1\x1e\x02\x00\xef\xe1\x1c\x02\x00\xef\xe1\x18\x02\x00\xef\xe1\x10\x02\x00\xef\xe1\x00\x02\x00\xef'
2020-07-10 07:07:47.785920, cycle count 414, gpio values 256873, 0, 0, 13985, status messages:  b'\xe1\x10\x01\x00\xef\xe1\x18\x01\x00\xef\xe1\x1c\x01\x00\xef\xe1\x1e\x01\x00\xef\xe1\x1f\x01\x00\xef\xe1\x1e\x02\x00\xef\xe1\x1c\x02\x00\xef\xe1\x18\x02\x00\xef\xe1\x10\x02\x00\xef\xe1\x00\x02\x00\xef'
2020-07-10 07:08:03.726657, cycle count 415, gpio values 257503, 0, 0, 14021, status messages:  b'\xe1\x10\x01\x00\xef\xe1\x18\x01\x00\xef\xe1\x1c\x01\x00\xef\xe1\x1e\x01\x00\xef\xe1\x1f\x01\x00\xef\xe1\x1e\x02\x00\xef\xe1\x1c\x02\x00\xef\xe1\x18\x02\x00\xef\xe1\x10\x02\x00\xef\xe1\x00\x02\x00\xef'
2020-07-10 07:08:19.665801, cycle count 416, gpio values 258133, 0, 0, 14057, status messages:  b'\xe1\x10\x01\x00\xef\xe1\x18\x01\x00\xef\xe1\x1c\x01\x00\xef\xe1\x1e\x01\x00\xef\xe1\x1f\x01\x00\xef\xe1\x1e\x02\x00\xef\xe1\x1c\x02\x00\xef\xe1\x18\x02\x00\xef\xe1\x10\x02\x00\xef\xe1\x00\x02\x00\xef'
2020-07-10 07:08:35.346673, cycle count 417, gpio values 258728, 0, 0, 14093, status messages:  b'\xe1\x10\x01\x00\xef\xe1\x18\x01\x00\xef\xe1\x1c\x01\x00\xef\xe1\x1e\x01\x00\xef\xe1\x1f\x01\x00\xef\xe1\x1e\x02\x00\xef\xe1\x1c\x02\x00\xef\xe1\x18\x02\x00\xef\xe1\x10\x02\x00\xef\xe1\x00\x02\x00\xef'
2020-07-10 07:08:51.286611, cycle count 418, gpio values 259358, 0, 0, 14129, status messages:  b'\xe1\x10\x01\x00\xef\xe1\x18\x01\x00\xef\xe1\x1c\x01\x00\xef\xe1\x1e\x01\x00\xef\xe1\x1f\x01\x00\xef\xe1\x1e\x02\x00\xef\xe1\x1c\x02\x00\xef\xe1\x18\x02\x00\xef\xe1\x10\x02\x00\xef\xe1\x00\x02\x00\xef'
2020-07-10 07:09:07.225841, cycle count 419, gpio values 259988, 0, 0, 14165, status messages:  b'\xe1\x10\x01\x00\xef\xe1\x18\x01\x00\xef\xe1\x1c\x01\x00\xef\xe1\x1e\x01\x00\xef\xe1\x1f\x01\x00\xef\xe1\x1e\x02\x00\xef\xe1\x1c\x02\x00\xef\xe1\x18\x02\x00\xef\xe1\x10\x02\x00\xef\xe1\x00\x02\x00\xef'
2020-07-10 07:09:22.906680, cycle count 420, gpio values 260583, 0, 0, 14201, status messages:  b'\xe1\x10\x01\x00\xef\xe1\x18\x01\x00\xef\xe1\x1c\x01\x00\xef\xe1\x1e\x01\x00\xef\xe1\x1f\x01\x00\xef\xe1\x1e\x02\x00\xef\xe1\x1c\x02\x00\xef\xe1\x18\x02\x00\xef\xe1\x10\x02\x00\xef\xe1\x00\x02\x00\xef'
2020-07-10 07:09:38.847499, cycle count 421, gpio values 261213, 0, 0, 14237, status messages:  b'\xe1\x10\x01\x00\xef\xe1\x18\x01\x00\xef\xe1\x1c\x01\x00\xef\xe1\x1e\x01\x00\xef\xe1\x1f\x01\x00\xef\xe1\x1e\x02\x00\xef\xe1\x1c\x02\x00\xef\xe1\x18\x02\x00\xef\xe1\x10\x02\x00\xef\xe1\x00\x02\x00\xef'
2020-07-10 07:09:54.528887, cycle count 422, gpio values 261808, 0, 0, 14273, status messages:  b'\xe1\x10\x01\x00\xef\xe1\x18\x01\x00\xef\xe1\x1c\x01\x00\xef\xe1\x1e\x01\x00\xef\xe1\x1f\x01\x00\xef\xe1\x1e\x02\x00\xef\xe1\x1c\x02\x00\xef\xe1\x18\x02\x00\xef\xe1\x10\x02\x00\xef\xe1\x00\x02\x00\xef'
2020-07-10 07:10:10.469817, cycle count 423, gpio values 262438, 0, 0, 14309, status messages:  b'\xe1\x10\x01\x00\xef\xe1\x18\x01\x00\xef\xe1\x1c\x01\x00\xef\xe1\x1e\x01\x00\xef\xe1\x1f\x01\x00\xef\xe1\x1e\x02\x00\xef\xe1\x1c\x02\x00\xef\xe1\x18\x02\x00\xef\xe1\x10\x02\x00\xef\xe1\x00\x02\x00\xef'
2020-07-10 07:10:26.409425, cycle count 424, gpio values 263033, 0, 0, 14345, status messages:  b'\xe1\x10\x01\x00\xef\xe1\x18\x01\x00\xef\xe1\x1c\x01\x00\xef\xe1\x1e\x01\x00\xef\xe1\x1f\x01\x00\xef\xe1\x1e\x02\x00\xef\xe1\x1c\x02\x00\xef\xe1\x18\x02\x00\xef\xe1\x10\x02\x00\xef\xe1\x00\x02\x00\xef'
2020-07-10 07:10:42.090674, cycle count 425, gpio values 263628, 0, 0, 14381, status messages:  b'\xe1\x10\x01\x00\xef\xe1\x18\x01\x00\xef\xe1\x1c\x01\x00\xef\xe1\x1e\x01\x00\xef\xe1\x1f\x01\x00\xef\xe1\x1e\x02\x00\xef\xe1\x1c\x02\x00\xef\xe1\x18\x02\x00\xef\xe1\x10\x02\x00\xef\xe1\x00\x02\x00\xef'
2020-07-10 07:10:57.836053, cycle count 426, gpio values 264223, 0, 0, 14417, status messages:  b'\xe1\x10\x01\x00\xef\xe1\x18\x01\x00\xef\xe1\x1c\x01\x00\xef\xe1\x1e\x01\x00\xef\xe1\x1f\x01\x00\xef\xe1\x1e\x02\x00\xef\xe1\x1c\x02\x00\xef\xe1\x18\x02\x00\xef\xe1\x10\x02\x00\xef\xe1\x00\x02\x00\xef'
2020-07-10 07:11:13.517619, cycle count 427, gpio values 264818, 0, 0, 14453, status messages:  b'\xe1\x10\x01\x00\xef\xe1\x18\x01\x00\xef\xe1\x1c\x01\x00\xef\xe1\x1e\x01\x00\xef\xe1\x1f\x01\x00\xef\xe1\x1e\x02\x00\xef\xe1\x1c\x02\x00\xef\xe1\x18\x02\x00\xef\xe1\x10\x02\x00\xef\xe1\x00\x02\x00\xef'
2020-07-10 07:11:29.459200, cycle count 428, gpio values 265448, 0, 0, 14489, status messages:  b'\xe1\x10\x01\x00\xef\xe1\x18\x01\x00\xef\xe1\x1c\x01\x00\xef\xe1\x1e\x01\x00\xef\xe1\x1f\x01\x00\xef\xe1\x1e\x02\x00\xef\xe1\x1c\x02\x00\xef\xe1\x18\x02\x00\xef\xe1\x10\x02\x00\xef\xe1\x00\x02\x00\xef'
2020-07-10 07:11:45.398093, cycle count 429, gpio values 266078, 0, 0, 14525, status messages:  b'\xe1\x10\x01\x00\xef\xe1\x18\x01\x00\xef\xe1\x1c\x01\x00\xef\xe1\x1e\x01\x00\xef\xe1\x1f\x01\x00\xef\xe1\x1e\x02\x00\xef\xe1\x1c\x02\x00\xef\xe1\x18\x02\x00\xef\xe1\x10\x02\x00\xef\xe1\x00\x02\x00\xef'
2020-07-10 07:12:01.080064, cycle count 430, gpio values 266673, 0, 0, 14561, status messages:  b'\xe1\x10\x01\x00\xef\xe1\x18\x01\x00\xef\xe1\x1c\x01\x00\xef\xe1\x1e\x01\x00\xef\xe1\x1f\x01\x00\xef\xe1\x1e\x02\x00\xef\xe1\x1c\x02\x00\xef\xe1\x18\x02\x00\xef\xe1\x10\x02\x00\xef\xe1\x00\x02\x00\xef'
2020-07-10 07:12:17.020840, cycle count 431, gpio values 267303, 0, 0, 14597, status messages:  b'\xe1\x10\x01\x00\xef\xe1\x18\x01\x00\xef\xe1\x1c\x01\x00\xef\xe1\x1e\x01\x00\xef\xe1\x1f\x01\x00\xef\xe1\x1e\x02\x00\xef\xe1\x1c\x02\x00\xef\xe1\x18\x02\x00\xef\xe1\x10\x02\x00\xef\xe1\x00\x02\x00\xef'
2020-07-10 07:12:32.701621, cycle count 432, gpio values 267898, 0, 0, 14633, status messages:  b'\xe1\x10\x01\x00\xef\xe1\x18\x01\x00\xef\xe1\x1c\x01\x00\xef\xe1\x1e\x01\x00\xef\xe1\x1f\x01\x00\xef\xe1\x1e\x02\x00\xef\xe1\x1c\x02\x00\xef\xe1\x18\x02\x00\xef\xe1\x10\x02\x00\xef\xe1\x00\x02\x00\xef'
2020-07-10 07:12:48.642387, cycle count 433, gpio values 268528, 0, 0, 14669, status messages:  b'\xe1\x10\x01\x00\xef\xe1\x18\x01\x00\xef\xe1\x1c\x01\x00\xef\xe1\x1e\x01\x00\xef\xe1\x1f\x01\x00\xef\xe1\x1e\x02\x00\xef\xe1\x1c\x02\x00\xef\xe1\x18\x02\x00\xef\xe1\x10\x02\x00\xef\xe1\x00\x02\x00\xef'
2020-07-10 07:13:04.323426, cycle count 434, gpio values 269123, 0, 0, 14705, status messages:  b'\xe1\x10\x01\x00\xef\xe1\x18\x01\x00\xef\xe1\x1c\x01\x00\xef\xe1\x1e\x01\x00\xef\xe1\x1f\x01\x00\xef\xe1\x1e\x02\x00\xef\xe1\x1c\x02\x00\xef\xe1\x18\x02\x00\xef\xe1\x10\x02\x00\xef\xe1\x00\x02\x00\xef'
2020-07-10 07:13:20.263565, cycle count 435, gpio values 269753, 0, 0, 14741, status messages:  b'\xe1\x10\x01\x00\xef\xe1\x18\x01\x00\xef\xe1\x1c\x01\x00\xef\xe1\x1e\x01\x00\xef\xe1\x1f\x01\x00\xef\xe1\x1e\x02\x00\xef\xe1\x1c\x02\x00\xef\xe1\x18\x02\x00\xef\xe1\x10\x02\x00\xef\xe1\x00\x02\x00\xef'
2020-07-10 07:13:35.960842, cycle count 436, gpio values 270383, 0, 0, 14777, status messages:  b'\xe1\x10\x01\x00\xef\xe1\x18\x01\x00\xef\xe1\x1c\x01\x00\xef\xe1\x1e\x01\x00\xef\xe1\x1f\x01\x00\xef\xe1\x1e\x02\x00\xef\xe1\x1c\x02\x00\xef\xe1\x18\x02\x00\xef\xe1\x10\x02\x00\xef\xe1\x00\x02\x00\xef'
2020-07-10 07:13:51.901567, cycle count 437, gpio values 271049, 0, 0, 14813, status messages:  b'\xe1\x10\x01\x00\xef\xe1\x18\x01\x00\xef\xe1\x1c\x01\x00\xef\xe1\x1e\x01\x00\xef\xe1\x1f\x01\x00\xef\xe1\x1e\x02\x00\xef\xe1\x1c\x02\x00\xef\xe1\x18\x02\x00\xef\xe1\x10\x02\x00\xef\xe1\x00\x02\x00\xef'
2020-07-10 07:14:07.841273, cycle count 438, gpio values 271715, 0, 0, 14849, status messages:  b'\xe1\x10\x01\x00\xef\xe1\x18\x01\x00\xef\xe1\x1c\x01\x00\xef\xe1\x1e\x01\x00\xef\xe1\x1f\x01\x00\xef\xe1\x1e\x02\x00\xef\xe1\x1c\x02\x00\xef\xe1\x18\x02\x00\xef\xe1\x10\x02\x00\xef\xe1\x00\x02\x00\xef'
2020-07-10 07:14:23.523499, cycle count 439, gpio values 272345, 0, 0, 14885, status messages:  b'\xe1\x10\x01\x00\xef\xe1\x18\x01\x00\xef\xe1\x1c\x01\x00\xef\xe1\x1e\x01\x00\xef\xe1\x1f\x01\x00\xef\xe1\x1e\x02\x00\xef\xe1\x1c\x02\x00\xef\xe1\x18\x02\x00\xef\xe1\x10\x02\x00\xef\xe1\x00\x02\x00\xef'
2020-07-10 07:14:39.220672, cycle count 440, gpio values 272975, 0, 0, 14921, status messages:  b'\xe1\x10\x01\x00\xef\xe1\x18\x01\x00\xef\xe1\x1c\x01\x00\xef\xe1\x1e\x01\x00\xef\xe1\x1f\x01\x00\xef\xe1\x1e\x02\x00\xef\xe1\x1c\x02\x00\xef\xe1\x18\x02\x00\xef\xe1\x10\x02\x00\xef\xe1\x00\x02\x00\xef'
2020-07-10 07:14:55.160335, cycle count 441, gpio values 273605, 0, 0, 14957, status messages:  b'\xe1\x10\x01\x00\xef\xe1\x18\x01\x00\xef\xe1\x1c\x01\x00\xef\xe1\x1e\x01\x00\xef\xe1\x1f\x01\x00\xef\xe1\x1e\x02\x00\xef\xe1\x1c\x02\x00\xef\xe1\x18\x02\x00\xef\xe1\x10\x02\x00\xef\xe1\x00\x02\x00\xef'
2020-07-10 07:15:11.101403, cycle count 442, gpio values 274235, 0, 0, 14993, status messages:  b'\xe1\x10\x01\x00\xef\xe1\x18\x01\x00\xef\xe1\x1c\x01\x00\xef\xe1\x1e\x01\x00\xef\xe1\x1f\x01\x00\xef\xe1\x1e\x02\x00\xef\xe1\x1c\x02\x00\xef\xe1\x18\x02\x00\xef\xe1\x10\x02\x00\xef\xe1\x00\x02\x00\xef'
2020-07-10 07:15:26.782774, cycle count 443, gpio values 274865, 0, 0, 15029, status messages:  b'\xe1\x10\x01\x00\xef\xe1\x18\x01\x00\xef\xe1\x1c\x01\x00\xef\xe1\x1e\x01\x00\xef\xe1\x1f\x01\x00\xef\xe1\x1e\x02\x00\xef\xe1\x1c\x02\x00\xef\xe1\x18\x02\x00\xef\xe1\x10\x02\x00\xef\xe1\x00\x02\x00\xef'
2020-07-10 07:15:42.723317, cycle count 444, gpio values 275495, 0, 0, 15065, status messages:  b'\xe1\x10\x01\x00\xef\xe1\x18\x01\x00\xef\xe1\x1c\x01\x00\xef\xe1\x1e\x01\x00\xef\xe1\x1f\x01\x00\xef\xe1\x1e\x02\x00\xef\xe1\x1c\x02\x00\xef\xe1\x18\x02\x00\xef\xe1\x10\x02\x00\xef\xe1\x00\x02\x00\xef'
2020-07-10 07:15:58.662921, cycle count 445, gpio values 276125, 0, 0, 15101, status messages:  b'\xe1\x10\x01\x00\xef\xe1\x18\x01\x00\xef\xe1\x1c\x01\x00\xef\xe1\x1e\x01\x00\xef\xe1\x1f\x01\x00\xef\xe1\x1e\x02\x00\xef\xe1\x1c\x02\x00\xef\xe1\x18\x02\x00\xef\xe1\x10\x02\x00\xef\xe1\x00\x02\x00\xef'
2020-07-10 07:16:14.603224, cycle count 446, gpio values 276720, 0, 0, 15137, status messages:  b'\xe1\x10\x01\x00\xef\xe1\x18\x01\x00\xef\xe1\x1c\x01\x00\xef\xe1\x1e\x01\x00\xef\xe1\x1f\x01\x00\xef\xe1\x1e\x02\x00\xef\xe1\x1c\x02\x00\xef\xe1\x18\x02\x00\xef\xe1\x10\x02\x00\xef\xe1\x00\x02\x00\xef'
2020-07-10 07:16:30.283991, cycle count 447, gpio values 277315, 0, 0, 15173, status messages:  b'\xe1\x10\x01\x00\xef\xe1\x18\x01\x00\xef\xe1\x1c\x01\x00\xef\xe1\x1e\x01\x00\xef\xe1\x1f\x01\x00\xef\xe1\x1e\x02\x00\xef\xe1\x1c\x02\x00\xef\xe1\x18\x02\x00\xef\xe1\x10\x02\x00\xef\xe1\x00\x02\x00\xef'
2020-07-10 07:16:46.223926, cycle count 448, gpio values 277945, 0, 0, 15209, status messages:  b'\xe1\x10\x01\x00\xef\xe1\x18\x01\x00\xef\xe1\x1c\x01\x00\xef\xe1\x1e\x01\x00\xef\xe1\x1f\x01\x00\xef\xe1\x1e\x02\x00\xef\xe1\x1c\x02\x00\xef\xe1\x18\x02\x00\xef\xe1\x10\x02\x00\xef\xe1\x00\x02\x00\xef'
2020-07-10 07:17:01.905557, cycle count 449, gpio values 278506, 0, 0, 15245, status messages:  b'\xe1\x10\x01\x00\xef\xe1\x18\x01\x00\xef\xe1\x1c\x01\x00\xef\xe1\x1e\x01\x00\xef\xe1\x1f\x01\x00\xef\xe1\x1e\x02\x00\xef\xe1\x1c\x02\x00\xef\xe1\x18\x02\x00\xef\xe1\x10\x02\x00\xef\xe1\x00\x02\x00\xef'
2020-07-10 07:17:17.845821, cycle count 450, gpio values 279136, 0, 0, 15281, status messages:  b'\xe1\x10\x01\x00\xef\xe1\x18\x01\x00\xef\xe1\x1c\x01\x00\xef\xe1\x1e\x01\x00\xef\xe1\x1f\x01\x00\xef\xe1\x1e\x02\x00\xef\xe1\x1c\x02\x00\xef\xe1\x18\x02\x00\xef\xe1\x10\x02\x00\xef\xe1\x00\x02\x00\xef'
2020-07-10 07:17:33.527372, cycle count 451, gpio values 279766, 0, 0, 15317, status messages:  b'\xe1\x10\x01\x00\xef\xe1\x18\x01\x00\xef\xe1\x1c\x01\x00\xef\xe1\x1e\x01\x00\xef\xe1\x1f\x01\x00\xef\xe1\x1e\x02\x00\xef\xe1\x1c\x02\x00\xef\xe1\x18\x02\x00\xef\xe1\x10\x02\x00\xef\xe1\x00\x02\x00\xef'
2020-07-10 07:17:49.467641, cycle count 452, gpio values 280432, 0, 0, 15353, status messages:  b'\xe1\x10\x01\x00\xef\xe1\x18\x01\x00\xef\xe1\x1c\x01\x00\xef\xe1\x1e\x01\x00\xef\xe1\x1f\x01\x00\xef\xe1\x1e\x02\x00\xef\xe1\x1c\x02\x00\xef\xe1\x18\x02\x00\xef\xe1\x10\x02\x00\xef\xe1\x00\x02\x00\xef'
2020-07-10 07:18:05.163981, cycle count 453, gpio values 281062, 0, 0, 15389, status messages:  b'\xe1\x10\x01\x00\xef\xe1\x18\x01\x00\xef\xe1\x1c\x01\x00\xef\xe1\x1e\x01\x00\xef\xe1\x1f\x01\x00\xef\xe1\x1e\x02\x00\xef\xe1\x1c\x02\x00\xef\xe1\x18\x02\x00\xef\xe1\x10\x02\x00\xef\xe1\x00\x02\x00\xef'
2020-07-10 07:18:21.188168, cycle count 454, gpio values 281692, 0, 0, 15425, status messages:  b'\xe1\x10\x01\x00\xef\xe1\x18\x01\x00\xef\xe1\x1c\x01\x00\xef\xe1\x1e\x01\x00\xef\xe1\x1f\x01\x00\xef\xe1\x1e\x02\x00\xef\xe1\x1c\x02\x00\xef\xe1\x18\x02\x00\xef\xe1\x10\x02\x00\xef\xe1\x00\x02\x00\xef'
2020-07-10 07:18:37.128867, cycle count 455, gpio values 282358, 0, 0, 15461, status messages:  b'\xe1\x10\x01\x00\xef\xe1\x18\x01\x00\xef\xe1\x1c\x01\x00\xef\xe1\x1e\x01\x00\xef\xe1\x1f\x01\x00\xef\xe1\x1e\x02\x00\xef\xe1\x1c\x02\x00\xef\xe1\x18\x02\x00\xef\xe1\x10\x02\x00\xef\xe1\x00\x02\x00\xef'
2020-07-10 07:18:52.825719, cycle count 456, gpio values 282988, 0, 0, 15497, status messages:  b'\xe1\x10\x01\x00\xef\xe1\x18\x01\x00\xef\xe1\x1c\x01\x00\xef\xe1\x1e\x01\x00\xef\xe1\x1f\x01\x00\xef\xe1\x1e\x02\x00\xef\xe1\x1c\x02\x00\xef\xe1\x18\x02\x00\xef\xe1\x10\x02\x00\xef\xe1\x00\x02\x00\xef'
2020-07-10 07:19:08.766421, cycle count 457, gpio values 283618, 0, 0, 15533, status messages:  b'\xe1\x10\x01\x00\xef\xe1\x18\x01\x00\xef\xe1\x1c\x01\x00\xef\xe1\x1e\x01\x00\xef\xe1\x1f\x01\x00\xef\xe1\x1e\x02\x00\xef\xe1\x1c\x02\x00\xef\xe1\x18\x02\x00\xef\xe1\x10\x02\x00\xef\xe1\x00\x02\x00\xef'
2020-07-10 07:19:24.446764, cycle count 458, gpio values 284248, 0, 0, 15569, status messages:  b'\xe1\x10\x01\x00\xef\xe1\x18\x01\x00\xef\xe1\x1c\x01\x00\xef\xe1\x1e\x01\x00\xef\xe1\x1f\x01\x00\xef\xe1\x1e\x02\x00\xef\xe1\x1c\x02\x00\xef\xe1\x18\x02\x00\xef\xe1\x10\x02\x00\xef\xe1\x00\x02\x00\xef'
2020-07-10 07:19:40.647129, cycle count 459, gpio values 284914, 0, 0, 15605, status messages:  b'\xe1\x10\x01\x00\xef\xe1\x18\x01\x00\xef\xe1\x1c\x01\x00\xef\xe1\x1e\x01\x00\xef\xe1\x1f\x01\x00\xef\xe1\x1e\x02\x00\xef\xe1\x1c\x02\x00\xef\xe1\x18\x02\x00\xef\xe1\x10\x02\x00\xef\xe1\x00\x02\x00\xef'
2020-07-10 07:19:56.586731, cycle count 460, gpio values 285544, 0, 0, 15633, status messages:  b'\xe1\x10\x01\x00\xef\xe1\x18\x01\x00\xef\xe1\x1c\x01\x00\xef\xe1\x1e\x01\x00\xef\xe1\x1f\x01\x00\xef\xe1\x1e\x02\x00\xef\xe1\x1c\x02\x00\xef\xe1\x18\x02\x00\xef\xe1\x10\x02\x00\xef\xe1\x00\x02\x00\xef'
2020-07-10 07:20:12.786530, cycle count 461, gpio values 286174, 0, 0, 15669, status messages:  b'\xe1\x10\x01\x00\xef\xe1\x18\x01\x00\xef\xe1\x1c\x01\x00\xef\xe1\x1e\x01\x00\xef\xe1\x1f\x01\x00\xef\xe1\x1e\x02\x00\xef\xe1\x1c\x02\x00\xef\xe1\x18\x02\x00\xef\xe1\x10\x02\x00\xef\xe1\x00\x02\x00\xef'
2020-07-10 07:20:28.725680, cycle count 462, gpio values 286804, 0, 0, 15697, status messages:  b'\xe1\x10\x01\x00\xef\xe1\x18\x01\x00\xef\xe1\x1c\x01\x00\xef\xe1\x1e\x01\x00\xef\xe1\x1f\x01\x00\xef\xe1\x1e\x02\x00\xef\xe1\x1c\x02\x00\xef\xe1\x18\x02\x00\xef\xe1\x10\x02\x00\xef\xe1\x00\x02\x00\xef'
2020-07-10 07:20:44.974690, cycle count 463, gpio values 287434, 0, 0, 15733, status messages:  b'\xe1\x10\x01\x00\xef\xe1\x18\x01\x00\xef\xe1\x1c\x01\x00\xef\xe1\x1e\x01\x00\xef\xe1\x1f\x01\x00\xef\xe1\x1e\x02\x00\xef\xe1\x1c\x02\x00\xef\xe1\x18\x02\x00\xef\xe1\x10\x02\x00\xef\xe1\x00\x02\x00\xef'
2020-07-10 07:21:00.915307, cycle count 464, gpio values 288064, 0, 0, 15761, status messages:  b'\xe1\x10\x01\x00\xef\xe1\x18\x01\x00\xef\xe1\x1c\x01\x00\xef\xe1\x1e\x01\x00\xef\xe1\x1f\x01\x00\xef\xe1\x1e\x02\x00\xef\xe1\x1c\x02\x00\xef\xe1\x18\x02\x00\xef\xe1\x10\x02\x00\xef\xe1\x00\x02\x00\xef'
2020-07-10 07:21:17.115004, cycle count 465, gpio values 288694, 0, 0, 15797, status messages:  b'\xe1\x10\x01\x00\xef\xe1\x18\x01\x00\xef\xe1\x1c\x01\x00\xef\xe1\x1e\x01\x00\xef\xe1\x1f\x01\x00\xef\xe1\x1e\x02\x00\xef\xe1\x1c\x02\x00\xef\xe1\x18\x02\x00\xef\xe1\x10\x02\x00\xef\xe1\x00\x02\x00\xef'
2020-07-10 07:21:33.054631, cycle count 466, gpio values 289324, 0, 0, 15825, status messages:  b'\xe1\x10\x01\x00\xef\xe1\x18\x01\x00\xef\xe1\x1c\x01\x00\xef\xe1\x1e\x01\x00\xef\xe1\x1f\x01\x00\xef\xe1\x1e\x02\x00\xef\xe1\x1c\x02\x00\xef\xe1\x18\x02\x00\xef\xe1\x10\x02\x00\xef\xe1\x00\x02\x00\xef'
2020-07-10 07:21:48.995621, cycle count 467, gpio values 289954, 0, 0, 15853, status messages:  b'\xe1\x10\x01\x00\xef\xe1\x18\x01\x00\xef\xe1\x1c\x01\x00\xef\xe1\x1e\x01\x00\xef\xe1\x1f\x01\x00\xef\xe1\x1e\x02\x00\xef\xe1\x1c\x02\x00\xef\xe1\x18\x02\x00\xef\xe1\x10\x02\x00\xef\xe1\x00\x02\x00\xef'
2020-07-10 07:22:05.194653, cycle count 468, gpio values 290584, 0, 0, 15889, status messages:  b'\xe1\x10\x01\x00\xef\xe1\x18\x01\x00\xef\xe1\x1c\x01\x00\xef\xe1\x1e\x01\x00\xef\xe1\x1f\x01\x00\xef\xe1\x1e\x02\x00\xef\xe1\x1c\x02\x00\xef\xe1\x18\x02\x00\xef\xe1\x10\x02\x00\xef\xe1\x00\x02\x00\xef'
2020-07-10 07:22:21.134969, cycle count 469, gpio values 291214, 0, 0, 15925, status messages:  b'\xe1\x10\x01\x00\xef\xe1\x18\x01\x00\xef\xe1\x1c\x01\x00\xef\xe1\x1e\x01\x00\xef\xe1\x1f\x01\x00\xef\xe1\x1e\x02\x00\xef\xe1\x1c\x02\x00\xef\xe1\x18\x02\x00\xef\xe1\x10\x02\x00\xef\xe1\x00\x02\x00\xef'
2020-07-10 07:22:37.075980, cycle count 470, gpio values 291844, 0, 0, 15953, status messages:  b'\xe1\x10\x01\x00\xef\xe1\x18\x01\x00\xef\xe1\x1c\x01\x00\xef\xe1\x1e\x01\x00\xef\xe1\x1f\x01\x00\xef\xe1\x1e\x02\x00\xef\xe1\x1c\x02\x00\xef\xe1\x18\x02\x00\xef\xe1\x10\x02\x00\xef\xe1\x00\x02\x00\xef'
2020-07-10 07:22:53.015378, cycle count 471, gpio values 292474, 0, 0, 15981, status messages:  b'\xe1\x10\x01\x00\xef\xe1\x18\x01\x00\xef\xe1\x1c\x01\x00\xef\xe1\x1e\x01\x00\xef\xe1\x1f\x01\x00\xef\xe1\x1e\x02\x00\xef\xe1\x1c\x02\x00\xef\xe1\x18\x02\x00\xef\xe1\x10\x02\x00\xef\xe1\x00\x02\x00\xef'
2020-07-10 07:23:09.104130, cycle count 472, gpio values 293104, 0, 0, 16009, status messages:  b'\xe1\x10\x01\x00\xef\xe1\x18\x01\x00\xef\xe1\x1c\x01\x00\xef\xe1\x1e\x01\x00\xef\xe1\x1f\x01\x00\xef\xe1\x1e\x02\x00\xef\xe1\x1c\x02\x00\xef\xe1\x18\x02\x00\xef\xe1\x10\x02\x00\xef\xe1\x00\x02\x00\xef'
2020-07-10 07:23:25.043680, cycle count 473, gpio values 293734, 0, 0, 16037, status messages:  b'\xe1\x10\x01\x00\xef\xe1\x18\x01\x00\xef\xe1\x1c\x01\x00\xef\xe1\x1e\x01\x00\xef\xe1\x1f\x01\x00\xef\xe1\x1e\x02\x00\xef\xe1\x1c\x02\x00\xef\xe1\x18\x02\x00\xef\xe1\x10\x02\x00\xef\xe1\x00\x02\x00\xef'
2020-07-10 07:23:40.984018, cycle count 474, gpio values 294364, 0, 0, 16065, status messages:  b'\xe1\x10\x01\x00\xef\xe1\x18\x01\x00\xef\xe1\x1c\x01\x00\xef\xe1\x1e\x01\x00\xef\xe1\x1f\x01\x00\xef\xe1\x1e\x02\x00\xef\xe1\x1c\x02\x00\xef\xe1\x18\x02\x00\xef\xe1\x10\x02\x00\xef\xe1\x00\x02\x00\xef'
2020-07-10 07:23:57.184335, cycle count 475, gpio values 294994, 0, 0, 16101, status messages:  b'\xe1\x10\x01\x00\xef\xe1\x18\x01\x00\xef\xe1\x1c\x01\x00\xef\xe1\x1e\x01\x00\xef\xe1\x1f\x01\x00\xef\xe1\x1e\x02\x00\xef\xe1\x1c\x02\x00\xef\xe1\x18\x02\x00\xef\xe1\x10\x02\x00\xef\xe1\x00\x02\x00\xef'
2020-07-10 07:24:13.124141, cycle count 476, gpio values 295624, 0, 0, 16129, status messages:  b'\xe1\x10\x01\x00\xef\xe1\x18\x01\x00\xef\xe1\x1c\x01\x00\xef\xe1\x1e\x01\x00\xef\xe1\x1f\x01\x00\xef\xe1\x1e\x02\x00\xef\xe1\x1c\x02\x00\xef\xe1\x18\x02\x00\xef\xe1\x10\x02\x00\xef\xe1\x00\x02\x00\xef'
2020-07-10 07:24:29.065406, cycle count 477, gpio values 296254, 0, 0, 16157, status messages:  b'\xe1\x10\x01\x00\xef\xe1\x18\x01\x00\xef\xe1\x1c\x01\x00\xef\xe1\x1e\x01\x00\xef\xe1\x1f\x01\x00\xef\xe1\x1e\x02\x00\xef\xe1\x1c\x02\x00\xef\xe1\x18\x02\x00\xef\xe1\x10\x02\x00\xef\xe1\x00\x02\x00\xef'
2020-07-10 07:24:45.005508, cycle count 478, gpio values 296884, 0, 0, 16185, status messages:  b'\xe1\x10\x01\x00\xef\xe1\x18\x01\x00\xef\xe1\x1c\x01\x00\xef\xe1\x1e\x01\x00\xef\xe1\x1f\x01\x00\xef\xe1\x1e\x02\x00\xef\xe1\x1c\x02\x00\xef\xe1\x18\x02\x00\xef\xe1\x10\x02\x00\xef\xe1\x00\x02\x00\xef'
2020-07-10 07:25:01.205563, cycle count 479, gpio values 297514, 0, 0, 16221, status messages:  b'\xe1\x10\x01\x00\xef\xe1\x18\x01\x00\xef\xe1\x1c\x01\x00\xef\xe1\x1e\x01\x00\xef\xe1\x1f\x01\x00\xef\xe1\x1e\x02\x00\xef\xe1\x1c\x02\x00\xef\xe1\x18\x02\x00\xef\xe1\x10\x02\x00\xef\xe1\x00\x02\x00\xef'
2020-07-10 07:25:17.144415, cycle count 480, gpio values 298144, 0, 0, 16249, status messages:  b'\xe1\x10\x01\x00\xef\xe1\x18\x01\x00\xef\xe1\x1c\x01\x00\xef\xe1\x1e\x01\x00\xef\xe1\x1f\x01\x00\xef\xe1\x1e\x02\x00\xef\xe1\x1c\x02\x00\xef\xe1\x18\x02\x00\xef\xe1\x10\x02\x00\xef\xe1\x00\x02\x00\xef'
2020-07-10 07:25:33.344292, cycle count 481, gpio values 298774, 0, 0, 16285, status messages:  b'\xe1\x10\x01\x00\xef\xe1\x18\x01\x00\xef\xe1\x1c\x01\x00\xef\xe1\x1e\x01\x00\xef\xe1\x1f\x01\x00\xef\xe1\x1e\x02\x00\xef\xe1\x1c\x02\x00\xef\xe1\x18\x02\x00\xef\xe1\x10\x02\x00\xef\xe1\x00\x02\x00\xef'
2020-07-10 07:25:49.640635, cycle count 482, gpio values 299404, 0, 0, 16321, status messages:  b'\xe1\x10\x01\x00\xef\xe1\x18\x01\x00\xef\xe1\x1c\x01\x00\xef\xe1\x1e\x01\x00\xef\xe1\x1f\x01\x00\xef\xe1\x1e\x02\x00\xef\xe1\x1c\x02\x00\xef\xe1\x18\x02\x00\xef\xe1\x10\x02\x00\xef\xe1\x00\x02\x00\xef'
2020-07-10 07:26:05.840573, cycle count 483, gpio values 300034, 0, 0, 16357, status messages:  b'\xe1\x10\x01\x00\xef\xe1\x18\x01\x00\xef\xe1\x1c\x01\x00\xef\xe1\x1e\x01\x00\xef\xe1\x1f\x01\x00\xef\xe1\x1e\x02\x00\xef\xe1\x1c\x02\x00\xef\xe1\x18\x02\x00\xef\xe1\x10\x02\x00\xef\xe1\x00\x02\x00\xef'
2020-07-10 07:26:22.039428, cycle count 484, gpio values 300664, 0, 0, 16393, status messages:  b'\xe1\x10\x01\x00\xef\xe1\x18\x01\x00\xef\xe1\x1c\x01\x00\xef\xe1\x1e\x01\x00\xef\xe1\x1f\x01\x00\xef\xe1\x1e\x02\x00\xef\xe1\x1c\x02\x00\xef\xe1\x18\x02\x00\xef\xe1\x10\x02\x00\xef\xe1\x00\x02\x00\xef'
2020-07-10 07:26:38.238906, cycle count 485, gpio values 301294, 0, 0, 16429, status messages:  b'\xe1\x10\x01\x00\xef\xe1\x18\x01\x00\xef\xe1\x1c\x01\x00\xef\xe1\x1e\x01\x00\xef\xe1\x1f\x01\x00\xef\xe1\x1e\x02\x00\xef\xe1\x1c\x02\x00\xef\xe1\x18\x02\x00\xef\xe1\x10\x02\x00\xef\xe1\x00\x02\x00\xef'
2020-07-10 07:26:54.536039, cycle count 486, gpio values 301924, 0, 0, 16465, status messages:  b'\xe1\x10\x01\x00\xef\xe1\x18\x01\x00\xef\xe1\x1c\x01\x00\xef\xe1\x1e\x01\x00\xef\xe1\x1f\x01\x00\xef\xe1\x1e\x02\x00\xef\xe1\x1c\x02\x00\xef\xe1\x18\x02\x00\xef\xe1\x10\x02\x00\xef\xe1\x00\x02\x00\xef'
2020-07-10 07:27:10.750770, cycle count 487, gpio values 302554, 0, 0, 16501, status messages:  b'\xe1\x10\x01\x00\xef\xe1\x18\x01\x00\xef\xe1\x1c\x01\x00\xef\xe1\x1e\x01\x00\xef\xe1\x1f\x01\x00\xef\xe1\x1e\x02\x00\xef\xe1\x1c\x02\x00\xef\xe1\x18\x02\x00\xef\xe1\x10\x02\x00\xef\xe1\x00\x02\x00\xef'
2020-07-10 07:27:26.691488, cycle count 488, gpio values 303184, 0, 0, 16529, status messages:  b'\xe1\x10\x01\x00\xef\xe1\x18\x01\x00\xef\xe1\x1c\x01\x00\xef\xe1\x1e\x01\x00\xef\xe1\x1f\x01\x00\xef\xe1\x1e\x02\x00\xef\xe1\x1c\x02\x00\xef\xe1\x18\x02\x00\xef\xe1\x10\x02\x00\xef\xe1\x00\x02\x00\xef'
2020-07-10 07:27:42.890319, cycle count 489, gpio values 303814, 0, 0, 16565, status messages:  b'\xe1\x10\x01\x00\xef\xe1\x18\x01\x00\xef\xe1\x1c\x01\x00\xef\xe1\x1e\x01\x00\xef\xe1\x1f\x01\x00\xef\xe1\x1e\x02\x00\xef\xe1\x1c\x02\x00\xef\xe1\x18\x02\x00\xef\xe1\x10\x02\x00\xef\xe1\x00\x02\x00\xef'
2020-07-10 07:27:59.349772, cycle count 490, gpio values 304480, 0, 0, 16601, status messages:  b'\xe1\x10\x01\x00\xef\xe1\x18\x01\x00\xef\xe1\x1c\x01\x00\xef\xe1\x1e\x01\x00\xef\xe1\x1f\x01\x00\xef\xe1\x1e\x02\x00\xef\xe1\x1c\x02\x00\xef\xe1\x18\x02\x00\xef\xe1\x10\x02\x00\xef\xe1\x00\x02\x00\xef'
2020-07-10 07:28:15.807808, cycle count 491, gpio values 305146, 0, 0, 16637, status messages:  b'\xe1\x10\x01\x00\xef\xe1\x18\x01\x00\xef\xe1\x1c\x01\x00\xef\xe1\x1e\x01\x00\xef\xe1\x1f\x01\x00\xef\xe1\x1e\x02\x00\xef\xe1\x1c\x02\x00\xef\xe1\x18\x02\x00\xef\xe1\x10\x02\x00\xef\xe1\x00\x02\x00\xef'
2020-07-10 07:28:32.265806, cycle count 492, gpio values 305812, 0, 0, 16673, status messages:  b'\xe1\x10\x01\x00\xef\xe1\x18\x01\x00\xef\xe1\x1c\x01\x00\xef\xe1\x1e\x01\x00\xef\xe1\x1f\x01\x00\xef\xe1\x1e\x02\x00\xef\xe1\x1c\x02\x00\xef\xe1\x18\x02\x00\xef\xe1\x10\x02\x00\xef\xe1\x00\x02\x00\xef'
2020-07-10 07:28:48.724598, cycle count 493, gpio values 306478, 0, 0, 16709, status messages:  b'\xe1\x10\x01\x00\xef\xe1\x18\x01\x00\xef\xe1\x1c\x01\x00\xef\xe1\x1e\x01\x00\xef\xe1\x1f\x01\x00\xef\xe1\x1e\x02\x00\xef\xe1\x1c\x02\x00\xef\xe1\x18\x02\x00\xef\xe1\x10\x02\x00\xef\xe1\x00\x02\x00\xef'
2020-07-10 07:29:04.923159, cycle count 494, gpio values 307108, 0, 0, 16745, status messages:  b'\xe1\x10\x01\x00\xef\xe1\x18\x01\x00\xef\xe1\x1c\x01\x00\xef\xe1\x1e\x01\x00\xef\xe1\x1f\x01\x00\xef\xe1\x1e\x02\x00\xef\xe1\x1c\x02\x00\xef\xe1\x18\x02\x00\xef\xe1\x10\x02\x00\xef\xe1\x00\x02\x00\xef'
2020-07-10 07:29:21.382188, cycle count 495, gpio values 307774, 0, 0, 16781, status messages:  b'\xe1\x10\x01\x00\xef\xe1\x18\x01\x00\xef\xe1\x1c\x01\x00\xef\xe1\x1e\x01\x00\xef\xe1\x1f\x01\x00\xef\xe1\x1e\x02\x00\xef\xe1\x1c\x02\x00\xef\xe1\x18\x02\x00\xef\xe1\x10\x02\x00\xef\xe1\x00\x02\x00\xef'
2020-07-10 07:29:37.841531, cycle count 496, gpio values 308440, 0, 0, 16817, status messages:  b'\xe1\x10\x01\x00\xef\xe1\x18\x01\x00\xef\xe1\x1c\x01\x00\xef\xe1\x1e\x01\x00\xef\xe1\x1f\x01\x00\xef\xe1\x1e\x02\x00\xef\xe1\x1c\x02\x00\xef\xe1\x18\x02\x00\xef\xe1\x10\x02\x00\xef\xe1\x00\x02\x00\xef'
2020-07-10 07:29:54.299823, cycle count 497, gpio values 309106, 0, 0, 16853, status messages:  b'\xe1\x10\x01\x00\xef\xe1\x18\x01\x00\xef\xe1\x1c\x01\x00\xef\xe1\x1e\x01\x00\xef\xe1\x1f\x01\x00\xef\xe1\x1e\x02\x00\xef\xe1\x1c\x02\x00\xef\xe1\x18\x02\x00\xef\xe1\x10\x02\x00\xef\xe1\x00\x02\x00\xef'
2020-07-10 07:30:10.498894, cycle count 498, gpio values 309736, 0, 0, 16889, status messages:  b'\xe1\x10\x01\x00\xef\xe1\x18\x01\x00\xef\xe1\x1c\x01\x00\xef\xe1\x1e\x01\x00\xef\xe1\x1f\x01\x00\xef\xe1\x1e\x02\x00\xef\xe1\x1c\x02\x00\xef\xe1\x18\x02\x00\xef\xe1\x10\x02\x00\xef\xe1\x00\x02\x00\xef'
2020-07-10 07:30:26.955637, cycle count 499, gpio values 310402, 0, 0, 16925, status messages:  b'\xe1\x10\x01\x00\xef\xe1\x18\x01\x00\xef\xe1\x1c\x01\x00\xef\xe1\x1e\x01\x00\xef\xe1\x1f\x01\x00\xef\xe1\x1e\x02\x00\xef\xe1\x1c\x02\x00\xef\xe1\x18\x02\x00\xef\xe1\x10\x02\x00\xef\xe1\x00\x02\x00\xef'
2020-07-10 07:30:43.155345, cycle count 500, gpio values 311068, 0, 0, 16953, status messages:  b'\xe1\x10\x01\x00\xef\xe1\x18\x01\x00\xef\xe1\x1c\x01\x00\xef\xe1\x1e\x01\x00\xef\xe1\x1f\x01\x00\xef\xe1\x1e\x02\x00\xef\xe1\x1c\x02\x00\xef\xe1\x18\x02\x00\xef\xe1\x10\x02\x00\xef\xe1\x00\x02\x00\xef'
2020-07-10 07:30:59.388015, cycle count 501, gpio values 311698, 0, 0, 16989, status messages:  b'\xe1\x10\x01\x00\xef\xe1\x18\x01\x00\xef\xe1\x1c\x01\x00\xef\xe1\x1e\x01\x00\xef\xe1\x1f\x01\x00\xef\xe1\x1e\x02\x00\xef\xe1\x1c\x02\x00\xef\xe1\x18\x02\x00\xef\xe1\x10\x02\x00\xef\xe1\x00\x02\x00\xef'
2020-07-10 07:31:15.650901, cycle count 502, gpio values 312328, 0, 0, 17025, status messages:  b'\xe1\x10\x01\x00\xef\xe1\x18\x01\x00\xef\xe1\x1c\x01\x00\xef\xe1\x1e\x01\x00\xef\xe1\x1f\x01\x00\xef\xe1\x1e\x02\x00\xef\xe1\x1c\x02\x00\xef\xe1\x18\x02\x00\xef\xe1\x10\x02\x00\xef\xe1\x00\x02\x00\xef'
2020-07-10 07:31:31.850963, cycle count 503, gpio values 312958, 0, 0, 17061, status messages:  b'\xe1\x10\x01\x00\xef\xe1\x18\x01\x00\xef\xe1\x1c\x01\x00\xef\xe1\x1e\x01\x00\xef\xe1\x1f\x01\x00\xef\xe1\x1e\x02\x00\xef\xe1\x1c\x02\x00\xef\xe1\x18\x02\x00\xef\xe1\x10\x02\x00\xef\xe1\x00\x02\x00\xef'
2020-07-10 07:31:48.309648, cycle count 504, gpio values 313624, 0, 0, 17097, status messages:  b'\xe1\x10\x01\x00\xef\xe1\x18\x01\x00\xef\xe1\x1c\x01\x00\xef\xe1\x1e\x01\x00\xef\xe1\x1f\x01\x00\xef\xe1\x1e\x02\x00\xef\xe1\x1c\x02\x00\xef\xe1\x18\x02\x00\xef\xe1\x10\x02\x00\xef\xe1\x00\x02\x00\xef'
2020-07-10 07:32:04.767567, cycle count 505, gpio values 314290, 0, 0, 17133, status messages:  b'\xe1\x10\x01\x00\xef\xe1\x18\x01\x00\xef\xe1\x1c\x01\x00\xef\xe1\x1e\x01\x00\xef\xe1\x1f\x01\x00\xef\xe1\x1e\x02\x00\xef\xe1\x1c\x02\x00\xef\xe1\x18\x02\x00\xef\xe1\x10\x02\x00\xef\xe1\x00\x02\x00\xef'
2020-07-10 07:32:21.064506, cycle count 506, gpio values 314920, 0, 0, 17169, status messages:  b'\xe1\x10\x01\x00\xef\xe1\x18\x01\x00\xef\xe1\x1c\x01\x00\xef\xe1\x1e\x01\x00\xef\xe1\x1f\x01\x00\xef\xe1\x1e\x02\x00\xef\xe1\x1c\x02\x00\xef\xe1\x18\x02\x00\xef\xe1\x10\x02\x00\xef\xe1\x00\x02\x00\xef'
2020-07-10 07:32:37.005050, cycle count 507, gpio values 315550, 0, 0, 17197, status messages:  b'\xe1\x10\x01\x00\xef\xe1\x18\x01\x00\xef\xe1\x1c\x01\x00\xef\xe1\x1e\x01\x00\xef\xe1\x1f\x01\x00\xef\xe1\x1e\x02\x00\xef\xe1\x1c\x02\x00\xef\xe1\x18\x02\x00\xef\xe1\x10\x02\x00\xef\xe1\x00\x02\x00\xef'
2020-07-10 07:32:53.204068, cycle count 508, gpio values 316180, 0, 0, 17233, status messages:  b'\xe1\x10\x01\x00\xef\xe1\x18\x01\x00\xef\xe1\x1c\x01\x00\xef\xe1\x1e\x01\x00\xef\xe1\x1f\x01\x00\xef\xe1\x1e\x02\x00\xef\xe1\x1c\x02\x00\xef\xe1\x18\x02\x00\xef\xe1\x10\x02\x00\xef\xe1\x00\x02\x00\xef'
2020-07-10 07:33:09.500916, cycle count 509, gpio values 316810, 0, 0, 17269, status messages:  b'\xe1\x10\x01\x00\xef\xe1\x18\x01\x00\xef\xe1\x1c\x01\x00\xef\xe1\x1e\x01\x00\xef\xe1\x1f\x01\x00\xef\xe1\x1e\x02\x00\xef\xe1\x1c\x02\x00\xef\xe1\x18\x02\x00\xef\xe1\x10\x02\x00\xef\xe1\x00\x02\x00\xef'
2020-07-10 07:33:25.700787, cycle count 510, gpio values 317440, 0, 0, 17305, status messages:  b'\xe1\x10\x01\x00\xef\xe1\x18\x01\x00\xef\xe1\x1c\x01\x00\xef\xe1\x1e\x01\x00\xef\xe1\x1f\x01\x00\xef\xe1\x1e\x02\x00\xef\xe1\x1c\x02\x00\xef\xe1\x18\x02\x00\xef\xe1\x10\x02\x00\xef\xe1\x00\x02\x00\xef'
2020-07-10 07:33:42.175206, cycle count 511, gpio values 318106, 0, 0, 17341, status messages:  b'\xe1\x10\x01\x00\xef\xe1\x18\x01\x00\xef\xe1\x1c\x01\x00\xef\xe1\x1e\x01\x00\xef\xe1\x1f\x01\x00\xef\xe1\x1e\x02\x00\xef\xe1\x1c\x02\x00\xef\xe1\x18\x02\x00\xef\xe1\x10\x02\x00\xef\xe1\x00\x02\x00\xef'
2020-07-10 07:33:58.375361, cycle count 512, gpio values 318772, 0, 0, 17377, status messages:  b'\xe1\x10\x01\x00\xef\xe1\x18\x01\x00\xef\xe1\x1c\x01\x00\xef\xe1\x1e\x01\x00\xef\xe1\x1f\x01\x00\xef\xe1\x1e\x02\x00\xef\xe1\x1c\x02\x00\xef\xe1\x18\x02\x00\xef\xe1\x10\x02\x00\xef\xe1\x00\x02\x00\xef'
2020-07-10 07:34:14.574034, cycle count 513, gpio values 319402, 0, 0, 17413, status messages:  b'\xe1\x10\x01\x00\xef\xe1\x18\x01\x00\xef\xe1\x1c\x01\x00\xef\xe1\x1e\x01\x00\xef\xe1\x1f\x01\x00\xef\xe1\x1e\x02\x00\xef\xe1\x1c\x02\x00\xef\xe1\x18\x02\x00\xef\xe1\x10\x02\x00\xef\xe1\x00\x02\x00\xef'
2020-07-10 07:34:30.772905, cycle count 514, gpio values 320032, 0, 0, 17449, status messages:  b'\xe1\x10\x01\x00\xef\xe1\x18\x01\x00\xef\xe1\x1c\x01\x00\xef\xe1\x1e\x01\x00\xef\xe1\x1f\x01\x00\xef\xe1\x1e\x02\x00\xef\xe1\x1c\x02\x00\xef\xe1\x18\x02\x00\xef\xe1\x10\x02\x00\xef\xe1\x00\x02\x00\xef'
2020-07-10 07:34:46.713780, cycle count 515, gpio values 320662, 0, 0, 17477, status messages:  b'\xe1\x10\x01\x00\xef\xe1\x18\x01\x00\xef\xe1\x1c\x01\x00\xef\xe1\x1e\x01\x00\xef\xe1\x1f\x01\x00\xef\xe1\x1e\x02\x00\xef\xe1\x1c\x02\x00\xef\xe1\x18\x02\x00\xef\xe1\x10\x02\x00\xef\xe1\x00\x02\x00\xef'
2020-07-10 07:35:02.913082, cycle count 516, gpio values 321292, 0, 0, 17513, status messages:  b'\xe1\x10\x01\x00\xef\xe1\x18\x01\x00\xef\xe1\x1c\x01\x00\xef\xe1\x1e\x01\x00\xef\xe1\x1f\x01\x00\xef\xe1\x1e\x02\x00\xef\xe1\x1c\x02\x00\xef\xe1\x18\x02\x00\xef\xe1\x10\x02\x00\xef\xe1\x00\x02\x00\xef'
2020-07-10 07:35:18.852057, cycle count 517, gpio values 321922, 0, 0, 17541, status messages:  b'\xe1\x10\x01\x00\xef\xe1\x18\x01\x00\xef\xe1\x1c\x01\x00\xef\xe1\x1e\x01\x00\xef\xe1\x1f\x01\x00\xef\xe1\x1e\x02\x00\xef\xe1\x1c\x02\x00\xef\xe1\x18\x02\x00\xef\xe1\x10\x02\x00\xef\xe1\x00\x02\x00\xef'
2020-07-10 07:35:34.793017, cycle count 518, gpio values 322552, 0, 0, 17569, status messages:  b'\xe1\x10\x01\x00\xef\xe1\x18\x01\x00\xef\xe1\x1c\x01\x00\xef\xe1\x1e\x01\x00\xef\xe1\x1f\x01\x00\xef\xe1\x1e\x02\x00\xef\xe1\x1c\x02\x00\xef\xe1\x18\x02\x00\xef\xe1\x10\x02\x00\xef\xe1\x00\x02\x00\xef'
2020-07-10 07:35:50.991730, cycle count 519, gpio values 323218, 0, 0, 17605, status messages:  b'\xe1\x10\x01\x00\xef\xe1\x18\x01\x00\xef\xe1\x1c\x01\x00\xef\xe1\x1e\x01\x00\xef\xe1\x1f\x01\x00\xef\xe1\x1e\x02\x00\xef\xe1\x1c\x02\x00\xef\xe1\x18\x02\x00\xef\xe1\x10\x02\x00\xef\xe1\x00\x02\x00\xef'
2020-07-10 07:36:06.931831, cycle count 520, gpio values 323848, 0, 0, 17633, status messages:  b'\xe1\x10\x01\x00\xef\xe1\x18\x01\x00\xef\xe1\x1c\x01\x00\xef\xe1\x1e\x01\x00\xef\xe1\x1f\x01\x00\xef\xe1\x1e\x02\x00\xef\xe1\x1c\x02\x00\xef\xe1\x18\x02\x00\xef\xe1\x10\x02\x00\xef\xe1\x00\x02\x00\xef'
2020-07-10 07:36:23.390339, cycle count 521, gpio values 324514, 0, 0, 17669, status messages:  b'\xe1\x10\x01\x00\xef\xe1\x18\x01\x00\xef\xe1\x1c\x01\x00\xef\xe1\x1e\x01\x00\xef\xe1\x1f\x01\x00\xef\xe1\x1e\x02\x00\xef\xe1\x1c\x02\x00\xef\xe1\x18\x02\x00\xef\xe1\x10\x02\x00\xef\xe1\x00\x02\x00\xef'
2020-07-10 07:36:39.849622, cycle count 522, gpio values 325180, 0, 0, 17705, status messages:  b'\xe1\x10\x01\x00\xef\xe1\x18\x01\x00\xef\xe1\x1c\x01\x00\xef\xe1\x1e\x01\x00\xef\xe1\x1f\x01\x00\xef\xe1\x1e\x02\x00\xef\xe1\x1c\x02\x00\xef\xe1\x18\x02\x00\xef\xe1\x10\x02\x00\xef\xe1\x00\x02\x00\xef'
2020-07-10 07:36:56.048852, cycle count 523, gpio values 325810, 0, 0, 17741, status messages:  b'\xe1\x10\x01\x00\xef\xe1\x18\x01\x00\xef\xe1\x1c\x01\x00\xef\xe1\x1e\x01\x00\xef\xe1\x1f\x01\x00\xef\xe1\x1e\x02\x00\xef\xe1\x1c\x02\x00\xef\xe1\x18\x02\x00\xef\xe1\x10\x02\x00\xef\xe1\x00\x02\x00\xef'
2020-07-10 07:37:12.280164, cycle count 524, gpio values 326440, 0, 0, 17777, status messages:  b'\xe1\x10\x01\x00\xef\xe1\x18\x01\x00\xef\xe1\x1c\x01\x00\xef\xe1\x1e\x01\x00\xef\xe1\x1f\x01\x00\xef\xe1\x1e\x02\x00\xef\xe1\x1c\x02\x00\xef\xe1\x18\x02\x00\xef\xe1\x10\x02\x00\xef\xe1\x00\x02\x00\xef'
2020-07-10 07:37:28.480047, cycle count 525, gpio values 327070, 0, 0, 17813, status messages:  b'\xe1\x10\x01\x00\xef\xe1\x18\x01\x00\xef\xe1\x1c\x01\x00\xef\xe1\x1e\x01\x00\xef\xe1\x1f\x01\x00\xef\xe1\x1e\x02\x00\xef\xe1\x1c\x02\x00\xef\xe1\x18\x02\x00\xef\xe1\x10\x02\x00\xef\xe1\x00\x02\x00\xef'
2020-07-10 07:37:44.679152, cycle count 526, gpio values 327700, 0, 0, 17849, status messages:  b'\xe1\x10\x01\x00\xef\xe1\x18\x01\x00\xef\xe1\x1c\x01\x00\xef\xe1\x1e\x01\x00\xef\xe1\x1f\x01\x00\xef\xe1\x1e\x02\x00\xef\xe1\x1c\x02\x00\xef\xe1\x18\x02\x00\xef\xe1\x10\x02\x00\xef\xe1\x00\x02\x00\xef'
2020-07-10 07:38:00.619887, cycle count 527, gpio values 328330, 0, 0, 17877, status messages:  b'\xe1\x10\x01\x00\xef\xe1\x18\x01\x00\xef\xe1\x1c\x01\x00\xef\xe1\x1e\x01\x00\xef\xe1\x1f\x01\x00\xef\xe1\x1e\x02\x00\xef\xe1\x1c\x02\x00\xef\xe1\x18\x02\x00\xef\xe1\x10\x02\x00\xef\xe1\x00\x02\x00\xef'
2020-07-10 07:38:16.576260, cycle count 528, gpio values 328960, 0, 0, 17905, status messages:  b'\xe1\x10\x01\x00\xef\xe1\x18\x01\x00\xef\xe1\x1c\x01\x00\xef\xe1\x1e\x01\x00\xef\xe1\x1f\x01\x00\xef\xe1\x1e\x02\x00\xef\xe1\x1c\x02\x00\xef\xe1\x18\x02\x00\xef\xe1\x10\x02\x00\xef\xe1\x00\x02\x00\xef'
2020-07-10 07:38:32.516268, cycle count 529, gpio values 329590, 0, 0, 17941, status messages:  b'\xe1\x10\x01\x00\xef\xe1\x18\x01\x00\xef\xe1\x1c\x01\x00\xef\xe1\x1e\x01\x00\xef\xe1\x1f\x01\x00\xef\xe1\x1e\x02\x00\xef\xe1\x1c\x02\x00\xef\xe1\x18\x02\x00\xef\xe1\x10\x02\x00\xef\xe1\x00\x02\x00\xef'
2020-07-10 07:38:48.455864, cycle count 530, gpio values 330220, 0, 0, 17977, status messages:  b'\xe1\x10\x01\x00\xef\xe1\x18\x01\x00\xef\xe1\x1c\x01\x00\xef\xe1\x1e\x01\x00\xef\xe1\x1f\x01\x00\xef\xe1\x1e\x02\x00\xef\xe1\x1c\x02\x00\xef\xe1\x18\x02\x00\xef\xe1\x10\x02\x00\xef\xe1\x00\x02\x00\xef'
2020-07-10 07:39:04.396232, cycle count 531, gpio values 330850, 0, 0, 18005, status messages:  b'\xe1\x10\x01\x00\xef\xe1\x18\x01\x00\xef\xe1\x1c\x01\x00\xef\xe1\x1e\x01\x00\xef\xe1\x1f\x01\x00\xef\xe1\x1e\x02\x00\xef\xe1\x1c\x02\x00\xef\xe1\x18\x02\x00\xef\xe1\x10\x02\x00\xef\xe1\x00\x02\x00\xef'
2020-07-10 07:39:20.335582, cycle count 532, gpio values 331480, 0, 0, 18033, status messages:  b'\xe1\x10\x01\x00\xef\xe1\x18\x01\x00\xef\xe1\x1c\x01\x00\xef\xe1\x1e\x01\x00\xef\xe1\x1f\x01\x00\xef\xe1\x1e\x02\x00\xef\xe1\x1c\x02\x00\xef\xe1\x18\x02\x00\xef\xe1\x10\x02\x00\xef\xe1\x00\x02\x00\xef'
2020-07-10 07:39:36.276192, cycle count 533, gpio values 332110, 0, 0, 18069, status messages:  b'\xe1\x10\x01\x00\xef\xe1\x18\x01\x00\xef\xe1\x1c\x01\x00\xef\xe1\x1e\x01\x00\xef\xe1\x1f\x01\x00\xef\xe1\x1e\x02\x00\xef\xe1\x1c\x02\x00\xef\xe1\x18\x02\x00\xef\xe1\x10\x02\x00\xef\xe1\x00\x02\x00\xef'
2020-07-10 07:39:52.217208, cycle count 534, gpio values 332740, 0, 0, 18105, status messages:  b'\xe1\x10\x01\x00\xef\xe1\x18\x01\x00\xef\xe1\x1c\x01\x00\xef\xe1\x1e\x01\x00\xef\xe1\x1f\x01\x00\xef\xe1\x1e\x02\x00\xef\xe1\x1c\x02\x00\xef\xe1\x18\x02\x00\xef\xe1\x10\x02\x00\xef\xe1\x00\x02\x00\xef'
2020-07-10 07:40:08.156696, cycle count 535, gpio values 333370, 0, 0, 18141, status messages:  b'\xe1\x10\x01\x00\xef\xe1\x18\x01\x00\xef\xe1\x1c\x01\x00\xef\xe1\x1e\x01\x00\xef\xe1\x1f\x01\x00\xef\xe1\x1e\x02\x00\xef\xe1\x1c\x02\x00\xef\xe1\x18\x02\x00\xef\xe1\x10\x02\x00\xef\xe1\x00\x02\x00\xef'
2020-07-10 07:40:24.097654, cycle count 536, gpio values 334000, 0, 0, 18177, status messages:  b'\xe1\x10\x01\x00\xef\xe1\x18\x01\x00\xef\xe1\x1c\x01\x00\xef\xe1\x1e\x01\x00\xef\xe1\x1f\x01\x00\xef\xe1\x1e\x02\x00\xef\xe1\x1c\x02\x00\xef\xe1\x18\x02\x00\xef\xe1\x10\x02\x00\xef\xe1\x00\x02\x00\xef'
2020-07-10 07:40:40.036659, cycle count 537, gpio values 334630, 0, 0, 18213, status messages:  b'\xe1\x10\x01\x00\xef\xe1\x18\x01\x00\xef\xe1\x1c\x01\x00\xef\xe1\x1e\x01\x00\xef\xe1\x1f\x01\x00\xef\xe1\x1e\x02\x00\xef\xe1\x1c\x02\x00\xef\xe1\x18\x02\x00\xef\xe1\x10\x02\x00\xef\xe1\x00\x02\x00\xef'
2020-07-10 07:40:55.976955, cycle count 538, gpio values 335260, 0, 0, 18249, status messages:  b'\xe1\x10\x01\x00\xef\xe1\x18\x01\x00\xef\xe1\x1c\x01\x00\xef\xe1\x1e\x01\x00\xef\xe1\x1f\x01\x00\xef\xe1\x1e\x02\x00\xef\xe1\x1c\x02\x00\xef\xe1\x18\x02\x00\xef\xe1\x10\x02\x00\xef\xe1\x00\x02\x00\xef'
2020-07-10 07:41:12.177536, cycle count 539, gpio values 335890, 0, 0, 18285, status messages:  b'\xe1\x10\x01\x00\xef\xe1\x18\x01\x00\xef\xe1\x1c\x01\x00\xef\xe1\x1e\x01\x00\xef\xe1\x1f\x01\x00\xef\xe1\x1e\x02\x00\xef\xe1\x1c\x02\x00\xef\xe1\x18\x02\x00\xef\xe1\x10\x02\x00\xef\xe1\x00\x02\x00\xef'
2020-07-10 07:41:28.117371, cycle count 540, gpio values 336520, 0, 0, 18313, status messages:  b'\xe1\x10\x01\x00\xef\xe1\x18\x01\x00\xef\xe1\x1c\x01\x00\xef\xe1\x1e\x01\x00\xef\xe1\x1f\x01\x00\xef\xe1\x1e\x02\x00\xef\xe1\x1c\x02\x00\xef\xe1\x18\x02\x00\xef\xe1\x10\x02\x00\xef\xe1\x00\x02\x00\xef'
2020-07-10 07:41:44.058482, cycle count 541, gpio values 337150, 0, 0, 18341, status messages:  b'\xe1\x10\x01\x00\xef\xe1\x18\x01\x00\xef\xe1\x1c\x01\x00\xef\xe1\x1e\x01\x00\xef\xe1\x1f\x01\x00\xef\xe1\x1e\x02\x00\xef\xe1\x1c\x02\x00\xef\xe1\x18\x02\x00\xef\xe1\x10\x02\x00\xef\xe1\x00\x02\x00\xef'
2020-07-10 07:41:59.998455, cycle count 542, gpio values 337780, 0, 0, 18377, status messages:  b'\xe1\x10\x01\x00\xef\xe1\x18\x01\x00\xef\xe1\x1c\x01\x00\xef\xe1\x1e\x01\x00\xef\xe1\x1f\x01\x00\xef\xe1\x1e\x02\x00\xef\xe1\x1c\x02\x00\xef\xe1\x18\x02\x00\xef\xe1\x10\x02\x00\xef\xe1\x00\x02\x00\xef'
2020-07-10 07:42:15.938673, cycle count 543, gpio values 338410, 0, 0, 18413, status messages:  b'\xe1\x10\x01\x00\xef\xe1\x18\x01\x00\xef\xe1\x1c\x01\x00\xef\xe1\x1e\x01\x00\xef\xe1\x1f\x01\x00\xef\xe1\x1e\x02\x00\xef\xe1\x1c\x02\x00\xef\xe1\x18\x02\x00\xef\xe1\x10\x02\x00\xef\xe1\x00\x02\x00\xef'
2020-07-10 07:42:31.878342, cycle count 544, gpio values 339040, 0, 0, 18449, status messages:  b'\xe1\x10\x01\x00\xef\xe1\x18\x01\x00\xef\xe1\x1c\x01\x00\xef\xe1\x1e\x01\x00\xef\xe1\x1f\x01\x00\xef\xe1\x1e\x02\x00\xef\xe1\x1c\x02\x00\xef\xe1\x18\x02\x00\xef\xe1\x10\x02\x00\xef\xe1\x00\x02\x00\xef'
2020-07-10 07:42:47.834891, cycle count 545, gpio values 339670, 0, 0, 18477, status messages:  b'\xe1\x10\x01\x00\xef\xe1\x18\x01\x00\xef\xe1\x1c\x01\x00\xef\xe1\x1e\x01\x00\xef\xe1\x1f\x01\x00\xef\xe1\x1e\x02\x00\xef\xe1\x1c\x02\x00\xef\xe1\x18\x02\x00\xef\xe1\x10\x02\x00\xef\xe1\x00\x02\x00\xef'
2020-07-10 07:43:03.783544, cycle count 546, gpio values 340300, 0, 0, 18513, status messages:  b'\xe1\x10\x01\x00\xef\xe1\x18\x01\x00\xef\xe1\x1c\x01\x00\xef\xe1\x1e\x01\x00\xef\xe1\x1f\x01\x00\xef\xe1\x1e\x02\x00\xef\xe1\x1c\x02\x00\xef\xe1\x18\x02\x00\xef\xe1\x10\x02\x00\xef\xe1\x00\x02\x00\xef'
2020-07-10 07:43:19.731751, cycle count 547, gpio values 340930, 0, 0, 18549, status messages:  b'\xe1\x10\x01\x00\xef\xe1\x18\x01\x00\xef\xe1\x1c\x01\x00\xef\xe1\x1e\x01\x00\xef\xe1\x1f\x01\x00\xef\xe1\x1e\x02\x00\xef\xe1\x1c\x02\x00\xef\xe1\x18\x02\x00\xef\xe1\x10\x02\x00\xef\xe1\x00\x02\x00\xef'
2020-07-10 07:43:35.671368, cycle count 548, gpio values 341560, 0, 0, 18585, status messages:  b'\xe1\x10\x01\x00\xef\xe1\x18\x01\x00\xef\xe1\x1c\x01\x00\xef\xe1\x1e\x01\x00\xef\xe1\x1f\x01\x00\xef\xe1\x1e\x02\x00\xef\xe1\x1c\x02\x00\xef\xe1\x18\x02\x00\xef\xe1\x10\x02\x00\xef\xe1\x00\x02\x00\xef'
2020-07-10 07:43:51.611163, cycle count 549, gpio values 342190, 0, 0, 18621, status messages:  b'\xe1\x10\x01\x00\xef\xe1\x18\x01\x00\xef\xe1\x1c\x01\x00\xef\xe1\x1e\x01\x00\xef\xe1\x1f\x01\x00\xef\xe1\x1e\x02\x00\xef\xe1\x1c\x02\x00\xef\xe1\x18\x02\x00\xef\xe1\x10\x02\x00\xef\xe1\x00\x02\x00\xef'
2020-07-10 07:44:07.552813, cycle count 550, gpio values 342820, 0, 0, 18657, status messages:  b'\xe1\x10\x01\x00\xef\xe1\x18\x01\x00\xef\xe1\x1c\x01\x00\xef\xe1\x1e\x01\x00\xef\xe1\x1f\x01\x00\xef\xe1\x1e\x02\x00\xef\xe1\x1c\x02\x00\xef\xe1\x18\x02\x00\xef\xe1\x10\x02\x00\xef\xe1\x00\x02\x00\xef'
2020-07-10 07:44:23.491900, cycle count 551, gpio values 343450, 0, 0, 18693, status messages:  b'\xe1\x10\x01\x00\xef\xe1\x18\x01\x00\xef\xe1\x1c\x01\x00\xef\xe1\x1e\x01\x00\xef\xe1\x1f\x01\x00\xef\xe1\x1e\x02\x00\xef\xe1\x1c\x02\x00\xef\xe1\x18\x02\x00\xef\xe1\x10\x02\x00\xef\xe1\x00\x02\x00\xef'
2020-07-10 07:44:39.173212, cycle count 552, gpio values 344045, 0, 0, 18729, status messages:  b'\xe1\x10\x01\x00\xef\xe1\x18\x01\x00\xef\xe1\x1c\x01\x00\xef\xe1\x1e\x01\x00\xef\xe1\x1f\x01\x00\xef\xe1\x1e\x02\x00\xef\xe1\x1c\x02\x00\xef\xe1\x18\x02\x00\xef\xe1\x10\x02\x00\xef\xe1\x00\x02\x00\xef'
2020-07-10 07:44:55.113907, cycle count 553, gpio values 344675, 0, 0, 18765, status messages:  b'\xe1\x10\x01\x00\xef\xe1\x18\x01\x00\xef\xe1\x1c\x01\x00\xef\xe1\x1e\x01\x00\xef\xe1\x1f\x01\x00\xef\xe1\x1e\x02\x00\xef\xe1\x1c\x02\x00\xef\xe1\x18\x02\x00\xef\xe1\x10\x02\x00\xef\xe1\x00\x02\x00\xef'
2020-07-10 07:45:11.053522, cycle count 554, gpio values 345305, 0, 0, 18801, status messages:  b'\xe1\x10\x01\x00\xef\xe1\x18\x01\x00\xef\xe1\x1c\x01\x00\xef\xe1\x1e\x01\x00\xef\xe1\x1f\x01\x00\xef\xe1\x1e\x02\x00\xef\xe1\x1c\x02\x00\xef\xe1\x18\x02\x00\xef\xe1\x10\x02\x00\xef\xe1\x00\x02\x00\xef'
2020-07-10 07:45:26.734758, cycle count 555, gpio values 345900, 0, 0, 18837, status messages:  b'\xe1\x10\x01\x00\xef\xe1\x18\x01\x00\xef\xe1\x1c\x01\x00\xef\xe1\x1e\x01\x00\xef\xe1\x1f\x01\x00\xef\xe1\x1e\x02\x00\xef\xe1\x1c\x02\x00\xef\xe1\x18\x02\x00\xef\xe1\x10\x02\x00\xef\xe1\x00\x02\x00\xef'
2020-07-10 07:45:42.966327, cycle count 556, gpio values 346530, 0, 0, 18873, status messages:  b'\xe1\x10\x01\x00\xef\xe1\x18\x01\x00\xef\xe1\x1c\x01\x00\xef\xe1\x1e\x01\x00\xef\xe1\x1f\x01\x00\xef\xe1\x1e\x02\x00\xef\xe1\x1c\x02\x00\xef\xe1\x18\x02\x00\xef\xe1\x10\x02\x00\xef\xe1\x00\x02\x00\xef'
2020-07-10 07:45:58.905968, cycle count 557, gpio values 347160, 0, 0, 18909, status messages:  b'\xe1\x10\x01\x00\xef\xe1\x18\x01\x00\xef\xe1\x1c\x01\x00\xef\xe1\x1e\x01\x00\xef\xe1\x1f\x01\x00\xef\xe1\x1e\x02\x00\xef\xe1\x1c\x02\x00\xef\xe1\x18\x02\x00\xef\xe1\x10\x02\x00\xef\xe1\x00\x02\x00\xef'
2020-07-10 07:46:14.586850, cycle count 558, gpio values 347755, 0, 0, 18945, status messages:  b'\xe1\x10\x01\x00\xef\xe1\x18\x01\x00\xef\xe1\x1c\x01\x00\xef\xe1\x1e\x01\x00\xef\xe1\x1f\x01\x00\xef\xe1\x1e\x02\x00\xef\xe1\x1c\x02\x00\xef\xe1\x18\x02\x00\xef\xe1\x10\x02\x00\xef\xe1\x00\x02\x00\xef'
2020-07-10 07:46:30.526885, cycle count 559, gpio values 348385, 0, 0, 18981, status messages:  b'\xe1\x10\x01\x00\xef\xe1\x18\x01\x00\xef\xe1\x1c\x01\x00\xef\xe1\x1e\x01\x00\xef\xe1\x1f\x01\x00\xef\xe1\x1e\x02\x00\xef\xe1\x1c\x02\x00\xef\xe1\x18\x02\x00\xef\xe1\x10\x02\x00\xef\xe1\x00\x02\x00\xef'
2020-07-10 07:46:46.467038, cycle count 560, gpio values 349015, 0, 0, 19017, status messages:  b'\xe1\x10\x01\x00\xef\xe1\x18\x01\x00\xef\xe1\x1c\x01\x00\xef\xe1\x1e\x01\x00\xef\xe1\x1f\x01\x00\xef\xe1\x1e\x02\x00\xef\xe1\x1c\x02\x00\xef\xe1\x18\x02\x00\xef\xe1\x10\x02\x00\xef\xe1\x00\x02\x00\xef'
2020-07-10 07:47:02.408310, cycle count 561, gpio values 349645, 0, 0, 19053, status messages:  b'\xe1\x10\x01\x00\xef\xe1\x18\x01\x00\xef\xe1\x1c\x01\x00\xef\xe1\x1e\x01\x00\xef\xe1\x1f\x01\x00\xef\xe1\x1e\x02\x00\xef\xe1\x1c\x02\x00\xef\xe1\x18\x02\x00\xef\xe1\x10\x02\x00\xef\xe1\x00\x02\x00\xef'
2020-07-10 07:47:18.477418, cycle count 562, gpio values 350275, 0, 0, 19081, status messages:  b'\xe1\x10\x01\x00\xef\xe1\x18\x01\x00\xef\xe1\x1c\x01\x00\xef\xe1\x1e\x01\x00\xef\xe1\x1f\x01\x00\xef\xe1\x1e\x02\x00\xef\xe1\x1c\x02\x00\xef\xe1\x18\x02\x00\xef\xe1\x10\x02\x00\xef\xe1\x00\x02\x00\xef'
2020-07-10 07:47:34.417803, cycle count 563, gpio values 350905, 0, 0, 19117, status messages:  b'\xe1\x10\x01\x00\xef\xe1\x18\x01\x00\xef\xe1\x1c\x01\x00\xef\xe1\x1e\x01\x00\xef\xe1\x1f\x01\x00\xef\xe1\x1e\x02\x00\xef\xe1\x1c\x02\x00\xef\xe1\x18\x02\x00\xef\xe1\x10\x02\x00\xef\xe1\x00\x02\x00\xef'
2020-07-10 07:47:50.357605, cycle count 564, gpio values 351535, 0, 0, 19145, status messages:  b'\xe1\x10\x01\x00\xef\xe1\x18\x01\x00\xef\xe1\x1c\x01\x00\xef\xe1\x1e\x01\x00\xef\xe1\x1f\x01\x00\xef\xe1\x1e\x02\x00\xef\xe1\x1c\x02\x00\xef\xe1\x18\x02\x00\xef\xe1\x10\x02\x00\xef\xe1\x00\x02\x00\xef'
2020-07-10 07:48:06.301180, cycle count 565, gpio values 352165, 0, 0, 19181, status messages:  b'\xe1\x10\x01\x00\xef\xe1\x18\x01\x00\xef\xe1\x1c\x01\x00\xef\xe1\x1e\x01\x00\xef\xe1\x1f\x01\x00\xef\xe1\x1e\x02\x00\xef\xe1\x1c\x02\x00\xef\xe1\x18\x02\x00\xef\xe1\x10\x02\x00\xef\xe1\x00\x02\x00\xef'
2020-07-10 07:48:22.238997, cycle count 566, gpio values 352795, 0, 0, 19209, status messages:  b'\xe1\x10\x01\x00\xef\xe1\x18\x01\x00\xef\xe1\x1c\x01\x00\xef\xe1\x1e\x01\x00\xef\xe1\x1f\x01\x00\xef\xe1\x1e\x02\x00\xef\xe1\x1c\x02\x00\xef\xe1\x18\x02\x00\xef\xe1\x10\x02\x00\xef\xe1\x00\x02\x00\xef'
2020-07-10 07:48:38.179385, cycle count 567, gpio values 353425, 0, 0, 19245, status messages:  b'\xe1\x10\x01\x00\xef\xe1\x18\x01\x00\xef\xe1\x1c\x01\x00\xef\xe1\x1e\x01\x00\xef\xe1\x1f\x01\x00\xef\xe1\x1e\x02\x00\xef\xe1\x1c\x02\x00\xef\xe1\x18\x02\x00\xef\xe1\x10\x02\x00\xef\xe1\x00\x02\x00\xef'
2020-07-10 07:48:54.118674, cycle count 568, gpio values 354055, 0, 0, 19273, status messages:  b'\xe1\x10\x01\x00\xef\xe1\x18\x01\x00\xef\xe1\x1c\x01\x00\xef\xe1\x1e\x01\x00\xef\xe1\x1f\x01\x00\xef\xe1\x1e\x02\x00\xef\xe1\x1c\x02\x00\xef\xe1\x18\x02\x00\xef\xe1\x10\x02\x00\xef\xe1\x00\x02\x00\xef'
2020-07-10 07:49:10.058558, cycle count 569, gpio values 354685, 0, 0, 19309, status messages:  b'\xe1\x10\x01\x00\xef\xe1\x18\x01\x00\xef\xe1\x1c\x01\x00\xef\xe1\x1e\x01\x00\xef\xe1\x1f\x01\x00\xef\xe1\x1e\x02\x00\xef\xe1\x1c\x02\x00\xef\xe1\x18\x02\x00\xef\xe1\x10\x02\x00\xef\xe1\x00\x02\x00\xef'
2020-07-10 07:49:26.015159, cycle count 570, gpio values 355315, 0, 0, 19337, status messages:  b'\xe1\x10\x01\x00\xef\xe1\x18\x01\x00\xef\xe1\x1c\x01\x00\xef\xe1\x1e\x01\x00\xef\xe1\x1f\x01\x00\xef\xe1\x1e\x02\x00\xef\xe1\x1c\x02\x00\xef\xe1\x18\x02\x00\xef\xe1\x10\x02\x00\xef\xe1\x00\x02\x00\xef'
2020-07-10 07:49:42.215608, cycle count 571, gpio values 355945, 0, 0, 19373, status messages:  b'\xe1\x10\x01\x00\xef\xe1\x18\x01\x00\xef\xe1\x1c\x01\x00\xef\xe1\x1e\x01\x00\xef\xe1\x1f\x01\x00\xef\xe1\x1e\x02\x00\xef\xe1\x1c\x02\x00\xef\xe1\x18\x02\x00\xef\xe1\x10\x02\x00\xef\xe1\x00\x02\x00\xef'
2020-07-10 07:49:58.154880, cycle count 572, gpio values 356575, 0, 0, 19401, status messages:  b'\xe1\x10\x01\x00\xef\xe1\x18\x01\x00\xef\xe1\x1c\x01\x00\xef\xe1\x1e\x01\x00\xef\xe1\x1f\x01\x00\xef\xe1\x1e\x02\x00\xef\xe1\x1c\x02\x00\xef\xe1\x18\x02\x00\xef\xe1\x10\x02\x00\xef\xe1\x00\x02\x00\xef'
2020-07-10 07:50:14.354275, cycle count 573, gpio values 357205, 0, 0, 19437, status messages:  b'\xe1\x10\x01\x00\xef\xe1\x18\x01\x00\xef\xe1\x1c\x01\x00\xef\xe1\x1e\x01\x00\xef\xe1\x1f\x01\x00\xef\xe1\x1e\x02\x00\xef\xe1\x1c\x02\x00\xef\xe1\x18\x02\x00\xef\xe1\x10\x02\x00\xef\xe1\x00\x02\x00\xef'
2020-07-10 07:50:30.310999, cycle count 574, gpio values 357835, 0, 0, 19465, status messages:  b'\xe1\x10\x01\x00\xef\xe1\x18\x01\x00\xef\xe1\x1c\x01\x00\xef\xe1\x1e\x01\x00\xef\xe1\x1f\x01\x00\xef\xe1\x1e\x02\x00\xef\xe1\x1c\x02\x00\xef\xe1\x18\x02\x00\xef\xe1\x10\x02\x00\xef\xe1\x00\x02\x00\xef'
2020-07-10 07:50:46.510504, cycle count 575, gpio values 358465, 0, 0, 19501, status messages:  b'\xe1\x10\x01\x00\xef\xe1\x18\x01\x00\xef\xe1\x1c\x01\x00\xef\xe1\x1e\x01\x00\xef\xe1\x1f\x01\x00\xef\xe1\x1e\x02\x00\xef\xe1\x1c\x02\x00\xef\xe1\x18\x02\x00\xef\xe1\x10\x02\x00\xef\xe1\x00\x02\x00\xef'
2020-07-10 07:51:02.467795, cycle count 576, gpio values 359095, 0, 0, 19529, status messages:  b'\xe1\x10\x01\x00\xef\xe1\x18\x01\x00\xef\xe1\x1c\x01\x00\xef\xe1\x1e\x01\x00\xef\xe1\x1f\x01\x00\xef\xe1\x1e\x02\x00\xef\xe1\x1c\x02\x00\xef\xe1\x18\x02\x00\xef\xe1\x10\x02\x00\xef\xe1\x00\x02\x00\xef'
2020-07-10 07:51:18.715832, cycle count 577, gpio values 359725, 0, 0, 19565, status messages:  b'\xe1\x10\x01\x00\xef\xe1\x18\x01\x00\xef\xe1\x1c\x01\x00\xef\xe1\x1e\x01\x00\xef\xe1\x1f\x01\x00\xef\xe1\x1e\x02\x00\xef\xe1\x1c\x02\x00\xef\xe1\x18\x02\x00\xef\xe1\x10\x02\x00\xef\xe1\x00\x02\x00\xef'
2020-07-10 07:51:34.979118, cycle count 578, gpio values 360355, 0, 0, 19601, status messages:  b'\xe1\x10\x01\x00\xef\xe1\x18\x01\x00\xef\xe1\x1c\x01\x00\xef\xe1\x1e\x01\x00\xef\xe1\x1f\x01\x00\xef\xe1\x1e\x02\x00\xef\xe1\x1c\x02\x00\xef\xe1\x18\x02\x00\xef\xe1\x10\x02\x00\xef\xe1\x00\x02\x00\xef'
2020-07-10 07:51:50.935498, cycle count 579, gpio values 360985, 0, 0, 19629, status messages:  b'\xe1\x10\x01\x00\xef\xe1\x18\x01\x00\xef\xe1\x1c\x01\x00\xef\xe1\x1e\x01\x00\xef\xe1\x1f\x01\x00\xef\xe1\x1e\x02\x00\xef\xe1\x1c\x02\x00\xef\xe1\x18\x02\x00\xef\xe1\x10\x02\x00\xef\xe1\x00\x02\x00\xef'
2020-07-10 07:52:07.134483, cycle count 580, gpio values 361615, 0, 0, 19665, status messages:  b'\xe1\x10\x01\x00\xef\xe1\x18\x01\x00\xef\xe1\x1c\x01\x00\xef\xe1\x1e\x01\x00\xef\xe1\x1f\x01\x00\xef\xe1\x1e\x02\x00\xef\xe1\x1c\x02\x00\xef\xe1\x18\x02\x00\xef\xe1\x10\x02\x00\xef\xe1\x00\x02\x00\xef'
2020-07-10 07:52:23.447803, cycle count 581, gpio values 362245, 0, 0, 19701, status messages:  b'\xe1\x10\x01\x00\xef\xe1\x18\x01\x00\xef\xe1\x1c\x01\x00\xef\xe1\x1e\x01\x00\xef\xe1\x1f\x01\x00\xef\xe1\x1e\x02\x00\xef\xe1\x1c\x02\x00\xef\xe1\x18\x02\x00\xef\xe1\x10\x02\x00\xef\xe1\x00\x02\x00\xef'
2020-07-10 07:52:39.387853, cycle count 582, gpio values 362875, 0, 0, 19729, status messages:  b'\xe1\x10\x01\x00\xef\xe1\x18\x01\x00\xef\xe1\x1c\x01\x00\xef\xe1\x1e\x01\x00\xef\xe1\x1f\x01\x00\xef\xe1\x1e\x02\x00\xef\xe1\x1c\x02\x00\xef\xe1\x18\x02\x00\xef\xe1\x10\x02\x00\xef\xe1\x00\x02\x00\xef'
2020-07-10 07:52:55.587490, cycle count 583, gpio values 363505, 0, 0, 19765, status messages:  b'\xe1\x10\x01\x00\xef\xe1\x18\x01\x00\xef\xe1\x1c\x01\x00\xef\xe1\x1e\x01\x00\xef\xe1\x1f\x01\x00\xef\xe1\x1e\x02\x00\xef\xe1\x1c\x02\x00\xef\xe1\x18\x02\x00\xef\xe1\x10\x02\x00\xef\xe1\x00\x02\x00\xef'
2020-07-10 07:53:11.527404, cycle count 584, gpio values 364135, 0, 0, 19793, status messages:  b'\xe1\x10\x01\x00\xef\xe1\x18\x01\x00\xef\xe1\x1c\x01\x00\xef\xe1\x1e\x01\x00\xef\xe1\x1f\x01\x00\xef\xe1\x1e\x02\x00\xef\xe1\x1c\x02\x00\xef\xe1\x18\x02\x00\xef\xe1\x10\x02\x00\xef\xe1\x00\x02\x00\xef'
2020-07-10 07:53:27.565177, cycle count 585, gpio values 364765, 0, 0, 19821, status messages:  b'\xe1\x10\x01\x00\xef\xe1\x18\x01\x00\xef\xe1\x1c\x01\x00\xef\xe1\x1e\x01\x00\xef\xe1\x1f\x01\x00\xef\xe1\x1e\x02\x00\xef\xe1\x1c\x02\x00\xef\xe1\x18\x02\x00\xef\xe1\x10\x02\x00\xef\xe1\x00\x02\x00\xef'
2020-07-10 07:53:43.505596, cycle count 586, gpio values 365395, 0, 0, 19849, status messages:  b'\xe1\x10\x01\x00\xef\xe1\x18\x01\x00\xef\xe1\x1c\x01\x00\xef\xe1\x1e\x01\x00\xef\xe1\x1f\x01\x00\xef\xe1\x1e\x02\x00\xef\xe1\x1c\x02\x00\xef\xe1\x18\x02\x00\xef\xe1\x10\x02\x00\xef\xe1\x00\x02\x00\xef'
2020-07-10 07:53:59.446182, cycle count 587, gpio values 366025, 0, 0, 19877, status messages:  b'\xe1\x10\x01\x00\xef\xe1\x18\x01\x00\xef\xe1\x1c\x01\x00\xef\xe1\x1e\x01\x00\xef\xe1\x1f\x01\x00\xef\xe1\x1e\x02\x00\xef\xe1\x1c\x02\x00\xef\xe1\x18\x02\x00\xef\xe1\x10\x02\x00\xef\xe1\x00\x02\x00\xef'
2020-07-10 07:54:15.662444, cycle count 588, gpio values 366655, 0, 0, 19913, status messages:  b'\xe1\x10\x01\x00\xef\xe1\x18\x01\x00\xef\xe1\x1c\x01\x00\xef\xe1\x1e\x01\x00\xef\xe1\x1f\x01\x00\xef\xe1\x1e\x02\x00\xef\xe1\x1c\x02\x00\xef\xe1\x18\x02\x00\xef\xe1\x10\x02\x00\xef\xe1\x00\x02\x00\xef'
2020-07-10 07:54:31.926731, cycle count 589, gpio values 367285, 0, 0, 19949, status messages:  b'\xe1\x10\x01\x00\xef\xe1\x18\x01\x00\xef\xe1\x1c\x01\x00\xef\xe1\x1e\x01\x00\xef\xe1\x1f\x01\x00\xef\xe1\x1e\x02\x00\xef\xe1\x1c\x02\x00\xef\xe1\x18\x02\x00\xef\xe1\x10\x02\x00\xef\xe1\x00\x02\x00\xef'
2020-07-10 07:54:47.867257, cycle count 590, gpio values 367915, 0, 0, 19977, status messages:  b'\xe1\x10\x01\x00\xef\xe1\x18\x01\x00\xef\xe1\x1c\x01\x00\xef\xe1\x1e\x01\x00\xef\xe1\x1f\x01\x00\xef\xe1\x1e\x02\x00\xef\xe1\x1c\x02\x00\xef\xe1\x18\x02\x00\xef\xe1\x10\x02\x00\xef\xe1\x00\x02\x00\xef'
2020-07-10 07:55:03.806165, cycle count 591, gpio values 368545, 0, 0, 20005, status messages:  b'\xe1\x10\x01\x00\xef\xe1\x18\x01\x00\xef\xe1\x1c\x01\x00\xef\xe1\x1e\x01\x00\xef\xe1\x1f\x01\x00\xef\xe1\x1e\x02\x00\xef\xe1\x1c\x02\x00\xef\xe1\x18\x02\x00\xef\xe1\x10\x02\x00\xef\xe1\x00\x02\x00\xef'
2020-07-10 07:55:20.004967, cycle count 592, gpio values 369175, 0, 0, 20041, status messages:  b'\xe1\x10\x01\x00\xef\xe1\x18\x01\x00\xef\xe1\x1c\x01\x00\xef\xe1\x1e\x01\x00\xef\xe1\x1f\x01\x00\xef\xe1\x1e\x02\x00\xef\xe1\x1c\x02\x00\xef\xe1\x18\x02\x00\xef\xe1\x10\x02\x00\xef\xe1\x00\x02\x00\xef'
2020-07-10 07:55:35.686923, cycle count 593, gpio values 369770, 0, 0, 20077, status messages:  b'\xe1\x10\x01\x00\xef\xe1\x18\x01\x00\xef\xe1\x1c\x01\x00\xef\xe1\x1e\x01\x00\xef\xe1\x1f\x01\x00\xef\xe1\x1e\x02\x00\xef\xe1\x1c\x02\x00\xef\xe1\x18\x02\x00\xef\xe1\x10\x02\x00\xef\xe1\x00\x02\x00\xef'
2020-07-10 07:55:51.626546, cycle count 594, gpio values 370400, 0, 0, 20113, status messages:  b'\xe1\x10\x01\x00\xef\xe1\x18\x01\x00\xef\xe1\x1c\x01\x00\xef\xe1\x1e\x01\x00\xef\xe1\x1f\x01\x00\xef\xe1\x1e\x02\x00\xef\xe1\x1c\x02\x00\xef\xe1\x18\x02\x00\xef\xe1\x10\x02\x00\xef\xe1\x00\x02\x00\xef'
2020-07-10 07:56:07.567929, cycle count 595, gpio values 371030, 0, 0, 20149, status messages:  b'\xe1\x10\x01\x00\xef\xe1\x18\x01\x00\xef\xe1\x1c\x01\x00\xef\xe1\x1e\x01\x00\xef\xe1\x1f\x01\x00\xef\xe1\x1e\x02\x00\xef\xe1\x1c\x02\x00\xef\xe1\x18\x02\x00\xef\xe1\x10\x02\x00\xef\xe1\x00\x02\x00\xef'
2020-07-10 07:56:23.798833, cycle count 596, gpio values 371660, 0, 0, 20194, status messages:  b'\xe1\x10\x01\x00\xef\xe1\x18\x01\x00\xef\xe1\x1c\x01\x00\xef\xe1\x1e\x01\x00\xef\xe1\x1f\x01\x00\xef\xe1\x1e\x02\x00\xef\xe1\x1c\x02\x00\xef\xe1\x18\x02\x00\xef\xe1\x10\x02\x00\xef\xe1\x00\x02\x00\xef'
2020-07-10 07:56:39.738780, cycle count 597, gpio values 372290, 0, 0, 20230, status messages:  b'\xe1\x10\x01\x00\xef\xe1\x18\x01\x00\xef\xe1\x1c\x01\x00\xef\xe1\x1e\x01\x00\xef\xe1\x1f\x01\x00\xef\xe1\x1e\x02\x00\xef\xe1\x1c\x02\x00\xef\xe1\x18\x02\x00\xef\xe1\x10\x02\x00\xef\xe1\x00\x02\x00\xef'
2020-07-10 07:56:55.678970, cycle count 598, gpio values 372920, 0, 0, 20266, status messages:  b'\xe1\x10\x01\x00\xef\xe1\x18\x01\x00\xef\xe1\x1c\x01\x00\xef\xe1\x1e\x01\x00\xef\xe1\x1f\x01\x00\xef\xe1\x1e\x02\x00\xef\xe1\x1c\x02\x00\xef\xe1\x18\x02\x00\xef\xe1\x10\x02\x00\xef\xe1\x00\x02\x00\xef'
2020-07-10 07:57:11.618595, cycle count 599, gpio values 373550, 0, 0, 20302, status messages:  b'\xe1\x10\x01\x00\xef\xe1\x18\x01\x00\xef\xe1\x1c\x01\x00\xef\xe1\x1e\x01\x00\xef\xe1\x1f\x01\x00\xef\xe1\x1e\x02\x00\xef\xe1\x1c\x02\x00\xef\xe1\x18\x02\x00\xef\xe1\x10\x02\x00\xef\xe1\x00\x02\x00\xef'
2020-07-10 07:57:27.558857, cycle count 600, gpio values 374180, 0, 0, 20338, status messages:  b'\xe1\x10\x01\x00\xef\xe1\x18\x01\x00\xef\xe1\x1c\x01\x00\xef\xe1\x1e\x01\x00\xef\xe1\x1f\x01\x00\xef\xe1\x1e\x02\x00\xef\xe1\x1c\x02\x00\xef\xe1\x18\x02\x00\xef\xe1\x10\x02\x00\xef\xe1\x00\x02\x00\xef'
2020-07-10 07:57:43.498603, cycle count 601, gpio values 374810, 0, 0, 20374, status messages:  b'\xe1\x10\x01\x00\xef\xe1\x18\x01\x00\xef\xe1\x1c\x01\x00\xef\xe1\x1e\x01\x00\xef\xe1\x1f\x01\x00\xef\xe1\x1e\x02\x00\xef\xe1\x1c\x02\x00\xef\xe1\x18\x02\x00\xef\xe1\x10\x02\x00\xef\xe1\x00\x02\x00\xef'
2020-07-10 07:57:59.438526, cycle count 602, gpio values 375440, 0, 0, 20402, status messages:  b'\xe1\x10\x01\x00\xef\xe1\x18\x01\x00\xef\xe1\x1c\x01\x00\xef\xe1\x1e\x01\x00\xef\xe1\x1f\x01\x00\xef\xe1\x1e\x02\x00\xef\xe1\x1c\x02\x00\xef\xe1\x18\x02\x00\xef\xe1\x10\x02\x00\xef\xe1\x00\x02\x00\xef'
2020-07-10 07:58:15.411044, cycle count 603, gpio values 376070, 0, 0, 20430, status messages:  b'\xe1\x10\x01\x00\xef\xe1\x18\x01\x00\xef\xe1\x1c\x01\x00\xef\xe1\x1e\x01\x00\xef\xe1\x1f\x01\x00\xef\xe1\x1e\x02\x00\xef\xe1\x1c\x02\x00\xef\xe1\x18\x02\x00\xef\xe1\x10\x02\x00\xef\xe1\x00\x02\x00\xef'
2020-07-10 07:58:31.351490, cycle count 604, gpio values 376700, 0, 0, 20466, status messages:  b'\xe1\x10\x01\x00\xef\xe1\x18\x01\x00\xef\xe1\x1c\x01\x00\xef\xe1\x1e\x01\x00\xef\xe1\x1f\x01\x00\xef\xe1\x1e\x02\x00\xef\xe1\x1c\x02\x00\xef\xe1\x18\x02\x00\xef\xe1\x10\x02\x00\xef\xe1\x00\x02\x00\xef'
2020-07-10 07:58:47.291372, cycle count 605, gpio values 377330, 0, 0, 20502, status messages:  b'\xe1\x10\x01\x00\xef\xe1\x18\x01\x00\xef\xe1\x1c\x01\x00\xef\xe1\x1e\x01\x00\xef\xe1\x1f\x01\x00\xef\xe1\x1e\x02\x00\xef\xe1\x1c\x02\x00\xef\xe1\x18\x02\x00\xef\xe1\x10\x02\x00\xef\xe1\x00\x02\x00\xef'
2020-07-10 07:59:03.232187, cycle count 606, gpio values 377960, 0, 0, 20538, status messages:  b'\xe1\x10\x01\x00\xef\xe1\x18\x01\x00\xef\xe1\x1c\x01\x00\xef\xe1\x1e\x01\x00\xef\xe1\x1f\x01\x00\xef\xe1\x1e\x02\x00\xef\xe1\x1c\x02\x00\xef\xe1\x18\x02\x00\xef\xe1\x10\x02\x00\xef\xe1\x00\x02\x00\xef'
2020-07-10 07:59:18.913230, cycle count 607, gpio values 378555, 0, 0, 20574, status messages:  b'\xe1\x10\x01\x00\xef\xe1\x18\x01\x00\xef\xe1\x1c\x01\x00\xef\xe1\x1e\x01\x00\xef\xe1\x1f\x01\x00\xef\xe1\x1e\x02\x00\xef\xe1\x1c\x02\x00\xef\xe1\x18\x02\x00\xef\xe1\x10\x02\x00\xef\xe1\x00\x02\x00\xef'
2020-07-10 08:10:52.681334, cycle count 1, gpio values 666, 0, 0, 21, status messages:  b'\xe1\x10\x01\x00\xef\xe1\x18\x01\x00\xef\xe1\x1c\x01\x00\xef\xe1\x1e\x01\x00\xef\xe1\x1f\x01\x00\xef\xe1\x1e\x02\x00\xef\xe1\x1c\x02\x00\xef\xe1\x18\x02\x00\xef\xe1\x10\x02\x00\xef\xe1\x00\x02\x00\xef'
2020-07-10 08:11:09.252443, cycle count 2, gpio values 1332, 0, 0, 57, status messages:  b'\xe1\x10\x01\x00\xef\xe1\x18\x01\x00\xef\xe1\x1c\x01\x00\xef\xe1\x1e\x01\x00\xef\xe1\x1f\x01\x00\xef\xe1\x1e\x02\x00\xef\xe1\x1c\x02\x00\xef\xe1\x18\x02\x00\xef\xe1\x10\x02\x00\xef\xe1\x00\x02\x00\xef'
2020-07-10 08:11:25.193135, cycle count 3, gpio values 1962, 0, 0, 85, status messages:  b'\xe1\x10\x01\x00\xef\xe1\x18\x01\x00\xef\xe1\x1c\x01\x00\xef\xe1\x1e\x01\x00\xef\xe1\x1f\x01\x00\xef\xe1\x1e\x02\x00\xef\xe1\x1c\x02\x00\xef\xe1\x18\x02\x00\xef\xe1\x10\x02\x00\xef\xe1\x00\x02\x00\xef'
2020-07-10 08:11:41.391965, cycle count 4, gpio values 2592, 0, 0, 121, status messages:  b'\xe1\x10\x01\x00\xef\xe1\x18\x01\x00\xef\xe1\x1c\x01\x00\xef\xe1\x1e\x01\x00\xef\xe1\x1f\x01\x00\xef\xe1\x1e\x02\x00\xef\xe1\x1c\x02\x00\xef\xe1\x18\x02\x00\xef\xe1\x10\x02\x00\xef\xe1\x00\x02\x00\xef'
